Tag version: 1.0.00

File_GUID                               {55B352E9-3523-4138-0DBA-F878EC8C9F75}
File_AssuredContent                     PicoHarp 300: HWSETG SWSETG
CreatorSW_ContentVersion                3.0
CreatorSW_Name                          PicoHarp Software
CreatorSW_Version                       3.0.0.3
File_CreatingTime                       Wed May 03 17:39:36 2023
File_Comment                            T2 Mode
Measurement_Mode                        2
Measurement_SubMode                     0
TTResult_StopReason                     0
Fast_Load_End                           <empty Tag>
TTResultFormat_TTTRRecType              66051
TTResultFormat_BitsPerRecord            32
MeasDesc_BinningFactor                  1
MeasDesc_Offset                         0
MeasDesc_AcquisitionTime                10000
MeasDesc_StopAt                         65535
MeasDesc_StopOnOvfl                     False
MeasDesc_Restart                        False
CurSWSetting_DispLog                    True
CurSWSetting_DispAxisTimeFrom           0
CurSWSetting_DispAxisTimeTo             262
CurSWSetting_DispAxisCountFrom          0
CurSWSetting_DispAxisCountTo            1000000
CurSWSetting_DispCurves                 8
CurSWSetting_DispCurve_MapTo(0)         0
CurSWSetting_DispCurve_Show(0)          True
CurSWSetting_DispCurve_MapTo(1)         1
CurSWSetting_DispCurve_Show(1)          True
CurSWSetting_DispCurve_MapTo(2)         2
CurSWSetting_DispCurve_Show(2)          True
CurSWSetting_DispCurve_MapTo(3)         3
CurSWSetting_DispCurve_Show(3)          True
CurSWSetting_DispCurve_MapTo(4)         4
CurSWSetting_DispCurve_Show(4)          True
CurSWSetting_DispCurve_MapTo(5)         5
CurSWSetting_DispCurve_Show(5)          True
CurSWSetting_DispCurve_MapTo(6)         6
CurSWSetting_DispCurve_Show(6)          True
CurSWSetting_DispCurve_MapTo(7)         7
CurSWSetting_DispCurve_Show(7)          True
HW_Type                                 PicoHarp 300
HW_PartNo                               930004
HW_Version                              2.0
HW_SerialNo                             1042039
HWSync_Divider                          1
HWSync_Offset                           0
HWSync_CFDZeroCross                     10
HWSync_CFDLevel                         75
HW_InpChannels                          1
HWInpChan_CFDZeroCross(0)               0
HWInpChan_CFDLevel(0)                   75
MeasDesc_Resolution                     4.000000E-12
HW_BaseResolution                       4.000000E-12
HW_ExternalDevices                      0
HWRouter_ModelCode                      0
HW_Markers                              4
HWMarkers_RisingEdge(0)                 False
HWMarkers_RisingEdge(1)                 False
HWMarkers_RisingEdge(2)                 False
HWMarkers_RisingEdge(3)                 False
HWMarkers_Enabled(0)                    True
HWMarkers_Enabled(1)                    True
HWMarkers_Enabled(2)                    True
HWMarkers_Enabled(3)                    True
HWMarkers_HoldOff                       0
MeasDesc_GlobalResolution               4.000000E-12
TTResult_SyncRate                       1031
TTResult_InputRate(0)                   1926
TTResult_StopAfter                      10000
TTResult_NumberOfRecords                21749
Header_End                              <empty Tag>
-----------------------
PicoHarp T2 data

record# chan   nsync truetime/ps
0 OFL *  1
1 OFL *  1
2 OFL *  1
3 OFL *  1
4 OFL *  1
5 OFL *  1
6 CHN 0 1266642622 5066570488
7 OFL *  1
8 CHN 0 1678251708 6713006832
9 OFL *  1
10 CHN 0 1791630932 7166523728
11 OFL *  1
12 OFL *  1
13 OFL *  1
14 CHN 0 2377099050 9508396200
15 CHN 0 2414395873 9657583492
16 OFL *  1
17 OFL *  1
18 OFL *  1
19 CHN 0 2988218165 11952872660
20 CHN 0 3082879443 12331517772
21 OFL *  1
22 OFL *  1
23 OFL *  1
24 OFL *  1
25 OFL *  1
26 OFL *  1
27 CHN 0 4299219394 17196877576
28 OFL *  1
29 OFL *  1
30 OFL *  1
31 OFL *  1
32 CHN 0 5262151086 21048604344
33 OFL *  1
34 CHN 0 5313585542 21254342168
35 CHN 0 5371874880 21487499520
36 OFL *  1
37 OFL *  1
38 OFL *  1
39 OFL *  1
40 OFL *  1
41 CHN 0 6509431225 26037724900
42 OFL *  1
43 OFL *  1
44 OFL *  1
45 OFL *  1
46 OFL *  1
47 OFL *  1
48 CHN 0 7592362640 30369450560
49 OFL *  1
50 OFL *  1
51 OFL *  1
52 OFL *  1
53 CHN 0 8514776863 34059107452
54 OFL *  1
55 OFL *  1
56 CHN 0 8902535537 35610142148
57 OFL *  1
58 OFL *  1
59 OFL *  1
60 CHN 0 9555344668 38221378672
61 OFL *  1
62 CHN 0 9709993252 38839973008
63 OFL *  1
64 OFL *  1
65 OFL *  1
66 CHN 0 10460813379 41843253516
67 OFL *  1
68 CHN 0 10664780230 42659120920
69 CHN 0 10725981955 42903927820
70 OFL *  1
71 CHN 0 10754439231 43017756924
72 CHN 0 10813675801 43254703204
73 OFL *  1
74 CHN 0 11023177594 44092710376
75 CHN 0 11023239541 44092958164
76 CHN 0 11073148629 44292594516
77 OFL *  1
78 OFL *  1
79 OFL *  1
80 CHN 0 11690188617 46760754468
81 OFL *  1
82 OFL *  1
83 OFL *  1
84 OFL *  1
85 CHN 0 12508688364 50034753456
86 OFL *  1
87 CHN 0 12838216403 51352865612
88 OFL *  1
89 CHN 0 12872919782 51491679128
90 OFL *  1
91 OFL *  1
92 OFL *  1
93 OFL *  1
94 CHN 0 13722346587 54889386348
95 CHN 0 13879141412 55516565648
96 OFL *  1
97 CHN 0 14040276654 56161106616
98 CHN 0 14064671784 56258687136
99 OFL *  1
100 OFL *  1
101 CHN 0 14446161686 57784646744
102 OFL *  1
103 OFL *  1
104 OFL *  1
105 OFL *  1
106 CHN 0 15229378624 60917514496
107 OFL *  1
108 CHN 0 15533569045 62134276180
109 OFL *  1
110 OFL *  1
111 CHN 0 15818670444 63274681776
112 OFL *  1
113 OFL *  1
114 OFL *  1
115 OFL *  1
116 OFL *  1
117 OFL *  1
118 OFL *  1
119 CHN 0 17315617752 69262471008
120 CHN 0 17462518778 69850075112
121 OFL *  1
122 CHN 0 17689313408 70757253632
123 OFL *  1
124 CHN 0 17840812677 71363250708
125 OFL *  1
126 CHN 0 17954385666 71817542664
127 CHN 0 18100550406 72402201624
128 OFL *  1
129 CHN 0 18263897029 73055588116
130 CHN 0 18311912089 73247648356
131 OFL *  1
132 OFL *  1
133 OFL *  1
134 CHN 0 18760090704 75040362816
135 OFL *  1
136 OFL *  1
137 OFL *  1
138 OFL *  1
139 CHN 0 19636120962 78544483848
140 OFL *  1
141 OFL *  1
142 OFL *  1
143 OFL *  1
144 OFL *  1
145 OFL *  1
146 CHN 0 20960788838 83843155352
147 OFL *  1
148 CHN 0 21163697562 84654790248
149 OFL *  1
150 CHN 0 21315660368 85262641472
151 OFL *  1
152 CHN 0 21509200342 86036801368
153 OFL *  1
154 CHN 0 21788625293 87154501172
155 OFL *  1
156 CHN 0 21958612938 87834451752
157 CHN 0 22019873741 88079494964
158 OFL *  1
159 OFL *  1
160 CHN 0 22467578429 89870313716
161 OFL *  1
162 OFL *  1
163 OFL *  1
164 CHN 0 22969251728 91877006912
165 OFL *  1
166 CHN 0 23182308519 92729234076
167 CHN 0 23320610271 93282441084
168 OFL *  1
169 OFL *  1
170 OFL *  1
171 OFL *  1
172 CHN 0 24181752452 96727009808
173 CHN 0 24197061267 96788245068
174 OFL *  1
175 OFL *  1
176 OFL *  1
177 CHN 0 24767873511 99071494044
178 CHN 0 24859843415 99439373660
179 OFL *  1
180 OFL *  1
181 CHN 0 25119485712 100477942848
182 OFL *  1
183 OFL *  1
184 CHN 0 25592183382 102368733528
185 OFL *  1
186 CHN 0 25811194580 103244778320
187 CHN 0 25832692027 103330768108
188 OFL *  1
189 OFL *  1
190 CHN 0 26290794120 105163176480
191 CHN 0 26317184488 105268737952
192 OFL *  1
193 CHN 0 26372451893 105489807572
194 OFL *  1
195 OFL *  1
196 OFL *  1
197 OFL *  1
198 CHN 0 27266200534 109064802136
199 OFL *  1
200 CHN 0 27554637234 110218548936
201 OFL *  1
202 CHN 0 27686030873 110744123492
203 OFL *  1
204 OFL *  1
205 OFL *  1
206 OFL *  1
207 CHN 0 28489190165 113956760660
208 OFL *  1
209 OFL *  1
210 OFL *  1
211 OFL *  1
212 OFL *  1
213 OFL *  1
214 CHN 0 29797793340 119191173360
215 OFL *  1
216 CHN 0 30100569616 120402278464
217 OFL *  1
218 OFL *  1
219 OFL *  1
220 CHN 0 30570882445 122283529780
221 OFL *  1
222 CHN 0 30888936691 123555746764
223 OFL *  1
224 OFL *  1
225 OFL *  1
226 CHN 0 31435041494 125740165976
227 OFL *  1
228 CHN 0 31720234479 126880937916
229 OFL *  1
230 CHN 0 31993740794 127974963176
231 OFL *  1
232 OFL *  1
233 OFL *  1
234 OFL *  1
235 CHN 0 32690345089 130761380356
236 OFL *  1
237 OFL *  1
238 OFL *  1
239 CHN 0 33413076370 133652305480
240 OFL *  1
241 OFL *  1
242 CHN 0 33852064258 135408257032
243 OFL *  1
244 OFL *  1
245 OFL *  1
246 OFL *  1
247 OFL *  1
248 OFL *  1
249 CHN 0 35068485530 140273942120
250 OFL *  1
251 OFL *  1
252 OFL *  1
253 CHN 0 35737809204 142951236816
254 OFL *  1
255 CHN 0 36015253104 144061012416
256 OFL *  1
257 OFL *  1
258 CHN 0 36422465031 145689860124
259 OFL *  1
260 CHN 0 36556603968 146226415872
261 CHN 0 36567072941 146268291764
262 OFL *  1
263 CHN 0 36768362388 147073449552
264 OFL *  1
265 OFL *  1
266 CHN 0 37248296595 148993186380
267 OFL *  1
268 CHN 0 37382525566 149530102264
269 OFL *  1
270 CHN 0 37650823625 150603294500
271 OFL *  1
272 CHN 0 37742538899 150970155596
273 OFL *  1
274 CHN 0 38092067886 152368271544
275 OFL *  1
276 OFL *  1
277 OFL *  1
278 OFL *  1
279 OFL *  1
280 CHN 0 39099770826 156399083304
281 CHN 0 39100224830 156400899320
282 CHN 0 39104410515 156417642060
283 OFL *  1
284 OFL *  1
285 OFL *  1
286 OFL *  1
287 CHN 0 40030433539 160121734156
288 OFL *  1
289 CHN 0 40040058849 160160235396
290 OFL *  1
291 OFL *  1
292 OFL *  1
293 CHN 0 40812313383 163249253532
294 CHN 0 40851128344 163404513376
295 OFL *  1
296 OFL *  1
297 OFL *  1
298 OFL *  1
299 CHN 0 41528044614 166112178456
300 OFL *  1
301 CHN 0 41742122068 166968488272
302 CHN 0 41871976531 167487906124
303 OFL *  1
304 OFL *  1
305 CHN 0 42145439184 168581756736
306 OFL *  1
307 OFL *  1
308 CHN 0 42686849834 170747399336
309 OFL *  1
310 CHN 0 42826616360 171306465440
311 OFL *  1
312 OFL *  1
313 CHN 0 43196404561 172785618244
314 OFL *  1
315 CHN 0 43481593514 173926374056
316 OFL *  1
317 CHN 0 43759846174 175039384696
318 CHN 0 43787969027 175151876108
319 OFL *  1
320 CHN 0 43908228628 175632914512
321 OFL *  1
322 CHN 0 44212954526 176851818104
323 OFL *  1
324 CHN 0 44329309048 177317236192
325 CHN 0 44329345467 177317381868
326 CHN 0 44352983953 177411935812
327 OFL *  1
328 CHN 0 44505045972 178020183888
329 OFL *  1
330 OFL *  1
331 CHN 0 44901873347 179607493388
332 CHN 0 44976932554 179907730216
333 CHN 0 44977965503 179911862012
334 OFL *  1
335 OFL *  1
336 OFL *  1
337 OFL *  1
338 OFL *  1
339 OFL *  1
340 CHN 0 46282062371 185128249484
341 OFL *  1
342 CHN 0 46557269997 186229079988
343 OFL *  1
344 CHN 0 46592334847 186369339388
345 OFL *  1
346 OFL *  1
347 OFL *  1
348 OFL *  1
349 OFL *  1
350 CHN 0 47768068041 191072272164
351 OFL *  1
352 CHN 0 47984714796 191938859184
353 OFL *  1
354 OFL *  1
355 CHN 0 48260177035 193040708140
356 OFL *  1
357 CHN 0 48485520400 193942081600
358 CHN 0 48489726000 193958904000
359 CHN 0 48551244921 194204979684
360 CHN 0 48623818802 194495275208
361 OFL *  1
362 OFL *  1
363 CHN 0 48943457227 195773828908
364 OFL *  1
365 CHN 0 49105414523 196421658092
366 CHN 0 49201963227 196807852908
367 OFL *  1
368 CHN 0 49463270727 197853082908
369 OFL *  1
370 OFL *  1
371 CHN 0 49894303033 199577212132
372 OFL *  1
373 CHN 0 50058128845 200232515380
374 CHN 0 50058379743 200233518972
375 OFL *  1
376 OFL *  1
377 CHN 0 50420526102 201682104408
378 OFL *  1
379 OFL *  1
380 OFL *  1
381 OFL *  1
382 CHN 0 51355559185 205422236740
383 OFL *  1
384 OFL *  1
385 CHN 0 51715692625 206862770500
386 CHN 0 51747480674 206989922696
387 OFL *  1
388 CHN 0 52038470228 208153880912
389 OFL *  1
390 OFL *  1
391 OFL *  1
392 CHN 0 52662831311 210651325244
393 OFL *  1
394 CHN 0 52844283358 211377133432
395 OFL *  1
396 OFL *  1
397 CHN 0 53107533829 212430135316
398 OFL *  1
399 CHN 0 53426369921 213705479684
400 CHN 0 53480650236 213922600944
401 OFL *  1
402 CHN 0 53522600483 214090401932
403 OFL *  1
404 OFL *  1
405 CHN 0 54038278198 216153112792
406 OFL *  1
407 OFL *  1
408 OFL *  1
409 OFL *  1
410 CHN 0 54801165415 219204661660
411 OFL *  1
412 OFL *  1
413 CHN 0 55384736643 221538946572
414 OFL *  1
415 CHN 0 55497801591 221991206364
416 CHN 0 55552354687 222209418748
417 CHN 0 55574232726 222296930904
418 OFL *  1
419 CHN 0 55744159790 222976639160
420 CHN 0 55767086932 223068347728
421 CHN 0 55770581543 223082326172
422 CHN 0 55825047275 223300189100
423 OFL *  1
424 OFL *  1
425 CHN 0 56075880415 224303521660
426 OFL *  1
427 CHN 0 56396026795 225584107180
428 OFL *  1
429 OFL *  1
430 CHN 0 56692476703 226769906812
431 CHN 0 56740670861 226962683444
432 OFL *  1
433 CHN 0 56977583031 227910332124
434 OFL *  1
435 CHN 0 57215786862 228863147448
436 OFL *  1
437 CHN 0 57322237926 229288951704
438 OFL *  1
439 OFL *  1
440 CHN 0 57794768781 231179075124
441 CHN 0 57802209588 231208838352
442 CHN 0 57859730934 231438923736
443 OFL *  1
444 CHN 0 58141883938 232567535752
445 OFL *  1
446 CHN 0 58212330837 232849323348
447 OFL *  1
448 CHN 0 58501332826 234005331304
449 OFL *  1
450 CHN 0 58663721563 234654886252
451 OFL *  1
452 OFL *  1
453 CHN 0 59204535486 236818141944
454 OFL *  1
455 OFL *  1
456 CHN 0 59451589745 237806358980
457 OFL *  1
458 CHN 0 59667047719 238668190876
459 CHN 0 59712018594 238848074376
460 CHN 0 59758844203 239035376812
461 CHN 0 59761170179 239044680716
462 OFL *  1
463 CHN 0 59917155669 239668622676
464 OFL *  1
465 CHN 0 60053000688 240212002752
466 OFL *  1
467 CHN 0 60336643521 241346574084
468 CHN 0 60396976356 241587905424
469 CHN 0 60453556988 241814227952
470 OFL *  1
471 CHN 0 60517271946 242069087784
472 OFL *  1
473 CHN 0 60800849596 243203398384
474 CHN 0 60804351957 243217407828
475 CHN 0 60888905680 243555622720
476 OFL *  1
477 OFL *  1
478 OFL *  1
479 CHN 0 61446023094 245784092376
480 OFL *  1
481 OFL *  1
482 CHN 0 61945091247 247780364988
483 OFL *  1
484 CHN 0 62049199140 248196796560
485 OFL *  1
486 OFL *  1
487 OFL *  1
488 CHN 0 62664772682 250659090728
489 CHN 0 62774788170 251099152680
490 OFL *  1
491 CHN 0 62860748082 251442992328
492 CHN 0 62951258376 251805033504
493 CHN 0 62951938530 251807754120
494 OFL *  1
495 CHN 0 63017999108 252071996432
496 CHN 0 63040415616 252161662464
497 OFL *  1
498 CHN 0 63268292376 253073169504
499 CHN 0 63274669808 253098679232
500 CHN 0 63338862657 253355450628
501 OFL *  1
502 OFL *  1
503 CHN 0 63695833589 254783334356
504 OFL *  1
505 OFL *  1
506 OFL *  1
507 CHN 0 64291479717 257165918868
508 CHN 0 64365759911 257463039644
509 OFL *  1
510 OFL *  1
511 CHN 0 64719144242 258876576968
512 CHN 0 64825138341 259300553364
513 OFL *  1
514 OFL *  1
515 OFL *  1
516 CHN 0 65464255206 261857020824
517 OFL *  1
518 CHN 0 65720354748 262881418992
519 OFL *  1
520 CHN 0 65793773386 263175093544
521 OFL *  1
522 CHN 0 66105136637 264420546548
523 OFL *  1
524 OFL *  1
525 CHN 0 66490889115 265963556460
526 OFL *  1
527 OFL *  1
528 CHN 0 66931425698 267725702792
529 OFL *  1
530 OFL *  1
531 OFL *  1
532 OFL *  1
533 OFL *  1
534 CHN 0 67846779001 271387116004
535 CHN 0 67884941241 271539764964
536 OFL *  1
537 CHN 0 68253823866 273015295464
538 OFL *  1
539 CHN 0 68367343973 273469375892
540 OFL *  1
541 OFL *  1
542 CHN 0 68891633472 275566533888
543 OFL *  1
544 CHN 0 69027488474 276109953896
545 OFL *  1
546 OFL *  1
547 OFL *  1
548 CHN 0 69666959346 278667837384
549 OFL *  1
550 OFL *  1
551 CHN 0 70025689824 280102759296
552 CHN 0 70073547690 280294190760
553 OFL *  1
554 CHN 0 70236489819 280945959276
555 OFL *  1
556 OFL *  1
557 CHN 0 70655997189 282623988756
558 CHN 0 70718249512 282872998048
559 OFL *  1
560 CHN 0 70826521400 283306085600
561 CHN 0 70940414860 283761659440
562 OFL *  1
563 CHN 0 71214640363 284858561452
564 OFL *  1
565 CHN 0 71347206385 285388825540
566 OFL *  1
567 OFL *  1
568 OFL *  1
569 CHN 0 71849962719 287399850876
570 OFL *  1
571 OFL *  1
572 OFL *  1
573 CHN 0 72626569193 290506276772
574 OFL *  1
575 OFL *  1
576 OFL *  1
577 OFL *  1
578 CHN 0 73483115658 293932462632
579 OFL *  1
580 OFL *  1
581 OFL *  1
582 CHN 0 73992737555 295970950220
583 CHN 0 74132072032 296528288128
584 OFL *  1
585 OFL *  1
586 OFL *  1
587 OFL *  1
588 OFL *  1
589 OFL *  1
590 CHN 0 75326787175 301307148700
591 OFL *  1
592 OFL *  1
593 OFL *  1
594 CHN 0 75955616280 303822465120
595 CHN 0 75992611995 303970447980
596 OFL *  1
597 OFL *  1
598 CHN 0 76421320789 305685283156
599 CHN 0 76448441852 305793767408
600 OFL *  1
601 CHN 0 76488693442 305954773768
602 CHN 0 76488733178 305954932712
603 CHN 0 76519077848 306076311392
604 CHN 0 76535775568 306143102272
605 OFL *  1
606 CHN 0 76780448679 307121794716
607 CHN 0 76818210542 307272842168
608 OFL *  1
609 CHN 0 77065961279 308263845116
610 CHN 0 77113627531 308454510124
611 OFL *  1
612 OFL *  1
613 CHN 0 77326467780 309305871120
614 CHN 0 77338913217 309355652868
615 CHN 0 77473638482 309894553928
616 OFL *  1
617 OFL *  1
618 OFL *  1
619 CHN 0 78094476592 312377906368
620 OFL *  1
621 CHN 0 78246117504 312984470016
622 CHN 0 78325020160 313300080640
623 OFL *  1
624 CHN 0 78570908738 314283634952
625 OFL *  1
626 CHN 0 78599735913 314398943652
627 CHN 0 78607782653 314431130612
628 OFL *  1
629 CHN 0 78825558953 315302235812
630 CHN 0 78834873920 315339495680
631 CHN 0 78875251082 315501004328
632 CHN 0 78990007286 315960029144
633 OFL *  1
634 OFL *  1
635 CHN 0 79294800878 317179203512
636 OFL *  1
637 OFL *  1
638 OFL *  1
639 CHN 0 79959837954 319839351816
640 OFL *  1
641 OFL *  1
642 OFL *  1
643 CHN 0 80620292099 322481168396
644 OFL *  1
645 OFL *  1
646 CHN 0 80958092316 323832369264
647 CHN 0 81004236944 324016947776
648 OFL *  1
649 OFL *  1
650 OFL *  1
651 OFL *  1
652 CHN 0 81831936162 327327744648
653 CHN 0 81834022882 327336091528
654 CHN 0 81913291731 327653166924
655 OFL *  1
656 CHN 0 82072788223 328291152892
657 CHN 0 82111558215 328446232860
658 OFL *  1
659 CHN 0 82227343247 328909372988
660 CHN 0 82251821119 329007284476
661 CHN 0 82283627019 329134508076
662 CHN 0 82353043274 329412173096
663 OFL *  1
664 CHN 0 82395709002 329582836008
665 CHN 0 82461714317 329846857268
666 OFL *  1
667 OFL *  1
668 CHN 0 82990323666 331961294664
669 OFL *  1
670 CHN 0 83113529629 332454118516
671 OFL *  1
672 OFL *  1
673 CHN 0 83517663180 334070652720
674 OFL *  1
675 OFL *  1
676 OFL *  1
677 OFL *  1
678 OFL *  1
679 OFL *  1
680 OFL *  1
681 OFL *  1
682 OFL *  1
683 OFL *  1
684 CHN 0 85751815288 343007261152
685 OFL *  1
686 CHN 0 85796855205 343187420820
687 CHN 0 85951907106 343807628424
688 OFL *  1
689 CHN 0 86048561350 344194245400
690 CHN 0 86100609223 344402436892
691 CHN 0 86132130549 344528522196
692 OFL *  1
693 CHN 0 86225940686 344903762744
694 OFL *  1
695 OFL *  1
696 OFL *  1
697 OFL *  1
698 CHN 0 87062928072 348251712288
699 OFL *  1
700 OFL *  1
701 CHN 0 87470078728 349880314912
702 OFL *  1
703 CHN 0 87735083921 350940335684
704 CHN 0 87797095145 351188380580
705 OFL *  1
706 CHN 0 87925359413 351701437652
707 OFL *  1
708 OFL *  1
709 CHN 0 88286170712 353144682848
710 OFL *  1
711 CHN 0 88528240329 354112961316
712 OFL *  1
713 CHN 0 88785664848 355142659392
714 CHN 0 88850368775 355401475100
715 OFL *  1
716 OFL *  1
717 CHN 0 89331703523 357326814092
718 OFL *  1
719 OFL *  1
720 CHN 0 89548285469 358193141876
721 CHN 0 89548327690 358193310760
722 CHN 0 89675073454 358700293816
723 CHN 0 89691285347 358765141388
724 OFL *  1
725 CHN 0 89813932494 359255729976
726 OFL *  1
727 OFL *  1
728 CHN 0 90305149616 361220598464
729 OFL *  1
730 CHN 0 90586620367 362346481468
731 OFL *  1
732 OFL *  1
733 OFL *  1
734 CHN 0 91023675834 364094703336
735 OFL *  1
736 CHN 0 91246056333 364984225332
737 CHN 0 91306360464 365225441856
738 OFL *  1
739 OFL *  1
740 CHN 0 91774690791 367098763164
741 OFL *  1
742 CHN 0 91909844458 367639377832
743 OFL *  1
744 OFL *  1
745 CHN 0 92450263478 369801053912
746 OFL *  1
747 CHN 0 92569466893 370277867572
748 OFL *  1
749 CHN 0 92716439185 370865756740
750 CHN 0 92800861204 371203444816
751 CHN 0 92902031191 371608124764
752 OFL *  1
753 CHN 0 92936951189 371747804756
754 CHN 0 93113838718 372455354872
755 OFL *  1
756 OFL *  1
757 CHN 0 93344296005 373377184020
758 OFL *  1
759 CHN 0 93642227517 374568910068
760 OFL *  1
761 OFL *  1
762 CHN 0 94020327014 376081308056
763 OFL *  1
764 OFL *  1
765 CHN 0 94458753122 377835012488
766 CHN 0 94481571164 377926284656
767 OFL *  1
768 CHN 0 94799541467 379198165868
769 CHN 0 94804504565 379218018260
770 OFL *  1
771 CHN 0 94844751758 379379007032
772 CHN 0 94955050793 379820203172
773 OFL *  1
774 CHN 0 95065078218 380260312872
775 CHN 0 95234158834 380936635336
776 OFL *  1
777 OFL *  1
778 CHN 0 95491505037 381966020148
779 CHN 0 95508026682 382032106728
780 OFL *  1
781 OFL *  1
782 CHN 0 95964036533 383856146132
783 CHN 0 96010509252 384042037008
784 CHN 0 96018789102 384075156408
785 CHN 0 96077538414 384310153656
786 OFL *  1
787 OFL *  1
788 CHN 0 96453134325 385812537300
789 OFL *  1
790 CHN 0 96614506480 386458025920
791 OFL *  1
792 CHN 0 96768237297 387072949188
793 OFL *  1
794 OFL *  1
795 CHN 0 97166651722 388666606888
796 CHN 0 97197877711 388791510844
797 CHN 0 97262952118 389051808472
798 OFL *  1
799 OFL *  1
800 OFL *  1
801 CHN 0 97891331470 391565325880
802 OFL *  1
803 CHN 0 98052839395 392211357580
804 OFL *  1
805 OFL *  1
806 OFL *  1
807 OFL *  1
808 OFL *  1
809 OFL *  1
810 OFL *  1
811 CHN 0 99659394211 398637576844
812 OFL *  1
813 CHN 0 99811715254 399246861016
814 OFL *  1
815 CHN 0 99979075290 399916301160
816 CHN 0 100076491901 400305967604
817 OFL *  1
818 OFL *  1
819 CHN 0 100414425526 401657702104
820 CHN 0 100456699637 401826798548
821 OFL *  1
822 CHN 0 100676870347 402707481388
823 CHN 0 100705697622 402822790488
824 OFL *  1
825 CHN 0 100765751337 403063005348
826 CHN 0 100876035497 403504141988
827 OFL *  1
828 OFL *  1
829 CHN 0 101151042907 404604171628
830 CHN 0 101329144279 405316577116
831 OFL *  1
832 OFL *  1
833 OFL *  1
834 CHN 0 101794597378 407178389512
835 CHN 0 101946826702 407787306808
836 OFL *  1
837 OFL *  1
838 CHN 0 102267176172 409068704688
839 OFL *  1
840 CHN 0 102426292334 409705169336
841 CHN 0 102444976292 409779905168
842 OFL *  1
843 CHN 0 102622364503 410489458012
844 CHN 0 102625745890 410502983560
845 CHN 0 102656057660 410624230640
846 CHN 0 102796263101 411185052404
847 OFL *  1
848 CHN 0 102906663870 411626655480
849 CHN 0 102924143332 411696573328
850 CHN 0 102963129750 411852519000
851 CHN 0 103006793739 412027174956
852 OFL *  1
853 CHN 0 103055605738 412222422952
854 OFL *  1
855 CHN 0 103303349218 413213396872
856 OFL *  1
857 OFL *  1
858 CHN 0 103849915126 415399660504
859 OFL *  1
860 OFL *  1
861 OFL *  1
862 OFL *  1
863 OFL *  1
864 CHN 0 104795561430 419182245720
865 OFL *  1
866 CHN 0 104957835637 419831342548
867 OFL *  1
868 CHN 0 105253913121 421015652484
869 OFL *  1
870 OFL *  1
871 CHN 0 105707057186 422828228744
872 OFL *  1
873 OFL *  1
874 CHN 0 106010968591 424043874364
875 CHN 0 106016366413 424065465652
876 CHN 0 106100536974 424402147896
877 OFL *  1
878 OFL *  1
879 CHN 0 106505351647 426021406588
880 CHN 0 106605453015 426421812060
881 OFL *  1
882 CHN 0 106786552492 427146209968
883 OFL *  1
884 OFL *  1
885 OFL *  1
886 OFL *  1
887 OFL *  1
888 OFL *  1
889 OFL *  1
890 OFL *  1
891 CHN 0 108477070945 433908283780
892 CHN 0 108479072993 433916291972
893 CHN 0 108480820052 433923280208
894 OFL *  1
895 CHN 0 108717295070 434869180280
896 OFL *  1
897 OFL *  1
898 CHN 0 108972484524 435889938096
899 CHN 0 108989791729 435959166916
900 OFL *  1
901 CHN 0 109192108054 436768432216
902 OFL *  1
903 CHN 0 109392944359 437571777436
904 CHN 0 109534036805 438136147220
905 OFL *  1
906 CHN 0 109671277098 438685108392
907 CHN 0 109702799560 438811198240
908 OFL *  1
909 CHN 0 109788115818 439152463272
910 OFL *  1
911 OFL *  1
912 OFL *  1
913 CHN 0 110572857124 442291428496
914 OFL *  1
915 OFL *  1
916 OFL *  1
917 CHN 0 111080711259 444322845036
918 CHN 0 111177116631 444708466524
919 OFL *  1
920 OFL *  1
921 CHN 0 111482097698 445928390792
922 OFL *  1
923 CHN 0 111761234862 447044939448
924 CHN 0 111765392158 447061568632
925 CHN 0 111809233491 447236933964
926 OFL *  1
927 CHN 0 112056747541 448226990164
928 OFL *  1
929 CHN 0 112168832859 448675331436
930 CHN 0 112227778425 448911113700
931 OFL *  1
932 OFL *  1
933 CHN 0 112630764062 450523056248
934 CHN 0 112721915340 450887661360
935 OFL *  1
936 OFL *  1
937 OFL *  1
938 CHN 0 113188540011 452754160044
939 CHN 0 113225053361 452900213444
940 CHN 0 113312854726 453251418904
941 CHN 0 113319870424 453279481696
942 OFL *  1
943 CHN 0 113363771517 453455086068
944 OFL *  1
945 CHN 0 113775682408 455102729632
946 OFL *  1
947 CHN 0 113833480334 455333921336
948 OFL *  1
949 CHN 0 114049124551 456196498204
950 OFL *  1
951 CHN 0 114285897142 457143588568
952 OFL *  1
953 CHN 0 114591627948 458366511792
954 CHN 0 114598003198 458392012792
955 OFL *  1
956 OFL *  1
957 OFL *  1
958 OFL *  1
959 CHN 0 115409852030 461639408120
960 OFL *  1
961 OFL *  1
962 CHN 0 115698510261 462794041044
963 CHN 0 115732696932 462930787728
964 CHN 0 115813132410 463252529640
965 CHN 0 115883963213 463535852852
966 OFL *  1
967 CHN 0 115928106408 463712425632
968 OFL *  1
969 CHN 0 116147346914 464589387656
970 OFL *  1
971 CHN 0 116396366137 465585464548
972 CHN 0 116414928840 465659715360
973 CHN 0 116422468726 465689874904
974 CHN 0 116454741784 465818967136
975 OFL *  1
976 CHN 0 116532862401 466131449604
977 OFL *  1
978 CHN 0 116904738234 467618952936
979 CHN 0 116928178787 467712715148
980 OFL *  1
981 OFL *  1
982 OFL *  1
983 CHN 0 117401728141 469606912564
984 CHN 0 117518999195 470075996780
985 CHN 0 117531546583 470126186332
986 OFL *  1
987 CHN 0 117634918072 470539672288
988 CHN 0 117672769831 470691079324
989 OFL *  1
990 CHN 0 117859500294 471438001176
991 OFL *  1
992 OFL *  1
993 CHN 0 118286379594 473145518376
994 CHN 0 118318600676 473274402704
995 CHN 0 118355206599 473420826396
996 OFL *  1
997 CHN 0 118431313260 473725253040
998 CHN 0 118521365730 474085462920
999 OFL *  1
1000 OFL *  1
1001 CHN 0 118931866749 475727466996
1002 CHN 0 118948999572 475795998288
1003 OFL *  1
1004 CHN 0 119069874309 476279497236
1005 CHN 0 119170968695 476683874780
1006 OFL *  1
1007 CHN 0 119440966098 477763864392
1008 OFL *  1
1009 CHN 0 119665834276 478663337104
1010 CHN 0 119671099270 478684397080
1011 OFL *  1
1012 CHN 0 119734842370 478939369480
1013 CHN 0 119835798102 479343192408
1014 OFL *  1
1015 CHN 0 119949823862 479799295448
1016 OFL *  1
1017 CHN 0 120302219089 481208876356
1018 OFL *  1
1019 OFL *  1
1020 CHN 0 120568849615 482275398460
1021 OFL *  1
1022 OFL *  1
1023 OFL *  1
1024 CHN 0 121275225520 485100902080
1025 OFL *  1
1026 CHN 0 121415415005 485661660020
1027 OFL *  1
1028 OFL *  1
1029 OFL *  1
1030 OFL *  1
1031 OFL *  1
1032 OFL *  1
1033 OFL *  1
1034 OFL *  1
1035 OFL *  1
1036 OFL *  1
1037 CHN 0 123471781195 493887124780
1038 OFL *  1
1039 CHN 0 123737383999 494949535996
1040 CHN 0 123770281179 495081124716
1041 CHN 0 123803257096 495213028384
1042 OFL *  1
1043 OFL *  1
1044 CHN 0 124228479194 496913916776
1045 CHN 0 124240109076 496960436304
1046 CHN 0 124243128142 496972512568
1047 OFL *  1
1048 OFL *  1
1049 OFL *  1
1050 OFL *  1
1051 OFL *  1
1052 CHN 0 125195107790 500780431160
1053 OFL *  1
1054 CHN 0 125479749442 501918997768
1055 OFL *  1
1056 CHN 0 125594659436 502378637744
1057 CHN 0 125636248737 502544994948
1058 CHN 0 125721316269 502885265076
1059 OFL *  1
1060 OFL *  1
1061 CHN 0 126110592723 504442370892
1062 CHN 0 126144887357 504579549428
1063 OFL *  1
1064 CHN 0 126293957135 505175828540
1065 OFL *  1
1066 CHN 0 126495982326 505983929304
1067 OFL *  1
1068 CHN 0 126739799961 506959199844
1069 CHN 0 126835569949 507342279796
1070 OFL *  1
1071 CHN 0 126857808895 507431235580
1072 OFL *  1
1073 OFL *  1
1074 OFL *  1
1075 CHN 0 127587684554 510350738216
1076 OFL *  1
1077 CHN 0 127701442557 510805770228
1078 OFL *  1
1079 CHN 0 127922231446 511688925784
1080 OFL *  1
1081 OFL *  1
1082 OFL *  1
1083 CHN 0 128540085566 514160342264
1084 CHN 0 128672912544 514691650176
1085 OFL *  1
1086 CHN 0 128780389559 515121558236
1087 OFL *  1
1088 OFL *  1
1089 OFL *  1
1090 OFL *  1
1091 OFL *  1
1092 CHN 0 129820495227 519281980908
1093 CHN 0 129848048572 519392194288
1094 OFL *  1
1095 CHN 0 130114877064 520459508256
1096 CHN 0 130148547768 520594191072
1097 OFL *  1
1098 CHN 0 130217129676 520868518704
1099 CHN 0 130292372302 521169489208
1100 OFL *  1
1101 CHN 0 130583661122 522334644488
1102 OFL *  1
1103 CHN 0 130742846301 522971385204
1104 OFL *  1
1105 OFL *  1
1106 OFL *  1
1107 CHN 0 131400257627 525601030508
1108 OFL *  1
1109 OFL *  1
1110 CHN 0 131713312323 526853249292
1111 CHN 0 131844945280 527379781120
1112 CHN 0 131851105255 527404421020
1113 OFL *  1
1114 OFL *  1
1115 CHN 0 132253549825 529014199300
1116 OFL *  1
1117 CHN 0 132445355022 529781420088
1118 OFL *  1
1119 CHN 0 132699464781 530797859124
1120 OFL *  1
1121 OFL *  1
1122 CHN 0 132951825282 531807301128
1123 OFL *  1
1124 OFL *  1
1125 CHN 0 133424651935 533698607740
1126 OFL *  1
1127 OFL *  1
1128 CHN 0 133889306465 535557225860
1129 CHN 0 133913755683 535655022732
1130 OFL *  1
1131 CHN 0 134097921146 536391684584
1132 OFL *  1
1133 OFL *  1
1134 OFL *  1
1135 CHN 0 134649267255 538597069020
1136 CHN 0 134687722020 538750888080
1137 OFL *  1
1138 CHN 0 134916744803 539666979212
1139 OFL *  1
1140 CHN 0 135067758962 540271035848
1141 OFL *  1
1142 CHN 0 135339540901 541358163604
1143 CHN 0 135370133437 541480533748
1144 CHN 0 135422176260 541688705040
1145 CHN 0 135473889952 541895559808
1146 OFL *  1
1147 OFL *  1
1148 CHN 0 135754933866 543019735464
1149 OFL *  1
1150 OFL *  1
1151 OFL *  1
1152 CHN 0 136462513669 545850054676
1153 OFL *  1
1154 OFL *  1
1155 OFL *  1
1156 CHN 0 137135463803 548541855212
1157 OFL *  1
1158 CHN 0 137229146909 548916587636
1159 OFL *  1
1160 CHN 0 137528562221 550114248884
1161 CHN 0 137534623810 550138495240
1162 OFL *  1
1163 OFL *  1
1164 OFL *  1
1165 OFL *  1
1166 CHN 0 138230401763 552921607052
1167 CHN 0 138271221589 553084886356
1168 OFL *  1
1169 CHN 0 138584455449 554337821796
1170 OFL *  1
1171 OFL *  1
1172 OFL *  1
1173 OFL *  1
1174 OFL *  1
1175 CHN 0 139683838202 558735352808
1176 OFL *  1
1177 OFL *  1
1178 OFL *  1
1179 CHN 0 140127426986 560509707944
1180 CHN 0 140207340790 560829363160
1181 OFL *  1
1182 CHN 0 140430931317 561723725268
1183 CHN 0 140525201616 562100806464
1184 OFL *  1
1185 OFL *  1
1186 OFL *  1
1187 CHN 0 141021017735 564084070940
1188 OFL *  1
1189 OFL *  1
1190 CHN 0 141548316733 566193266932
1191 OFL *  1
1192 CHN 0 141749463396 566997853584
1193 OFL *  1
1194 OFL *  1
1195 OFL *  1
1196 OFL *  1
1197 OFL *  1
1198 OFL *  1
1199 CHN 0 143007150696 572028602784
1200 OFL *  1
1201 OFL *  1
1202 CHN 0 143383579269 573534317076
1203 OFL *  1
1204 OFL *  1
1205 CHN 0 143785122512 575140490048
1206 OFL *  1
1207 OFL *  1
1208 CHN 0 144148935725 576595742900
1209 CHN 0 144170682037 576682728148
1210 CHN 0 144180157813 576720631252
1211 OFL *  1
1212 CHN 0 144538822975 578155291900
1213 OFL *  1
1214 CHN 0 144562780034 578251120136
1215 OFL *  1
1216 CHN 0 144908934012 579635736048
1217 CHN 0 144910457883 579641831532
1218 OFL *  1
1219 OFL *  1
1220 OFL *  1
1221 CHN 0 145396392237 581585568948
1222 OFL *  1
1223 CHN 0 145665340791 582661363164
1224 CHN 0 145738218407 582952873628
1225 OFL *  1
1226 OFL *  1
1227 CHN 0 146065316436 584261265744
1228 CHN 0 146207249790 584828999160
1229 OFL *  1
1230 OFL *  1
1231 OFL *  1
1232 OFL *  1
1233 OFL *  1
1234 CHN 0 147257973354 589031893416
1235 OFL *  1
1236 CHN 0 147478298646 589913194584
1237 OFL *  1
1238 OFL *  1
1239 CHN 0 147781166591 591124666364
1240 CHN 0 147888773312 591555093248
1241 OFL *  1
1242 CHN 0 147976385624 591905542496
1243 OFL *  1
1244 OFL *  1
1245 CHN 0 148418103912 593672415648
1246 CHN 0 148467753262 593871013048
1247 OFL *  1
1248 CHN 0 148605621757 594422487028
1249 CHN 0 148721393270 594885573080
1250 OFL *  1
1251 CHN 0 148764218398 595056873592
1252 CHN 0 148805294099 595221176396
1253 OFL *  1
1254 CHN 0 149106444403 596425777612
1255 OFL *  1
1256 OFL *  1
1257 OFL *  1
1258 OFL *  1
1259 CHN 0 149875939178 599503756712
1260 CHN 0 149970343460 599881373840
1261 OFL *  1
1262 CHN 0 150149336284 600597345136
1263 CHN 0 150185831507 600743326028
1264 OFL *  1
1265 CHN 0 150275591518 601102366072
1266 CHN 0 150318200023 601272800092
1267 CHN 0 150437647631 601750590524
1268 OFL *  1
1269 CHN 0 150462233638 601848934552
1270 CHN 0 150490707509 601962830036
1271 OFL *  1
1272 CHN 0 150752184434 603008737736
1273 OFL *  1
1274 OFL *  1
1275 CHN 0 151103960919 604415843676
1276 OFL *  1
1277 CHN 0 151390149466 605560597864
1278 CHN 0 151462579383 605850317532
1279 OFL *  1
1280 CHN 0 151498398766 605993595064
1281 CHN 0 151619715572 606478862288
1282 CHN 0 151702564407 606810257628
1283 OFL *  1
1284 OFL *  1
1285 CHN 0 151947075683 607788302732
1286 CHN 0 151948134645 607792538580
1287 CHN 0 152069161711 608276646844
1288 OFL *  1
1289 CHN 0 152125181871 608500727484
1290 CHN 0 152150264863 608601059452
1291 OFL *  1
1292 OFL *  1
1293 CHN 0 152686483150 610745932600
1294 OFL *  1
1295 OFL *  1
1296 CHN 0 152979073019 611916292076
1297 CHN 0 153099521265 612398085060
1298 OFL *  1
1299 CHN 0 153387060658 613548242632
1300 OFL *  1
1301 CHN 0 153556135501 614224542004
1302 CHN 0 153587964984 614351859936
1303 CHN 0 153597171570 614388686280
1304 OFL *  1
1305 CHN 0 153801344461 615205377844
1306 OFL *  1
1307 CHN 0 153958954966 615835819864
1308 OFL *  1
1309 CHN 0 154205893205 616823572820
1310 OFL *  1
1311 CHN 0 154435041422 617740165688
1312 OFL *  1
1313 OFL *  1
1314 CHN 0 154697334681 618789338724
1315 OFL *  1
1316 OFL *  1
1317 CHN 0 155151980432 620607921728
1318 OFL *  1
1319 OFL *  1
1320 OFL *  1
1321 OFL *  1
1322 OFL *  1
1323 OFL *  1
1324 OFL *  1
1325 CHN 0 156603989261 626415957044
1326 OFL *  1
1327 OFL *  1
1328 OFL *  1
1329 CHN 0 157242478193 628969912772
1330 CHN 0 157313141024 629252564096
1331 OFL *  1
1332 CHN 0 157420402824 629681611296
1333 CHN 0 157456247775 629824991100
1334 OFL *  1
1335 OFL *  1
1336 CHN 0 157876616226 631506464904
1337 CHN 0 157883021109 631532084436
1338 CHN 0 158013006955 632052027820
1339 OFL *  1
1340 OFL *  1
1341 OFL *  1
1342 OFL *  1
1343 OFL *  1
1344 CHN 0 159004172691 636016690764
1345 OFL *  1
1346 CHN 0 159198138620 636792554480
1347 CHN 0 159263545579 637054182316
1348 OFL *  1
1349 CHN 0 159303706838 637214827352
1350 OFL *  1
1351 OFL *  1
1352 OFL *  1
1353 OFL *  1
1354 OFL *  1
1355 CHN 0 160371651893 641486607572
1356 CHN 0 160520763412 642083053648
1357 OFL *  1
1358 CHN 0 160702104140 642808416560
1359 CHN 0 160719850833 642879403332
1360 CHN 0 160754414376 643017657504
1361 OFL *  1
1362 CHN 0 160907084959 643628339836
1363 OFL *  1
1364 CHN 0 161001493668 644005974672
1365 CHN 0 161088194678 644352778712
1366 OFL *  1
1367 OFL *  1
1368 OFL *  1
1369 CHN 0 161687811668 646751246672
1370 OFL *  1
1371 OFL *  1
1372 CHN 0 162137596104 648550384416
1373 CHN 0 162191358391 648765433564
1374 OFL *  1
1375 OFL *  1
1376 OFL *  1
1377 OFL *  1
1378 OFL *  1
1379 CHN 0 163091467654 652365870616
1380 CHN 0 163165829096 652663316384
1381 OFL *  1
1382 CHN 0 163380505222 653522020888
1383 OFL *  1
1384 CHN 0 163709660994 654838643976
1385 OFL *  1
1386 OFL *  1
1387 OFL *  1
1388 OFL *  1
1389 CHN 0 164366542320 657466169280
1390 CHN 0 164394243072 657576972288
1391 CHN 0 164435150988 657740603952
1392 CHN 0 164465335890 657861343560
1393 OFL *  1
1394 CHN 0 164745829595 658983318380
1395 OFL *  1
1396 CHN 0 164814705283 659258821132
1397 CHN 0 164845683000 659382732000
1398 OFL *  1
1399 CHN 0 165000899083 660003596332
1400 CHN 0 165092043832 660368175328
1401 OFL *  1
1402 CHN 0 165187928920 660751715680
1403 CHN 0 165268419441 661073677764
1404 CHN 0 165325066044 661300264176
1405 OFL *  1
1406 CHN 0 165439630747 661758522988
1407 CHN 0 165511948539 662047794156
1408 OFL *  1
1409 OFL *  1
1410 OFL *  1
1411 OFL *  1
1412 OFL *  1
1413 OFL *  1
1414 CHN 0 166696673926 666786695704
1415 CHN 0 166776139761 667104559044
1416 OFL *  1
1417 CHN 0 167020382127 668081528508
1418 CHN 0 167042090732 668168362928
1419 CHN 0 167080123731 668320494924
1420 OFL *  1
1421 CHN 0 167132509210 668530036840
1422 OFL *  1
1423 CHN 0 167494600826 669978403304
1424 OFL *  1
1425 OFL *  1
1426 CHN 0 167730701352 670922805408
1427 OFL *  1
1428 OFL *  1
1429 CHN 0 168141827597 672567310388
1430 CHN 0 168141987877 672567951508
1431 CHN 0 168342278739 673369114956
1432 OFL *  1
1433 CHN 0 168352189409 673408757636
1434 OFL *  1
1435 CHN 0 168659464089 674637856356
1436 OFL *  1
1437 OFL *  1
1438 CHN 0 169089205320 676356821280
1439 CHN 0 169181412064 676725648256
1440 OFL *  1
1441 CHN 0 169326304127 677305216508
1442 OFL *  1
1443 OFL *  1
1444 CHN 0 169614775699 678459102796
1445 CHN 0 169632329573 678529318292
1446 CHN 0 169713808865 678855235460
1447 CHN 0 169758200648 679032802592
1448 OFL *  1
1449 CHN 0 169946481029 679785924116
1450 OFL *  1
1451 CHN 0 170150892871 680603571484
1452 CHN 0 170159386052 680637544208
1453 CHN 0 170194763674 680779054696
1454 OFL *  1
1455 CHN 0 170410561416 681642245664
1456 OFL *  1
1457 CHN 0 170460865372 681843461488
1458 OFL *  1
1459 CHN 0 170682698263 682730793052
1460 CHN 0 170735309056 682941236224
1461 OFL *  1
1462 CHN 0 171009015190 684036060760
1463 OFL *  1
1464 CHN 0 171129851118 684519404472
1465 CHN 0 171200239010 684800956040
1466 OFL *  1
1467 OFL *  1
1468 CHN 0 171649478179 686597912716
1469 OFL *  1
1470 CHN 0 171748629490 686994517960
1471 CHN 0 171749994177 686999976708
1472 OFL *  1
1473 OFL *  1
1474 CHN 0 172159948539 688639794156
1475 CHN 0 172167087702 688668350808
1476 CHN 0 172183157881 688732631524
1477 CHN 0 172206014148 688824056592
1478 CHN 0 172209264894 688837059576
1479 CHN 0 172225764003 688903056012
1480 CHN 0 172226224362 688904897448
1481 CHN 0 172289577329 689158309316
1482 CHN 0 172322455069 689289820276
1483 OFL *  1
1484 CHN 0 172446073087 689784292348
1485 CHN 0 172549740833 690198963332
1486 OFL *  1
1487 CHN 0 172568473488 690273893952
1488 CHN 0 172620250349 690481001396
1489 OFL *  1
1490 CHN 0 172793172738 691172690952
1491 CHN 0 172834776788 691339107152
1492 CHN 0 172928084695 691712338780
1493 OFL *  1
1494 CHN 0 173041329580 692165318320
1495 OFL *  1
1496 CHN 0 173337196043 693348784172
1497 OFL *  1
1498 OFL *  1
1499 CHN 0 173678227457 694712909828
1500 OFL *  1
1501 OFL *  1
1502 CHN 0 174181444893 696725779572
1503 CHN 0 174243096371 696972385484
1504 OFL *  1
1505 CHN 0 174284622219 697138488876
1506 CHN 0 174358258780 697433035120
1507 OFL *  1
1508 CHN 0 174610261571 698441046284
1509 OFL *  1
1510 CHN 0 174846898080 699387592320
1511 CHN 0 174850397125 699401588500
1512 OFL *  1
1513 CHN 0 174906293772 699625175088
1514 CHN 0 174934565956 699738263824
1515 OFL *  1
1516 CHN 0 175132724463 700530897852
1517 OFL *  1
1518 OFL *  1
1519 OFL *  1
1520 CHN 0 175895994359 703583977436
1521 OFL *  1
1522 CHN 0 176121305777 704485223108
1523 OFL *  1
1524 CHN 0 176247358214 704989432856
1525 CHN 0 176323661727 705294646908
1526 OFL *  1
1527 CHN 0 176399508088 705598032352
1528 CHN 0 176425151249 705700604996
1529 OFL *  1
1530 OFL *  1
1531 CHN 0 176838232463 707352929852
1532 OFL *  1
1533 CHN 0 177148608485 708594433940
1534 OFL *  1
1535 CHN 0 177263546408 709054185632
1536 OFL *  1
1537 CHN 0 177426875164 709707500656
1538 CHN 0 177458540632 709834162528
1539 CHN 0 177553190717 710212762868
1540 CHN 0 177580558504 710322234016
1541 OFL *  1
1542 OFL *  1
1543 CHN 0 177861205253 711444821012
1544 OFL *  1
1545 OFL *  1
1546 CHN 0 178268668868 713074675472
1547 CHN 0 178283258469 713133033876
1548 CHN 0 178448670532 713794682128
1549 OFL *  1
1550 CHN 0 178486657705 713946630820
1551 OFL *  1
1552 OFL *  1
1553 CHN 0 179037252898 716149011592
1554 OFL *  1
1555 OFL *  1
1556 OFL *  1
1557 OFL *  1
1558 CHN 0 179756899533 719027598132
1559 OFL *  1
1560 OFL *  1
1561 CHN 0 180221664534 720886658136
1562 CHN 0 180276348277 721105393108
1563 CHN 0 180322929591 721291718364
1564 OFL *  1
1565 CHN 0 180445597585 721782390340
1566 OFL *  1
1567 CHN 0 180633410640 722533642560
1568 CHN 0 180666723630 722666894520
1569 OFL *  1
1570 CHN 0 180938597640 723754390560
1571 OFL *  1
1572 CHN 0 181116000589 724464002356
1573 CHN 0 181185105428 724740421712
1574 OFL *  1
1575 CHN 0 181294797112 725179188448
1576 CHN 0 181385904885 725543619540
1577 OFL *  1
1578 OFL *  1
1579 CHN 0 181663186493 726652745972
1580 CHN 0 181684279619 726737118476
1581 OFL *  1
1582 OFL *  1
1583 CHN 0 182095816744 728383266976
1584 OFL *  1
1585 CHN 0 182354757122 729419028488
1586 CHN 0 182424975548 729699902192
1587 OFL *  1
1588 CHN 0 182644475839 730577903356
1589 CHN 0 182652730733 730610922932
1590 OFL *  1
1591 OFL *  1
1592 OFL *  1
1593 CHN 0 183130042469 732520169876
1594 CHN 0 183203134518 732812538072
1595 OFL *  1
1596 CHN 0 183316166038 733264664152
1597 CHN 0 183441231402 733764925608
1598 CHN 0 183498083730 733992334920
1599 OFL *  1
1600 CHN 0 183601748796 734406995184
1601 CHN 0 183721828082 734887312328
1602 OFL *  1
1603 CHN 0 183874409024 735497636096
1604 CHN 0 183915556288 735662225152
1605 OFL *  1
1606 OFL *  1
1607 CHN 0 184207541141 736830164564
1608 CHN 0 184264304407 737057217628
1609 OFL *  1
1610 OFL *  1
1611 OFL *  1
1612 CHN 0 184849205211 739396820844
1613 CHN 0 184898349100 739593396400
1614 OFL *  1
1615 OFL *  1
1616 OFL *  1
1617 OFL *  1
1618 CHN 0 185633170530 742532682120
1619 CHN 0 185697094294 742788377176
1620 CHN 0 185756227903 743024911612
1621 OFL *  1
1622 OFL *  1
1623 OFL *  1
1624 OFL *  1
1625 CHN 0 186537310643 746149242572
1626 CHN 0 186638688540 746554754160
1627 OFL *  1
1628 OFL *  1
1629 CHN 0 187097350542 748389402168
1630 OFL *  1
1631 CHN 0 187156586988 748626347952
1632 CHN 0 187200801630 748803206520
1633 OFL *  1
1634 CHN 0 187434496768 749737987072
1635 CHN 0 187443484955 749773939820
1636 OFL *  1
1637 CHN 0 187523870122 750095480488
1638 CHN 0 187605275298 750421101192
1639 OFL *  1
1640 CHN 0 187743957008 750975828032
1641 CHN 0 187924142538 751696570152
1642 OFL *  1
1643 CHN 0 188074409695 752297638780
1644 OFL *  1
1645 OFL *  1
1646 OFL *  1
1647 OFL *  1
1648 OFL *  1
1649 OFL *  1
1650 OFL *  1
1651 CHN 0 189533296022 758133184088
1652 OFL *  1
1653 OFL *  1
1654 OFL *  1
1655 CHN 0 190057595577 760230382308
1656 CHN 0 190067391865 760269567460
1657 CHN 0 190109504496 760438017984
1658 OFL *  1
1659 CHN 0 190403335419 761613341676
1660 OFL *  1
1661 OFL *  1
1662 CHN 0 190800829895 763203319580
1663 OFL *  1
1664 CHN 0 191006093052 764024372208
1665 OFL *  1
1666 CHN 0 191297200107 765188800428
1667 OFL *  1
1668 CHN 0 191438853872 765755415488
1669 OFL *  1
1670 CHN 0 191661912441 766647649764
1671 CHN 0 191684741994 766738967976
1672 OFL *  1
1673 CHN 0 191761995979 767047983916
1674 OFL *  1
1675 CHN 0 192084568742 768338274968
1676 OFL *  1
1677 CHN 0 192287765520 769151062080
1678 CHN 0 192289715042 769158860168
1679 OFL *  1
1680 CHN 0 192376027249 769504108996
1681 CHN 0 192404850395 769619401580
1682 OFL *  1
1683 CHN 0 192713641702 770854566808
1684 CHN 0 192769027563 771076110252
1685 OFL *  1
1686 CHN 0 192902399471 771609597884
1687 CHN 0 192946951564 771787806256
1688 OFL *  1
1689 CHN 0 193148915277 772595661108
1690 OFL *  1
1691 CHN 0 193281943474 773127773896
1692 CHN 0 193375319251 773501277004
1693 OFL *  1
1694 CHN 0 193495814012 773983256048
1695 OFL *  1
1696 CHN 0 193637533593 774550134372
1697 OFL *  1
1698 CHN 0 193865727206 775462908824
1699 CHN 0 193870258514 775481034056
1700 CHN 0 193892104676 775568418704
1701 CHN 0 194036195187 776144780748
1702 OFL *  1
1703 CHN 0 194084853178 776339412712
1704 CHN 0 194234734381 776938937524
1705 CHN 0 194236771399 776947085596
1706 OFL *  1
1707 CHN 0 194264225384 777056901536
1708 CHN 0 194440610086 777762440344
1709 OFL *  1
1710 CHN 0 194673380230 778693520920
1711 CHN 0 194678621245 778714484980
1712 OFL *  1
1713 CHN 0 194741280686 778965122744
1714 OFL *  1
1715 CHN 0 194897964303 779591857212
1716 CHN 0 195043804391 780175217564
1717 CHN 0 195092786351 780371145404
1718 OFL *  1
1719 CHN 0 195108535638 780434142552
1720 OFL *  1
1721 CHN 0 195507773797 782031095188
1722 OFL *  1
1723 CHN 0 195676410003 782705640012
1724 OFL *  1
1725 OFL *  1
1726 CHN 0 196087480124 784349920496
1727 OFL *  1
1728 OFL *  1
1729 OFL *  1
1730 CHN 0 196680883608 786723534432
1731 CHN 0 196730421036 786921684144
1732 OFL *  1
1733 OFL *  1
1734 CHN 0 197154082318 788616329272
1735 OFL *  1
1736 OFL *  1
1737 OFL *  1
1738 OFL *  1
1739 OFL *  1
1740 CHN 0 198177770649 792711082596
1741 CHN 0 198187939915 792751759660
1742 OFL *  1
1743 OFL *  1
1744 CHN 0 198540576674 794162306696
1745 CHN 0 198540703098 794162812392
1746 OFL *  1
1747 CHN 0 198784867096 795139468384
1748 CHN 0 198827070748 795308282992
1749 OFL *  1
1750 CHN 0 198943995326 795775981304
1751 CHN 0 199046252266 796185009064
1752 OFL *  1
1753 CHN 0 199112450594 796449802376
1754 OFL *  1
1755 CHN 0 199452474196 797809896784
1756 OFL *  1
1757 CHN 0 199627210687 798508842748
1758 CHN 0 199688068671 798752274684
1759 OFL *  1
1760 CHN 0 199743303535 798973214140
1761 CHN 0 199789937335 799159749340
1762 OFL *  1
1763 CHN 0 200101650725 800406602900
1764 OFL *  1
1765 OFL *  1
1766 CHN 0 200445632905 801782531620
1767 OFL *  1
1768 OFL *  1
1769 CHN 0 200960671415 803842685660
1770 OFL *  1
1771 CHN 0 201216526256 804866105024
1772 OFL *  1
1773 CHN 0 201389797256 805559189024
1774 OFL *  1
1775 CHN 0 201429527495 805718109980
1776 CHN 0 201566822166 806267288664
1777 CHN 0 201608284882 806433139528
1778 OFL *  1
1779 OFL *  1
1780 CHN 0 201890373008 807561492032
1781 OFL *  1
1782 CHN 0 202107072471 808428289884
1783 CHN 0 202111401237 808445604948
1784 CHN 0 202164595221 808658380884
1785 OFL *  1
1786 CHN 0 202336774621 809347098484
1787 CHN 0 202450704833 809802819332
1788 CHN 0 202475508292 809902033168
1789 OFL *  1
1790 CHN 0 202522799320 810091197280
1791 CHN 0 202562460973 810249843892
1792 CHN 0 202627406254 810509625016
1793 OFL *  1
1794 OFL *  1
1795 OFL *  1
1796 OFL *  1
1797 OFL *  1
1798 CHN 0 203663195598 814652782392
1799 CHN 0 203678861082 814715444328
1800 OFL *  1
1801 OFL *  1
1802 CHN 0 203993995835 815975983340
1803 CHN 0 204080302727 816321210908
1804 CHN 0 204155197644 816620790576
1805 OFL *  1
1806 CHN 0 204356298649 817425194596
1807 OFL *  1
1808 CHN 0 204567031364 818268125456
1809 OFL *  1
1810 OFL *  1
1811 CHN 0 204905048883 819620195532
1812 OFL *  1
1813 CHN 0 205042979343 820171917372
1814 CHN 0 205159316663 820637266652
1815 CHN 0 205161930310 820647721240
1816 OFL *  1
1817 CHN 0 205370507520 821482030080
1818 CHN 0 205382798734 821531194936
1819 OFL *  1
1820 CHN 0 205603040889 822412163556
1821 OFL *  1
1822 CHN 0 205651456968 822605827872
1823 OFL *  1
1824 CHN 0 206053033335 824212133340
1825 OFL *  1
1826 CHN 0 206074526471 824298105884
1827 CHN 0 206095433621 824381734484
1828 OFL *  1
1829 OFL *  1
1830 CHN 0 206633954461 826535817844
1831 CHN 0 206687992605 826751970420
1832 OFL *  1
1833 CHN 0 206847833348 827391333392
1834 OFL *  1
1835 CHN 0 206987861177 827951444708
1836 OFL *  1
1837 CHN 0 207266508717 829066034868
1838 OFL *  1
1839 CHN 0 207431289767 829725159068
1840 CHN 0 207512021657 830048086628
1841 OFL *  1
1842 OFL *  1
1843 CHN 0 207787475314 831149901256
1844 OFL *  1
1845 CHN 0 207961780861 831847123444
1846 CHN 0 208001470459 832005881836
1847 OFL *  1
1848 OFL *  1
1849 CHN 0 208496905073 833987620292
1850 OFL *  1
1851 CHN 0 208652426094 834609704376
1852 OFL *  1
1853 OFL *  1
1854 OFL *  1
1855 CHN 0 209258125843 837032503372
1856 CHN 0 209407460215 837629840860
1857 CHN 0 209427497536 837709990144
1858 OFL *  1
1859 OFL *  1
1860 CHN 0 209789664071 839158656284
1861 CHN 0 209817148750 839268595000
1862 OFL *  1
1863 OFL *  1
1864 CHN 0 210147216406 840588865624
1865 OFL *  1
1866 CHN 0 210331235772 841324943088
1867 OFL *  1
1868 CHN 0 210578894616 842315578464
1869 OFL *  1
1870 CHN 0 210741225078 842964900312
1871 CHN 0 210792636485 843170545940
1872 CHN 0 210856340951 843425363804
1873 CHN 0 210901722844 843606891376
1874 OFL *  1
1875 CHN 0 210917168361 843668673444
1876 CHN 0 211001343013 844005372052
1877 CHN 0 211052899264 844211597056
1878 CHN 0 211074391860 844297567440
1879 OFL *  1
1880 CHN 0 211266049080 845064196320
1881 OFL *  1
1882 OFL *  1
1883 CHN 0 211599569339 846398277356
1884 OFL *  1
1885 CHN 0 211885302004 847541208016
1886 OFL *  1
1887 CHN 0 212103486020 848413944080
1888 CHN 0 212107864970 848431459880
1889 CHN 0 212159452663 848637810652
1890 OFL *  1
1891 CHN 0 212306642088 849226568352
1892 OFL *  1
1893 CHN 0 212412040575 849648162300
1894 CHN 0 212437327399 849749309596
1895 OFL *  1
1896 OFL *  1
1897 OFL *  1
1898 OFL *  1
1899 OFL *  1
1900 OFL *  1
1901 OFL *  1
1902 OFL *  1
1903 CHN 0 214120359771 856481439084
1904 OFL *  1
1905 OFL *  1
1906 OFL *  1
1907 OFL *  1
1908 CHN 0 214929141818 859716567272
1909 CHN 0 215027306481 860109225924
1910 OFL *  1
1911 OFL *  1
1912 CHN 0 215359895098 861439580392
1913 OFL *  1
1914 CHN 0 215644595948 862578383792
1915 OFL *  1
1916 CHN 0 215947008118 863788032472
1917 OFL *  1
1918 OFL *  1
1919 OFL *  1
1920 CHN 0 216549100406 866196401624
1921 OFL *  1
1922 OFL *  1
1923 OFL *  1
1924 OFL *  1
1925 OFL *  1
1926 CHN 0 217479623771 869918495084
1927 OFL *  1
1928 OFL *  1
1929 OFL *  1
1930 CHN 0 218083255776 872333023104
1931 CHN 0 218136388240 872545552960
1932 CHN 0 218194648712 872778594848
1933 OFL *  1
1934 CHN 0 218413327684 873653310736
1935 OFL *  1
1936 CHN 0 218508233161 874032932644
1937 CHN 0 218661329451 874645317804
1938 OFL *  1
1939 CHN 0 218907202678 875628810712
1940 OFL *  1
1941 CHN 0 219013752086 876055008344
1942 OFL *  1
1943 CHN 0 219195015871 876780063484
1944 CHN 0 219333220570 877332882280
1945 OFL *  1
1946 CHN 0 219455506374 877822025496
1947 OFL *  1
1948 CHN 0 219561457939 878245831756
1949 CHN 0 219589030169 878356120676
1950 CHN 0 219682174024 878728696096
1951 CHN 0 219704507723 878818030892
1952 OFL *  1
1953 CHN 0 219801178775 879204715100
1954 CHN 0 219962658712 879850634848
1955 OFL *  1
1956 CHN 0 220024596435 880098385740
1957 OFL *  1
1958 OFL *  1
1959 CHN 0 220473495094 881893980376
1960 OFL *  1
1961 CHN 0 220635956263 882543825052
1962 OFL *  1
1963 CHN 0 220972682574 883890730296
1964 OFL *  1
1965 CHN 0 221164281358 884657125432
1966 OFL *  1
1967 OFL *  1
1968 CHN 0 221545915065 886183660260
1969 OFL *  1
1970 CHN 0 221760703009 887042812036
1971 OFL *  1
1972 CHN 0 222024362044 888097448176
1973 CHN 0 222074966505 888299866020
1974 OFL *  1
1975 CHN 0 222228988053 888915952212
1976 CHN 0 222238920949 888955683796
1977 OFL *  1
1978 OFL *  1
1979 CHN 0 222652400148 890609600592
1980 OFL *  1
1981 CHN 0 222839363566 891357454264
1982 CHN 0 222904835349 891619341396
1983 OFL *  1
1984 CHN 0 222956028912 891824115648
1985 CHN 0 222958034994 891832139976
1986 CHN 0 223045217737 892180870948
1987 OFL *  1
1988 OFL *  1
1989 CHN 0 223476066457 893904265828
1990 OFL *  1
1991 CHN 0 223598251272 894393005088
1992 CHN 0 223700182053 894800728212
1993 OFL *  1
1994 CHN 0 223775086209 895100344836
1995 CHN 0 223963906686 895855626744
1996 OFL *  1
1997 OFL *  1
1998 OFL *  1
1999 CHN 0 224524744456 898098977824
2000 CHN 0 224537265854 898149063416
2001 OFL *  1
2002 OFL *  1
2003 CHN 0 224842017310 899368069240
2004 OFL *  1
2005 CHN 0 225061611080 900246444320
2006 CHN 0 225222201207 900888804828
2007 OFL *  1
2008 CHN 0 225373217118 901492868472
2009 CHN 0 225397502201 901590008804
2010 CHN 0 225425117410 901700469640
2011 OFL *  1
2012 CHN 0 225619711817 902478847268
2013 OFL *  1
2014 CHN 0 225674474138 902697896552
2015 CHN 0 225755812722 903023250888
2016 CHN 0 225785778680 903143114720
2017 OFL *  1
2018 CHN 0 225904239208 903616956832
2019 OFL *  1
2020 CHN 0 226137261105 904549044420
2021 OFL *  1
2022 OFL *  1
2023 CHN 0 226599200628 906396802512
2024 OFL *  1
2025 OFL *  1
2026 CHN 0 227071987609 908287950436
2027 OFL *  1
2028 CHN 0 227243621564 908974486256
2029 OFL *  1
2030 CHN 0 227414400741 909657602964
2031 OFL *  1
2032 CHN 0 227695949052 910783796208
2033 OFL *  1
2034 CHN 0 227918927226 911675708904
2035 CHN 0 227947896664 911791586656
2036 OFL *  1
2037 OFL *  1
2038 CHN 0 228395516315 913582065260
2039 OFL *  1
2040 CHN 0 228411374386 913645497544
2041 OFL *  1
2042 CHN 0 228631582520 914526330080
2043 CHN 0 228669593113 914678372452
2044 CHN 0 228787220025 915148880100
2045 OFL *  1
2046 CHN 0 229020190464 916080761856
2047 OFL *  1
2048 OFL *  1
2049 OFL *  1
2050 CHN 0 229470600898 917882403592
2051 OFL *  1
2052 CHN 0 229752881469 919011525876
2053 OFL *  1
2054 OFL *  1
2055 CHN 0 230097129848 920388519392
2056 CHN 0 230276867032 921107468128
2057 OFL *  1
2058 CHN 0 230346541983 921386167932
2059 OFL *  1
2060 OFL *  1
2061 OFL *  1
2062 OFL *  1
2063 OFL *  1
2064 CHN 0 231482281121 925929124484
2065 OFL *  1
2066 OFL *  1
2067 CHN 0 231802253648 927209014592
2068 OFL *  1
2069 CHN 0 232069581882 928278327528
2070 OFL *  1
2071 CHN 0 232398332110 929593328440
2072 OFL *  1
2073 CHN 0 232470311023 929881244092
2074 OFL *  1
2075 CHN 0 232803144094 931212576376
2076 OFL *  1
2077 OFL *  1
2078 CHN 0 233230081043 932920324172
2079 OFL *  1
2080 CHN 0 233305155533 933220622132
2081 CHN 0 233339063366 933356253464
2082 CHN 0 233348365827 933393463308
2083 OFL *  1
2084 CHN 0 233471082989 933884331956
2085 CHN 0 233496248045 933984992180
2086 OFL *  1
2087 CHN 0 233705861053 934823444212
2088 CHN 0 233854855606 935419422424
2089 CHN 0 233870225703 935480902812
2090 OFL *  1
2091 CHN 0 234054279698 936217118792
2092 CHN 0 234073943855 936295775420
2093 OFL *  1
2094 CHN 0 234099214396 936396857584
2095 OFL *  1
2096 CHN 0 234395726443 937582905772
2097 CHN 0 234418646442 937674585768
2098 OFL *  1
2099 CHN 0 234547814318 938191257272
2100 CHN 0 234589912816 938359651264
2101 OFL *  1
2102 CHN 0 234842973734 939371894936
2103 OFL *  1
2104 CHN 0 235000146376 940000585504
2105 OFL *  1
2106 CHN 0 235312439899 941249759596
2107 OFL *  1
2108 CHN 0 235474510182 941898040728
2109 OFL *  1
2110 CHN 0 235580348112 942321392448
2111 OFL *  1
2112 CHN 0 235967129523 943868518092
2113 OFL *  1
2114 CHN 0 236055223178 944220892712
2115 CHN 0 236182723965 944730895860
2116 OFL *  1
2117 OFL *  1
2118 OFL *  1
2119 OFL *  1
2120 CHN 0 236841630687 947366522748
2121 CHN 0 236919871382 947679485528
2122 OFL *  1
2123 CHN 0 237184980728 948739922912
2124 CHN 0 237204139916 948816559664
2125 OFL *  1
2126 OFL *  1
2127 OFL *  1
2128 CHN 0 237863696988 951454787952
2129 OFL *  1
2130 CHN 0 237894811570 951579246280
2131 CHN 0 237989147641 951956590564
2132 OFL *  1
2133 OFL *  1
2134 CHN 0 238403760547 953615042188
2135 OFL *  1
2136 CHN 0 238675415462 954701661848
2137 CHN 0 238715680900 954862723600
2138 OFL *  1
2139 CHN 0 238896851714 955587406856
2140 OFL *  1
2141 CHN 0 239113500341 956454001364
2142 OFL *  1
2143 OFL *  1
2144 CHN 0 239512722555 958050890220
2145 OFL *  1
2146 CHN 0 239667897339 958671589356
2147 OFL *  1
2148 CHN 0 239946599177 959786396708
2149 OFL *  1
2150 CHN 0 240018796154 960075184616
2151 CHN 0 240054309812 960217239248
2152 OFL *  1
2153 CHN 0 240218053516 960872214064
2154 CHN 0 240238586319 960954345276
2155 CHN 0 240252542150 961010168600
2156 OFL *  1
2157 OFL *  1
2158 OFL *  1
2159 CHN 0 240858312901 963433251604
2160 CHN 0 241026164165 964104656660
2161 CHN 0 241030406735 964121626940
2162 OFL *  1
2163 OFL *  1
2164 OFL *  1
2165 OFL *  1
2166 OFL *  1
2167 CHN 0 241997458148 967989832592
2168 CHN 0 242056469688 968225878752
2169 OFL *  1
2170 CHN 0 242288160410 969152641640
2171 CHN 0 242289169843 969156679372
2172 OFL *  1
2173 CHN 0 242439062460 969756249840
2174 CHN 0 242479713929 969918855716
2175 OFL *  1
2176 OFL *  1
2177 OFL *  1
2178 CHN 0 242997073605 971988294420
2179 CHN 0 243000025555 972000102220
2180 CHN 0 243140131920 972560527680
2181 OFL *  1
2182 OFL *  1
2183 OFL *  1
2184 OFL *  1
2185 CHN 0 243879545779 975518183116
2186 CHN 0 243923946077 975695784308
2187 OFL *  1
2188 CHN 0 244133959214 976535836856
2189 OFL *  1
2190 CHN 0 244284880180 977139520720
2191 OFL *  1
2192 OFL *  1
2193 CHN 0 244632189730 978528758920
2194 CHN 0 244735793317 978943173268
2195 OFL *  1
2196 OFL *  1
2197 OFL *  1
2198 CHN 0 245258026602 981032106408
2199 CHN 0 245342367238 981369468952
2200 CHN 0 245458002390 981832009560
2201 OFL *  1
2202 OFL *  1
2203 OFL *  1
2204 OFL *  1
2205 OFL *  1
2206 CHN 0 246499987199 985999948796
2207 OFL *  1
2208 OFL *  1
2209 CHN 0 246735395447 986941581788
2210 CHN 0 246904909415 987619637660
2211 OFL *  1
2212 CHN 0 247078162983 988312651932
2213 OFL *  1
2214 CHN 0 247174377571 988697510284
2215 OFL *  1
2216 CHN 0 247408923007 989635692028
2217 OFL *  1
2218 CHN 0 247571889180 990287556720
2219 CHN 0 247640486004 990561944016
2220 OFL *  1
2221 CHN 0 247955998877 991823995508
2222 OFL *  1
2223 CHN 0 248178201660 992712806640
2224 OFL *  1
2225 OFL *  1
2226 OFL *  1
2227 CHN 0 248758942022 995035768088
2228 OFL *  1
2229 OFL *  1
2230 CHN 0 249124663390 996498653560
2231 CHN 0 249144903565 996579614260
2232 CHN 0 249192828261 996771313044
2233 OFL *  1
2234 OFL *  1
2235 CHN 0 249664738477 998658953908
2236 OFL *  1
2237 CHN 0 249761427400 999045709600
2238 OFL *  1
2239 CHN 0 249936802898 999747211592
2240 CHN 0 249968292482 999873169928
2241 OFL *  1
2242 OFL *  1
2243 OFL *  1
2244 OFL *  1
2245 OFL *  1
2246 CHN 0 250995752475 1003983009900
2247 OFL *  1
2248 CHN 0 251241061924 1004964247696
2249 CHN 0 251250109227 1005000436908
2250 CHN 0 251307551325 1005230205300
2251 OFL *  1
2252 CHN 0 251463668316 1005854673264
2253 OFL *  1
2254 CHN 0 251657774121 1006631096484
2255 CHN 0 251775815498 1007103261992
2256 OFL *  1
2257 CHN 0 251866498165 1007465992660
2258 OFL *  1
2259 CHN 0 252184364446 1008737457784
2260 OFL *  1
2261 OFL *  1
2262 CHN 0 252534080844 1010136323376
2263 CHN 0 252596741022 1010386964088
2264 OFL *  1
2265 CHN 0 252821871970 1011287487880
2266 OFL *  1
2267 OFL *  1
2268 CHN 0 253212195723 1012848782892
2269 OFL *  1
2270 OFL *  1
2271 OFL *  1
2272 CHN 0 253699559219 1014798236876
2273 CHN 0 253725877574 1014903510296
2274 OFL *  1
2275 CHN 0 254008289676 1016033158704
2276 CHN 0 254036619790 1016146479160
2277 OFL *  1
2278 OFL *  1
2279 CHN 0 254495850861 1017983403444
2280 OFL *  1
2281 CHN 0 254627740776 1018510963104
2282 OFL *  1
2283 CHN 0 254891620656 1019566482624
2284 OFL *  1
2285 CHN 0 254955595695 1019822382780
2286 CHN 0 255018702331 1020074809324
2287 OFL *  1
2288 CHN 0 255179055161 1020716220644
2289 CHN 0 255362527717 1021450110868
2290 OFL *  1
2291 CHN 0 255425292859 1021701171436
2292 CHN 0 255494998405 1021979993620
2293 OFL *  1
2294 CHN 0 255672821917 1022691287668
2295 CHN 0 255698958311 1022795833244
2296 OFL *  1
2297 CHN 0 255975671734 1023902686936
2298 OFL *  1
2299 CHN 0 256019798826 1024079195304
2300 CHN 0 256034288367 1024137153468
2301 CHN 0 256068397141 1024273588564
2302 OFL *  1
2303 CHN 0 256261380831 1025045523324
2304 CHN 0 256406262985 1025625051940
2305 OFL *  1
2306 CHN 0 256420472857 1025681891428
2307 CHN 0 256589009176 1026356036704
2308 CHN 0 256629867400 1026519469600
2309 OFL *  1
2310 OFL *  1
2311 CHN 0 256903415271 1027613661084
2312 OFL *  1
2313 CHN 0 257181061325 1028724245300
2314 CHN 0 257248550495 1028994201980
2315 OFL *  1
2316 CHN 0 257314130573 1029256522292
2317 OFL *  1
2318 CHN 0 257499614663 1029998458652
2319 CHN 0 257611014425 1030444057700
2320 OFL *  1
2321 OFL *  1
2322 CHN 0 257906531625 1031626126500
2323 CHN 0 257910602747 1031642410988
2324 CHN 0 257991814939 1031967259756
2325 OFL *  1
2326 OFL *  1
2327 CHN 0 258319774978 1033279099912
2328 OFL *  1
2329 CHN 0 258539106611 1034156426444
2330 CHN 0 258635733256 1034542933024
2331 OFL *  1
2332 OFL *  1
2333 CHN 0 259077015202 1036308060808
2334 CHN 0 259155481650 1036621926600
2335 CHN 0 259156863272 1036627453088
2336 OFL *  1
2337 OFL *  1
2338 OFL *  1
2339 CHN 0 259760650702 1039042602808
2340 OFL *  1
2341 CHN 0 259821448709 1039285794836
2342 OFL *  1
2343 OFL *  1
2344 CHN 0 260303558414 1041214233656
2345 CHN 0 260363412802 1041453651208
2346 CHN 0 260377298191 1041509192764
2347 OFL *  1
2348 OFL *  1
2349 CHN 0 260838759627 1043355038508
2350 OFL *  1
2351 CHN 0 260875494366 1043501977464
2352 CHN 0 260910677104 1043642708416
2353 OFL *  1
2354 CHN 0 261081353156 1044325412624
2355 OFL *  1
2356 OFL *  1
2357 CHN 0 261650279307 1046601117228
2358 CHN 0 261657794854 1046631179416
2359 OFL *  1
2360 CHN 0 261736045188 1046944180752
2361 CHN 0 261865438509 1047461754036
2362 OFL *  1
2363 CHN 0 261930500742 1047722002968
2364 OFL *  1
2365 OFL *  1
2366 OFL *  1
2367 OFL *  1
2368 CHN 0 262798167838 1051192671352
2369 CHN 0 262919431711 1051677726844
2370 OFL *  1
2371 CHN 0 262955674401 1051822697604
2372 OFL *  1
2373 CHN 0 263222016659 1052888066636
2374 OFL *  1
2375 CHN 0 263487498611 1053949994444
2376 CHN 0 263511927646 1054047710584
2377 CHN 0 263554083586 1054216334344
2378 OFL *  1
2379 CHN 0 263746719684 1054986878736
2380 CHN 0 263756345896 1055025383584
2381 CHN 0 263765249005 1055060996020
2382 CHN 0 263780565910 1055122263640
2383 OFL *  1
2384 CHN 0 263992202055 1055968808220
2385 OFL *  1
2386 CHN 0 264103711448 1056414845792
2387 OFL *  1
2388 OFL *  1
2389 CHN 0 264492872889 1057971491556
2390 CHN 0 264502351988 1058009407952
2391 OFL *  1
2392 OFL *  1
2393 CHN 0 264878271253 1059513085012
2394 CHN 0 264881046849 1059524187396
2395 CHN 0 264882964296 1059531857184
2396 OFL *  1
2397 OFL *  1
2398 CHN 0 265289356165 1061157424660
2399 CHN 0 265398598081 1061594392324
2400 OFL *  1
2401 OFL *  1
2402 CHN 0 265692489792 1062769959168
2403 OFL *  1
2404 CHN 0 266095964874 1064383859496
2405 OFL *  1
2406 CHN 0 266264904256 1065059617024
2407 CHN 0 266307206693 1065228826772
2408 OFL *  1
2409 CHN 0 266350261106 1065401044424
2410 OFL *  1
2411 CHN 0 266609064097 1066436256388
2412 OFL *  1
2413 CHN 0 266793836118 1067175344472
2414 OFL *  1
2415 CHN 0 267148370630 1068593482520
2416 OFL *  1
2417 OFL *  1
2418 OFL *  1
2419 OFL *  1
2420 OFL *  1
2421 CHN 0 268100575602 1072402302408
2422 CHN 0 268134628663 1072538514652
2423 CHN 0 268158326527 1072633306108
2424 OFL *  1
2425 OFL *  1
2426 CHN 0 268587091638 1074348366552
2427 OFL *  1
2428 OFL *  1
2429 CHN 0 269030794334 1076123177336
2430 OFL *  1
2431 OFL *  1
2432 CHN 0 269380906682 1077523626728
2433 OFL *  1
2434 OFL *  1
2435 CHN 0 269823132922 1079292531688
2436 CHN 0 269853509408 1079414037632
2437 OFL *  1
2438 CHN 0 270046824792 1080187299168
2439 CHN 0 270066213641 1080264854564
2440 OFL *  1
2441 CHN 0 270130225160 1080520900640
2442 CHN 0 270150007076 1080600028304
2443 CHN 0 270222847584 1080891390336
2444 OFL *  1
2445 CHN 0 270373630144 1081494520576
2446 CHN 0 270413994650 1081655978600
2447 CHN 0 270452150249 1081808600996
2448 OFL *  1
2449 CHN 0 270597300926 1082389203704
2450 CHN 0 270679549248 1082718196992
2451 CHN 0 270730712553 1082922850212
2452 OFL *  1
2453 CHN 0 270795349296 1083181397184
2454 OFL *  1
2455 CHN 0 270976697668 1083906790672
2456 OFL *  1
2457 CHN 0 271287609212 1085150436848
2458 OFL *  1
2459 CHN 0 271559727871 1086238911484
2460 CHN 0 271571133547 1086284534188
2461 OFL *  1
2462 CHN 0 271666684813 1086666739252
2463 CHN 0 271668497313 1086673989252
2464 CHN 0 271683770074 1086735080296
2465 OFL *  1
2466 CHN 0 271817560298 1087270241192
2467 CHN 0 271970049678 1087880198712
2468 OFL *  1
2469 OFL *  1
2470 CHN 0 272268943547 1089075774188
2471 CHN 0 272375313089 1089501252356
2472 OFL *  1
2473 CHN 0 272623175769 1090492703076
2474 OFL *  1
2475 CHN 0 272731482324 1090925929296
2476 OFL *  1
2477 CHN 0 273020002293 1092080009172
2478 OFL *  1
2479 OFL *  1
2480 OFL *  1
2481 OFL *  1
2482 CHN 0 273813801776 1095255207104
2483 CHN 0 273827940744 1095311762976
2484 CHN 0 273886938977 1095547755908
2485 OFL *  1
2486 OFL *  1
2487 CHN 0 274169241895 1096676967580
2488 CHN 0 274224215413 1096896861652
2489 OFL *  1
2490 OFL *  1
2491 CHN 0 274705877906 1098823511624
2492 OFL *  1
2493 CHN 0 274808012660 1099232050640
2494 OFL *  1
2495 CHN 0 274985672688 1099942690752
2496 CHN 0 275020128005 1100080512020
2497 OFL *  1
2498 CHN 0 275331653365 1101326613460
2499 OFL *  1
2500 OFL *  1
2501 CHN 0 275633291504 1102533166016
2502 CHN 0 275712443640 1102849774560
2503 OFL *  1
2504 OFL *  1
2505 OFL *  1
2506 OFL *  1
2507 CHN 0 276634743592 1106538974368
2508 OFL *  1
2509 OFL *  1
2510 CHN 0 276943583185 1107774332740
2511 CHN 0 276946408627 1107785634508
2512 CHN 0 276981569923 1107926279692
2513 OFL *  1
2514 OFL *  1
2515 OFL *  1
2516 CHN 0 277537163062 1110148652248
2517 OFL *  1
2518 CHN 0 277702889661 1110811558644
2519 CHN 0 277726537206 1110906148824
2520 OFL *  1
2521 CHN 0 278079107958 1112316431832
2522 OFL *  1
2523 OFL *  1
2524 CHN 0 278346215758 1113384863032
2525 OFL *  1
2526 CHN 0 278665664817 1114662659268
2527 OFL *  1
2528 OFL *  1
2529 OFL *  1
2530 CHN 0 279304132813 1117216531252
2531 OFL *  1
2532 OFL *  1
2533 CHN 0 279716657828 1118866631312
2534 CHN 0 279718811059 1118875244236
2535 OFL *  1
2536 OFL *  1
2537 CHN 0 280202756175 1120811024700
2538 OFL *  1
2539 OFL *  1
2540 OFL *  1
2541 OFL *  1
2542 CHN 0 280972250877 1123889003508
2543 OFL *  1
2544 OFL *  1
2545 OFL *  1
2546 OFL *  1
2547 CHN 0 281776573271 1127106293084
2548 OFL *  1
2549 CHN 0 281965774857 1127863099428
2550 CHN 0 282001552927 1128006211708
2551 OFL *  1
2552 OFL *  1
2553 CHN 0 282466430049 1129865720196
2554 CHN 0 282466974655 1129867898620
2555 OFL *  1
2556 CHN 0 282572508847 1130290035388
2557 OFL *  1
2558 CHN 0 282883771469 1131535085876
2559 CHN 0 282961984627 1131847938508
2560 OFL *  1
2561 OFL *  1
2562 OFL *  1
2563 OFL *  1
2564 OFL *  1
2565 OFL *  1
2566 OFL *  1
2567 OFL *  1
2568 OFL *  1
2569 CHN 0 284693677437 1138774709748
2570 OFL *  1
2571 CHN 0 284937725326 1139750901304
2572 OFL *  1
2573 CHN 0 285121583840 1140486335360
2574 OFL *  1
2575 OFL *  1
2576 OFL *  1
2577 OFL *  1
2578 OFL *  1
2579 CHN 0 286327622417 1145310489668
2580 OFL *  1
2581 OFL *  1
2582 OFL *  1
2583 OFL *  1
2584 CHN 0 287180232663 1148720930652
2585 OFL *  1
2586 CHN 0 287301262604 1149205050416
2587 OFL *  1
2588 CHN 0 287501707159 1150006828636
2589 OFL *  1
2590 CHN 0 287775715922 1151102863688
2591 CHN 0 287803672536 1151214690144
2592 OFL *  1
2593 OFL *  1
2594 CHN 0 288103799905 1152415199620
2595 CHN 0 288200469238 1152801876952
2596 OFL *  1
2597 CHN 0 288249582850 1152998331400
2598 CHN 0 288287291329 1153149165316
2599 CHN 0 288387983070 1153551932280
2600 OFL *  1
2601 CHN 0 288549104443 1154196417772
2602 OFL *  1
2603 OFL *  1
2604 CHN 0 288948640390 1155794561560
2605 CHN 0 289055071529 1156220286116
2606 OFL *  1
2607 CHN 0 289194674002 1156778696008
2608 CHN 0 289219864743 1156879458972
2609 OFL *  1
2610 OFL *  1
2611 OFL *  1
2612 OFL *  1
2613 CHN 0 289921247286 1159684989144
2614 CHN 0 289960952197 1159843808788
2615 CHN 0 289987837754 1159951351016
2616 CHN 0 290115793846 1160463175384
2617 OFL *  1
2618 CHN 0 290207909501 1160831638004
2619 OFL *  1
2620 CHN 0 290362596351 1161450385404
2621 OFL *  1
2622 OFL *  1
2623 CHN 0 290872118712 1163488474848
2624 OFL *  1
2625 OFL *  1
2626 OFL *  1
2627 OFL *  1
2628 CHN 0 291672566825 1166690267300
2629 OFL *  1
2630 CHN 0 291882338931 1167529355724
2631 CHN 0 291943631233 1167774524932
2632 OFL *  1
2633 OFL *  1
2634 OFL *  1
2635 CHN 0 292477635091 1169910540364
2636 OFL *  1
2637 CHN 0 292863720004 1171454880016
2638 OFL *  1
2639 CHN 0 292994707664 1171978830656
2640 CHN 0 293067008761 1172268035044
2641 OFL *  1
2642 OFL *  1
2643 OFL *  1
2644 OFL *  1
2645 OFL *  1
2646 CHN 0 293926276573 1175705106292
2647 OFL *  1
2648 CHN 0 294333422756 1177333691024
2649 OFL *  1
2650 OFL *  1
2651 OFL *  1
2652 OFL *  1
2653 CHN 0 295052875007 1180211500028
2654 OFL *  1
2655 OFL *  1
2656 OFL *  1
2657 OFL *  1
2658 OFL *  1
2659 CHN 0 296066985574 1184267942296
2660 OFL *  1
2661 CHN 0 296410312407 1185641249628
2662 OFL *  1
2663 CHN 0 296519826248 1186079304992
2664 OFL *  1
2665 OFL *  1
2666 CHN 0 297051267107 1188205068428
2667 OFL *  1
2668 CHN 0 297149204084 1188596816336
2669 CHN 0 297160761903 1188643047612
2670 OFL *  1
2671 OFL *  1
2672 CHN 0 297635347215 1190541388860
2673 CHN 0 297654129280 1190616517120
2674 OFL *  1
2675 OFL *  1
2676 CHN 0 298030710035 1192122840140
2677 CHN 0 298077478456 1192309913824
2678 OFL *  1
2679 OFL *  1
2680 CHN 0 298399655019 1193598620076
2681 OFL *  1
2682 CHN 0 298670019649 1194680078596
2683 OFL *  1
2684 CHN 0 298915557898 1195662231592
2685 OFL *  1
2686 CHN 0 299061135167 1196244540668
2687 OFL *  1
2688 OFL *  1
2689 OFL *  1
2690 CHN 0 299682895311 1198731581244
2691 CHN 0 299767916880 1199071667520
2692 OFL *  1
2693 OFL *  1
2694 CHN 0 300038231348 1200152925392
2695 CHN 0 300091631283 1200366525132
2696 OFL *  1
2697 CHN 0 300345491580 1201381966320
2698 OFL *  1
2699 OFL *  1
2700 OFL *  1
2701 CHN 0 301087381924 1204349527696
2702 OFL *  1
2703 OFL *  1
2704 OFL *  1
2705 CHN 0 301603841872 1206415367488
2706 OFL *  1
2707 OFL *  1
2708 OFL *  1
2709 CHN 0 302193080417 1208772321668
2710 CHN 0 302302878604 1209211514416
2711 OFL *  1
2712 OFL *  1
2713 CHN 0 302592685702 1210370742808
2714 OFL *  1
2715 CHN 0 302856855274 1211427421096
2716 OFL *  1
2717 CHN 0 303030236249 1212120944996
2718 CHN 0 303049101271 1212196405084
2719 CHN 0 303113981530 1212455926120
2720 OFL *  1
2721 OFL *  1
2722 CHN 0 303563347458 1214253389832
2723 CHN 0 303613523749 1214454094996
2724 OFL *  1
2725 CHN 0 303690269942 1214761079768
2726 OFL *  1
2727 OFL *  1
2728 CHN 0 304038660602 1216154642408
2729 OFL *  1
2730 CHN 0 304403662311 1217614649244
2731 OFL *  1
2732 OFL *  1
2733 OFL *  1
2734 CHN 0 304914827647 1219659310588
2735 CHN 0 304947035564 1219788142256
2736 OFL *  1
2737 CHN 0 305181338328 1220725353312
2738 OFL *  1
2739 OFL *  1
2740 CHN 0 305552168027 1222208672108
2741 CHN 0 305700253900 1222801015600
2742 OFL *  1
2743 CHN 0 305849664419 1223398657676
2744 CHN 0 305865470242 1223461880968
2745 OFL *  1
2746 CHN 0 305989330780 1223957323120
2747 OFL *  1
2748 CHN 0 306295875610 1225183502440
2749 CHN 0 306334811420 1225339245680
2750 OFL *  1
2751 CHN 0 306483794509 1225935178036
2752 OFL *  1
2753 CHN 0 306705460508 1226821842032
2754 OFL *  1
2755 CHN 0 306834418733 1227337674932
2756 CHN 0 306971639211 1227886556844
2757 OFL *  1
2758 OFL *  1
2759 CHN 0 307342582588 1229370330352
2760 CHN 0 307406007312 1229624029248
2761 OFL *  1
2762 CHN 0 307580958904 1230323835616
2763 OFL *  1
2764 OFL *  1
2765 CHN 0 308032811375 1232131245500
2766 OFL *  1
2767 CHN 0 308098704159 1232394816636
2768 OFL *  1
2769 CHN 0 308286375680 1233145502720
2770 OFL *  1
2771 CHN 0 308500209984 1234000839936
2772 CHN 0 308558021045 1234232084180
2773 OFL *  1
2774 CHN 0 308733202497 1234932809988
2775 OFL *  1
2776 CHN 0 308892336902 1235569347608
2777 OFL *  1
2778 OFL *  1
2779 CHN 0 309383374631 1237533498524
2780 CHN 0 309478563365 1237914253460
2781 OFL *  1
2782 CHN 0 309651107981 1238604431924
2783 OFL *  1
2784 CHN 0 309838512109 1239354048436
2785 CHN 0 309869924150 1239479696600
2786 OFL *  1
2787 OFL *  1
2788 CHN 0 310180187765 1240720751060
2789 OFL *  1
2790 CHN 0 310443717984 1241774871936
2791 OFL *  1
2792 OFL *  1
2793 OFL *  1
2794 OFL *  1
2795 CHN 0 311408489059 1245633956236
2796 OFL *  1
2797 CHN 0 311591759487 1246367037948
2798 OFL *  1
2799 OFL *  1
2800 CHN 0 311913241757 1247652967028
2801 CHN 0 311922209587 1247688838348
2802 OFL *  1
2803 CHN 0 312085178453 1248340713812
2804 OFL *  1
2805 CHN 0 312289381664 1249157526656
2806 OFL *  1
2807 CHN 0 312587437677 1250349750708
2808 OFL *  1
2809 OFL *  1
2810 OFL *  1
2811 OFL *  1
2812 OFL *  1
2813 CHN 0 313593764562 1254375058248
2814 OFL *  1
2815 CHN 0 313738296061 1254953184244
2816 OFL *  1
2817 OFL *  1
2818 OFL *  1
2819 OFL *  1
2820 OFL *  1
2821 CHN 0 314834721896 1259338887584
2822 OFL *  1
2823 CHN 0 315045343513 1260181374052
2824 OFL *  1
2825 OFL *  1
2826 OFL *  1
2827 CHN 0 315716139504 1262864558016
2828 OFL *  1
2829 OFL *  1
2830 CHN 0 316158320044 1264633280176
2831 OFL *  1
2832 OFL *  1
2833 CHN 0 316493826093 1265975304372
2834 CHN 0 316635218151 1266540872604
2835 OFL *  1
2836 CHN 0 316703485880 1266813943520
2837 OFL *  1
2838 OFL *  1
2839 OFL *  1
2840 CHN 0 317422198724 1269688794896
2841 CHN 0 317446690437 1269786761748
2842 OFL *  1
2843 CHN 0 317634117885 1270536471540
2844 OFL *  1
2845 OFL *  1
2846 OFL *  1
2847 OFL *  1
2848 CHN 0 318523117805 1274092471220
2849 CHN 0 318560260405 1274241041620
2850 OFL *  1
2851 OFL *  1
2852 OFL *  1
2853 OFL *  1
2854 OFL *  1
2855 CHN 0 319421446003 1277685784012
2856 OFL *  1
2857 OFL *  1
2858 OFL *  1
2859 OFL *  1
2860 OFL *  1
2861 OFL *  1
2862 CHN 0 320806663753 1283226655012
2863 OFL *  1
2864 CHN 0 321043360358 1284173441432
2865 OFL *  1
2866 OFL *  1
2867 OFL *  1
2868 CHN 0 321568948589 1286275794356
2869 OFL *  1
2870 OFL *  1
2871 CHN 0 322065121733 1288260486932
2872 OFL *  1
2873 CHN 0 322344579498 1289378317992
2874 OFL *  1
2875 CHN 0 322530222756 1290120891024
2876 CHN 0 322577378165 1290309512660
2877 OFL *  1
2878 OFL *  1
2879 CHN 0 322818765914 1291275063656
2880 CHN 0 322861207690 1291444830760
2881 OFL *  1
2882 OFL *  1
2883 OFL *  1
2884 CHN 0 323499472672 1293997890688
2885 CHN 0 323507319364 1294029277456
2886 CHN 0 323631383911 1294525535644
2887 OFL *  1
2888 CHN 0 323723982550 1294895930200
2889 OFL *  1
2890 OFL *  1
2891 CHN 0 324112600853 1296450403412
2892 OFL *  1
2893 CHN 0 324307283454 1297229133816
2894 CHN 0 324465407057 1297861628228
2895 OFL *  1
2896 OFL *  1
2897 OFL *  1
2898 OFL *  1
2899 OFL *  1
2900 OFL *  1
2901 CHN 0 325546892599 1302187570396
2902 CHN 0 325572913678 1302291654712
2903 CHN 0 325666485070 1302665940280
2904 OFL *  1
2905 CHN 0 325860403066 1303441612264
2906 OFL *  1
2907 CHN 0 326014700918 1304058803672
2908 CHN 0 326047043189 1304188172756
2909 OFL *  1
2910 OFL *  1
2911 CHN 0 326389937877 1305559751508
2912 OFL *  1
2913 OFL *  1
2914 OFL *  1
2915 CHN 0 327014708492 1308058833968
2916 OFL *  1
2917 CHN 0 327237338643 1308949354572
2918 OFL *  1
2919 CHN 0 327436289821 1309745159284
2920 CHN 0 327600146328 1310400585312
2921 OFL *  1
2922 OFL *  1
2923 CHN 0 327882282833 1311529131332
2924 OFL *  1
2925 CHN 0 328076656770 1312306627080
2926 CHN 0 328087899076 1312351596304
2927 OFL *  1
2928 CHN 0 328397007145 1313588028580
2929 OFL *  1
2930 OFL *  1
2931 CHN 0 328701866442 1314807465768
2932 CHN 0 328711561827 1314846247308
2933 OFL *  1
2934 CHN 0 328916750679 1315667002716
2935 OFL *  1
2936 CHN 0 329177950033 1316711800132
2937 OFL *  1
2938 OFL *  1
2939 OFL *  1
2940 OFL *  1
2941 CHN 0 330083425172 1320333700688
2942 OFL *  1
2943 OFL *  1
2944 OFL *  1
2945 OFL *  1
2946 OFL *  1
2947 OFL *  1
2948 CHN 0 331356453784 1325425815136
2949 OFL *  1
2950 OFL *  1
2951 OFL *  1
2952 OFL *  1
2953 CHN 0 332179603453 1328718413812
2954 OFL *  1
2955 CHN 0 332365473930 1329461895720
2956 OFL *  1
2957 CHN 0 332600721881 1330402887524
2958 OFL *  1
2959 OFL *  1
2960 OFL *  1
2961 OFL *  1
2962 OFL *  1
2963 OFL *  1
2964 OFL *  1
2965 CHN 0 333980732603 1335922930412
2966 OFL *  1
2967 OFL *  1
2968 CHN 0 334461891169 1337847564676
2969 CHN 0 334494758568 1337979034272
2970 OFL *  1
2971 CHN 0 334792156066 1339168624264
2972 OFL *  1
2973 CHN 0 334852491465 1339409965860
2974 OFL *  1
2975 OFL *  1
2976 CHN 0 335429163255 1341716653020
2977 OFL *  1
2978 CHN 0 335580763406 1342323053624
2979 OFL *  1
2980 CHN 0 335687426148 1342749704592
2981 CHN 0 335696697150 1342786788600
2982 OFL *  1
2983 OFL *  1
2984 CHN 0 336113674366 1344454697464
2985 CHN 0 336161319776 1344645279104
2986 OFL *  1
2987 OFL *  1
2988 OFL *  1
2989 CHN 0 336832643103 1347330572412
2990 OFL *  1
2991 CHN 0 337105154647 1348420618588
2992 OFL *  1
2993 CHN 0 337218033485 1348872133940
2994 OFL *  1
2995 OFL *  1
2996 OFL *  1
2997 OFL *  1
2998 CHN 0 338138428965 1352553715860
2999 OFL *  1
3000 OFL *  1
3001 OFL *  1
3002 OFL *  1
3003 CHN 0 338849699575 1355398798300
3004 OFL *  1
3005 OFL *  1
3006 OFL *  1
3007 OFL *  1
3008 CHN 0 339761789087 1359047156348
3009 OFL *  1
3010 CHN 0 340003924283 1360015697132
3011 CHN 0 340027374780 1360109499120
3012 OFL *  1
3013 OFL *  1
3014 OFL *  1
3015 OFL *  1
3016 OFL *  1
3017 OFL *  1
3018 CHN 0 341156533908 1364626135632
3019 CHN 0 341197962634 1364791850536
3020 CHN 0 341240954912 1364963819648
3021 OFL *  1
3022 OFL *  1
3023 OFL *  1
3024 CHN 0 341752974643 1367011898572
3025 CHN 0 341814234500 1367256938000
3026 CHN 0 341928516442 1367714065768
3027 OFL *  1
3028 OFL *  1
3029 CHN 0 342199764983 1368799059932
3030 CHN 0 342218676625 1368874706500
3031 CHN 0 342258315836 1369033263344
3032 OFL *  1
3033 CHN 0 342589226300 1370356905200
3034 OFL *  1
3035 OFL *  1
3036 OFL *  1
3037 OFL *  1
3038 CHN 0 343355083790 1373420335160
3039 CHN 0 343376977494 1373507909976
3040 OFL *  1
3041 OFL *  1
3042 CHN 0 343820640066 1375282560264
3043 OFL *  1
3044 OFL *  1
3045 CHN 0 344162432286 1376649729144
3046 OFL *  1
3047 OFL *  1
3048 CHN 0 344506072104 1378024288416
3049 CHN 0 344676644799 1378706579196
3050 CHN 0 344684827638 1378739310552
3051 OFL *  1
3052 CHN 0 344740113743 1378960454972
3053 OFL *  1
3054 OFL *  1
3055 OFL *  1
3056 OFL *  1
3057 OFL *  1
3058 CHN 0 345776591786 1383106367144
3059 OFL *  1
3060 OFL *  1
3061 OFL *  1
3062 OFL *  1
3063 OFL *  1
3064 OFL *  1
3065 OFL *  1
3066 OFL *  1
3067 OFL *  1
3068 OFL *  1
3069 CHN 0 347975456326 1391901825304
3070 CHN 0 348019664537 1392078658148
3071 OFL *  1
3072 CHN 0 348164611965 1392658447860
3073 OFL *  1
3074 OFL *  1
3075 OFL *  1
3076 OFL *  1
3077 OFL *  1
3078 OFL *  1
3079 OFL *  1
3080 OFL *  1
3081 OFL *  1
3082 CHN 0 349993332345 1399973329380
3083 OFL *  1
3084 CHN 0 350241594613 1400966378452
3085 OFL *  1
3086 CHN 0 350570583527 1402282334108
3087 OFL *  1
3088 OFL *  1
3089 OFL *  1
3090 CHN 0 351157491013 1404629964052
3091 OFL *  1
3092 OFL *  1
3093 CHN 0 351585401269 1406341605076
3094 OFL *  1
3095 CHN 0 351672053409 1406688213636
3096 OFL *  1
3097 OFL *  1
3098 CHN 0 352202645563 1408810582252
3099 CHN 0 352282332663 1409129330652
3100 OFL *  1
3101 CHN 0 352301236634 1409204946536
3102 OFL *  1
3103 OFL *  1
3104 OFL *  1
3105 OFL *  1
3106 CHN 0 353297008429 1413188033716
3107 OFL *  1
3108 CHN 0 353494109442 1413976437768
3109 OFL *  1
3110 CHN 0 353634922431 1414539689724
3111 OFL *  1
3112 CHN 0 353884944891 1415539779564
3113 CHN 0 353950571781 1415802287124
3114 OFL *  1
3115 CHN 0 354153879059 1416615516236
3116 OFL *  1
3117 OFL *  1
3118 CHN 0 354565372368 1418261489472
3119 OFL *  1
3120 CHN 0 354744837731 1418979350924
3121 CHN 0 354791131078 1419164524312
3122 OFL *  1
3123 OFL *  1
3124 OFL *  1
3125 OFL *  1
3126 OFL *  1
3127 CHN 0 355757819404 1423031277616
3128 OFL *  1
3129 OFL *  1
3130 OFL *  1
3131 OFL *  1
3132 CHN 0 356505785583 1426023142332
3133 CHN 0 356666853741 1426667414964
3134 OFL *  1
3135 OFL *  1
3136 CHN 0 357076307891 1428305231564
3137 OFL *  1
3138 OFL *  1
3139 CHN 0 357522928981 1430091715924
3140 OFL *  1
3141 CHN 0 357561929417 1430247717668
3142 OFL *  1
3143 OFL *  1
3144 CHN 0 358043315006 1432173260024
3145 CHN 0 358175523551 1432702094204
3146 OFL *  1
3147 OFL *  1
3148 OFL *  1
3149 OFL *  1
3150 CHN 0 359022384288 1436089537152
3151 OFL *  1
3152 CHN 0 359116079435 1436464317740
3153 OFL *  1
3154 OFL *  1
3155 OFL *  1
3156 CHN 0 359700925993 1438803703972
3157 CHN 0 359807630720 1439230522880
3158 OFL *  1
3159 OFL *  1
3160 OFL *  1
3161 CHN 0 360504650699 1442018602796
3162 OFL *  1
3163 OFL *  1
3164 OFL *  1
3165 OFL *  1
3166 OFL *  1
3167 OFL *  1
3168 OFL *  1
3169 OFL *  1
3170 CHN 0 362119945336 1448479781344
3171 CHN 0 362158992921 1448635971684
3172 OFL *  1
3173 CHN 0 362258690022 1449034760088
3174 CHN 0 362306274509 1449225098036
3175 OFL *  1
3176 OFL *  1
3177 OFL *  1
3178 CHN 0 362837063910 1451348255640
3179 OFL *  1
3180 CHN 0 363044093674 1452176374696
3181 OFL *  1
3182 OFL *  1
3183 OFL *  1
3184 OFL *  1
3185 OFL *  1
3186 OFL *  1
3187 OFL *  1
3188 OFL *  1
3189 OFL *  1
3190 OFL *  1
3191 CHN 0 365286750741 1461147002964
3192 OFL *  1
3193 CHN 0 365376852953 1461507411812
3194 CHN 0 365424758296 1461699033184
3195 CHN 0 365445692869 1461782771476
3196 OFL *  1
3197 CHN 0 365668880595 1462675522380
3198 OFL *  1
3199 CHN 0 365796620001 1463186480004
3200 CHN 0 365869206529 1463476826116
3201 CHN 0 365910469378 1463641877512
3202 CHN 0 365959481084 1463837924336
3203 OFL *  1
3204 CHN 0 365986584561 1463946338244
3205 CHN 0 366133716480 1464534865920
3206 OFL *  1
3207 OFL *  1
3208 OFL *  1
3209 CHN 0 366701813694 1466807254776
3210 CHN 0 366752428099 1467009712396
3211 OFL *  1
3212 OFL *  1
3213 CHN 0 367136932907 1468547731628
3214 OFL *  1
3215 CHN 0 367423678532 1469694714128
3216 OFL *  1
3217 OFL *  1
3218 OFL *  1
3219 CHN 0 368088075988 1472352303952
3220 OFL *  1
3221 OFL *  1
3222 CHN 0 368429766871 1473719067484
3223 OFL *  1
3224 OFL *  1
3225 OFL *  1
3226 CHN 0 368971519156 1475886076624
3227 OFL *  1
3228 CHN 0 369273863436 1477095453744
3229 OFL *  1
3230 OFL *  1
3231 CHN 0 369644218711 1478576874844
3232 OFL *  1
3233 OFL *  1
3234 OFL *  1
3235 CHN 0 370290688367 1481162753468
3236 CHN 0 370301921298 1481207685192
3237 CHN 0 370391592504 1481566370016
3238 OFL *  1
3239 CHN 0 370455407823 1481821631292
3240 CHN 0 370538708928 1482154835712
3241 OFL *  1
3242 OFL *  1
3243 OFL *  1
3244 OFL *  1
3245 OFL *  1
3246 OFL *  1
3247 OFL *  1
3248 OFL *  1
3249 CHN 0 372173803790 1488695215160
3250 CHN 0 372177064234 1488708256936
3251 OFL *  1
3252 OFL *  1
3253 OFL *  1
3254 OFL *  1
3255 OFL *  1
3256 CHN 0 373180246744 1492720986976
3257 OFL *  1
3258 CHN 0 373449202561 1493796810244
3259 OFL *  1
3260 OFL *  1
3261 OFL *  1
3262 OFL *  1
3263 OFL *  1
3264 OFL *  1
3265 OFL *  1
3266 OFL *  1
3267 OFL *  1
3268 OFL *  1
3269 CHN 0 375578821482 1502315285928
3270 CHN 0 375635465425 1502541861700
3271 OFL *  1
3272 OFL *  1
3273 OFL *  1
3274 CHN 0 376110647477 1504442589908
3275 CHN 0 376266928219 1505067712876
3276 OFL *  1
3277 OFL *  1
3278 OFL *  1
3279 OFL *  1
3280 CHN 0 377073190645 1508292762580
3281 OFL *  1
3282 OFL *  1
3283 CHN 0 377365101634 1509460406536
3284 CHN 0 377555445548 1510221782192
3285 CHN 0 377556127882 1510224511528
3286 OFL *  1
3287 CHN 0 377580269384 1510321077536
3288 CHN 0 377703437982 1510813751928
3289 OFL *  1
3290 OFL *  1
3291 OFL *  1
3292 CHN 0 378241178080 1512964712320
3293 CHN 0 378297576998 1513190307992
3294 OFL *  1
3295 OFL *  1
3296 OFL *  1
3297 OFL *  1
3298 OFL *  1
3299 OFL *  1
3300 OFL *  1
3301 OFL *  1
3302 CHN 0 380008965219 1520035860876
3303 CHN 0 380051923413 1520207693652
3304 CHN 0 380072301817 1520289207268
3305 OFL *  1
3306 CHN 0 380130716006 1520522864024
3307 CHN 0 380220727322 1520882909288
3308 OFL *  1
3309 CHN 0 380406637433 1521626549732
3310 CHN 0 380513724840 1522054899360
3311 OFL *  1
3312 CHN 0 380633657967 1522534631868
3313 OFL *  1
3314 CHN 0 380758997350 1523035989400
3315 OFL *  1
3316 OFL *  1
3317 OFL *  1
3318 CHN 0 381373515531 1525494062124
3319 CHN 0 381465771203 1525863084812
3320 OFL *  1
3321 OFL *  1
3322 OFL *  1
3323 OFL *  1
3324 OFL *  1
3325 CHN 0 382425581419 1529702325676
3326 OFL *  1
3327 OFL *  1
3328 CHN 0 382854491268 1531417965072
3329 OFL *  1
3330 CHN 0 383134717935 1532538871740
3331 OFL *  1
3332 OFL *  1
3333 CHN 0 383505580539 1534022322156
3334 CHN 0 383570087831 1534280351324
3335 OFL *  1
3336 OFL *  1
3337 CHN 0 383992529323 1535970117292
3338 OFL *  1
3339 OFL *  1
3340 OFL *  1
3341 OFL *  1
3342 OFL *  1
3343 CHN 0 385024970121 1540099880484
3344 CHN 0 385077633321 1540310533284
3345 CHN 0 385146836830 1540587347320
3346 OFL *  1
3347 OFL *  1
3348 OFL *  1
3349 CHN 0 385718580204 1542874320816
3350 OFL *  1
3351 CHN 0 385901411136 1543605644544
3352 OFL *  1
3353 CHN 0 386186040696 1544744162784
3354 OFL *  1
3355 OFL *  1
3356 CHN 0 386442669323 1545770677292
3357 OFL *  1
3358 CHN 0 386690959019 1546763836076
3359 OFL *  1
3360 OFL *  1
3361 OFL *  1
3362 CHN 0 387437233146 1549748932584
3363 OFL *  1
3364 CHN 0 387519728230 1550078912920
3365 OFL *  1
3366 OFL *  1
3367 CHN 0 388026598433 1552106393732
3368 OFL *  1
3369 CHN 0 388262573345 1553050293380
3370 OFL *  1
3371 OFL *  1
3372 OFL *  1
3373 OFL *  1
3374 CHN 0 388964100856 1555856403424
3375 CHN 0 389042018717 1556168074868
3376 CHN 0 389070993964 1556283975856
3377 CHN 0 389071827591 1556287310364
3378 OFL *  1
3379 CHN 0 389216568601 1556866274404
3380 CHN 0 389341510350 1557366041400
3381 OFL *  1
3382 CHN 0 389424815538 1557699262152
3383 CHN 0 389497066586 1557988266344
3384 CHN 0 389578855118 1558315420472
3385 OFL *  1
3386 CHN 0 389755201074 1559020804296
3387 OFL *  1
3388 CHN 0 389895242326 1559580969304
3389 CHN 0 390000489886 1560001959544
3390 OFL *  1
3391 CHN 0 390066284534 1560265138136
3392 CHN 0 390128142931 1560512571724
3393 OFL *  1
3394 CHN 0 390316414585 1561265658340
3395 OFL *  1
3396 CHN 0 390438688710 1561754754840
3397 CHN 0 390474713099 1561898852396
3398 OFL *  1
3399 CHN 0 390664235669 1562656942676
3400 OFL *  1
3401 CHN 0 390885178767 1563540715068
3402 OFL *  1
3403 OFL *  1
3404 OFL *  1
3405 CHN 0 391649482616 1566597930464
3406 OFL *  1
3407 CHN 0 391766632196 1567066528784
3408 CHN 0 391828137669 1567312550676
3409 CHN 0 391884746332 1567538985328
3410 OFL *  1
3411 CHN 0 391988283222 1567953132888
3412 OFL *  1
3413 OFL *  1
3414 OFL *  1
3415 CHN 0 392587312661 1570349250644
3416 CHN 0 392723146432 1570892585728
3417 OFL *  1
3418 OFL *  1
3419 OFL *  1
3420 CHN 0 393309051248 1573236204992
3421 OFL *  1
3422 OFL *  1
3423 OFL *  1
3424 CHN 0 393908222670 1575632890680
3425 OFL *  1
3426 OFL *  1
3427 OFL *  1
3428 CHN 0 394592889204 1578371556816
3429 OFL *  1
3430 CHN 0 394706677018 1578826708072
3431 CHN 0 394710072772 1578840291088
3432 CHN 0 394839331073 1579357324292
3433 CHN 0 394845174008 1579380696032
3434 OFL *  1
3435 OFL *  1
3436 OFL *  1
3437 OFL *  1
3438 OFL *  1
3439 OFL *  1
3440 OFL *  1
3441 CHN 0 396146874717 1584587498868
3442 OFL *  1
3443 OFL *  1
3444 CHN 0 396699702479 1586798809916
3445 OFL *  1
3446 CHN 0 396890173729 1587560694916
3447 OFL *  1
3448 OFL *  1
3449 OFL *  1
3450 OFL *  1
3451 CHN 0 397712593007 1590850372028
3452 OFL *  1
3453 OFL *  1
3454 OFL *  1
3455 CHN 0 398239657326 1592958629304
3456 CHN 0 398395895491 1593583581964
3457 OFL *  1
3458 OFL *  1
3459 OFL *  1
3460 CHN 0 399000268565 1596001074260
3461 OFL *  1
3462 OFL *  1
3463 CHN 0 399420329130 1597681316520
3464 OFL *  1
3465 CHN 0 399548553750 1598194215000
3466 CHN 0 399571645339 1598286581356
3467 OFL *  1
3468 OFL *  1
3469 OFL *  1
3470 CHN 0 400228184822 1600912739288
3471 CHN 0 400257653163 1601030612652
3472 OFL *  1
3473 OFL *  1
3474 CHN 0 400683410270 1602733641080
3475 OFL *  1
3476 CHN 0 400810445541 1603241782164
3477 OFL *  1
3478 CHN 0 401152065053 1604608260212
3479 OFL *  1
3480 OFL *  1
3481 OFL *  1
3482 OFL *  1
3483 OFL *  1
3484 OFL *  1
3485 CHN 0 402250546044 1609002184176
3486 OFL *  1
3487 CHN 0 402615807456 1610463229824
3488 OFL *  1
3489 CHN 0 402803010669 1611212042676
3490 OFL *  1
3491 OFL *  1
3492 OFL *  1
3493 CHN 0 403388097529 1613552390116
3494 OFL *  1
3495 OFL *  1
3496 CHN 0 403854378099 1615417512396
3497 OFL *  1
3498 OFL *  1
3499 CHN 0 404294149007 1617176596028
3500 OFL *  1
3501 OFL *  1
3502 OFL *  1
3503 CHN 0 404849521332 1619398085328
3504 OFL *  1
3505 OFL *  1
3506 OFL *  1
3507 CHN 0 405430445131 1621721780524
3508 CHN 0 405452403650 1621809614600
3509 OFL *  1
3510 CHN 0 405724752037 1622899008148
3511 CHN 0 405730907813 1622923631252
3512 OFL *  1
3513 CHN 0 405804851908 1623219407632
3514 CHN 0 405897674696 1623590698784
3515 OFL *  1
3516 CHN 0 406075543438 1624302173752
3517 OFL *  1
3518 OFL *  1
3519 CHN 0 406548896222 1626195584888
3520 OFL *  1
3521 CHN 0 406671523116 1626686092464
3522 CHN 0 406767390808 1627069563232
3523 OFL *  1
3524 CHN 0 407007002024 1628028008096
3525 OFL *  1
3526 CHN 0 407238795800 1628955183200
3527 OFL *  1
3528 CHN 0 407484838185 1629939352740
3529 OFL *  1
3530 OFL *  1
3531 OFL *  1
3532 OFL *  1
3533 OFL *  1
3534 OFL *  1
3535 OFL *  1
3536 CHN 0 408777847503 1635111390012
3537 OFL *  1
3538 CHN 0 409137843249 1636551372996
3539 OFL *  1
3540 OFL *  1
3541 OFL *  1
3542 CHN 0 409633798175 1638535192700
3543 OFL *  1
3544 CHN 0 410010327913 1640041311652
3545 OFL *  1
3546 OFL *  1
3547 OFL *  1
3548 CHN 0 410557936321 1642231745284
3549 OFL *  1
3550 OFL *  1
3551 CHN 0 410876937778 1643507751112
3552 OFL *  1
3553 CHN 0 411182078068 1644728312272
3554 CHN 0 411198982090 1644795928360
3555 OFL *  1
3556 OFL *  1
3557 OFL *  1
3558 CHN 0 411793364164 1647173456656
3559 OFL *  1
3560 CHN 0 412065674152 1648262696608
3561 OFL *  1
3562 CHN 0 412132510842 1648530043368
3563 OFL *  1
3564 OFL *  1
3565 CHN 0 412731813061 1650927252244
3566 OFL *  1
3567 CHN 0 412778267388 1651113069552
3568 OFL *  1
3569 CHN 0 413074812721 1652299250884
3570 CHN 0 413092681252 1652370725008
3571 CHN 0 413138478550 1652553914200
3572 OFL *  1
3573 OFL *  1
3574 OFL *  1
3575 OFL *  1
3576 OFL *  1
3577 OFL *  1
3578 OFL *  1
3579 CHN 0 414464279686 1657857118744
3580 CHN 0 414518803870 1658075215480
3581 OFL *  1
3582 OFL *  1
3583 CHN 0 414926647981 1659706591924
3584 CHN 0 414955415372 1659821661488
3585 OFL *  1
3586 CHN 0 415258520018 1661034080072
3587 OFL *  1
3588 OFL *  1
3589 CHN 0 415696836184 1662787344736
3590 OFL *  1
3591 OFL *  1
3592 OFL *  1
3593 OFL *  1
3594 OFL *  1
3595 CHN 0 416677521962 1666710087848
3596 OFL *  1
3597 OFL *  1
3598 OFL *  1
3599 OFL *  1
3600 OFL *  1
3601 OFL *  1
3602 OFL *  1
3603 OFL *  1
3604 CHN 0 418389693518 1673558774072
3605 OFL *  1
3606 CHN 0 418601541742 1674406166968
3607 OFL *  1
3608 OFL *  1
3609 CHN 0 419022817974 1676091271896
3610 OFL *  1
3611 CHN 0 419136712510 1676546850040
3612 OFL *  1
3613 CHN 0 419402002605 1677608010420
3614 OFL *  1
3615 OFL *  1
3616 OFL *  1
3617 OFL *  1
3618 OFL *  1
3619 CHN 0 420428456398 1681713825592
3620 OFL *  1
3621 OFL *  1
3622 CHN 0 420826115834 1683304463336
3623 CHN 0 420955873536 1683823494144
3624 OFL *  1
3625 CHN 0 421141172367 1684564689468
3626 OFL *  1
3627 CHN 0 421359064220 1685436256880
3628 OFL *  1
3629 CHN 0 421593124156 1686372496624
3630 OFL *  1
3631 CHN 0 421684889772 1686739559088
3632 CHN 0 421756776687 1687027106748
3633 OFL *  1
3634 CHN 0 421910475882 1687641903528
3635 OFL *  1
3636 OFL *  1
3637 CHN 0 422288515899 1689154063596
3638 OFL *  1
3639 OFL *  1
3640 OFL *  1
3641 CHN 0 422933274334 1691733097336
3642 CHN 0 423009319725 1692037278900
3643 OFL *  1
3644 CHN 0 423103146563 1692412586252
3645 OFL *  1
3646 OFL *  1
3647 OFL *  1
3648 OFL *  1
3649 OFL *  1
3650 CHN 0 424303164153 1697212656612
3651 OFL *  1
3652 CHN 0 424492564861 1697970259444
3653 OFL *  1
3654 CHN 0 424600722296 1698402889184
3655 OFL *  1
3656 CHN 0 424952522714 1699810090856
3657 OFL *  1
3658 CHN 0 425103827596 1700415310384
3659 OFL *  1
3660 CHN 0 425364867514 1701459470056
3661 OFL *  1
3662 CHN 0 425595655585 1702382622340
3663 OFL *  1
3664 OFL *  1
3665 OFL *  1
3666 OFL *  1
3667 OFL *  1
3668 OFL *  1
3669 CHN 0 426712839899 1706851359596
3670 OFL *  1
3671 OFL *  1
3672 OFL *  1
3673 OFL *  1
3674 CHN 0 427662127708 1710648510832
3675 OFL *  1
3676 CHN 0 427845368486 1711381473944
3677 OFL *  1
3678 OFL *  1
3679 CHN 0 428256400936 1713025603744
3680 OFL *  1
3681 CHN 0 428489028831 1713956115324
3682 OFL *  1
3683 OFL *  1
3684 OFL *  1
3685 OFL *  1
3686 CHN 0 429298489547 1717193958188
3687 CHN 0 429304106153 1717216424612
3688 CHN 0 429316564191 1717266256764
3689 CHN 0 429347703775 1717390815100
3690 OFL *  1
3691 CHN 0 429453721896 1717814887584
3692 OFL *  1
3693 OFL *  1
3694 OFL *  1
3695 OFL *  1
3696 CHN 0 430411200322 1721644801288
3697 OFL *  1
3698 OFL *  1
3699 CHN 0 430842662865 1723370651460
3700 CHN 0 430850707435 1723402829740
3701 OFL *  1
3702 OFL *  1
3703 CHN 0 431139127724 1724556510896
3704 CHN 0 431150585307 1724602341228
3705 CHN 0 431206862392 1724827449568
3706 CHN 0 431254279385 1725017117540
3707 OFL *  1
3708 OFL *  1
3709 OFL *  1
3710 CHN 0 431750834614 1727003338456
3711 OFL *  1
3712 CHN 0 432004984464 1728019937856
3713 CHN 0 432017849808 1728071399232
3714 CHN 0 432065363554 1728261454216
3715 OFL *  1
3716 CHN 0 432189182159 1728756728636
3717 CHN 0 432311762670 1729247050680
3718 OFL *  1
3719 CHN 0 432415675494 1729662701976
3720 CHN 0 432512692250 1730050769000
3721 OFL *  1
3722 OFL *  1
3723 CHN 0 432892202046 1731568808184
3724 OFL *  1
3725 OFL *  1
3726 OFL *  1
3727 OFL *  1
3728 CHN 0 433699230610 1734796922440
3729 OFL *  1
3730 OFL *  1
3731 OFL *  1
3732 OFL *  1
3733 CHN 0 434623994989 1738495979956
3734 OFL *  1
3735 CHN 0 434688958209 1738755832836
3736 OFL *  1
3737 OFL *  1
3738 OFL *  1
3739 OFL *  1
3740 OFL *  1
3741 OFL *  1
3742 OFL *  1
3743 CHN 0 436352826472 1745411305888
3744 OFL *  1
3745 CHN 0 436493929354 1745975717416
3746 OFL *  1
3747 OFL *  1
3748 CHN 0 436933856317 1747735425268
3749 OFL *  1
3750 CHN 0 437072327920 1748289311680
3751 CHN 0 437153188639 1748612754556
3752 OFL *  1
3753 OFL *  1
3754 CHN 0 437463992235 1749855968940
3755 OFL *  1
3756 CHN 0 437737507094 1750950028376
3757 CHN 0 437777621168 1751110484672
3758 OFL *  1
3759 OFL *  1
3760 OFL *  1
3761 CHN 0 438345420153 1753381680612
3762 OFL *  1
3763 CHN 0 438596871990 1754387487960
3764 OFL *  1
3765 OFL *  1
3766 OFL *  1
3767 OFL *  1
3768 OFL *  1
3769 CHN 0 439705051308 1758820205232
3770 OFL *  1
3771 OFL *  1
3772 CHN 0 440115415370 1760461661480
3773 OFL *  1
3774 CHN 0 440206710419 1760826841676
3775 OFL *  1
3776 OFL *  1
3777 CHN 0 440681858228 1762727432912
3778 OFL *  1
3779 OFL *  1
3780 CHN 0 441120658067 1764482632268
3781 OFL *  1
3782 CHN 0 441336454666 1765345818664
3783 CHN 0 441342895631 1765371582524
3784 CHN 0 441344436243 1765377744972
3785 OFL *  1
3786 OFL *  1
3787 CHN 0 441694380483 1766777521932
3788 OFL *  1
3789 OFL *  1
3790 OFL *  1
3791 OFL *  1
3792 CHN 0 442631521881 1770526087524
3793 OFL *  1
3794 CHN 0 442720888978 1770883555912
3795 OFL *  1
3796 OFL *  1
3797 CHN 0 443168414292 1772673657168
3798 OFL *  1
3799 OFL *  1
3800 CHN 0 443708899218 1774835596872
3801 OFL *  1
3802 CHN 0 443733356485 1774933425940
3803 CHN 0 443776497342 1775105989368
3804 OFL *  1
3805 OFL *  1
3806 OFL *  1
3807 OFL *  1
3808 OFL *  1
3809 OFL *  1
3810 OFL *  1
3811 OFL *  1
3812 OFL *  1
3813 CHN 0 445772648196 1783090592784
3814 CHN 0 445792602819 1783170411276
3815 OFL *  1
3816 CHN 0 445913494099 1783653976396
3817 OFL *  1
3818 CHN 0 446091889867 1784367559468
3819 CHN 0 446152096512 1784608386048
3820 CHN 0 446168464508 1784673858032
3821 CHN 0 446192802391 1784771209564
3822 OFL *  1
3823 OFL *  1
3824 OFL *  1
3825 OFL *  1
3826 CHN 0 446899364398 1787597457592
3827 CHN 0 446980580999 1787922323996
3828 CHN 0 446991248985 1787964995940
3829 OFL *  1
3830 OFL *  1
3831 OFL *  1
3832 CHN 0 447650465518 1790601862072
3833 OFL *  1
3834 OFL *  1
3835 CHN 0 448040103955 1792160415820
3836 OFL *  1
3837 CHN 0 448195022873 1792780091492
3838 CHN 0 448214169868 1792856679472
3839 OFL *  1
3840 OFL *  1
3841 CHN 0 448615059495 1794460237980
3842 OFL *  1
3843 OFL *  1
3844 CHN 0 449101486071 1796405944284
3845 CHN 0 449105826503 1796423306012
3846 CHN 0 449132763602 1796531054408
3847 OFL *  1
3848 CHN 0 449356190446 1797424761784
3849 CHN 0 449403904370 1797615617480
3850 CHN 0 449404595223 1797618380892
3851 OFL *  1
3852 CHN 0 449471759911 1797887039644
3853 CHN 0 449482704536 1797930818144
3854 CHN 0 449522069260 1798088277040
3855 OFL *  1
3856 OFL *  1
3857 CHN 0 449857707335 1799430829340
3858 OFL *  1
3859 OFL *  1
3860 CHN 0 450267793155 1801071172620
3861 CHN 0 450305076680 1801220306720
3862 CHN 0 450464697657 1801858790628
3863 OFL *  1
3864 CHN 0 450500680988 1802002723952
3865 OFL *  1
3866 CHN 0 450706000031 1802824000124
3867 CHN 0 450890601996 1803562407984
3868 OFL *  1
3869 OFL *  1
3870 OFL *  1
3871 CHN 0 451368915500 1805475662000
3872 OFL *  1
3873 OFL *  1
3874 CHN 0 451772757038 1807091028152
3875 CHN 0 451859515796 1807438063184
3876 OFL *  1
3877 CHN 0 452089345883 1808357383532
3878 CHN 0 452146656927 1808586627708
3879 OFL *  1
3880 OFL *  1
3881 CHN 0 452392445766 1809569783064
3882 CHN 0 452490404169 1809961616676
3883 OFL *  1
3884 OFL *  1
3885 OFL *  1
3886 CHN 0 453114253674 1812457014696
3887 OFL *  1
3888 OFL *  1
3889 CHN 0 453464614096 1813858456384
3890 OFL *  1
3891 OFL *  1
3892 CHN 0 453992159522 1815968638088
3893 OFL *  1
3894 OFL *  1
3895 CHN 0 454277675053 1817110700212
3896 OFL *  1
3897 OFL *  1
3898 OFL *  1
3899 CHN 0 455073103485 1820292413940
3900 OFL *  1
3901 CHN 0 455191070822 1820764283288
3902 OFL *  1
3903 OFL *  1
3904 OFL *  1
3905 OFL *  1
3906 CHN 0 456053481406 1824213925624
3907 OFL *  1
3908 CHN 0 456203683890 1824814735560
3909 CHN 0 456299329615 1825197318460
3910 CHN 0 456369780083 1825479120332
3911 OFL *  1
3912 OFL *  1
3913 OFL *  1
3914 OFL *  1
3915 CHN 0 457201755301 1828807021204
3916 OFL *  1
3917 CHN 0 457256316997 1829025267988
3918 CHN 0 457360010987 1829440043948
3919 OFL *  1
3920 CHN 0 457506736711 1830026946844
3921 CHN 0 457585469292 1830341877168
3922 OFL *  1
3923 OFL *  1
3924 OFL *  1
3925 CHN 0 458261771413 1833047085652
3926 OFL *  1
3927 OFL *  1
3928 OFL *  1
3929 CHN 0 458803374714 1835213498856
3930 OFL *  1
3931 CHN 0 458901150667 1835604602668
3932 OFL *  1
3933 OFL *  1
3934 CHN 0 459366448171 1837465792684
3935 OFL *  1
3936 OFL *  1
3937 CHN 0 459778828063 1839115312252
3938 OFL *  1
3939 OFL *  1
3940 CHN 0 460300323677 1841201294708
3941 OFL *  1
3942 OFL *  1
3943 OFL *  1
3944 OFL *  1
3945 CHN 0 461121845664 1844487382656
3946 CHN 0 461190305966 1844761223864
3947 OFL *  1
3948 OFL *  1
3949 CHN 0 461451711079 1845806844316
3950 OFL *  1
3951 CHN 0 461660828072 1846643312288
3952 CHN 0 461693717556 1846774870224
3953 CHN 0 461775076531 1847100306124
3954 OFL *  1
3955 CHN 0 461866617049 1847466468196
3956 CHN 0 461905152800 1847620611200
3957 CHN 0 461932030503 1847728122012
3958 OFL *  1
3959 CHN 0 462130279541 1848521118164
3960 OFL *  1
3961 CHN 0 462388465186 1849553860744
3962 OFL *  1
3963 CHN 0 462663750655 1850655002620
3964 OFL *  1
3965 OFL *  1
3966 CHN 0 462915732187 1851662928748
3967 CHN 0 463058226278 1852232905112
3968 OFL *  1
3969 OFL *  1
3970 CHN 0 463337994200 1853351976800
3971 CHN 0 463354762180 1853419048720
3972 CHN 0 463392168616 1853568674464
3973 OFL *  1
3974 CHN 0 463665361908 1854661447632
3975 OFL *  1
3976 CHN 0 463765997980 1855063991920
3977 CHN 0 463895680644 1855582722576
3978 OFL *  1
3979 CHN 0 464000988222 1856003952888
3980 OFL *  1
3981 CHN 0 464210595631 1856842382524
3982 OFL *  1
3983 OFL *  1
3984 OFL *  1
3985 CHN 0 464954350602 1859817402408
3986 OFL *  1
3987 CHN 0 465019591922 1860078367688
3988 OFL *  1
3989 OFL *  1
3990 OFL *  1
3991 OFL *  1
3992 OFL *  1
3993 CHN 0 466065653040 1864262612160
3994 OFL *  1
3995 CHN 0 466406869203 1865627476812
3996 CHN 0 466456167647 1865824670588
3997 CHN 0 466481530447 1865926121788
3998 OFL *  1
3999 OFL *  1
4000 OFL *  1
4001 OFL *  1
4002 OFL *  1
4003 OFL *  1
4004 CHN 0 467575974170 1870303896680
4005 OFL *  1
4006 CHN 0 467939551522 1871758206088
4007 OFL *  1
4008 CHN 0 467992732191 1871970928764
4009 OFL *  1
4010 OFL *  1
4011 CHN 0 468523543303 1874094173212
4012 CHN 0 468579042739 1874316170956
4013 OFL *  1
4014 CHN 0 468651341333 1874605365332
4015 OFL *  1
4016 OFL *  1
4017 CHN 0 469019055782 1876076223128
4018 CHN 0 469026678681 1876106714724
4019 CHN 0 469180584355 1876722337420
4020 OFL *  1
4021 CHN 0 469423915181 1877695660724
4022 OFL *  1
4023 CHN 0 469638256359 1878553025436
4024 OFL *  1
4025 OFL *  1
4026 OFL *  1
4027 CHN 0 470225389648 1880901558592
4028 OFL *  1
4029 CHN 0 470333554869 1881334219476
4030 CHN 0 470471502617 1881886010468
4031 OFL *  1
4032 CHN 0 470616191285 1882464765140
4033 OFL *  1
4034 OFL *  1
4035 OFL *  1
4036 CHN 0 471277147022 1885108588088
4037 OFL *  1
4038 OFL *  1
4039 CHN 0 471643929063 1886575716252
4040 OFL *  1
4041 OFL *  1
4042 OFL *  1
4043 CHN 0 472222274093 1888889096372
4044 OFL *  1
4045 CHN 0 472475891070 1889903564280
4046 OFL *  1
4047 OFL *  1
4048 OFL *  1
4049 CHN 0 473223401280 1892893605120
4050 OFL *  1
4051 OFL *  1
4052 OFL *  1
4053 OFL *  1
4054 OFL *  1
4055 CHN 0 474278584117 1897114336468
4056 OFL *  1
4057 CHN 0 474293074257 1897172297028
4058 CHN 0 474451291770 1897805167080
4059 CHN 0 474479004950 1897916019800
4060 OFL *  1
4061 OFL *  1
4062 CHN 0 474760326209 1899041304836
4063 CHN 0 474864945043 1899459780172
4064 CHN 0 474894365682 1899577462728
4065 OFL *  1
4066 CHN 0 474927407541 1899709630164
4067 CHN 0 475092889976 1900371559904
4068 OFL *  1
4069 OFL *  1
4070 OFL *  1
4071 CHN 0 475555558618 1902222234472
4072 OFL *  1
4073 OFL *  1
4074 OFL *  1
4075 OFL *  1
4076 CHN 0 476426322150 1905705288600
4077 CHN 0 476458807158 1905835228632
4078 OFL *  1
4079 CHN 0 476611199242 1906444796968
4080 CHN 0 476732402058 1906929608232
4081 OFL *  1
4082 CHN 0 476981757081 1907927028324
4083 OFL *  1
4084 OFL *  1
4085 CHN 0 477286115185 1909144460740
4086 CHN 0 477359605689 1909438422756
4087 OFL *  1
4088 CHN 0 477508053704 1910032214816
4089 OFL *  1
4090 CHN 0 477828610996 1911314443984
4091 OFL *  1
4092 OFL *  1
4093 CHN 0 478245466618 1912981866472
4094 OFL *  1
4095 CHN 0 478432570926 1913730283704
4096 OFL *  1
4097 CHN 0 478570009809 1914280039236
4098 CHN 0 478599093320 1914396373280
4099 OFL *  1
4100 CHN 0 478735797632 1914943190528
4101 OFL *  1
4102 CHN 0 479108176750 1916432707000
4103 OFL *  1
4104 OFL *  1
4105 CHN 0 479373563144 1917494252576
4106 CHN 0 479373599385 1917494397540
4107 CHN 0 479405117854 1917620471416
4108 OFL *  1
4109 CHN 0 479590554299 1918362217196
4110 CHN 0 479730238248 1918920952992
4111 OFL *  1
4112 CHN 0 479852811816 1919411247264
4113 OFL *  1
4114 OFL *  1
4115 CHN 0 480232574320 1920930297280
4116 CHN 0 480265549780 1921062199120
4117 CHN 0 480317835195 1921271340780
4118 OFL *  1
4119 CHN 0 480408069642 1921632278568
4120 CHN 0 480488376247 1921953504988
4121 OFL *  1
4122 OFL *  1
4123 OFL *  1
4124 CHN 0 481117052353 1924468209412
4125 OFL *  1
4126 CHN 0 481403358377 1925613433508
4127 OFL *  1
4128 CHN 0 481509340199 1926037360796
4129 CHN 0 481597699459 1926390797836
4130 OFL *  1
4131 CHN 0 481731771409 1926927085636
4132 OFL *  1
4133 CHN 0 482045011661 1928180046644
4134 OFL *  1
4135 OFL *  1
4136 CHN 0 482296429317 1929185717268
4137 CHN 0 482421210595 1929684842380
4138 CHN 0 482475269376 1929901077504
4139 OFL *  1
4140 CHN 0 482575068561 1930300274244
4141 OFL *  1
4142 CHN 0 482868368507 1931473474028
4143 OFL *  1
4144 CHN 0 482996197132 1931984788528
4145 OFL *  1
4146 CHN 0 483283759375 1933135037500
4147 OFL *  1
4148 OFL *  1
4149 OFL *  1
4150 OFL *  1
4151 CHN 0 484173310472 1936693241888
4152 OFL *  1
4153 OFL *  1
4154 CHN 0 484454549219 1937818196876
4155 CHN 0 484470607755 1937882431020
4156 OFL *  1
4157 CHN 0 484679227110 1938716908440
4158 OFL *  1
4159 OFL *  1
4160 CHN 0 485084509133 1940338036532
4161 CHN 0 485112451025 1940449804100
4162 CHN 0 485228772020 1940915088080
4163 OFL *  1
4164 CHN 0 485238468501 1940953874004
4165 CHN 0 485282956181 1941131824724
4166 CHN 0 485371989651 1941487958604
4167 CHN 0 485391577799 1941566311196
4168 OFL *  1
4169 CHN 0 485572731779 1942290927116
4170 CHN 0 485603003257 1942412013028
4171 CHN 0 485608844576 1942435378304
4172 OFL *  1
4173 CHN 0 485664603844 1942658415376
4174 OFL *  1
4175 OFL *  1
4176 OFL *  1
4177 OFL *  1
4178 CHN 0 486525257821 1946101031284
4179 OFL *  1
4180 OFL *  1
4181 CHN 0 487130040130 1948520160520
4182 OFL *  1
4183 CHN 0 487207104133 1948828416532
4184 CHN 0 487307738115 1949230952460
4185 OFL *  1
4186 OFL *  1
4187 OFL *  1
4188 CHN 0 487767897419 1951071589676
4189 CHN 0 487874386909 1951497547636
4190 OFL *  1
4191 CHN 0 488143632549 1952574530196
4192 OFL *  1
4193 CHN 0 488232798695 1952931194780
4194 OFL *  1
4195 CHN 0 488560410097 1954241640388
4196 OFL *  1
4197 OFL *  1
4198 OFL *  1
4199 CHN 0 489217163360 1956868653440
4200 OFL *  1
4201 CHN 0 489242283349 1956969133396
4202 CHN 0 489366828189 1957467312756
4203 OFL *  1
4204 OFL *  1
4205 CHN 0 489717660091 1958870640364
4206 CHN 0 489858178186 1959432712744
4207 OFL *  1
4208 OFL *  1
4209 CHN 0 490229791195 1960919164780
4210 OFL *  1
4211 OFL *  1
4212 CHN 0 490555464202 1962221856808
4213 OFL *  1
4214 OFL *  1
4215 OFL *  1
4216 OFL *  1
4217 CHN 0 491357686421 1965430745684
4218 CHN 0 491459930215 1965839720860
4219 OFL *  1
4220 OFL *  1
4221 OFL *  1
4222 OFL *  1
4223 OFL *  1
4224 OFL *  1
4225 CHN 0 492783590787 1971134363148
4226 OFL *  1
4227 OFL *  1
4228 CHN 0 493163770976 1972655083904
4229 OFL *  1
4230 CHN 0 493397176380 1973588705520
4231 OFL *  1
4232 OFL *  1
4233 CHN 0 493705704343 1974822817372
4234 CHN 0 493828912084 1975315648336
4235 CHN 0 493843111369 1975372445476
4236 OFL *  1
4237 CHN 0 493904225679 1975616902716
4238 OFL *  1
4239 CHN 0 494189032020 1976756128080
4240 CHN 0 494204664838 1976818659352
4241 OFL *  1
4242 OFL *  1
4243 OFL *  1
4244 OFL *  1
4245 OFL *  1
4246 OFL *  1
4247 CHN 0 495501347285 1982005389140
4248 OFL *  1
4249 CHN 0 495581077047 1982324308188
4250 OFL *  1
4251 OFL *  1
4252 OFL *  1
4253 OFL *  1
4254 OFL *  1
4255 CHN 0 496802645684 1987210582736
4256 OFL *  1
4257 OFL *  1
4258 OFL *  1
4259 CHN 0 497343227184 1989372908736
4260 CHN 0 497371508098 1989486032392
4261 OFL *  1
4262 OFL *  1
4263 CHN 0 497829233803 1991316935212
4264 OFL *  1
4265 OFL *  1
4266 OFL *  1
4267 OFL *  1
4268 CHN 0 498653561851 1994614247404
4269 OFL *  1
4270 CHN 0 498878060824 1995512243296
4271 CHN 0 498896746218 1995586984872
4272 CHN 0 498925090725 1995700362900
4273 OFL *  1
4274 CHN 0 499018638610 1996074554440
4275 OFL *  1
4276 CHN 0 499262689589 1997050758356
4277 OFL *  1
4278 OFL *  1
4279 CHN 0 499590716325 1998362865300
4280 CHN 0 499687842970 1998751371880
4281 CHN 0 499739097487 1998956389948
4282 OFL *  1
4283 CHN 0 499866508635 1999466034540
4284 CHN 0 499885355396 1999541421584
4285 OFL *  1
4286 CHN 0 500018046886 2000072187544
4287 OFL *  1
4288 OFL *  1
4289 OFL *  1
4290 OFL *  1
4291 OFL *  1
4292 CHN 0 501196724068 2004786896272
4293 OFL *  1
4294 OFL *  1
4295 CHN 0 501530605438 2006122421752
4296 OFL *  1
4297 OFL *  1
4298 CHN 0 501954595448 2007818381792
4299 OFL *  1
4300 OFL *  1
4301 OFL *  1
4302 OFL *  1
4303 OFL *  1
4304 CHN 0 502962809530 2011851238120
4305 CHN 0 503054449615 2012217798460
4306 OFL *  1
4307 OFL *  1
4308 CHN 0 503398536575 2013594146300
4309 CHN 0 503543069255 2014172277020
4310 OFL *  1
4311 OFL *  1
4312 CHN 0 503963234582 2015852938328
4313 OFL *  1
4314 CHN 0 504136765124 2016547060496
4315 OFL *  1
4316 OFL *  1
4317 OFL *  1
4318 OFL *  1
4319 OFL *  1
4320 OFL *  1
4321 CHN 0 505267144303 2021068577212
4322 OFL *  1
4323 CHN 0 505531084621 2022124338484
4324 CHN 0 505573599877 2022294399508
4325 OFL *  1
4326 CHN 0 505680417558 2022721670232
4327 CHN 0 505845255477 2023381021908
4328 OFL *  1
4329 CHN 0 506088862562 2024355450248
4330 OFL *  1
4331 CHN 0 506111037086 2024444148344
4332 OFL *  1
4333 CHN 0 506391042275 2025564169100
4334 OFL *  1
4335 OFL *  1
4336 CHN 0 506740137925 2026960551700
4337 OFL *  1
4338 CHN 0 507065024877 2028260099508
4339 CHN 0 507128779531 2028515118124
4340 OFL *  1
4341 OFL *  1
4342 OFL *  1
4343 CHN 0 507716780373 2030867121492
4344 OFL *  1
4345 CHN 0 507848744650 2031394978600
4346 OFL *  1
4347 OFL *  1
4348 CHN 0 508377814915 2033511259660
4349 OFL *  1
4350 OFL *  1
4351 CHN 0 508717920865 2034871683460
4352 CHN 0 508776640999 2035106563996
4353 OFL *  1
4354 CHN 0 508889076373 2035556305492
4355 CHN 0 508907835194 2035631340776
4356 OFL *  1
4357 CHN 0 509177725326 2036710901304
4358 OFL *  1
4359 OFL *  1
4360 CHN 0 509583233550 2038332934200
4361 CHN 0 509599750834 2038399003336
4362 OFL *  1
4363 CHN 0 509826592616 2039306370464
4364 OFL *  1
4365 CHN 0 509928706849 2039714827396
4366 OFL *  1
4367 CHN 0 510206261664 2040825046656
4368 OFL *  1
4369 CHN 0 510356942563 2041427770252
4370 OFL *  1
4371 CHN 0 510582480138 2042329920552
4372 CHN 0 510625458149 2042501832596
4373 OFL *  1
4374 CHN 0 510786744795 2043146979180
4375 OFL *  1
4376 CHN 0 511016160459 2044064641836
4377 CHN 0 511096454899 2044385819596
4378 OFL *  1
4379 CHN 0 511299163295 2045196653180
4380 OFL *  1
4381 CHN 0 511503030287 2046012121148
4382 OFL *  1
4383 CHN 0 511726342022 2046905368088
4384 CHN 0 511765371903 2047061487612
4385 OFL *  1
4386 OFL *  1
4387 OFL *  1
4388 OFL *  1
4389 OFL *  1
4390 OFL *  1
4391 OFL *  1
4392 OFL *  1
4393 OFL *  1
4394 OFL *  1
4395 OFL *  1
4396 CHN 0 514060303168 2056241212672
4397 CHN 0 514083363710 2056333454840
4398 OFL *  1
4399 CHN 0 514195203690 2056780814760
4400 CHN 0 514241819578 2056967278312
4401 OFL *  1
4402 OFL *  1
4403 CHN 0 514535152978 2058140611912
4404 CHN 0 514728192575 2058912770300
4405 OFL *  1
4406 OFL *  1
4407 CHN 0 515074116837 2060296467348
4408 OFL *  1
4409 CHN 0 515294276013 2061177104052
4410 CHN 0 515328593342 2061314373368
4411 OFL *  1
4412 OFL *  1
4413 OFL *  1
4414 CHN 0 515999495972 2063997983888
4415 OFL *  1
4416 OFL *  1
4417 CHN 0 516342231714 2065368926856
4418 OFL *  1
4419 OFL *  1
4420 CHN 0 516676573544 2066706294176
4421 CHN 0 516709457191 2066837828764
4422 CHN 0 516790987567 2067163950268
4423 OFL *  1
4424 CHN 0 516978293615 2067913174460
4425 OFL *  1
4426 CHN 0 517178359196 2068713436784
4427 OFL *  1
4428 CHN 0 517289789924 2069159159696
4429 CHN 0 517425165577 2069700662308
4430 OFL *  1
4431 CHN 0 517647021152 2070588084608
4432 OFL *  1
4433 CHN 0 517829518693 2071318074772
4434 OFL *  1
4435 CHN 0 517949358324 2071797433296
4436 OFL *  1
4437 CHN 0 518187687998 2072750751992
4438 CHN 0 518272416280 2073089665120
4439 OFL *  1
4440 OFL *  1
4441 CHN 0 518724489367 2074897957468
4442 OFL *  1
4443 OFL *  1
4444 CHN 0 519000241717 2076000966868
4445 CHN 0 519092817026 2076371268104
4446 OFL *  1
4447 OFL *  1
4448 OFL *  1
4449 CHN 0 519684927495 2078739709980
4450 OFL *  1
4451 OFL *  1
4452 CHN 0 520025869460 2080103477840
4453 CHN 0 520098908209 2080395632836
4454 OFL *  1
4455 OFL *  1
4456 OFL *  1
4457 CHN 0 520757579332 2083030317328
4458 CHN 0 520828533483 2083314133932
4459 OFL *  1
4460 OFL *  1
4461 OFL *  1
4462 CHN 0 521277867956 2085111471824
4463 CHN 0 521309847161 2085239388644
4464 CHN 0 521423062334 2085692249336
4465 OFL *  1
4466 OFL *  1
4467 OFL *  1
4468 OFL *  1
4469 CHN 0 522153378013 2088613512052
4470 OFL *  1
4471 OFL *  1
4472 OFL *  1
4473 CHN 0 522875830085 2091503320340
4474 OFL *  1
4475 CHN 0 523042531184 2092170124736
4476 CHN 0 523108058719 2092432234876
4477 OFL *  1
4478 CHN 0 523189510037 2092758040148
4479 OFL *  1
4480 CHN 0 523478232151 2093912928604
4481 OFL *  1
4482 OFL *  1
4483 CHN 0 523937315011 2095749260044
4484 OFL *  1
4485 OFL *  1
4486 CHN 0 524382694695 2097530778780
4487 OFL *  1
4488 OFL *  1
4489 OFL *  1
4490 OFL *  1
4491 OFL *  1
4492 CHN 0 525299922542 2101199690168
4493 OFL *  1
4494 OFL *  1
4495 OFL *  1
4496 OFL *  1
4497 OFL *  1
4498 CHN 0 526475506210 2105902024840
4499 OFL *  1
4500 CHN 0 526549823344 2106199293376
4501 CHN 0 526579734396 2106318937584
4502 CHN 0 526638833911 2106555335644
4503 OFL *  1
4504 OFL *  1
4505 CHN 0 527109297597 2108437190388
4506 OFL *  1
4507 OFL *  1
4508 OFL *  1
4509 OFL *  1
4510 CHN 0 527955187574 2111820750296
4511 OFL *  1
4512 OFL *  1
4513 OFL *  1
4514 OFL *  1
4515 CHN 0 528763084910 2115052339640
4516 OFL *  1
4517 OFL *  1
4518 CHN 0 529182599233 2116730396932
4519 OFL *  1
4520 OFL *  1
4521 OFL *  1
4522 OFL *  1
4523 OFL *  1
4524 OFL *  1
4525 OFL *  1
4526 OFL *  1
4527 CHN 0 530936205551 2123744822204
4528 OFL *  1
4529 OFL *  1
4530 CHN 0 531200322767 2124801291068
4531 OFL *  1
4532 OFL *  1
4533 OFL *  1
4534 CHN 0 531901018425 2127604073700
4535 OFL *  1
4536 OFL *  1
4537 CHN 0 532320443051 2129281772204
4538 OFL *  1
4539 CHN 0 532633884172 2130535536688
4540 OFL *  1
4541 CHN 0 532698807907 2130795231628
4542 CHN 0 532760322464 2131041289856
4543 CHN 0 532765154660 2131060618640
4544 CHN 0 532845894971 2131383579884
4545 OFL *  1
4546 CHN 0 532951959628 2131807838512
4547 OFL *  1
4548 CHN 0 533226234404 2132904937616
4549 OFL *  1
4550 OFL *  1
4551 OFL *  1
4552 CHN 0 533746433869 2134985735476
4553 OFL *  1
4554 OFL *  1
4555 OFL *  1
4556 CHN 0 534409652654 2137638610616
4557 OFL *  1
4558 OFL *  1
4559 OFL *  1
4560 CHN 0 535066833403 2140267333612
4561 CHN 0 535115739024 2140462956096
4562 OFL *  1
4563 CHN 0 535174902267 2140699609068
4564 OFL *  1
4565 CHN 0 535532363682 2142129454728
4566 OFL *  1
4567 OFL *  1
4568 OFL *  1
4569 OFL *  1
4570 CHN 0 536242019711 2144968078844
4571 CHN 0 536354646204 2145418584816
4572 OFL *  1
4573 CHN 0 536496123514 2145984494056
4574 CHN 0 536547421173 2146189684692
4575 CHN 0 536614546980 2146458187920
4576 OFL *  1
4577 OFL *  1
4578 CHN 0 536966643542 2147866574168
4579 OFL *  1
4580 CHN 0 537107088211 2148428352844
4581 CHN 0 537149562291 2148598249164
4582 CHN 0 537239299878 2148957199512
4583 OFL *  1
4584 CHN 0 537326534609 2149306138436
4585 OFL *  1
4586 OFL *  1
4587 OFL *  1
4588 OFL *  1
4589 CHN 0 538294532278 2153178129112
4590 OFL *  1
4591 CHN 0 538415440315 2153661761260
4592 OFL *  1
4593 OFL *  1
4594 CHN 0 538946961128 2155787844512
4595 CHN 0 538963973419 2155855893676
4596 OFL *  1
4597 CHN 0 539090443668 2156361774672
4598 OFL *  1
4599 OFL *  1
4600 OFL *  1
4601 CHN 0 539738172277 2158952689108
4602 OFL *  1
4603 OFL *  1
4604 CHN 0 540173118969 2160692475876
4605 OFL *  1
4606 CHN 0 540268248763 2161072995052
4607 CHN 0 540320180339 2161280721356
4608 OFL *  1
4609 OFL *  1
4610 CHN 0 540839978880 2163359915520
4611 CHN 0 540850039826 2163400159304
4612 OFL *  1
4613 CHN 0 540943554239 2163774216956
4614 OFL *  1
4615 CHN 0 541206024518 2164824098072
4616 OFL *  1
4617 OFL *  1
4618 OFL *  1
4619 CHN 0 541732477673 2166929910692
4620 CHN 0 541891179591 2167564718364
4621 OFL *  1
4622 OFL *  1
4623 CHN 0 542259175877 2169036703508
4624 CHN 0 542263603205 2169054412820
4625 OFL *  1
4626 CHN 0 542420392730 2169681570920
4627 OFL *  1
4628 OFL *  1
4629 CHN 0 542849449531 2171397798124
4630 OFL *  1
4631 OFL *  1
4632 CHN 0 543218092292 2172872369168
4633 CHN 0 543279195404 2173116781616
4634 OFL *  1
4635 OFL *  1
4636 OFL *  1
4637 OFL *  1
4638 OFL *  1
4639 CHN 0 544263362902 2177053451608
4640 CHN 0 544278008808 2177112035232
4641 OFL *  1
4642 OFL *  1
4643 CHN 0 544705744708 2178822978832
4644 OFL *  1
4645 OFL *  1
4646 CHN 0 545160052374 2180640209496
4647 OFL *  1
4648 OFL *  1
4649 OFL *  1
4650 OFL *  1
4651 OFL *  1
4652 OFL *  1
4653 OFL *  1
4654 CHN 0 546620203909 2186480815636
4655 OFL *  1
4656 OFL *  1
4657 OFL *  1
4658 CHN 0 547341164606 2189364658424
4659 CHN 0 547343784955 2189375139820
4660 OFL *  1
4661 CHN 0 547394161892 2189576647568
4662 OFL *  1
4663 CHN 0 547720557403 2190882229612
4664 OFL *  1
4665 CHN 0 547952801579 2191811206316
4666 OFL *  1
4667 CHN 0 548100093785 2192400375140
4668 CHN 0 548170956602 2192683826408
4669 OFL *  1
4670 CHN 0 548338609097 2193354436388
4671 OFL *  1
4672 CHN 0 548545064776 2194180259104
4673 OFL *  1
4674 CHN 0 548690078695 2194760314780
4675 CHN 0 548729213585 2194916854340
4676 CHN 0 548738913097 2194955652388
4677 OFL *  1
4678 OFL *  1
4679 CHN 0 549234882658 2196939530632
4680 CHN 0 549267794973 2197071179892
4681 OFL *  1
4682 CHN 0 549421555102 2197686220408
4683 OFL *  1
4684 CHN 0 549518158720 2198072634880
4685 OFL *  1
4686 CHN 0 549830946264 2199323785056
4687 CHN 0 549847486928 2199389947712
4688 OFL *  1
4689 CHN 0 550097742665 2200390970660
4690 OFL *  1
4691 CHN 0 550229744464 2200918977856
4692 OFL *  1
4693 CHN 0 550413300231 2201653200924
4694 CHN 0 550417439162 2201669756648
4695 OFL *  1
4696 CHN 0 550565121724 2202260486896
4697 OFL *  1
4698 OFL *  1
4699 CHN 0 551046886660 2204187546640
4700 CHN 0 551066543007 2204266172028
4701 OFL *  1
4702 CHN 0 551197690301 2204790761204
4703 OFL *  1
4704 CHN 0 551414108585 2205656434340
4705 OFL *  1
4706 OFL *  1
4707 CHN 0 551992462363 2207969849452
4708 OFL *  1
4709 CHN 0 552138052255 2208552209020
4710 OFL *  1
4711 OFL *  1
4712 OFL *  1
4713 OFL *  1
4714 OFL *  1
4715 OFL *  1
4716 OFL *  1
4717 OFL *  1
4718 OFL *  1
4719 CHN 0 554070560245 2216282240980
4720 CHN 0 554070582236 2216282328944
4721 OFL *  1
4722 CHN 0 554314299339 2217257197356
4723 OFL *  1
4724 CHN 0 554369747890 2217478991560
4725 OFL *  1
4726 OFL *  1
4727 OFL *  1
4728 CHN 0 555044749376 2220178997504
4729 CHN 0 555182788285 2220731153140
4730 OFL *  1
4731 CHN 0 555212149319 2220848597276
4732 CHN 0 555225903655 2220903614620
4733 CHN 0 555258317544 2221033270176
4734 CHN 0 555365364578 2221461458312
4735 OFL *  1
4736 CHN 0 555442831851 2221771327404
4737 OFL *  1
4738 CHN 0 555812916260 2223251665040
4739 OFL *  1
4740 OFL *  1
4741 OFL *  1
4742 CHN 0 556403974804 2225615899216
4743 OFL *  1
4744 CHN 0 556506195962 2226024783848
4745 CHN 0 556529223055 2226116892220
4746 CHN 0 556557847424 2226231389696
4747 CHN 0 556628672579 2226514690316
4748 OFL *  1
4749 CHN 0 556694740672 2226778962688
4750 CHN 0 556694800940 2226779203760
4751 CHN 0 556790441073 2227161764292
4752 OFL *  1
4753 CHN 0 556911933460 2227647733840
4754 OFL *  1
4755 CHN 0 557215414377 2228861657508
4756 OFL *  1
4757 CHN 0 557391137600 2229564550400
4758 CHN 0 557425298954 2229701195816
4759 OFL *  1
4760 CHN 0 557635241211 2230540964844
4761 OFL *  1
4762 CHN 0 557727935637 2230911742548
4763 CHN 0 557828881039 2231315524156
4764 OFL *  1
4765 OFL *  1
4766 OFL *  1
4767 CHN 0 558353152746 2233412610984
4768 OFL *  1
4769 CHN 0 558616757255 2234467029020
4770 OFL *  1
4771 OFL *  1
4772 CHN 0 559117341996 2236469367984
4773 CHN 0 559160362765 2236641451060
4774 OFL *  1
4775 OFL *  1
4776 CHN 0 559499219648 2237996878592
4777 OFL *  1
4778 CHN 0 559737734270 2238950937080
4779 OFL *  1
4780 OFL *  1
4781 CHN 0 560224790209 2240899160836
4782 OFL *  1
4783 CHN 0 560401616598 2241606466392
4784 OFL *  1
4785 OFL *  1
4786 CHN 0 560844237718 2243376950872
4787 OFL *  1
4788 OFL *  1
4789 CHN 0 561127727791 2244510911164
4790 CHN 0 561209216986 2244836867944
4791 CHN 0 561232754590 2244931018360
4792 OFL *  1
4793 CHN 0 561363287609 2245453150436
4794 CHN 0 561457879465 2245831517860
4795 OFL *  1
4796 CHN 0 561567490555 2246269962220
4797 OFL *  1
4798 OFL *  1
4799 CHN 0 562019451973 2248077807892
4800 OFL *  1
4801 CHN 0 562278408264 2249113633056
4802 CHN 0 562329543889 2249318175556
4803 OFL *  1
4804 CHN 0 562503484419 2250013937676
4805 OFL *  1
4806 CHN 0 562588544766 2250354179064
4807 OFL *  1
4808 OFL *  1
4809 OFL *  1
4810 OFL *  1
4811 CHN 0 563517864155 2254071456620
4812 OFL *  1
4813 OFL *  1
4814 CHN 0 563985857825 2255943431300
4815 OFL *  1
4816 CHN 0 564214777987 2256859111948
4817 OFL *  1
4818 CHN 0 564364225181 2257456900724
4819 CHN 0 564365414221 2257461656884
4820 OFL *  1
4821 OFL *  1
4822 OFL *  1
4823 OFL *  1
4824 OFL *  1
4825 CHN 0 565423241524 2261692966096
4826 OFL *  1
4827 OFL *  1
4828 CHN 0 565844623781 2263378495124
4829 CHN 0 565903350410 2263613401640
4830 OFL *  1
4831 OFL *  1
4832 OFL *  1
4833 CHN 0 566479577746 2265918310984
4834 OFL *  1
4835 CHN 0 566730669930 2266922679720
4836 OFL *  1
4837 CHN 0 566794210489 2267176841956
4838 CHN 0 566838669189 2267354676756
4839 OFL *  1
4840 OFL *  1
4841 OFL *  1
4842 OFL *  1
4843 OFL *  1
4844 CHN 0 567941927195 2271767708780
4845 OFL *  1
4846 OFL *  1
4847 OFL *  1
4848 OFL *  1
4849 CHN 0 568689587571 2274758350284
4850 CHN 0 568696427512 2274785710048
4851 OFL *  1
4852 CHN 0 569065934971 2276263739884
4853 OFL *  1
4854 CHN 0 569238866452 2276955465808
4855 OFL *  1
4856 CHN 0 569466002781 2277864011124
4857 CHN 0 569496295243 2277985180972
4858 OFL *  1
4859 CHN 0 569583044801 2278332179204
4860 OFL *  1
4861 CHN 0 569757694941 2279030779764
4862 CHN 0 569762473777 2279049895108
4863 CHN 0 569813027104 2279252108416
4864 CHN 0 569934085217 2279736340868
4865 OFL *  1
4866 CHN 0 569954174505 2279816698020
4867 CHN 0 570079315471 2280317261884
4868 OFL *  1
4869 CHN 0 570149921057 2280599684228
4870 OFL *  1
4871 CHN 0 570410267731 2281641070924
4872 CHN 0 570417947429 2281671789716
4873 OFL *  1
4874 CHN 0 570663484678 2282653938712
4875 CHN 0 570764191120 2283056764480
4876 OFL *  1
4877 OFL *  1
4878 OFL *  1
4879 CHN 0 571336036006 2285344144024
4880 CHN 0 571377653278 2285510613112
4881 OFL *  1
4882 OFL *  1
4883 OFL *  1
4884 CHN 0 571866110077 2287464440308
4885 OFL *  1
4886 CHN 0 572072148127 2288288592508
4887 OFL *  1
4888 CHN 0 572374046554 2289496186216
4889 OFL *  1
4890 OFL *  1
4891 OFL *  1
4892 CHN 0 572990768747 2291963074988
4893 CHN 0 573063192243 2292252768972
4894 OFL *  1
4895 CHN 0 573271268513 2293085074052
4896 OFL *  1
4897 OFL *  1
4898 CHN 0 573725558612 2294902234448
4899 OFL *  1
4900 CHN 0 573841198661 2295364794644
4901 CHN 0 573906126128 2295624504512
4902 OFL *  1
4903 CHN 0 574044215431 2296176861724
4904 OFL *  1
4905 CHN 0 574296535569 2297186142276
4906 CHN 0 574305456262 2297221825048
4907 OFL *  1
4908 CHN 0 574509484987 2298037939948
4909 CHN 0 574541511884 2298166047536
4910 OFL *  1
4911 CHN 0 574697548457 2298790193828
4912 OFL *  1
4913 CHN 0 574930941508 2299723766032
4914 OFL *  1
4915 CHN 0 575154973179 2300619892716
4916 OFL *  1
4917 CHN 0 575370287951 2301481151804
4918 OFL *  1
4919 OFL *  1
4920 OFL *  1
4921 CHN 0 575906658042 2303626632168
4922 OFL *  1
4923 CHN 0 576077233054 2304308932216
4924 CHN 0 576231073129 2304924292516
4925 OFL *  1
4926 OFL *  1
4927 CHN 0 576487269247 2305949076988
4928 OFL *  1
4929 OFL *  1
4930 OFL *  1
4931 OFL *  1
4932 OFL *  1
4933 CHN 0 577598255291 2310393021164
4934 OFL *  1
4935 OFL *  1
4936 CHN 0 578081575505 2312326302020
4937 OFL *  1
4938 OFL *  1
4939 CHN 0 578430637145 2313722548580
4940 CHN 0 578453477895 2313813911580
4941 OFL *  1
4942 OFL *  1
4943 CHN 0 578877297233 2315509188932
4944 OFL *  1
4945 CHN 0 579110251587 2316441006348
4946 OFL *  1
4947 OFL *  1
4948 OFL *  1
4949 CHN 0 579653496301 2318613985204
4950 CHN 0 579742064624 2318968258496
4951 OFL *  1
4952 CHN 0 579888360139 2319553440556
4953 OFL *  1
4954 OFL *  1
4955 OFL *  1
4956 OFL *  1
4957 OFL *  1
4958 OFL *  1
4959 OFL *  1
4960 CHN 0 581459960796 2325839843184
4961 CHN 0 581460094729 2325840378916
4962 OFL *  1
4963 OFL *  1
4964 OFL *  1
4965 OFL *  1
4966 CHN 0 582289995436 2329159981744
4967 OFL *  1
4968 OFL *  1
4969 CHN 0 582759814183 2331039256732
4970 OFL *  1
4971 CHN 0 582829202328 2331316809312
4972 OFL *  1
4973 CHN 0 583053241755 2332212967020
4974 OFL *  1
4975 OFL *  1
4976 OFL *  1
4977 CHN 0 583810253369 2335241013476
4978 OFL *  1
4979 OFL *  1
4980 CHN 0 584246766326 2336987065304
4981 CHN 0 584246925204 2336987700816
4982 OFL *  1
4983 CHN 0 584273180639 2337092722556
4984 CHN 0 584385311239 2337541244956
4985 OFL *  1
4986 CHN 0 584611507372 2338446029488
4987 OFL *  1
4988 OFL *  1
4989 OFL *  1
4990 OFL *  1
4991 CHN 0 585357043645 2341428174580
4992 CHN 0 585365175935 2341460703740
4993 CHN 0 585502092832 2342008371328
4994 OFL *  1
4995 CHN 0 585598337205 2342393348820
4996 CHN 0 585723206253 2342892825012
4997 OFL *  1
4998 CHN 0 585897305551 2343589222204
4999 OFL *  1
5000 CHN 0 586010977222 2344043908888
5001 CHN 0 586064388693 2344257554772
5002 OFL *  1
5003 CHN 0 586202532925 2344810131700
5004 OFL *  1
5005 OFL *  1
5006 OFL *  1
5007 CHN 0 586922585416 2347690341664
5008 OFL *  1
5009 CHN 0 587082200590 2348328802360
5010 OFL *  1
5011 OFL *  1
5012 OFL *  1
5013 OFL *  1
5014 OFL *  1
5015 CHN 0 588144030499 2352576121996
5016 OFL *  1
5017 CHN 0 588290353826 2353161415304
5018 CHN 0 588337382490 2353349529960
5019 OFL *  1
5020 CHN 0 588505156094 2354020624376
5021 OFL *  1
5022 CHN 0 588897738128 2355590952512
5023 OFL *  1
5024 OFL *  1
5025 CHN 0 589146525633 2356586102532
5026 OFL *  1
5027 CHN 0 589483439427 2357933757708
5028 CHN 0 589517423119 2358069692476
5029 OFL *  1
5030 CHN 0 589568581253 2358274325012
5031 OFL *  1
5032 CHN 0 589748238667 2358992954668
5033 CHN 0 589825515953 2359302063812
5034 OFL *  1
5035 CHN 0 590076526164 2360306104656
5036 CHN 0 590151825788 2360607303152
5037 OFL *  1
5038 OFL *  1
5039 OFL *  1
5040 CHN 0 590651828212 2362607312848
5041 OFL *  1
5042 OFL *  1
5043 CHN 0 591087884695 2364351538780
5044 OFL *  1
5045 CHN 0 591238776831 2364955107324
5046 CHN 0 591266860028 2365067440112
5047 CHN 0 591270394639 2365081578556
5048 OFL *  1
5049 CHN 0 591462415627 2365849662508
5050 CHN 0 591536989381 2366147957524
5051 CHN 0 591571944106 2366287776424
5052 CHN 0 591632056586 2366528226344
5053 OFL *  1
5054 CHN 0 591760556472 2367042225888
5055 OFL *  1
5056 OFL *  1
5057 CHN 0 592148040228 2368592160912
5058 OFL *  1
5059 CHN 0 592426733286 2369706933144
5060 OFL *  1
5061 OFL *  1
5062 CHN 0 592718189438 2370872757752
5063 CHN 0 592855249970 2371420999880
5064 CHN 0 592857491156 2371429964624
5065 OFL *  1
5066 CHN 0 593112563319 2372450253276
5067 OFL *  1
5068 CHN 0 593121021630 2372484086520
5069 OFL *  1
5070 CHN 0 593360347490 2373441389960
5071 OFL *  1
5072 CHN 0 593603842952 2374415371808
5073 CHN 0 593626408641 2374505634564
5074 OFL *  1
5075 CHN 0 593807523500 2375230094000
5076 CHN 0 593821036350 2375284145400
5077 OFL *  1
5078 OFL *  1
5079 CHN 0 594349796141 2377399184564
5080 OFL *  1
5081 CHN 0 594443476324 2377773905296
5082 CHN 0 594473869665 2377895478660
5083 CHN 0 594567905310 2378271621240
5084 OFL *  1
5085 CHN 0 594621088384 2378484353536
5086 CHN 0 594676909105 2378707636420
5087 OFL *  1
5088 CHN 0 594919204248 2379676816992
5089 CHN 0 595007861446 2380031445784
5090 OFL *  1
5091 CHN 0 595067162297 2380268649188
5092 OFL *  1
5093 OFL *  1
5094 CHN 0 595622604517 2382490418068
5095 OFL *  1
5096 CHN 0 595698724490 2382794897960
5097 OFL *  1
5098 CHN 0 596015196078 2384060784312
5099 OFL *  1
5100 CHN 0 596106466443 2384425865772
5101 CHN 0 596193055698 2384772222792
5102 OFL *  1
5103 CHN 0 596415078286 2385660313144
5104 OFL *  1
5105 CHN 0 596545435373 2386181741492
5106 CHN 0 596567993051 2386271972204
5107 OFL *  1
5108 OFL *  1
5109 CHN 0 597044940402 2388179761608
5110 CHN 0 597089636909 2388358547636
5111 OFL *  1
5112 OFL *  1
5113 OFL *  1
5114 OFL *  1
5115 CHN 0 597918401526 2391673606104
5116 OFL *  1
5117 OFL *  1
5118 OFL *  1
5119 CHN 0 598438924523 2393755698092
5120 CHN 0 598583106677 2394332426708
5121 OFL *  1
5122 CHN 0 598636711454 2394546845816
5123 OFL *  1
5124 CHN 0 598840522827 2395362091308
5125 CHN 0 598881725814 2395526903256
5126 OFL *  1
5127 CHN 0 599107154381 2396428617524
5128 OFL *  1
5129 OFL *  1
5130 OFL *  1
5131 CHN 0 599822981941 2399291927764
5132 OFL *  1
5133 CHN 0 599904163047 2399616652188
5134 CHN 0 599924030937 2399696123748
5135 CHN 0 599979919654 2399919678616
5136 OFL *  1
5137 CHN 0 600236038921 2400944155684
5138 OFL *  1
5139 OFL *  1
5140 CHN 0 600510122874 2402040491496
5141 OFL *  1
5142 CHN 0 600811533260 2403246133040
5143 OFL *  1
5144 OFL *  1
5145 OFL *  1
5146 CHN 0 601348675302 2405394701208
5147 CHN 0 601457187618 2405828750472
5148 OFL *  1
5149 OFL *  1
5150 CHN 0 601769695307 2407078781228
5151 CHN 0 601830088912 2407320355648
5152 OFL *  1
5153 CHN 0 602082828144 2408331312576
5154 OFL *  1
5155 OFL *  1
5156 CHN 0 602510839970 2410043359880
5157 OFL *  1
5158 CHN 0 602714883767 2410859535068
5159 CHN 0 602716163275 2410864653100
5160 CHN 0 602773546241 2411094184964
5161 CHN 0 602774729788 2411098919152
5162 OFL *  1
5163 CHN 0 602910772708 2411643090832
5164 CHN 0 602911931857 2411647727428
5165 OFL *  1
5166 CHN 0 603037317297 2412149269188
5167 OFL *  1
5168 CHN 0 603274595787 2413098383148
5169 CHN 0 603300517735 2413202070940
5170 CHN 0 603348613978 2413394455912
5171 CHN 0 603365565595 2413462262380
5172 CHN 0 603380350969 2413521403876
5173 CHN 0 603387710283 2413550841132
5174 CHN 0 603428678050 2413714712200
5175 OFL *  1
5176 CHN 0 603635521373 2414542085492
5177 OFL *  1
5178 CHN 0 603672264102 2414689056408
5179 CHN 0 603764203798 2415056815192
5180 OFL *  1
5181 OFL *  1
5182 OFL *  1
5183 OFL *  1
5184 CHN 0 604593062895 2418372251580
5185 CHN 0 604609718950 2418438875800
5186 CHN 0 604632679282 2418530717128
5187 OFL *  1
5188 CHN 0 604739136081 2418956544324
5189 CHN 0 604890424471 2419561697884
5190 OFL *  1
5191 OFL *  1
5192 CHN 0 605203346196 2420813384784
5193 CHN 0 605311696809 2421246787236
5194 OFL *  1
5195 CHN 0 605536663485 2422146653940
5196 OFL *  1
5197 CHN 0 605717566767 2422870267068
5198 OFL *  1
5199 OFL *  1
5200 CHN 0 606016665334 2424066661336
5201 CHN 0 606129530849 2424518123396
5202 OFL *  1
5203 CHN 0 606310320362 2425241281448
5204 OFL *  1
5205 OFL *  1
5206 OFL *  1
5207 OFL *  1
5208 CHN 0 607032133311 2428128533244
5209 OFL *  1
5210 OFL *  1
5211 OFL *  1
5212 CHN 0 607742557884 2430970231536
5213 OFL *  1
5214 OFL *  1
5215 OFL *  1
5216 CHN 0 608429763897 2433719055588
5217 OFL *  1
5218 OFL *  1
5219 OFL *  1
5220 OFL *  1
5221 OFL *  1
5222 CHN 0 609460699495 2437842797980
5223 OFL *  1
5224 CHN 0 609724011670 2438896046680
5225 OFL *  1
5226 CHN 0 609800933831 2439203735324
5227 OFL *  1
5228 CHN 0 610043768756 2440175075024
5229 CHN 0 610056914709 2440227658836
5230 CHN 0 610073466840 2440293867360
5231 CHN 0 610088668929 2440354675716
5232 CHN 0 610148970383 2440595881532
5233 OFL *  1
5234 OFL *  1
5235 CHN 0 610421538053 2441686152212
5236 CHN 0 610429002901 2441716011604
5237 CHN 0 610480695106 2441922780424
5238 CHN 0 610489340477 2441957361908
5239 OFL *  1
5240 CHN 0 610633333559 2442533334236
5241 OFL *  1
5242 CHN 0 610944860976 2443779443904
5243 OFL *  1
5244 OFL *  1
5245 CHN 0 611266815130 2445067260520
5246 OFL *  1
5247 OFL *  1
5248 OFL *  1
5249 CHN 0 611961503941 2447846015764
5250 CHN 0 612031398750 2448125595000
5251 OFL *  1
5252 OFL *  1
5253 OFL *  1
5254 CHN 0 612589949552 2450359798208
5255 OFL *  1
5256 OFL *  1
5257 OFL *  1
5258 OFL *  1
5259 OFL *  1
5260 OFL *  1
5261 CHN 0 613775563983 2455102255932
5262 CHN 0 613775857017 2455103428068
5263 OFL *  1
5264 OFL *  1
5265 CHN 0 614201824521 2456807298084
5266 CHN 0 614311010919 2457244043676
5267 OFL *  1
5268 CHN 0 614483061180 2457932244720
5269 OFL *  1
5270 CHN 0 614742777267 2458971109068
5271 CHN 0 614744160321 2458976641284
5272 CHN 0 614798948533 2459195794132
5273 CHN 0 614800947927 2459203791708
5274 OFL *  1
5275 CHN 0 615002914873 2460011659492
5276 OFL *  1
5277 OFL *  1
5278 OFL *  1
5279 OFL *  1
5280 CHN 0 615846822469 2463387289876
5281 OFL *  1
5282 CHN 0 615965875865 2463863503460
5283 CHN 0 615966111577 2463864446308
5284 OFL *  1
5285 CHN 0 616122054584 2464488218336
5286 CHN 0 616156556365 2464626225460
5287 CHN 0 616223573711 2464894294844
5288 OFL *  1
5289 CHN 0 616389701629 2465558806516
5290 OFL *  1
5291 CHN 0 616613401369 2466453605476
5292 OFL *  1
5293 CHN 0 616730925785 2466923703140
5294 OFL *  1
5295 CHN 0 617026832872 2468107331488
5296 CHN 0 617044107760 2468176431040
5297 CHN 0 617051841855 2468207367420
5298 OFL *  1
5299 CHN 0 617191715214 2468766860856
5300 CHN 0 617263017984 2469052071936
5301 OFL *  1
5302 OFL *  1
5303 OFL *  1
5304 CHN 0 617852562623 2471410250492
5305 CHN 0 617888148600 2471552594400
5306 OFL *  1
5307 OFL *  1
5308 CHN 0 618351122654 2473404490616
5309 OFL *  1
5310 OFL *  1
5311 CHN 0 618656166191 2474624664764
5312 OFL *  1
5313 CHN 0 618875962491 2475503849964
5314 CHN 0 618879656522 2475518626088
5315 CHN 0 618881366625 2475525466500
5316 CHN 0 618898643972 2475594575888
5317 CHN 0 618943317627 2475773270508
5318 CHN 0 618968527614 2475874110456
5319 OFL *  1
5320 CHN 0 619240840776 2476963363104
5321 OFL *  1
5322 CHN 0 619421112359 2477684449436
5323 OFL *  1
5324 OFL *  1
5325 CHN 0 619790543653 2479162174612
5326 CHN 0 619835049178 2479340196712
5327 OFL *  1
5328 OFL *  1
5329 OFL *  1
5330 OFL *  1
5331 OFL *  1
5332 OFL *  1
5333 OFL *  1
5334 CHN 0 621314945760 2485259783040
5335 OFL *  1
5336 CHN 0 621529780764 2486119123056
5337 CHN 0 621529840765 2486119363060
5338 CHN 0 621529863735 2486119454940
5339 OFL *  1
5340 OFL *  1
5341 CHN 0 621809804252 2487239217008
5342 OFL *  1
5343 CHN 0 622072641544 2488290566176
5344 CHN 0 622085770106 2488343080424
5345 OFL *  1
5346 CHN 0 622339288077 2489357152308
5347 OFL *  1
5348 CHN 0 622570526056 2490282104224
5349 CHN 0 622572426119 2490289704476
5350 OFL *  1
5351 OFL *  1
5352 OFL *  1
5353 OFL *  1
5354 OFL *  1
5355 OFL *  1
5356 OFL *  1
5357 OFL *  1
5358 OFL *  1
5359 CHN 0 624384787609 2497539150436
5360 CHN 0 624448909193 2497795636772
5361 OFL *  1
5362 CHN 0 624632403197 2498529612788
5363 OFL *  1
5364 CHN 0 624724630827 2498898523308
5365 OFL *  1
5366 CHN 0 624947223425 2499788893700
5367 CHN 0 624953931602 2499815726408
5368 CHN 0 625080656463 2500322625852
5369 OFL *  1
5370 OFL *  1
5371 CHN 0 625549970695 2502199882780
5372 OFL *  1
5373 OFL *  1
5374 OFL *  1
5375 OFL *  1
5376 CHN 0 626363367738 2505453470952
5377 OFL *  1
5378 OFL *  1
5379 CHN 0 626746228756 2506984915024
5380 CHN 0 626809204996 2507236819984
5381 OFL *  1
5382 OFL *  1
5383 OFL *  1
5384 CHN 0 627282109003 2509128436012
5385 CHN 0 627333243753 2509332975012
5386 CHN 0 627346827982 2509387311928
5387 CHN 0 627441053955 2509764215820
5388 OFL *  1
5389 CHN 0 627474280068 2509897120272
5390 OFL *  1
5391 CHN 0 627793294521 2511173178084
5392 CHN 0 627857648470 2511430593880
5393 OFL *  1
5394 CHN 0 627884290509 2511537162036
5395 CHN 0 627920896369 2511683585476
5396 CHN 0 628056920159 2512227680636
5397 OFL *  1
5398 CHN 0 628202494450 2512809977800
5399 CHN 0 628230914897 2512923659588
5400 OFL *  1
5401 CHN 0 628313030380 2513252121520
5402 CHN 0 628407012880 2513628051520
5403 OFL *  1
5404 CHN 0 628618522240 2514474088960
5405 CHN 0 628677511221 2514710044884
5406 OFL *  1
5407 OFL *  1
5408 OFL *  1
5409 CHN 0 629175443779 2516701775116
5410 CHN 0 629232399667 2516929598668
5411 CHN 0 629288276440 2517153105760
5412 OFL *  1
5413 CHN 0 629523608000 2518094432000
5414 OFL *  1
5415 CHN 0 629713481143 2518853924572
5416 OFL *  1
5417 CHN 0 629778242496 2519112969984
5418 CHN 0 629819302297 2519277209188
5419 CHN 0 629930053089 2519720212356
5420 CHN 0 629958317776 2519833271104
5421 OFL *  1
5422 CHN 0 630172355777 2520689423108
5423 OFL *  1
5424 OFL *  1
5425 CHN 0 630537924778 2522151699112
5426 OFL *  1
5427 CHN 0 630761813014 2523047252056
5428 CHN 0 630768891039 2523075564156
5429 OFL *  1
5430 OFL *  1
5431 OFL *  1
5432 CHN 0 631294780057 2525179120228
5433 CHN 0 631430413759 2525721655036
5434 OFL *  1
5435 CHN 0 631496173513 2525984694052
5436 OFL *  1
5437 CHN 0 631719284207 2526877136828
5438 OFL *  1
5439 CHN 0 631892601631 2527570406524
5440 CHN 0 631905764264 2527623057056
5441 OFL *  1
5442 CHN 0 632258634711 2529034538844
5443 OFL *  1
5444 OFL *  1
5445 OFL *  1
5446 OFL *  1
5447 OFL *  1
5448 OFL *  1
5449 OFL *  1
5450 CHN 0 633581719929 2534326879716
5451 CHN 0 633665546712 2534662186848
5452 OFL *  1
5453 CHN 0 633841386948 2535365547792
5454 CHN 0 633858553966 2535434215864
5455 CHN 0 633861118619 2535444474476
5456 OFL *  1
5457 CHN 0 633992888807 2535971555228
5458 CHN 0 634045363985 2536181455940
5459 OFL *  1
5460 CHN 0 634407256878 2537629027512
5461 OFL *  1
5462 CHN 0 634447383402 2537789533608
5463 CHN 0 634562057148 2538248228592
5464 OFL *  1
5465 CHN 0 634677395768 2538709583072
5466 OFL *  1
5467 OFL *  1
5468 CHN 0 635210277052 2540841108208
5469 OFL *  1
5470 OFL *  1
5471 OFL *  1
5472 OFL *  1
5473 OFL *  1
5474 CHN 0 636228745480 2544914981920
5475 OFL *  1
5476 OFL *  1
5477 CHN 0 636561691116 2546246764464
5478 CHN 0 636602255449 2546409021796
5479 OFL *  1
5480 OFL *  1
5481 OFL *  1
5482 CHN 0 637192732930 2548770931720
5483 OFL *  1
5484 OFL *  1
5485 OFL *  1
5486 CHN 0 637923413620 2551693654480
5487 OFL *  1
5488 OFL *  1
5489 OFL *  1
5490 OFL *  1
5491 OFL *  1
5492 OFL *  1
5493 CHN 0 639161549008 2556646196032
5494 OFL *  1
5495 OFL *  1
5496 OFL *  1
5497 OFL *  1
5498 CHN 0 639935850384 2559743401536
5499 CHN 0 640087887306 2560351549224
5500 OFL *  1
5501 OFL *  1
5502 OFL *  1
5503 OFL *  1
5504 CHN 0 640811101150 2563244404600
5505 CHN 0 640882552357 2563530209428
5506 OFL *  1
5507 CHN 0 641150417670 2564601670680
5508 OFL *  1
5509 CHN 0 641261317499 2565045269996
5510 CHN 0 641283830344 2565135321376
5511 OFL *  1
5512 OFL *  1
5513 OFL *  1
5514 CHN 0 641914316715 2567657266860
5515 OFL *  1
5516 CHN 0 642010333136 2568041332544
5517 OFL *  1
5518 OFL *  1
5519 CHN 0 642438042119 2569752168476
5520 OFL *  1
5521 OFL *  1
5522 CHN 0 642866700931 2571466803724
5523 OFL *  1
5524 CHN 0 643162865278 2572651461112
5525 CHN 0 643199703466 2572798813864
5526 CHN 0 643208167099 2572832668396
5527 CHN 0 643222092332 2572888369328
5528 OFL *  1
5529 CHN 0 643439791062 2573759164248
5530 OFL *  1
5531 OFL *  1
5532 CHN 0 643753817950 2575015271800
5533 CHN 0 643858593162 2575434372648
5534 OFL *  1
5535 OFL *  1
5536 CHN 0 644278167610 2577112670440
5537 OFL *  1
5538 CHN 0 644368677244 2577474708976
5539 OFL *  1
5540 OFL *  1
5541 OFL *  1
5542 OFL *  1
5543 OFL *  1
5544 OFL *  1
5545 CHN 0 645641341672 2582565366688
5546 OFL *  1
5547 OFL *  1
5548 OFL *  1
5549 OFL *  1
5550 OFL *  1
5551 CHN 0 646796654801 2587186619204
5552 CHN 0 646814145195 2587256580780
5553 OFL *  1
5554 OFL *  1
5555 CHN 0 647088546203 2588354184812
5556 OFL *  1
5557 CHN 0 647278918236 2589115672944
5558 CHN 0 647312070478 2589248281912
5559 CHN 0 647417907669 2589671630676
5560 CHN 0 647448332701 2589793330804
5561 OFL *  1
5562 CHN 0 647525580968 2590102323872
5563 OFL *  1
5564 CHN 0 647774467837 2591097871348
5565 CHN 0 647833306514 2591333226056
5566 CHN 0 647886967267 2591547869068
5567 OFL *  1
5568 OFL *  1
5569 OFL *  1
5570 OFL *  1
5571 CHN 0 648733115072 2594932460288
5572 OFL *  1
5573 OFL *  1
5574 OFL *  1
5575 CHN 0 649269906802 2597079627208
5576 OFL *  1
5577 CHN 0 649429584354 2597718337416
5578 OFL *  1
5579 CHN 0 649658021864 2598632087456
5580 OFL *  1
5581 OFL *  1
5582 OFL *  1
5583 OFL *  1
5584 OFL *  1
5585 CHN 0 650684593434 2602738373736
5586 OFL *  1
5587 OFL *  1
5588 CHN 0 651247977986 2604991911944
5589 OFL *  1
5590 CHN 0 651391852660 2605567410640
5591 CHN 0 651439371036 2605757484144
5592 OFL *  1
5593 CHN 0 651522345736 2606089382944
5594 OFL *  1
5595 CHN 0 651715735886 2606862943544
5596 OFL *  1
5597 CHN 0 651961481487 2607845925948
5598 OFL *  1
5599 CHN 0 652306840577 2609227362308
5600 OFL *  1
5601 CHN 0 652411083354 2609644333416
5602 OFL *  1
5603 CHN 0 652556806446 2610227225784
5604 CHN 0 652628383206 2610513532824
5605 OFL *  1
5606 OFL *  1
5607 OFL *  1
5608 CHN 0 653233362851 2612933451404
5609 OFL *  1
5610 CHN 0 653396513834 2613586055336
5611 OFL *  1
5612 CHN 0 653625649072 2614502596288
5613 CHN 0 653736235131 2614944940524
5614 OFL *  1
5615 OFL *  1
5616 OFL *  1
5617 CHN 0 654377788320 2617511153280
5618 CHN 0 654421728533 2617686914132
5619 OFL *  1
5620 OFL *  1
5621 CHN 0 654690789990 2618763159960
5622 OFL *  1
5623 CHN 0 655039406040 2620157624160
5624 OFL *  1
5625 OFL *  1
5626 CHN 0 655335633808 2621342535232
5627 OFL *  1
5628 CHN 0 655624881408 2622499525632
5629 OFL *  1
5630 CHN 0 655711633483 2622846533932
5631 CHN 0 655759381395 2623037525580
5632 OFL *  1
5633 OFL *  1
5634 CHN 0 656236619000 2624946476000
5635 OFL *  1
5636 OFL *  1
5637 OFL *  1
5638 OFL *  1
5639 CHN 0 657122295220 2628489180880
5640 OFL *  1
5641 OFL *  1
5642 CHN 0 657405361326 2629621445304
5643 CHN 0 657498331642 2629993326568
5644 CHN 0 657560637674 2630242550696
5645 OFL *  1
5646 CHN 0 657741478805 2630965915220
5647 OFL *  1
5648 OFL *  1
5649 CHN 0 658056274687 2632225098748
5650 OFL *  1
5651 CHN 0 658425301276 2633701205104
5652 OFL *  1
5653 OFL *  1
5654 OFL *  1
5655 OFL *  1
5656 OFL *  1
5657 OFL *  1
5658 OFL *  1
5659 OFL *  1
5660 CHN 0 659963074993 2639852299972
5661 CHN 0 660093146756 2640372587024
5662 OFL *  1
5663 OFL *  1
5664 CHN 0 660358073760 2641432295040
5665 OFL *  1
5666 OFL *  1
5667 OFL *  1
5668 OFL *  1
5669 OFL *  1
5670 OFL *  1
5671 OFL *  1
5672 CHN 0 661883257107 2647533028428
5673 OFL *  1
5674 OFL *  1
5675 CHN 0 662254046000 2649016184000
5676 CHN 0 662280628060 2649122512240
5677 CHN 0 662406832663 2649627330652
5678 OFL *  1
5679 CHN 0 662516054180 2650064216720
5680 CHN 0 662521854137 2650087416548
5681 OFL *  1
5682 CHN 0 662775962892 2651103851568
5683 OFL *  1
5684 CHN 0 662943614001 2651774456004
5685 OFL *  1
5686 CHN 0 663082909980 2652331639920
5687 OFL *  1
5688 OFL *  1
5689 OFL *  1
5690 OFL *  1
5691 CHN 0 664013962136 2656055848544
5692 CHN 0 664117741530 2656470966120
5693 OFL *  1
5694 OFL *  1
5695 OFL *  1
5696 OFL *  1
5697 CHN 0 664818015633 2659272062532
5698 OFL *  1
5699 OFL *  1
5700 OFL *  1
5701 CHN 0 665504413558 2662017654232
5702 OFL *  1
5703 OFL *  1
5704 OFL *  1
5705 CHN 0 666224766028 2664899064112
5706 OFL *  1
5707 OFL *  1
5708 OFL *  1
5709 OFL *  1
5710 OFL *  1
5711 CHN 0 667242255828 2668969023312
5712 CHN 0 667254977812 2669019911248
5713 OFL *  1
5714 OFL *  1
5715 CHN 0 667535497983 2670141991932
5716 OFL *  1
5717 OFL *  1
5718 OFL *  1
5719 CHN 0 668128822131 2672515288524
5720 CHN 0 668148670543 2672594682172
5721 CHN 0 668229517129 2672918068516
5722 OFL *  1
5723 OFL *  1
5724 OFL *  1
5725 CHN 0 668841622633 2675366490532
5726 OFL *  1
5727 OFL *  1
5728 CHN 0 669262738026 2677050952104
5729 OFL *  1
5730 OFL *  1
5731 OFL *  1
5732 OFL *  1
5733 OFL *  1
5734 OFL *  1
5735 CHN 0 670450089880 2681800359520
5736 CHN 0 670552635165 2682210540660
5737 OFL *  1
5738 OFL *  1
5739 CHN 0 670977209939 2683908839756
5740 OFL *  1
5741 CHN 0 671226944920 2684907779680
5742 OFL *  1
5743 OFL *  1
5744 CHN 0 671591792659 2686367170636
5745 CHN 0 671625596489 2686502385956
5746 OFL *  1
5747 OFL *  1
5748 CHN 0 671948305013 2687793220052
5749 OFL *  1
5750 CHN 0 672295935284 2689183741136
5751 OFL *  1
5752 OFL *  1
5753 CHN 0 672591334863 2690365339452
5754 CHN 0 672607113593 2690428454372
5755 OFL *  1
5756 CHN 0 672852322787 2691409291148
5757 CHN 0 672967369244 2691869476976
5758 OFL *  1
5759 OFL *  1
5760 OFL *  1
5761 OFL *  1
5762 OFL *  1
5763 OFL *  1
5764 CHN 0 674233574548 2696934298192
5765 OFL *  1
5766 CHN 0 674383975358 2697535901432
5767 OFL *  1
5768 OFL *  1
5769 OFL *  1
5770 CHN 0 674929442611 2699717770444
5771 OFL *  1
5772 OFL *  1
5773 OFL *  1
5774 OFL *  1
5775 OFL *  1
5776 CHN 0 676070654701 2704282618804
5777 OFL *  1
5778 OFL *  1
5779 CHN 0 676345869896 2705383479584
5780 OFL *  1
5781 OFL *  1
5782 CHN 0 676830111029 2707320444116
5783 OFL *  1
5784 OFL *  1
5785 OFL *  1
5786 CHN 0 677478745831 2709914983324
5787 CHN 0 677580858800 2710323435200
5788 OFL *  1
5789 OFL *  1
5790 OFL *  1
5791 OFL *  1
5792 CHN 0 678331031006 2713324124024
5793 OFL *  1
5794 CHN 0 678519011644 2714076046576
5795 OFL *  1
5796 OFL *  1
5797 CHN 0 679041234308 2716164937232
5798 OFL *  1
5799 CHN 0 679245337445 2716981349780
5800 OFL *  1
5801 CHN 0 679430404948 2717721619792
5802 OFL *  1
5803 OFL *  1
5804 OFL *  1
5805 CHN 0 679974361724 2719897446896
5806 OFL *  1
5807 CHN 0 680177331714 2720709326856
5808 OFL *  1
5809 OFL *  1
5810 OFL *  1
5811 CHN 0 680779936681 2723119746724
5812 OFL *  1
5813 CHN 0 681037790336 2724151161344
5814 CHN 0 681088941907 2724355767628
5815 CHN 0 681186558750 2724746235000
5816 OFL *  1
5817 CHN 0 681248729047 2724994916188
5818 CHN 0 681280773149 2725123092596
5819 OFL *  1
5820 OFL *  1
5821 OFL *  1
5822 OFL *  1
5823 OFL *  1
5824 CHN 0 682241158338 2728964633352
5825 OFL *  1
5826 CHN 0 682517676947 2730070707788
5827 OFL *  1
5828 OFL *  1
5829 OFL *  1
5830 OFL *  1
5831 OFL *  1
5832 OFL *  1
5833 CHN 0 683757034748 2735028138992
5834 OFL *  1
5835 OFL *  1
5836 OFL *  1
5837 OFL *  1
5838 OFL *  1
5839 CHN 0 684824967611 2739299870444
5840 OFL *  1
5841 OFL *  1
5842 CHN 0 685286983675 2741147934700
5843 OFL *  1
5844 OFL *  1
5845 OFL *  1
5846 OFL *  1
5847 OFL *  1
5848 OFL *  1
5849 OFL *  1
5850 OFL *  1
5851 OFL *  1
5852 OFL *  1
5853 OFL *  1
5854 OFL *  1
5855 OFL *  1
5856 OFL *  1
5857 OFL *  1
5858 OFL *  1
5859 OFL *  1
5860 OFL *  1
5861 OFL *  1
5862 OFL *  1
5863 CHN 0 689553692152 2758214768608
5864 OFL *  1
5865 OFL *  1
5866 OFL *  1
5867 OFL *  1
5868 CHN 0 690380742775 2761522971100
5869 OFL *  1
5870 OFL *  1
5871 OFL *  1
5872 OFL *  1
5873 OFL *  1
5874 OFL *  1
5875 OFL *  1
5876 CHN 0 691862151533 2767448606132
5877 OFL *  1
5878 OFL *  1
5879 OFL *  1
5880 OFL *  1
5881 CHN 0 692750272099 2771001088396
5882 OFL *  1
5883 OFL *  1
5884 OFL *  1
5885 OFL *  1
5886 CHN 0 693486241149 2773944964596
5887 CHN 0 693610252119 2774441008476
5888 OFL *  1
5889 CHN 0 693790342308 2775161369232
5890 OFL *  1
5891 OFL *  1
5892 OFL *  1
5893 OFL *  1
5894 OFL *  1
5895 OFL *  1
5896 OFL *  1
5897 OFL *  1
5898 OFL *  1
5899 OFL *  1
5900 OFL *  1
5901 CHN 0 696111885512 2784447542048
5902 OFL *  1
5903 CHN 0 696147558480 2784590233920
5904 OFL *  1
5905 OFL *  1
5906 OFL *  1
5907 OFL *  1
5908 OFL *  1
5909 CHN 0 697318833134 2789275332536
5910 OFL *  1
5911 OFL *  1
5912 OFL *  1
5913 CHN 0 698022261246 2792089044984
5914 OFL *  1
5915 OFL *  1
5916 OFL *  1
5917 OFL *  1
5918 CHN 0 698766789864 2795067159456
5919 OFL *  1
5920 OFL *  1
5921 CHN 0 699136155156 2796544620624
5922 OFL *  1
5923 CHN 0 699474674128 2797898696512
5924 OFL *  1
5925 CHN 0 699557803231 2798231212924
5926 OFL *  1
5927 CHN 0 699900383219 2799601532876
5928 OFL *  1
5929 OFL *  1
5930 OFL *  1
5931 OFL *  1
5932 CHN 0 700778972667 2803115890668
5933 OFL *  1
5934 OFL *  1
5935 OFL *  1
5936 CHN 0 701337934686 2805351738744
5937 OFL *  1
5938 OFL *  1
5939 OFL *  1
5940 OFL *  1
5941 CHN 0 702178210067 2808712840268
5942 OFL *  1
5943 OFL *  1
5944 OFL *  1
5945 OFL *  1
5946 CHN 0 702995652483 2811982609932
5947 OFL *  1
5948 CHN 0 703256739024 2813026956096
5949 OFL *  1
5950 CHN 0 703495443773 2813981775092
5951 OFL *  1
5952 CHN 0 703720473740 2814881894960
5953 OFL *  1
5954 CHN 0 703802417262 2815209669048
5955 OFL *  1
5956 CHN 0 704057679345 2816230717380
5957 OFL *  1
5958 OFL *  1
5959 OFL *  1
5960 CHN 0 704589747377 2818358989508
5961 CHN 0 704678661723 2818714646892
5962 OFL *  1
5963 CHN 0 704901170008 2819604680032
5964 OFL *  1
5965 OFL *  1
5966 CHN 0 705305752933 2821223011732
5967 OFL *  1
5968 CHN 0 705520034712 2822080138848
5969 OFL *  1
5970 OFL *  1
5971 OFL *  1
5972 OFL *  1
5973 CHN 0 706465027977 2825860111908
5974 OFL *  1
5975 OFL *  1
5976 OFL *  1
5977 OFL *  1
5978 OFL *  1
5979 CHN 0 707442929227 2829771716908
5980 OFL *  1
5981 OFL *  1
5982 CHN 0 707938092943 2831752371772
5983 OFL *  1
5984 CHN 0 708053353981 2832213415924
5985 CHN 0 708100183702 2832400734808
5986 CHN 0 708129356487 2832517425948
5987 OFL *  1
5988 OFL *  1
5989 CHN 0 708375918226 2833503672904
5990 CHN 0 708427168983 2833708675932
5991 OFL *  1
5992 OFL *  1
5993 CHN 0 708947974702 2835791898808
5994 OFL *  1
5995 OFL *  1
5996 OFL *  1
5997 OFL *  1
5998 CHN 0 709835237905 2839340951620
5999 OFL *  1
6000 CHN 0 709930322053 2839721288212
6001 CHN 0 709948926314 2839795705256
6002 CHN 0 709982744801 2839930979204
6003 OFL *  1
6004 CHN 0 710055455580 2840221822320
6005 OFL *  1
6006 CHN 0 710304018465 2841216073860
6007 OFL *  1
6008 OFL *  1
6009 CHN 0 710690864538 2842763458152
6010 OFL *  1
6011 CHN 0 710992806507 2843971226028
6012 CHN 0 711044180810 2844176723240
6013 OFL *  1
6014 CHN 0 711219666347 2844878665388
6015 OFL *  1
6016 CHN 0 711487557871 2845950231484
6017 OFL *  1
6018 OFL *  1
6019 CHN 0 711867848021 2847471392084
6020 OFL *  1
6021 OFL *  1
6022 CHN 0 712353559863 2849414239452
6023 OFL *  1
6024 OFL *  1
6025 CHN 0 712620681957 2850482727828
6026 OFL *  1
6027 OFL *  1
6028 CHN 0 713028798071 2852115192284
6029 CHN 0 713035169091 2852140676364
6030 CHN 0 713209796755 2852839187020
6031 OFL *  1
6032 CHN 0 713385398514 2853541594056
6033 OFL *  1
6034 CHN 0 713625525422 2854502101688
6035 OFL *  1
6036 OFL *  1
6037 CHN 0 713848880648 2855395522592
6038 CHN 0 713926261665 2855705046660
6039 OFL *  1
6040 CHN 0 714172658156 2856690632624
6041 OFL *  1
6042 CHN 0 714319072859 2857276291436
6043 OFL *  1
6044 CHN 0 714518286160 2858073144640
6045 OFL *  1
6046 OFL *  1
6047 OFL *  1
6048 OFL *  1
6049 OFL *  1
6050 OFL *  1
6051 OFL *  1
6052 OFL *  1
6053 OFL *  1
6054 OFL *  1
6055 OFL *  1
6056 OFL *  1
6057 OFL *  1
6058 CHN 0 717402912232 2869611648928
6059 CHN 0 717414416104 2869657664416
6060 OFL *  1
6061 OFL *  1
6062 CHN 0 717676073888 2870704295552
6063 CHN 0 717748349219 2870993396876
6064 CHN 0 717826306211 2871305224844
6065 OFL *  1
6066 OFL *  1
6067 OFL *  1
6068 OFL *  1
6069 OFL *  1
6070 OFL *  1
6071 OFL *  1
6072 CHN 0 719201993199 2876807972796
6073 CHN 0 719265545153 2877062180612
6074 OFL *  1
6075 OFL *  1
6076 CHN 0 719616694926 2878466779704
6077 OFL *  1
6078 OFL *  1
6079 CHN 0 720009606842 2880038427368
6080 OFL *  1
6081 CHN 0 720307730466 2881230921864
6082 OFL *  1
6083 CHN 0 720560648368 2882242593472
6084 OFL *  1
6085 OFL *  1
6086 CHN 0 720884630320 2883538521280
6087 OFL *  1
6088 OFL *  1
6089 OFL *  1
6090 OFL *  1
6091 OFL *  1
6092 OFL *  1
6093 CHN 0 722148397980 2888593591920
6094 CHN 0 722213903542 2888855614168
6095 OFL *  1
6096 OFL *  1
6097 OFL *  1
6098 CHN 0 722734247443 2890936989772
6099 OFL *  1
6100 OFL *  1
6101 CHN 0 723325299507 2893301198028
6102 OFL *  1
6103 OFL *  1
6104 CHN 0 723546682642 2894186730568
6105 CHN 0 723610508134 2894442032536
6106 CHN 0 723711676130 2894846704520
6107 OFL *  1
6108 OFL *  1
6109 OFL *  1
6110 CHN 0 724296568712 2897186274848
6111 OFL *  1
6112 CHN 0 724424647173 2897698588692
6113 CHN 0 724446339266 2897785357064
6114 OFL *  1
6115 OFL *  1
6116 OFL *  1
6117 CHN 0 725096965018 2900387860072
6118 OFL *  1
6119 OFL *  1
6120 OFL *  1
6121 OFL *  1
6122 OFL *  1
6123 OFL *  1
6124 OFL *  1
6125 OFL *  1
6126 OFL *  1
6127 OFL *  1
6128 CHN 0 727194387482 2908777549928
6129 OFL *  1
6130 OFL *  1
6131 OFL *  1
6132 OFL *  1
6133 OFL *  1
6134 OFL *  1
6135 OFL *  1
6136 CHN 0 728707606531 2914830426124
6137 CHN 0 728732720409 2914930881636
6138 OFL *  1
6139 OFL *  1
6140 OFL *  1
6141 OFL *  1
6142 CHN 0 729510374736 2918041498944
6143 OFL *  1
6144 OFL *  1
6145 CHN 0 730054566882 2920218267528
6146 OFL *  1
6147 CHN 0 730119887977 2920479551908
6148 OFL *  1
6149 OFL *  1
6150 CHN 0 730562525522 2922250102088
6151 OFL *  1
6152 OFL *  1
6153 CHN 0 731097953613 2924391814452
6154 OFL *  1
6155 OFL *  1
6156 OFL *  1
6157 OFL *  1
6158 OFL *  1
6159 OFL *  1
6160 CHN 0 732184509557 2928738038228
6161 OFL *  1
6162 CHN 0 732403311291 2929613245164
6163 CHN 0 732490150371 2929960601484
6164 CHN 0 732499467305 2929997869220
6165 OFL *  1
6166 CHN 0 732661456425 2930645825700
6167 OFL *  1
6168 CHN 0 732887167816 2931548671264
6169 OFL *  1
6170 CHN 0 733122630252 2932490521008
6171 CHN 0 733174562007 2932698248028
6172 OFL *  1
6173 CHN 0 733415823501 2933663294004
6174 OFL *  1
6175 CHN 0 733579077223 2934316308892
6176 OFL *  1
6177 OFL *  1
6178 CHN 0 733871897764 2935487591056
6179 CHN 0 733882592166 2935530368664
6180 CHN 0 733959161887 2935836647548
6181 CHN 0 734055762924 2936223051696
6182 OFL *  1
6183 CHN 0 734090611695 2936362446780
6184 CHN 0 734267798341 2937071193364
6185 OFL *  1
6186 CHN 0 734453154875 2937812619500
6187 OFL *  1
6188 CHN 0 734495526668 2937982106672
6189 OFL *  1
6190 OFL *  1
6191 CHN 0 735001111930 2940004447720
6192 CHN 0 735080769232 2940323076928
6193 OFL *  1
6194 OFL *  1
6195 OFL *  1
6196 OFL *  1
6197 OFL *  1
6198 CHN 0 736025906529 2944103626116
6199 CHN 0 736047360188 2944189440752
6200 OFL *  1
6201 OFL *  1
6202 CHN 0 736439488707 2945757954828
6203 OFL *  1
6204 OFL *  1
6205 OFL *  1
6206 CHN 0 737043191644 2948172766576
6207 OFL *  1
6208 OFL *  1
6209 CHN 0 737654165946 2950616663784
6210 OFL *  1
6211 CHN 0 737850732093 2951402928372
6212 OFL *  1
6213 CHN 0 738064042153 2952256168612
6214 OFL *  1
6215 OFL *  1
6216 CHN 0 738373083512 2953492334048
6217 OFL *  1
6218 OFL *  1
6219 CHN 0 738879356050 2955517424200
6220 OFL *  1
6221 OFL *  1
6222 CHN 0 739328083863 2957312335452
6223 OFL *  1
6224 OFL *  1
6225 CHN 0 739739408222 2958957632888
6226 CHN 0 739747950268 2958991801072
6227 OFL *  1
6228 CHN 0 739933482820 2959733931280
6229 OFL *  1
6230 CHN 0 740108779484 2960435117936
6231 OFL *  1
6232 OFL *  1
6233 CHN 0 740446535310 2961786141240
6234 OFL *  1
6235 OFL *  1
6236 OFL *  1
6237 OFL *  1
6238 CHN 0 741295530427 2965182121708
6239 CHN 0 741324469522 2965297878088
6240 CHN 0 741342965334 2965371861336
6241 OFL *  1
6242 CHN 0 741469965515 2965879862060
6243 CHN 0 741493715842 2965974863368
6244 CHN 0 741619669771 2966478679084
6245 OFL *  1
6246 CHN 0 741711232806 2966844931224
6247 CHN 0 741857512109 2967430048436
6248 OFL *  1
6249 OFL *  1
6250 CHN 0 742154149652 2968616598608
6251 OFL *  1
6252 OFL *  1
6253 CHN 0 742586568940 2970346275760
6254 CHN 0 742589131169 2970356524676
6255 OFL *  1
6256 CHN 0 742788590316 2971154361264
6257 CHN 0 742862078318 2971448313272
6258 CHN 0 742862222881 2971448891524
6259 CHN 0 742882578839 2971530315356
6260 OFL *  1
6261 CHN 0 742945171932 2971780687728
6262 OFL *  1
6263 CHN 0 743303899920 2973215599680
6264 OFL *  1
6265 CHN 0 743511360469 2974045441876
6266 OFL *  1
6267 OFL *  1
6268 CHN 0 743866320056 2975465280224
6269 CHN 0 743871977450 2975487909800
6270 OFL *  1
6271 CHN 0 744027377917 2976109511668
6272 OFL *  1
6273 CHN 0 744201755091 2976807020364
6274 CHN 0 744381807488 2977527229952
6275 OFL *  1
6276 CHN 0 744404671834 2977618687336
6277 OFL *  1
6278 CHN 0 744691196233 2978764784932
6279 OFL *  1
6280 OFL *  1
6281 CHN 0 745130980658 2980523922632
6282 OFL *  1
6283 CHN 0 745284853111 2981139412444
6284 OFL *  1
6285 CHN 0 745589154868 2982356619472
6286 OFL *  1
6287 OFL *  1
6288 CHN 0 745984398706 2983937594824
6289 OFL *  1
6290 CHN 0 746178952459 2984715809836
6291 OFL *  1
6292 CHN 0 746337364426 2985349457704
6293 CHN 0 746393193010 2985572772040
6294 CHN 0 746467083108 2985868332432
6295 OFL *  1
6296 CHN 0 746661544662 2986646178648
6297 OFL *  1
6298 CHN 0 746827231754 2987308927016
6299 OFL *  1
6300 CHN 0 746960696728 2987842786912
6301 CHN 0 747107733572 2988430934288
6302 OFL *  1
6303 OFL *  1
6304 OFL *  1
6305 CHN 0 747689177875 2990756711500
6306 OFL *  1
6307 OFL *  1
6308 CHN 0 748004552461 2992018209844
6309 CHN 0 748039915525 2992159662100
6310 CHN 0 748110291829 2992441167316
6311 OFL *  1
6312 CHN 0 748348103665 2993392414660
6313 OFL *  1
6314 CHN 0 748568246800 2994272987200
6315 OFL *  1
6316 OFL *  1
6317 CHN 0 748992275781 2995969103124
6318 OFL *  1
6319 OFL *  1
6320 CHN 0 749332834433 2997331337732
6321 OFL *  1
6322 OFL *  1
6323 OFL *  1
6324 CHN 0 749908750889 2999635003556
6325 CHN 0 749980187888 2999920751552
6326 OFL *  1
6327 CHN 0 750203288314 3000813153256
6328 OFL *  1
6329 OFL *  1
6330 CHN 0 750603906160 3002415624640
6331 OFL *  1
6332 CHN 0 750903098722 3003612394888
6333 OFL *  1
6334 OFL *  1
6335 OFL *  1
6336 OFL *  1
6337 OFL *  1
6338 OFL *  1
6339 CHN 0 752012402392 3008049609568
6340 OFL *  1
6341 OFL *  1
6342 CHN 0 752466744217 3009866976868
6343 OFL *  1
6344 CHN 0 752644005343 3010576021372
6345 OFL *  1
6346 OFL *  1
6347 OFL *  1
6348 CHN 0 753418926734 3013675706936
6349 CHN 0 753431334623 3013725338492
6350 OFL *  1
6351 CHN 0 753574577198 3014298308792
6352 OFL *  1
6353 CHN 0 753738047446 3014952189784
6354 OFL *  1
6355 OFL *  1
6356 CHN 0 754288909940 3017155639760
6357 OFL *  1
6358 CHN 0 754302701357 3017210805428
6359 CHN 0 754411910005 3017647640020
6360 OFL *  1
6361 OFL *  1
6362 CHN 0 754886582588 3019546330352
6363 OFL *  1
6364 OFL *  1
6365 CHN 0 755321188497 3021284753988
6366 OFL *  1
6367 CHN 0 755392876214 3021571504856
6368 OFL *  1
6369 CHN 0 755588397142 3022353588568
6370 CHN 0 755757427545 3023029710180
6371 OFL *  1
6372 OFL *  1
6373 OFL *  1
6374 OFL *  1
6375 CHN 0 756525993868 3026103975472
6376 OFL *  1
6377 CHN 0 756677703794 3026710815176
6378 OFL *  1
6379 CHN 0 756871721310 3027486885240
6380 OFL *  1
6381 CHN 0 757060594556 3028242378224
6382 OFL *  1
6383 OFL *  1
6384 OFL *  1
6385 CHN 0 757780618206 3031122472824
6386 OFL *  1
6387 OFL *  1
6388 OFL *  1
6389 CHN 0 758416998586 3033667994344
6390 OFL *  1
6391 OFL *  1
6392 OFL *  1
6393 CHN 0 758941909294 3035767637176
6394 CHN 0 758999120498 3035996481992
6395 CHN 0 759057759038 3036231036152
6396 OFL *  1
6397 OFL *  1
6398 OFL *  1
6399 CHN 0 759660343216 3038641372864
6400 OFL *  1
6401 OFL *  1
6402 OFL *  1
6403 OFL *  1
6404 CHN 0 760442600271 3041770401084
6405 OFL *  1
6406 OFL *  1
6407 OFL *  1
6408 CHN 0 761095774699 3044383098796
6409 OFL *  1
6410 CHN 0 761363086783 3045452347132
6411 OFL *  1
6412 OFL *  1
6413 CHN 0 761699529974 3046798119896
6414 OFL *  1
6415 CHN 0 762035263274 3048141053096
6416 OFL *  1
6417 OFL *  1
6418 OFL *  1
6419 OFL *  1
6420 OFL *  1
6421 OFL *  1
6422 CHN 0 763293846664 3053175386656
6423 OFL *  1
6424 OFL *  1
6425 CHN 0 763680322442 3054721289768
6426 OFL *  1
6427 OFL *  1
6428 OFL *  1
6429 OFL *  1
6430 CHN 0 764530870021 3058123480084
6431 OFL *  1
6432 OFL *  1
6433 CHN 0 764861768058 3059447072232
6434 OFL *  1
6435 OFL *  1
6436 OFL *  1
6437 OFL *  1
6438 OFL *  1
6439 OFL *  1
6440 OFL *  1
6441 CHN 0 766323937600 3065295750400
6442 CHN 0 766408681254 3065634725016
6443 OFL *  1
6444 OFL *  1
6445 OFL *  1
6446 OFL *  1
6447 CHN 0 767178140675 3068712562700
6448 OFL *  1
6449 OFL *  1
6450 OFL *  1
6451 OFL *  1
6452 CHN 0 768131325439 3072525301756
6453 OFL *  1
6454 CHN 0 768255038867 3073020155468
6455 CHN 0 768287027084 3073148108336
6456 OFL *  1
6457 CHN 0 768516193153 3074064772612
6458 OFL *  1
6459 OFL *  1
6460 OFL *  1
6461 CHN 0 769152650986 3076610603944
6462 OFL *  1
6463 CHN 0 769397754963 3077591019852
6464 OFL *  1
6465 OFL *  1
6466 CHN 0 769843360482 3079373441928
6467 OFL *  1
6468 OFL *  1
6469 OFL *  1
6470 OFL *  1
6471 OFL *  1
6472 OFL *  1
6473 OFL *  1
6474 OFL *  1
6475 OFL *  1
6476 CHN 0 771677511501 3086710046004
6477 CHN 0 771703264506 3086813058024
6478 OFL *  1
6479 CHN 0 771907120059 3087628480236
6480 OFL *  1
6481 CHN 0 772080150545 3088320602180
6482 CHN 0 772092969949 3088371879796
6483 CHN 0 772197598866 3088790395464
6484 OFL *  1
6485 CHN 0 772361420547 3089445682188
6486 CHN 0 772395123830 3089580495320
6487 OFL *  1
6488 CHN 0 772473493281 3089893973124
6489 CHN 0 772473716396 3089894865584
6490 CHN 0 772517056911 3090068227644
6491 CHN 0 772582791959 3090331167836
6492 OFL *  1
6493 CHN 0 772780617797 3091122471188
6494 OFL *  1
6495 CHN 0 772911494115 3091645976460
6496 OFL *  1
6497 OFL *  1
6498 CHN 0 773388406027 3093553624108
6499 OFL *  1
6500 CHN 0 773519942671 3094079770684
6501 CHN 0 773606532181 3094426128724
6502 CHN 0 773662736338 3094650945352
6503 OFL *  1
6504 OFL *  1
6505 CHN 0 774022908253 3096091633012
6506 CHN 0 774028850177 3096115400708
6507 CHN 0 774102266161 3096409064644
6508 OFL *  1
6509 OFL *  1
6510 CHN 0 774349316149 3097397264596
6511 OFL *  1
6512 CHN 0 774535158703 3098140634812
6513 OFL *  1
6514 CHN 0 774907047590 3099628190360
6515 OFL *  1
6516 CHN 0 775084731956 3100338927824
6517 OFL *  1
6518 CHN 0 775284344147 3101137376588
6519 CHN 0 775318750570 3101275002280
6520 OFL *  1
6521 OFL *  1
6522 CHN 0 775616521874 3102466087496
6523 OFL *  1
6524 OFL *  1
6525 CHN 0 776050543253 3104202173012
6526 CHN 0 776109676239 3104438704956
6527 OFL *  1
6528 CHN 0 776307557306 3105230229224
6529 OFL *  1
6530 CHN 0 776585463591 3106341854364
6531 OFL *  1
6532 OFL *  1
6533 CHN 0 776865038366 3107460153464
6534 OFL *  1
6535 CHN 0 777207360786 3108829443144
6536 OFL *  1
6537 OFL *  1
6538 OFL *  1
6539 CHN 0 777726187470 3110904749880
6540 OFL *  1
6541 CHN 0 777957307097 3111829228388
6542 OFL *  1
6543 CHN 0 778213348725 3112853394900
6544 CHN 0 778288474126 3113153896504
6545 CHN 0 778294366830 3113177467320
6546 OFL *  1
6547 OFL *  1
6548 CHN 0 778562699994 3114250799976
6549 CHN 0 778707669407 3114830677628
6550 OFL *  1
6551 CHN 0 778742974577 3114971898308
6552 OFL *  1
6553 CHN 0 778994567765 3115978271060
6554 OFL *  1
6555 OFL *  1
6556 CHN 0 779485986073 3117943944292
6557 OFL *  1
6558 CHN 0 779778838263 3119115353052
6559 OFL *  1
6560 OFL *  1
6561 OFL *  1
6562 OFL *  1
6563 OFL *  1
6564 CHN 0 780682384910 3122729539640
6565 CHN 0 780760996884 3123043987536
6566 CHN 0 780793688089 3123174752356
6567 OFL *  1
6568 CHN 0 780890158376 3123560633504
6569 CHN 0 781012434775 3124049739100
6570 OFL *  1
6571 CHN 0 781235506577 3124942026308
6572 OFL *  1
6573 CHN 0 781373845862 3125495383448
6574 OFL *  1
6575 OFL *  1
6576 OFL *  1
6577 OFL *  1
6578 OFL *  1
6579 OFL *  1
6580 OFL *  1
6581 OFL *  1
6582 OFL *  1
6583 OFL *  1
6584 CHN 0 783511992178 3134047968712
6585 OFL *  1
6586 OFL *  1
6587 OFL *  1
6588 OFL *  1
6589 OFL *  1
6590 OFL *  1
6591 CHN 0 784763240390 3139052961560
6592 OFL *  1
6593 CHN 0 784950986067 3139803944268
6594 CHN 0 785009363515 3140037454060
6595 OFL *  1
6596 OFL *  1
6597 CHN 0 785416603246 3141666412984
6598 OFL *  1
6599 OFL *  1
6600 CHN 0 785872648851 3143490595404
6601 CHN 0 785879941119 3143519764476
6602 OFL *  1
6603 OFL *  1
6604 OFL *  1
6605 OFL *  1
6606 OFL *  1
6607 OFL *  1
6608 CHN 0 787134678476 3148538713904
6609 OFL *  1
6610 CHN 0 787321950960 3149287803840
6611 OFL *  1
6612 OFL *  1
6613 OFL *  1
6614 OFL *  1
6615 CHN 0 788024734585 3152098938340
6616 CHN 0 788145240218 3152580960872
6617 OFL *  1
6618 CHN 0 788393129619 3153572518476
6619 OFL *  1
6620 CHN 0 788455892798 3153823571192
6621 CHN 0 788595269641 3154381078564
6622 CHN 0 788631510026 3154526040104
6623 OFL *  1
6624 CHN 0 788826880297 3155307521188
6625 CHN 0 788840451638 3155361806552
6626 OFL *  1
6627 OFL *  1
6628 OFL *  1
6629 OFL *  1
6630 OFL *  1
6631 OFL *  1
6632 OFL *  1
6633 CHN 0 790234412980 3160937651920
6634 CHN 0 790247210447 3160988841788
6635 CHN 0 790258823805 3161035295220
6636 OFL *  1
6637 CHN 0 790440846497 3161763385988
6638 OFL *  1
6639 OFL *  1
6640 OFL *  1
6641 OFL *  1
6642 CHN 0 791175694975 3164702779900
6643 OFL *  1
6644 CHN 0 791398188624 3165592754496
6645 CHN 0 791517267685 3166069070740
6646 OFL *  1
6647 OFL *  1
6648 OFL *  1
6649 CHN 0 792017087165 3168068348660
6650 OFL *  1
6651 OFL *  1
6652 OFL *  1
6653 OFL *  1
6654 CHN 0 792975467011 3171901868044
6655 OFL *  1
6656 OFL *  1
6657 CHN 0 793449882486 3173799529944
6658 OFL *  1
6659 OFL *  1
6660 CHN 0 793708437944 3174833751776
6661 OFL *  1
6662 OFL *  1
6663 CHN 0 794139485599 3176557942396
6664 OFL *  1
6665 OFL *  1
6666 OFL *  1
6667 OFL *  1
6668 CHN 0 795070785688 3180283142752
6669 CHN 0 795108932033 3180435728132
6670 OFL *  1
6671 OFL *  1
6672 CHN 0 795521571083 3182086284332
6673 OFL *  1
6674 OFL *  1
6675 CHN 0 795933166988 3183732667952
6676 OFL *  1
6677 OFL *  1
6678 OFL *  1
6679 CHN 0 796474415107 3185897660428
6680 OFL *  1
6681 OFL *  1
6682 OFL *  1
6683 OFL *  1
6684 CHN 0 797474138063 3189896552252
6685 OFL *  1
6686 CHN 0 797644460548 3190577842192
6687 OFL *  1
6688 OFL *  1
6689 CHN 0 798069104909 3192276419636
6690 OFL *  1
6691 CHN 0 798145436122 3192581744488
6692 CHN 0 798166586059 3192666344236
6693 OFL *  1
6694 OFL *  1
6695 CHN 0 798658522986 3194634091944
6696 OFL *  1
6697 OFL *  1
6698 OFL *  1
6699 CHN 0 799347290495 3197389161980
6700 OFL *  1
6701 CHN 0 799496294333 3197985177332
6702 CHN 0 799535381540 3198141526160
6703 OFL *  1
6704 OFL *  1
6705 CHN 0 800014809801 3200059239204
6706 OFL *  1
6707 CHN 0 800116536683 3200466146732
6708 CHN 0 800177694009 3200710776036
6709 OFL *  1
6710 CHN 0 800261521587 3201046086348
6711 OFL *  1
6712 CHN 0 800507395033 3202029580132
6713 CHN 0 800511401849 3202045607396
6714 OFL *  1
6715 CHN 0 800688889072 3202755556288
6716 CHN 0 800696457777 3202785831108
6717 OFL *  1
6718 OFL *  1
6719 OFL *  1
6720 CHN 0 801363721447 3205454885788
6721 OFL *  1
6722 CHN 0 801544410536 3206177642144
6723 OFL *  1
6724 CHN 0 801898625747 3207594502988
6725 OFL *  1
6726 CHN 0 802067010805 3208268043220
6727 OFL *  1
6728 OFL *  1
6729 OFL *  1
6730 OFL *  1
6731 OFL *  1
6732 CHN 0 802972586975 3211890347900
6733 OFL *  1
6734 OFL *  1
6735 OFL *  1
6736 OFL *  1
6737 OFL *  1
6738 CHN 0 804223922967 3216895691868
6739 OFL *  1
6740 OFL *  1
6741 OFL *  1
6742 CHN 0 804804947103 3219219788412
6743 OFL *  1
6744 OFL *  1
6745 OFL *  1
6746 CHN 0 805423354266 3221693417064
6747 OFL *  1
6748 OFL *  1
6749 CHN 0 805722471159 3222889884636
6750 CHN 0 805734970757 3222939883028
6751 CHN 0 805735798688 3222943194752
6752 OFL *  1
6753 OFL *  1
6754 OFL *  1
6755 OFL *  1
6756 OFL *  1
6757 CHN 0 806840392947 3227361571788
6758 CHN 0 806874941063 3227499764252
6759 OFL *  1
6760 CHN 0 806979899293 3227919597172
6761 CHN 0 806982615558 3227930462232
6762 OFL *  1
6763 CHN 0 807325401442 3229301605768
6764 OFL *  1
6765 OFL *  1
6766 CHN 0 807759661813 3231038647252
6767 OFL *  1
6768 CHN 0 807879038964 3231516155856
6769 OFL *  1
6770 OFL *  1
6771 OFL *  1
6772 OFL *  1
6773 OFL *  1
6774 CHN 0 808942767441 3235771069764
6775 OFL *  1
6776 OFL *  1
6777 CHN 0 809468485695 3237873942780
6778 OFL *  1
6779 OFL *  1
6780 CHN 0 809887893744 3239551574976
6781 OFL *  1
6782 CHN 0 809957924554 3239831698216
6783 OFL *  1
6784 CHN 0 810145042360 3240580169440
6785 CHN 0 810238805412 3240955221648
6786 CHN 0 810291606666 3241166426664
6787 OFL *  1
6788 CHN 0 810367789831 3241471159324
6789 OFL *  1
6790 OFL *  1
6791 OFL *  1
6792 OFL *  1
6793 OFL *  1
6794 CHN 0 811405864380 3245623457520
6795 CHN 0 811573199622 3246292798488
6796 OFL *  1
6797 CHN 0 811610460848 3246441843392
6798 OFL *  1
6799 OFL *  1
6800 CHN 0 812152664321 3248610657284
6801 OFL *  1
6802 CHN 0 812347736710 3249390946840
6803 OFL *  1
6804 CHN 0 812563120876 3250252483504
6805 OFL *  1
6806 OFL *  1
6807 CHN 0 813033864841 3252135459364
6808 OFL *  1
6809 CHN 0 813282647657 3253130590628
6810 OFL *  1
6811 OFL *  1
6812 CHN 0 813597531091 3254390124364
6813 CHN 0 813617764426 3254471057704
6814 OFL *  1
6815 OFL *  1
6816 CHN 0 813972930564 3255891722256
6817 CHN 0 814041892073 3256167568292
6818 CHN 0 814066624469 3256266497876
6819 OFL *  1
6820 CHN 0 814309664102 3257238656408
6821 OFL *  1
6822 OFL *  1
6823 OFL *  1
6824 CHN 0 814830313618 3259321254472
6825 OFL *  1
6826 CHN 0 814996867119 3259987468476
6827 CHN 0 815180161128 3260720644512
6828 OFL *  1
6829 OFL *  1
6830 CHN 0 815500362718 3262001450872
6831 OFL *  1
6832 CHN 0 815764035674 3263056142696
6833 OFL *  1
6834 OFL *  1
6835 OFL *  1
6836 OFL *  1
6837 OFL *  1
6838 CHN 0 816717944750 3266871779000
6839 CHN 0 816760799959 3267043199836
6840 OFL *  1
6841 OFL *  1
6842 OFL *  1
6843 CHN 0 817369933402 3269479733608
6844 CHN 0 817474808827 3269899235308
6845 OFL *  1
6846 CHN 0 817639889193 3270559556772
6847 OFL *  1
6848 OFL *  1
6849 CHN 0 818033961273 3272135845092
6850 OFL *  1
6851 CHN 0 818169606071 3272678424284
6852 CHN 0 818221058416 3272884233664
6853 CHN 0 818273714749 3273094858996
6854 CHN 0 818283256267 3273133025068
6855 OFL *  1
6856 OFL *  1
6857 CHN 0 818728615796 3274914463184
6858 CHN 0 818761762736 3275047050944
6859 OFL *  1
6860 OFL *  1
6861 CHN 0 819085334225 3276341336900
6862 CHN 0 819127000112 3276508000448
6863 CHN 0 819187747387 3276750989548
6864 OFL *  1
6865 OFL *  1
6866 CHN 0 819441143428 3277764573712
6867 CHN 0 819458954324 3277835817296
6868 CHN 0 819480849659 3277923398636
6869 CHN 0 819501557085 3278006228340
6870 OFL *  1
6871 OFL *  1
6872 OFL *  1
6873 OFL *  1
6874 CHN 0 820270184205 3281080736820
6875 CHN 0 820283481122 3281133924488
6876 OFL *  1
6877 OFL *  1
6878 OFL *  1
6879 CHN 0 820968206044 3283872824176
6880 CHN 0 820980042264 3283920169056
6881 OFL *  1
6882 OFL *  1
6883 OFL *  1
6884 OFL *  1
6885 OFL *  1
6886 CHN 0 822098408884 3288393635536
6887 OFL *  1
6888 CHN 0 822174494421 3288697977684
6889 CHN 0 822179323417 3288717293668
6890 OFL *  1
6891 OFL *  1
6892 CHN 0 822721494733 3290885978932
6893 OFL *  1
6894 OFL *  1
6895 CHN 0 823061169338 3292244677352
6896 OFL *  1
6897 OFL *  1
6898 CHN 0 823438970268 3293755881072
6899 CHN 0 823450538369 3293802153476
6900 CHN 0 823509394343 3294037577372
6901 OFL *  1
6902 OFL *  1
6903 CHN 0 823881566936 3295526267744
6904 OFL *  1
6905 CHN 0 824131055093 3296524220372
6906 OFL *  1
6907 CHN 0 824396179776 3297584719104
6908 OFL *  1
6909 OFL *  1
6910 CHN 0 824784684872 3299138739488
6911 CHN 0 824830533324 3299322133296
6912 OFL *  1
6913 CHN 0 824952494995 3299809979980
6914 OFL *  1
6915 CHN 0 825096024505 3300384098020
6916 CHN 0 825291757633 3301167030532
6917 OFL *  1
6918 OFL *  1
6919 OFL *  1
6920 OFL *  1
6921 OFL *  1
6922 OFL *  1
6923 CHN 0 826467479347 3305869917388
6924 OFL *  1
6925 OFL *  1
6926 CHN 0 826860277814 3307441111256
6927 OFL *  1
6928 CHN 0 827102307358 3308409229432
6929 CHN 0 827103786355 3308415145420
6930 OFL *  1
6931 OFL *  1
6932 CHN 0 827551728486 3310206913944
6933 OFL *  1
6934 CHN 0 827818878417 3311275513668
6935 OFL *  1
6936 OFL *  1
6937 CHN 0 828077420654 3312309682616
6938 OFL *  1
6939 OFL *  1
6940 CHN 0 828598748828 3314394995312
6941 OFL *  1
6942 CHN 0 828718203378 3314872813512
6943 OFL *  1
6944 CHN 0 828901268978 3315605075912
6945 CHN 0 829062071537 3316248286148
6946 CHN 0 829068579085 3316274316340
6947 OFL *  1
6948 CHN 0 829263462196 3317053848784
6949 OFL *  1
6950 OFL *  1
6951 CHN 0 829577090426 3318308361704
6952 OFL *  1
6953 CHN 0 829829058526 3319316234104
6954 CHN 0 829880483012 3319521932048
6955 OFL *  1
6956 CHN 0 830027722920 3320110891680
6957 CHN 0 830028695379 3320114781516
6958 OFL *  1
6959 OFL *  1
6960 CHN 0 830534678300 3322138713200
6961 OFL *  1
6962 OFL *  1
6963 CHN 0 830828163431 3323312653724
6964 OFL *  1
6965 OFL *  1
6966 OFL *  1
6967 OFL *  1
6968 OFL *  1
6969 CHN 0 831935991288 3327743965152
6970 CHN 0 831951991951 3327807967804
6971 CHN 0 831961238409 3327844953636
6972 OFL *  1
6973 CHN 0 832250076955 3329000307820
6974 OFL *  1
6975 CHN 0 832298772198 3329195088792
6976 OFL *  1
6977 OFL *  1
6978 CHN 0 832715350360 3330861401440
6979 OFL *  1
6980 CHN 0 833033363302 3332133453208
6981 OFL *  1
6982 CHN 0 833107727318 3332430909272
6983 CHN 0 833164400537 3332657602148
6984 OFL *  1
6985 CHN 0 833329828287 3333319313148
6986 OFL *  1
6987 CHN 0 833674511130 3334698044520
6988 OFL *  1
6989 OFL *  1
6990 CHN 0 834095125571 3336380502284
6991 OFL *  1
6992 CHN 0 834175988598 3336703954392
6993 OFL *  1
6994 CHN 0 834420906739 3337683626956
6995 OFL *  1
6996 OFL *  1
6997 CHN 0 834850355600 3339401422400
6998 CHN 0 834850381920 3339401527680
6999 CHN 0 834938692923 3339754771692
7000 OFL *  1
7001 CHN 0 835022298392 3340089193568
7002 OFL *  1
7003 OFL *  1
7004 CHN 0 835568090858 3342272363432
7005 CHN 0 835589928783 3342359715132
7006 CHN 0 835601201763 3342404807052
7007 OFL *  1
7008 CHN 0 835689908614 3342759634456
7009 CHN 0 835806567743 3343226270972
7010 OFL *  1
7011 OFL *  1
7012 CHN 0 836053268513 3344213074052
7013 OFL *  1
7014 CHN 0 836264400731 3345057602924
7015 CHN 0 836420209785 3345680839140
7016 OFL *  1
7017 CHN 0 836654452825 3346617811300
7018 OFL *  1
7019 OFL *  1
7020 OFL *  1
7021 CHN 0 837176435332 3348705741328
7022 CHN 0 837184486733 3348737946932
7023 CHN 0 837192649764 3348770599056
7024 OFL *  1
7025 CHN 0 837378343704 3349513374816
7026 OFL *  1
7027 OFL *  1
7028 OFL *  1
7029 CHN 0 838018688169 3352074752676
7030 OFL *  1
7031 CHN 0 838185676844 3352742707376
7032 OFL *  1
7033 OFL *  1
7034 OFL *  1
7035 CHN 0 838812048781 3355248195124
7036 CHN 0 838825884317 3355303537268
7037 OFL *  1
7038 CHN 0 839122593292 3356490373168
7039 OFL *  1
7040 OFL *  1
7041 CHN 0 839565428128 3358261712512
7042 OFL *  1
7043 OFL *  1
7044 OFL *  1
7045 OFL *  1
7046 OFL *  1
7047 CHN 0 840566079785 3362264319140
7048 OFL *  1
7049 CHN 0 840796980977 3363187923908
7050 CHN 0 840891983852 3363567935408
7051 OFL *  1
7052 CHN 0 840929162127 3363716648508
7053 CHN 0 840947394917 3363789579668
7054 OFL *  1
7055 CHN 0 841151862748 3364607450992
7056 OFL *  1
7057 OFL *  1
7058 OFL *  1
7059 CHN 0 841819510668 3367278042672
7060 CHN 0 841931842496 3367727369984
7061 OFL *  1
7062 OFL *  1
7063 OFL *  1
7064 OFL *  1
7065 OFL *  1
7066 CHN 0 842923887831 3371695551324
7067 OFL *  1
7068 OFL *  1
7069 OFL *  1
7070 CHN 0 843446495416 3373785981664
7071 OFL *  1
7072 CHN 0 843758231810 3375032927240
7073 OFL *  1
7074 OFL *  1
7075 CHN 0 844088318679 3376353274716
7076 CHN 0 844164390947 3376657563788
7077 CHN 0 844192035348 3376768141392
7078 OFL *  1
7079 OFL *  1
7080 CHN 0 844563913510 3378255654040
7081 OFL *  1
7082 CHN 0 844870104296 3379480417184
7083 OFL *  1
7084 CHN 0 844910793409 3379643173636
7085 CHN 0 845062795054 3380251180216
7086 OFL *  1
7087 OFL *  1
7088 OFL *  1
7089 OFL *  1
7090 CHN 0 845777765031 3383111060124
7091 OFL *  1
7092 CHN 0 845981179559 3383924718236
7093 OFL *  1
7094 OFL *  1
7095 CHN 0 846526503510 3386106014040
7096 CHN 0 846561774851 3386247099404
7097 OFL *  1
7098 CHN 0 846634342359 3386537369436
7099 OFL *  1
7100 OFL *  1
7101 CHN 0 847181704580 3388726818320
7102 OFL *  1
7103 CHN 0 847400559127 3389602236508
7104 OFL *  1
7105 CHN 0 847443372686 3389773490744
7106 OFL *  1
7107 CHN 0 847751347858 3391005391432
7108 CHN 0 847830501763 3391322007052
7109 OFL *  1
7110 OFL *  1
7111 OFL *  1
7112 OFL *  1
7113 OFL *  1
7114 CHN 0 848811534822 3395246139288
7115 OFL *  1
7116 CHN 0 848978059152 3395912236608
7117 OFL *  1
7118 OFL *  1
7119 OFL *  1
7120 CHN 0 849744027325 3398976109300
7121 OFL *  1
7122 CHN 0 849847623732 3399390494928
7123 CHN 0 849848583937 3399394335748
7124 OFL *  1
7125 OFL *  1
7126 OFL *  1
7127 CHN 0 850429100709 3401716402836
7128 CHN 0 850477004462 3401908017848
7129 CHN 0 850553767045 3402215068180
7130 OFL *  1
7131 OFL *  1
7132 CHN 0 850814881581 3403259526324
7133 OFL *  1
7134 CHN 0 851091905030 3404367620120
7135 CHN 0 851178800177 3404715200708
7136 CHN 0 851184572981 3404738291924
7137 OFL *  1
7138 CHN 0 851376727477 3405506909908
7139 OFL *  1
7140 OFL *  1
7141 CHN 0 851679039239 3406716156956
7142 OFL *  1
7143 CHN 0 851855281288 3407421125152
7144 CHN 0 851861214724 3407444858896
7145 OFL *  1
7146 CHN 0 852161179643 3408644718572
7147 OFL *  1
7148 CHN 0 852285765899 3409143063596
7149 CHN 0 852443803413 3409775213652
7150 OFL *  1
7151 OFL *  1
7152 CHN 0 852765976258 3411063905032
7153 CHN 0 852769491881 3411077967524
7154 CHN 0 852782861771 3411131447084
7155 OFL *  1
7156 CHN 0 853003865044 3412015460176
7157 OFL *  1
7158 CHN 0 853129965317 3412519861268
7159 CHN 0 853326282252 3413305129008
7160 OFL *  1
7161 CHN 0 853460797061 3413843188244
7162 OFL *  1
7163 OFL *  1
7164 CHN 0 853787633456 3415150533824
7165 OFL *  1
7166 CHN 0 854106184012 3416424736048
7167 OFL *  1
7168 OFL *  1
7169 CHN 0 854511377275 3418045509100
7170 OFL *  1
7171 CHN 0 854620054771 3418480219084
7172 OFL *  1
7173 CHN 0 855011994861 3420047979444
7174 OFL *  1
7175 OFL *  1
7176 CHN 0 855269517394 3421078069576
7177 OFL *  1
7178 CHN 0 855497120189 3421988480756
7179 OFL *  1
7180 OFL *  1
7181 OFL *  1
7182 CHN 0 856148669485 3424594677940
7183 CHN 0 856225662874 3424902651496
7184 CHN 0 856240437836 3424961751344
7185 OFL *  1
7186 CHN 0 856320935503 3425283742012
7187 CHN 0 856419829714 3425679318856
7188 OFL *  1
7189 CHN 0 856621959362 3426487837448
7190 OFL *  1
7191 CHN 0 856900984747 3427603938988
7192 OFL *  1
7193 OFL *  1
7194 CHN 0 857267206578 3429068826312
7195 OFL *  1
7196 CHN 0 857392257166 3429569028664
7197 CHN 0 857407622896 3429630491584
7198 OFL *  1
7199 OFL *  1
7200 OFL *  1
7201 CHN 0 857999731644 3431998926576
7202 CHN 0 858091786596 3432367146384
7203 OFL *  1
7204 OFL *  1
7205 OFL *  1
7206 CHN 0 858658140068 3434632560272
7207 CHN 0 858779786899 3435119147596
7208 OFL *  1
7209 CHN 0 858923589970 3435694359880
7210 CHN 0 858980280421 3435921121684
7211 CHN 0 859015439210 3436061756840
7212 OFL *  1
7213 CHN 0 859123390618 3436493562472
7214 OFL *  1
7215 CHN 0 859260176732 3437040706928
7216 CHN 0 859354235556 3437416942224
7217 CHN 0 859380977060 3437523908240
7218 OFL *  1
7219 CHN 0 859608727343 3438434909372
7220 OFL *  1
7221 CHN 0 859681344588 3438725378352
7222 OFL *  1
7223 CHN 0 860002709085 3440010836340
7224 OFL *  1
7225 CHN 0 860087203667 3440348814668
7226 CHN 0 860093164800 3440372659200
7227 CHN 0 860191914429 3440767657716
7228 CHN 0 860253813049 3441015252196
7229 OFL *  1
7230 CHN 0 860381714736 3441526858944
7231 OFL *  1
7232 CHN 0 860560747183 3442242988732
7233 CHN 0 860681540816 3442726163264
7234 OFL *  1
7235 CHN 0 860830587795 3443322351180
7236 OFL *  1
7237 CHN 0 861090053646 3444360214584
7238 OFL *  1
7239 CHN 0 861211268901 3444845075604
7240 CHN 0 861242911558 3444971646232
7241 OFL *  1
7242 CHN 0 861440134277 3445760537108
7243 CHN 0 861482722801 3445930891204
7244 OFL *  1
7245 CHN 0 861582942809 3446331771236
7246 OFL *  1
7247 CHN 0 861852560937 3447410243748
7248 OFL *  1
7249 CHN 0 861971020260 3447884081040
7250 CHN 0 862012275217 3448049100868
7251 CHN 0 862016888070 3448067552280
7252 CHN 0 862045060240 3448180240960
7253 CHN 0 862077278642 3448309114568
7254 OFL *  1
7255 CHN 0 862303045017 3449212180068
7256 OFL *  1
7257 OFL *  1
7258 CHN 0 862700283161 3450801132644
7259 OFL *  1
7260 CHN 0 862935775348 3451743101392
7261 OFL *  1
7262 OFL *  1
7263 CHN 0 863391252895 3453565011580
7264 OFL *  1
7265 CHN 0 863467421060 3453869684240
7266 CHN 0 863537726287 3454150905148
7267 OFL *  1
7268 CHN 0 863688900074 3454755600296
7269 OFL *  1
7270 OFL *  1
7271 CHN 0 864144506592 3456578026368
7272 CHN 0 864159066481 3456636265924
7273 CHN 0 864260590301 3457042361204
7274 OFL *  1
7275 OFL *  1
7276 CHN 0 864648766384 3458595065536
7277 OFL *  1
7278 CHN 0 864749281674 3458997126696
7279 OFL *  1
7280 OFL *  1
7281 CHN 0 865159639808 3460638559232
7282 OFL *  1
7283 CHN 0 865543936077 3462175744308
7284 OFL *  1
7285 CHN 0 865610640392 3462442561568
7286 OFL *  1
7287 CHN 0 865943834471 3463775337884
7288 OFL *  1
7289 CHN 0 866017028543 3464068114172
7290 OFL *  1
7291 OFL *  1
7292 CHN 0 866484475243 3465937900972
7293 OFL *  1
7294 CHN 0 866774822536 3467099290144
7295 OFL *  1
7296 CHN 0 866871131916 3467484527664
7297 OFL *  1
7298 OFL *  1
7299 CHN 0 867387453407 3469549813628
7300 CHN 0 867403432790 3469613731160
7301 OFL *  1
7302 OFL *  1
7303 CHN 0 867864557903 3471458231612
7304 OFL *  1
7305 OFL *  1
7306 CHN 0 868129679736 3472518718944
7307 CHN 0 868169319895 3472677279580
7308 OFL *  1
7309 CHN 0 868363972647 3473455890588
7310 CHN 0 868369376598 3473477506392
7311 OFL *  1
7312 CHN 0 868581688864 3474326755456
7313 OFL *  1
7314 CHN 0 868728210773 3474912843092
7315 OFL *  1
7316 CHN 0 868960188482 3475840753928
7317 OFL *  1
7318 CHN 0 869260629268 3477042517072
7319 OFL *  1
7320 OFL *  1
7321 OFL *  1
7322 CHN 0 869765990608 3479063962432
7323 OFL *  1
7324 CHN 0 870043871738 3480175486952
7325 CHN 0 870120795849 3480483183396
7326 OFL *  1
7327 CHN 0 870201811526 3480807246104
7328 OFL *  1
7329 CHN 0 870585560981 3482342243924
7330 OFL *  1
7331 OFL *  1
7332 CHN 0 870836608281 3483346433124
7333 CHN 0 870881371546 3483525486184
7334 CHN 0 871017201973 3484068807892
7335 OFL *  1
7336 OFL *  1
7337 CHN 0 871439949607 3485759798428
7338 CHN 0 871446358145 3485785432580
7339 OFL *  1
7340 CHN 0 871504242130 3486016968520
7341 OFL *  1
7342 CHN 0 871863698588 3487454794352
7343 OFL *  1
7344 CHN 0 871891444698 3487565778792
7345 OFL *  1
7346 CHN 0 872123806443 3488495225772
7347 CHN 0 872204650621 3488818602484
7348 OFL *  1
7349 CHN 0 872321881121 3489287524484
7350 CHN 0 872464509156 3489858036624
7351 CHN 0 872475396392 3489901585568
7352 OFL *  1
7353 OFL *  1
7354 OFL *  1
7355 CHN 0 872956337990 3491825351960
7356 CHN 0 872956997953 3491827991812
7357 CHN 0 873009387876 3492037551504
7358 CHN 0 873012231431 3492048925724
7359 CHN 0 873086444771 3492345779084
7360 OFL *  1
7361 CHN 0 873164866523 3492659466092
7362 OFL *  1
7363 OFL *  1
7364 CHN 0 873738210907 3494952843628
7365 OFL *  1
7366 CHN 0 873789236517 3495156946068
7367 OFL *  1
7368 OFL *  1
7369 CHN 0 874345430036 3497381720144
7370 OFL *  1
7371 CHN 0 874474194571 3497896778284
7372 OFL *  1
7373 CHN 0 874672274880 3498689099520
7374 CHN 0 874672526907 3498690107628
7375 CHN 0 874690426658 3498761706632
7376 OFL *  1
7377 CHN 0 875019022471 3500076089884
7378 OFL *  1
7379 CHN 0 875225059549 3500900238196
7380 OFL *  1
7381 CHN 0 875269254259 3501077017036
7382 OFL *  1
7383 OFL *  1
7384 OFL *  1
7385 OFL *  1
7386 CHN 0 876249097409 3504996389636
7387 OFL *  1
7388 CHN 0 876426079561 3505704318244
7389 OFL *  1
7390 CHN 0 876524476000 3506097904000
7391 CHN 0 876589255993 3506357023972
7392 CHN 0 876672602340 3506690409360
7393 OFL *  1
7394 CHN 0 876781530024 3507126120096
7395 CHN 0 876817677174 3507270708696
7396 OFL *  1
7397 CHN 0 877005977102 3508023908408
7398 OFL *  1
7399 CHN 0 877151112609 3508604450436
7400 OFL *  1
7401 CHN 0 877387308185 3509549232740
7402 OFL *  1
7403 OFL *  1
7404 OFL *  1
7405 CHN 0 878084042079 3512336168316
7406 OFL *  1
7407 OFL *  1
7408 OFL *  1
7409 OFL *  1
7410 OFL *  1
7411 OFL *  1
7412 CHN 0 879299267259 3517197069036
7413 OFL *  1
7414 CHN 0 879461432724 3517845730896
7415 OFL *  1
7416 CHN 0 879786092383 3519144369532
7417 CHN 0 879873233817 3519492935268
7418 OFL *  1
7419 CHN 0 879887263861 3519549055444
7420 OFL *  1
7421 CHN 0 880275509633 3521102038532
7422 OFL *  1
7423 OFL *  1
7424 CHN 0 880558211101 3522232844404
7425 CHN 0 880560425049 3522241700196
7426 CHN 0 880650001794 3522600007176
7427 OFL *  1
7428 CHN 0 880748258042 3522993032168
7429 OFL *  1
7430 CHN 0 881015681686 3524062726744
7431 OFL *  1
7432 CHN 0 881346505705 3525386022820
7433 OFL *  1
7434 OFL *  1
7435 CHN 0 881728722106 3526914888424
7436 OFL *  1
7437 CHN 0 881821756948 3527287027792
7438 CHN 0 881962929069 3527851716276
7439 OFL *  1
7440 CHN 0 882192198959 3528768795836
7441 OFL *  1
7442 CHN 0 882331581608 3529326326432
7443 OFL *  1
7444 CHN 0 882434232705 3529736930820
7445 OFL *  1
7446 CHN 0 882797142051 3531188568204
7447 OFL *  1
7448 CHN 0 882981841226 3531927364904
7449 OFL *  1
7450 CHN 0 883112310904 3532449243616
7451 CHN 0 883212721572 3532850886288
7452 OFL *  1
7453 CHN 0 883412070708 3533648282832
7454 CHN 0 883436885658 3533747542632
7455 OFL *  1
7456 OFL *  1
7457 CHN 0 883853994320 3535415977280
7458 OFL *  1
7459 OFL *  1
7460 OFL *  1
7461 OFL *  1
7462 CHN 0 884586094824 3538344379296
7463 CHN 0 884613094075 3538452376300
7464 OFL *  1
7465 CHN 0 884766907910 3539067631640
7466 CHN 0 884835834500 3539343338000
7467 OFL *  1
7468 CHN 0 885088228908 3540352915632
7469 CHN 0 885109752637 3540439010548
7470 OFL *  1
7471 CHN 0 885321601861 3541286407444
7472 OFL *  1
7473 CHN 0 885515333175 3542061332700
7474 CHN 0 885538344749 3542153378996
7475 OFL *  1
7476 CHN 0 885587217890 3542348871560
7477 OFL *  1
7478 CHN 0 885805221430 3543220885720
7479 CHN 0 885824621788 3543298487152
7480 CHN 0 885832942928 3543331771712
7481 OFL *  1
7482 OFL *  1
7483 CHN 0 886327246229 3545308984916
7484 OFL *  1
7485 CHN 0 886516508980 3546066035920
7486 OFL *  1
7487 OFL *  1
7488 CHN 0 886880529603 3547522118412
7489 CHN 0 886902931264 3547611725056
7490 CHN 0 886948214024 3547792856096
7491 CHN 0 887020519302 3548082077208
7492 OFL *  1
7493 CHN 0 887163816551 3548655266204
7494 CHN 0 887198755031 3548795020124
7495 CHN 0 887224303915 3548897215660
7496 CHN 0 887233605301 3548934421204
7497 OFL *  1
7498 CHN 0 887405822478 3549623289912
7499 OFL *  1
7500 CHN 0 887508998250 3550035993000
7501 CHN 0 887558248927 3550232995708
7502 OFL *  1
7503 OFL *  1
7504 CHN 0 887976465476 3551905861904
7505 CHN 0 887997311627 3551989246508
7506 OFL *  1
7507 OFL *  1
7508 OFL *  1
7509 CHN 0 888683347002 3554733388008
7510 OFL *  1
7511 CHN 0 888817930001 3555271720004
7512 CHN 0 888882861067 3555531444268
7513 OFL *  1
7514 OFL *  1
7515 CHN 0 889230125282 3556920501128
7516 OFL *  1
7517 OFL *  1
7518 CHN 0 889733819439 3558935277756
7519 OFL *  1
7520 CHN 0 889816141005 3559264564020
7521 CHN 0 889835849759 3559343399036
7522 OFL *  1
7523 CHN 0 890050445839 3560201783356
7524 CHN 0 890051650406 3560206601624
7525 CHN 0 890109063561 3560436254244
7526 CHN 0 890114983128 3560459932512
7527 OFL *  1
7528 CHN 0 890218571240 3560874284960
7529 OFL *  1
7530 CHN 0 890510837127 3562043348508
7531 OFL *  1
7532 CHN 0 890655333103 3562621332412
7533 OFL *  1
7534 CHN 0 890860214735 3563440858940
7535 OFL *  1
7536 CHN 0 891207037629 3564828150516
7537 OFL *  1
7538 OFL *  1
7539 CHN 0 891540071577 3566160286308
7540 OFL *  1
7541 CHN 0 891698644002 3566794576008
7542 OFL *  1
7543 OFL *  1
7544 OFL *  1
7545 CHN 0 892319065173 3569276260692
7546 OFL *  1
7547 CHN 0 892705680505 3570822722020
7548 OFL *  1
7549 OFL *  1
7550 OFL *  1
7551 CHN 0 893337745071 3573350980284
7552 OFL *  1
7553 OFL *  1
7554 OFL *  1
7555 CHN 0 893861375352 3575445501408
7556 CHN 0 893888766815 3575555067260
7557 OFL *  1
7558 OFL *  1
7559 OFL *  1
7560 CHN 0 894607170852 3578428683408
7561 OFL *  1
7562 CHN 0 894626352279 3578505409116
7563 CHN 0 894703345034 3578813380136
7564 OFL *  1
7565 OFL *  1
7566 CHN 0 895123634911 3580494539644
7567 CHN 0 895162834761 3580651339044
7568 OFL *  1
7569 CHN 0 895329028995 3581316115980
7570 CHN 0 895389891302 3581559565208
7571 OFL *  1
7572 OFL *  1
7573 OFL *  1
7574 OFL *  1
7575 CHN 0 896238879896 3584955519584
7576 OFL *  1
7577 OFL *  1
7578 OFL *  1
7579 OFL *  1
7580 CHN 0 897003419568 3588013678272
7581 OFL *  1
7582 OFL *  1
7583 OFL *  1
7584 CHN 0 897589989132 3590359956528
7585 CHN 0 897658982828 3590635931312
7586 OFL *  1
7587 OFL *  1
7588 OFL *  1
7589 OFL *  1
7590 CHN 0 898431309119 3593725236476
7591 CHN 0 898492928872 3593971715488
7592 CHN 0 898603383176 3594413532704
7593 OFL *  1
7594 CHN 0 898789392598 3595157570392
7595 OFL *  1
7596 CHN 0 898927969292 3595711877168
7597 CHN 0 898929278705 3595717114820
7598 OFL *  1
7599 CHN 0 899173019503 3596692078012
7600 CHN 0 899256942399 3597027769596
7601 OFL *  1
7602 OFL *  1
7603 CHN 0 899511813047 3598047252188
7604 OFL *  1
7605 CHN 0 899732351490 3598929405960
7606 CHN 0 899807479881 3599229919524
7607 CHN 0 899829403824 3599317615296
7608 CHN 0 899872143582 3599488574328
7609 OFL *  1
7610 CHN 0 900057480571 3600229922284
7611 OFL *  1
7612 OFL *  1
7613 OFL *  1
7614 CHN 0 900620785453 3602483141812
7615 OFL *  1
7616 CHN 0 900812519591 3603250078364
7617 OFL *  1
7618 CHN 0 901010680982 3604042723928
7619 OFL *  1
7620 CHN 0 901218588877 3604874355508
7621 CHN 0 901274614705 3605098458820
7622 OFL *  1
7623 CHN 0 901456842104 3605827368416
7624 OFL *  1
7625 CHN 0 901645482451 3606581929804
7626 OFL *  1
7627 CHN 0 901947840040 3607791360160
7628 OFL *  1
7629 CHN 0 902066148767 3608264595068
7630 CHN 0 902185029487 3608740117948
7631 OFL *  1
7632 OFL *  1
7633 CHN 0 902514097801 3610056391204
7634 OFL *  1
7635 CHN 0 902667024005 3610668096020
7636 OFL *  1
7637 CHN 0 902915271121 3611661084484
7638 OFL *  1
7639 OFL *  1
7640 OFL *  1
7641 OFL *  1
7642 CHN 0 903723503084 3614894012336
7643 CHN 0 903840591527 3615362366108
7644 OFL *  1
7645 CHN 0 903960754984 3615843019936
7646 OFL *  1
7647 CHN 0 904203418148 3616813672592
7648 OFL *  1
7649 OFL *  1
7650 CHN 0 904711993245 3618847972980
7651 CHN 0 904725641406 3618902565624
7652 OFL *  1
7653 CHN 0 904745889439 3618983557756
7654 CHN 0 904898617162 3619594468648
7655 OFL *  1
7656 CHN 0 905071125404 3620284501616
7657 OFL *  1
7658 CHN 0 905183683120 3620734732480
7659 CHN 0 905231644561 3620926578244
7660 OFL *  1
7661 CHN 0 905468790881 3621875163524
7662 CHN 0 905484101927 3621936407708
7663 CHN 0 905498145703 3621992582812
7664 OFL *  1
7665 OFL *  1
7666 CHN 0 905794506805 3623178027220
7667 CHN 0 905815218566 3623260874264
7668 CHN 0 905850164611 3623400658444
7669 CHN 0 905980412847 3623921651388
7670 OFL *  1
7671 OFL *  1
7672 CHN 0 906332423988 3625329695952
7673 OFL *  1
7674 CHN 0 906461819549 3625847278196
7675 OFL *  1
7676 CHN 0 906686681643 3626746726572
7677 CHN 0 906699215135 3626796860540
7678 CHN 0 906812034352 3627248137408
7679 CHN 0 906813150561 3627252602244
7680 OFL *  1
7681 CHN 0 906999806158 3627999224632
7682 OFL *  1
7683 CHN 0 907256275186 3629025100744
7684 OFL *  1
7685 CHN 0 907325032895 3629300131580
7686 CHN 0 907325918271 3629303673084
7687 OFL *  1
7688 CHN 0 907507653764 3630030615056
7689 CHN 0 907668241484 3630672965936
7690 OFL *  1
7691 OFL *  1
7692 OFL *  1
7693 CHN 0 908238922095 3632955688380
7694 OFL *  1
7695 CHN 0 908422339027 3633689356108
7696 CHN 0 908425556303 3633702225212
7697 OFL *  1
7698 CHN 0 908534785386 3634139141544
7699 CHN 0 908552293878 3634209175512
7700 OFL *  1
7701 CHN 0 908878354020 3635513416080
7702 OFL *  1
7703 CHN 0 908969506640 3635878026560
7704 CHN 0 909006244015 3636024976060
7705 CHN 0 909060554240 3636242216960
7706 OFL *  1
7707 CHN 0 909268362038 3637073448152
7708 OFL *  1
7709 CHN 0 909422646946 3637690587784
7710 CHN 0 909564386929 3638257547716
7711 OFL *  1
7712 CHN 0 909700471187 3638801884748
7713 OFL *  1
7714 OFL *  1
7715 OFL *  1
7716 OFL *  1
7717 CHN 0 910502903376 3642011613504
7718 OFL *  1
7719 OFL *  1
7720 CHN 0 910921837858 3643687351432
7721 OFL *  1
7722 OFL *  1
7723 CHN 0 911391041032 3645564164128
7724 OFL *  1
7725 CHN 0 911532008305 3646128033220
7726 OFL *  1
7727 OFL *  1
7728 OFL *  1
7729 OFL *  1
7730 OFL *  1
7731 OFL *  1
7732 CHN 0 912943142516 3651772570064
7733 OFL *  1
7734 OFL *  1
7735 OFL *  1
7736 CHN 0 913511347159 3654045388636
7737 OFL *  1
7738 CHN 0 913739680368 3654958721472
7739 OFL *  1
7740 CHN 0 913870525604 3655482102416
7741 CHN 0 913969208781 3655876835124
7742 OFL *  1
7743 OFL *  1
7744 OFL *  1
7745 CHN 0 914481431715 3657925726860
7746 OFL *  1
7747 CHN 0 914797271686 3659189086744
7748 OFL *  1
7749 OFL *  1
7750 OFL *  1
7751 CHN 0 915418665718 3661674662872
7752 OFL *  1
7753 OFL *  1
7754 CHN 0 915714274159 3662857096636
7755 CHN 0 915750839157 3663003356628
7756 OFL *  1
7757 CHN 0 915952105888 3663808423552
7758 CHN 0 916070737157 3664282948628
7759 OFL *  1
7760 CHN 0 916192249213 3664768996852
7761 OFL *  1
7762 OFL *  1
7763 CHN 0 916600917836 3666403671344
7764 OFL *  1
7765 CHN 0 916825000243 3667300000972
7766 OFL *  1
7767 OFL *  1
7768 OFL *  1
7769 OFL *  1
7770 OFL *  1
7771 OFL *  1
7772 OFL *  1
7773 CHN 0 918264705716 3673058822864
7774 CHN 0 918349717677 3673398870708
7775 OFL *  1
7776 CHN 0 918534230971 3674136923884
7777 OFL *  1
7778 CHN 0 918657302452 3674629209808
7779 CHN 0 918771439841 3675085759364
7780 OFL *  1
7781 CHN 0 919023679277 3676094717108
7782 OFL *  1
7783 OFL *  1
7784 OFL *  1
7785 OFL *  1
7786 CHN 0 919872610924 3679490443696
7787 OFL *  1
7788 OFL *  1
7789 CHN 0 920128464908 3680513859632
7790 OFL *  1
7791 OFL *  1
7792 OFL *  1
7793 CHN 0 920930377035 3683721508140
7794 OFL *  1
7795 OFL *  1
7796 CHN 0 921372324190 3685489296760
7797 OFL *  1
7798 OFL *  1
7799 OFL *  1
7800 CHN 0 921838234893 3687352939572
7801 OFL *  1
7802 OFL *  1
7803 CHN 0 922267111075 3689068444300
7804 CHN 0 922292983054 3689171932216
7805 CHN 0 922353961246 3689415844984
7806 OFL *  1
7807 CHN 0 922549422683 3690197690732
7808 OFL *  1
7809 CHN 0 922811059735 3691244238940
7810 OFL *  1
7811 CHN 0 922937092317 3691748369268
7812 CHN 0 923017100222 3692068400888
7813 OFL *  1
7814 CHN 0 923231330286 3692925321144
7815 OFL *  1
7816 OFL *  1
7817 OFL *  1
7818 CHN 0 923737313453 3694949253812
7819 CHN 0 923806550754 3695226203016
7820 CHN 0 923882462014 3695529848056
7821 OFL *  1
7822 CHN 0 924075825341 3696303301364
7823 CHN 0 924084846480 3696339385920
7824 CHN 0 924112218347 3696448873388
7825 OFL *  1
7826 CHN 0 924265985322 3697063941288
7827 CHN 0 924268697220 3697074788880
7828 OFL *  1
7829 CHN 0 924415063117 3697660252468
7830 CHN 0 924467348124 3697869392496
7831 OFL *  1
7832 CHN 0 924685814513 3698743258052
7833 OFL *  1
7834 OFL *  1
7835 CHN 0 925116707071 3700466828284
7836 OFL *  1
7837 OFL *  1
7838 CHN 0 925456520702 3701826082808
7839 CHN 0 925594919382 3702379677528
7840 OFL *  1
7841 OFL *  1
7842 CHN 0 925982271093 3703929084372
7843 OFL *  1
7844 CHN 0 926147553500 3704590214000
7845 OFL *  1
7846 CHN 0 926266684512 3705066738048
7847 CHN 0 926280146420 3705120585680
7848 OFL *  1
7849 OFL *  1
7850 OFL *  1
7851 OFL *  1
7852 OFL *  1
7853 CHN 0 927436954121 3709747816484
7854 OFL *  1
7855 CHN 0 927512356644 3710049426576
7856 CHN 0 927647271744 3710589086976
7857 OFL *  1
7858 CHN 0 927863570124 3711454280496
7859 OFL *  1
7860 OFL *  1
7861 OFL *  1
7862 OFL *  1
7863 OFL *  1
7864 CHN 0 928912199642 3715648798568
7865 OFL *  1
7866 OFL *  1
7867 CHN 0 929358282578 3717433130312
7868 OFL *  1
7869 CHN 0 929408358363 3717633433452
7870 OFL *  1
7871 CHN 0 929747051093 3718988204372
7872 OFL *  1
7873 CHN 0 929999140016 3719996560064
7874 OFL *  1
7875 OFL *  1
7876 OFL *  1
7877 OFL *  1
7878 CHN 0 930709368142 3722837472568
7879 OFL *  1
7880 CHN 0 930872092991 3723488371964
7881 CHN 0 930967060797 3723868243188
7882 OFL *  1
7883 OFL *  1
7884 CHN 0 931398055133 3725592220532
7885 OFL *  1
7886 CHN 0 931521334620 3726085338480
7887 CHN 0 931553824389 3726215297556
7888 OFL *  1
7889 OFL *  1
7890 OFL *  1
7891 OFL *  1
7892 CHN 0 932354716036 3729418864144
7893 CHN 0 932390071101 3729560284404
7894 CHN 0 932396917695 3729587670780
7895 OFL *  1
7896 OFL *  1
7897 OFL *  1
7898 CHN 0 933053367663 3732213470652
7899 OFL *  1
7900 OFL *  1
7901 OFL *  1
7902 CHN 0 933717104198 3734868416792
7903 CHN 0 933785962496 3735143849984
7904 OFL *  1
7905 CHN 0 933823888587 3735295554348
7906 CHN 0 933913272666 3735653090664
7907 OFL *  1
7908 CHN 0 934163839645 3736655358580
7909 CHN 0 934205671314 3736822685256
7910 OFL *  1
7911 OFL *  1
7912 CHN 0 934636136410 3738544545640
7913 OFL *  1
7914 CHN 0 934783377910 3739133511640
7915 CHN 0 934797290817 3739189163268
7916 OFL *  1
7917 CHN 0 934992064860 3739968259440
7918 OFL *  1
7919 OFL *  1
7920 OFL *  1
7921 OFL *  1
7922 OFL *  1
7923 OFL *  1
7924 CHN 0 936294459664 3745177838656
7925 OFL *  1
7926 CHN 0 936518314257 3746073257028
7927 OFL *  1
7928 OFL *  1
7929 CHN 0 936957122439 3747828489756
7930 CHN 0 936960976243 3747843904972
7931 OFL *  1
7932 CHN 0 936979849621 3747919398484
7933 CHN 0 937167383598 3748669534392
7934 OFL *  1
7935 CHN 0 937254946149 3749019784596
7936 OFL *  1
7937 OFL *  1
7938 OFL *  1
7939 OFL *  1
7940 OFL *  1
7941 OFL *  1
7942 OFL *  1
7943 CHN 0 938759352602 3755037410408
7944 CHN 0 938793736809 3755174947236
7945 OFL *  1
7946 OFL *  1
7947 CHN 0 939194593695 3756778374780
7948 OFL *  1
7949 OFL *  1
7950 OFL *  1
7951 CHN 0 939734429050 3758937716200
7952 OFL *  1
7953 CHN 0 940129203306 3760516813224
7954 OFL *  1
7955 CHN 0 940286061264 3761144245056
7956 CHN 0 940329451730 3761317806920
7957 OFL *  1
7958 OFL *  1
7959 OFL *  1
7960 OFL *  1
7961 OFL *  1
7962 OFL *  1
7963 CHN 0 941467782194 3765871128776
7964 OFL *  1
7965 CHN 0 941673239101 3766692956404
7966 CHN 0 941681911984 3766727647936
7967 OFL *  1
7968 CHN 0 941958611350 3767834445400
7969 OFL *  1
7970 CHN 0 942084762360 3768339049440
7971 OFL *  1
7972 OFL *  1
7973 OFL *  1
7974 CHN 0 942779651417 3771118605668
7975 OFL *  1
7976 CHN 0 942882239685 3771528958740
7977 CHN 0 943079265424 3772317061696
7978 OFL *  1
7979 OFL *  1
7980 CHN 0 943371375868 3773485503472
7981 OFL *  1
7982 CHN 0 943520970300 3774083881200
7983 CHN 0 943695961857 3774783847428
7984 OFL *  1
7985 CHN 0 943841274342 3775365097368
7986 OFL *  1
7987 OFL *  1
7988 CHN 0 944158835583 3776635342332
7989 CHN 0 944162174931 3776648699724
7990 OFL *  1
7991 CHN 0 944366773118 3777467092472
7992 CHN 0 944554885424 3778219541696
7993 OFL *  1
7994 OFL *  1
7995 OFL *  1
7996 OFL *  1
7997 OFL *  1
7998 CHN 0 945533291638 3782133166552
7999 OFL *  1
8000 CHN 0 945642033746 3782568134984
8001 CHN 0 945670531461 3782682125844
8002 CHN 0 945686682169 3782746728676
8003 OFL *  1
8004 OFL *  1
8005 CHN 0 946177919068 3784711676272
8006 OFL *  1
8007 OFL *  1
8008 CHN 0 946532067296 3786128269184
8009 OFL *  1
8010 CHN 0 946683683620 3786734734480
8011 CHN 0 946695696144 3786782784576
8012 CHN 0 946844729490 3787378917960
8013 OFL *  1
8014 OFL *  1
8015 CHN 0 947235103582 3788940414328
8016 OFL *  1
8017 CHN 0 947476019877 3789904079508
8018 OFL *  1
8019 CHN 0 947552526216 3790210104864
8020 OFL *  1
8021 CHN 0 947723455425 3790893821700
8022 CHN 0 947843667747 3791374670988
8023 CHN 0 947881937787 3791527751148
8024 OFL *  1
8025 OFL *  1
8026 OFL *  1
8027 CHN 0 948422573046 3793690292184
8028 CHN 0 948435930070 3793743720280
8029 OFL *  1
8030 CHN 0 948629678705 3794518714820
8031 OFL *  1
8032 OFL *  1
8033 CHN 0 949193609304 3796774437216
8034 OFL *  1
8035 CHN 0 949240522022 3796962088088
8036 CHN 0 949383010267 3797532041068
8037 OFL *  1
8038 CHN 0 949466716666 3797866866664
8039 OFL *  1
8040 OFL *  1
8041 OFL *  1
8042 OFL *  1
8043 OFL *  1
8044 CHN 0 950568428759 3802273715036
8045 OFL *  1
8046 CHN 0 950810481550 3803241926200
8047 OFL *  1
8048 CHN 0 950954471745 3803817886980
8049 OFL *  1
8050 OFL *  1
8051 OFL *  1
8052 CHN 0 951715570476 3806862281904
8053 OFL *  1
8054 OFL *  1
8055 OFL *  1
8056 CHN 0 952307424926 3809229699704
8057 OFL *  1
8058 OFL *  1
8059 OFL *  1
8060 OFL *  1
8061 CHN 0 953100581373 3812402325492
8062 CHN 0 953176279634 3812705118536
8063 CHN 0 953191553023 3812766212092
8064 OFL *  1
8065 CHN 0 953381661829 3813526647316
8066 CHN 0 953403387144 3813613548576
8067 OFL *  1
8068 CHN 0 953486214651 3813944858604
8069 CHN 0 953492100215 3813968400860
8070 OFL *  1
8071 CHN 0 953765180831 3815060723324
8072 CHN 0 953773026556 3815092106224
8073 OFL *  1
8074 CHN 0 953903317623 3815613270492
8075 CHN 0 953963597159 3815854388636
8076 OFL *  1
8077 CHN 0 954225349687 3816901398748
8078 CHN 0 954237468371 3816949873484
8079 OFL *  1
8080 CHN 0 954321324670 3817285298680
8081 OFL *  1
8082 CHN 0 954637172961 3818548691844
8083 OFL *  1
8084 CHN 0 954785592884 3819142371536
8085 CHN 0 954828215909 3819312863636
8086 OFL *  1
8087 OFL *  1
8088 OFL *  1
8089 OFL *  1
8090 OFL *  1
8091 OFL *  1
8092 CHN 0 955995901043 3823983604172
8093 CHN 0 956079439808 3824317759232
8094 OFL *  1
8095 OFL *  1
8096 OFL *  1
8097 CHN 0 956732524023 3826930096092
8098 OFL *  1
8099 OFL *  1
8100 CHN 0 957021626655 3828086506620
8101 CHN 0 957077836129 3828311344516
8102 CHN 0 957148664393 3828594657572
8103 OFL *  1
8104 OFL *  1
8105 CHN 0 957415036889 3829660147556
8106 CHN 0 957458037863 3829832151452
8107 OFL *  1
8108 CHN 0 957746073998 3830984295992
8109 OFL *  1
8110 CHN 0 957917560156 3831670240624
8111 OFL *  1
8112 OFL *  1
8113 OFL *  1
8114 CHN 0 958525743857 3834102975428
8115 CHN 0 958624836728 3834499346912
8116 OFL *  1
8117 CHN 0 958708485003 3834833940012
8118 CHN 0 958872993383 3835491973532
8119 OFL *  1
8120 CHN 0 958932053574 3835728214296
8121 CHN 0 958961668162 3835846672648
8122 CHN 0 958998015529 3835992062116
8123 OFL *  1
8124 CHN 0 959131971653 3836527886612
8125 OFL *  1
8126 OFL *  1
8127 CHN 0 959520831046 3838083324184
8128 OFL *  1
8129 CHN 0 959918054753 3839672219012
8130 OFL *  1
8131 CHN 0 959973656927 3839894627708
8132 CHN 0 959976032288 3839904129152
8133 OFL *  1
8134 CHN 0 960153276129 3840613104516
8135 CHN 0 960189616968 3840758467872
8136 CHN 0 960228836933 3840915347732
8137 OFL *  1
8138 OFL *  1
8139 CHN 0 960770994527 3843083978108
8140 OFL *  1
8141 CHN 0 960861081618 3843444326472
8142 CHN 0 960878650834 3843514603336
8143 OFL *  1
8144 CHN 0 961022317380 3844089269520
8145 OFL *  1
8146 CHN 0 961265424431 3845061697724
8147 OFL *  1
8148 OFL *  1
8149 OFL *  1
8150 OFL *  1
8151 CHN 0 962052378193 3848209512772
8152 CHN 0 962175459941 3848701839764
8153 OFL *  1
8154 CHN 0 962399810153 3849599240612
8155 OFL *  1
8156 CHN 0 962546636007 3850186544028
8157 CHN 0 962602038369 3850408153476
8158 OFL *  1
8159 CHN 0 962688130962 3850752523848
8160 OFL *  1
8161 OFL *  1
8162 CHN 0 963294582525 3853178330100
8163 OFL *  1
8164 CHN 0 963467286947 3853869147788
8165 OFL *  1
8166 CHN 0 963702697989 3854810791956
8167 OFL *  1
8168 OFL *  1
8169 OFL *  1
8170 CHN 0 964343800855 3857375203420
8171 OFL *  1
8172 OFL *  1
8173 CHN 0 964687832281 3858751329124
8174 OFL *  1
8175 CHN 0 964851782192 3859407128768
8176 CHN 0 964911648825 3859646595300
8177 OFL *  1
8178 CHN 0 964999335267 3859997341068
8179 CHN 0 965110562685 3860442250740
8180 OFL *  1
8181 OFL *  1
8182 CHN 0 965477683555 3861910734220
8183 OFL *  1
8184 CHN 0 965811368680 3863245474720
8185 OFL *  1
8186 CHN 0 966017667173 3864070668692
8187 OFL *  1
8188 CHN 0 966066981945 3864267927780
8189 CHN 0 966159392521 3864637570084
8190 OFL *  1
8191 CHN 0 966419887805 3865679551220
8192 OFL *  1
8193 CHN 0 966482738115 3865930952460
8194 CHN 0 966569242131 3866276968524
8195 OFL *  1
8196 OFL *  1
8197 CHN 0 966905570008 3867622280032
8198 CHN 0 966935749385 3867742997540
8199 OFL *  1
8200 OFL *  1
8201 OFL *  1
8202 OFL *  1
8203 OFL *  1
8204 CHN 0 968051710837 3872206843348
8205 OFL *  1
8206 OFL *  1
8207 CHN 0 968381643064 3873526572256
8208 OFL *  1
8209 OFL *  1
8210 CHN 0 968866108859 3875464435436
8211 CHN 0 968903581796 3875614327184
8212 OFL *  1
8213 CHN 0 969075140479 3876300561916
8214 OFL *  1
8215 OFL *  1
8216 OFL *  1
8217 CHN 0 969819624601 3879278498404
8218 OFL *  1
8219 CHN 0 969892714023 3879570856092
8220 CHN 0 970021925065 3880087700260
8221 OFL *  1
8222 CHN 0 970116232933 3880464931732
8223 CHN 0 970160163888 3880640655552
8224 OFL *  1
8225 OFL *  1
8226 CHN 0 970518170177 3882072680708
8227 OFL *  1
8228 CHN 0 970852596113 3883410384452
8229 OFL *  1
8230 CHN 0 970912585435 3883650341740
8231 CHN 0 971087560758 3884350243032
8232 OFL *  1
8233 CHN 0 971270224000 3885080896000
8234 CHN 0 971284178611 3885136714444
8235 OFL *  1
8236 CHN 0 971370853453 3885483413812
8237 OFL *  1
8238 CHN 0 971643660136 3886574640544
8239 OFL *  1
8240 CHN 0 971872078689 3887488314756
8241 OFL *  1
8242 CHN 0 972118302691 3888473210764
8243 OFL *  1
8244 OFL *  1
8245 OFL *  1
8246 OFL *  1
8247 OFL *  1
8248 OFL *  1
8249 OFL *  1
8250 OFL *  1
8251 OFL *  1
8252 OFL *  1
8253 OFL *  1
8254 OFL *  1
8255 OFL *  1
8256 CHN 0 974881972213 3899527888852
8257 OFL *  1
8258 OFL *  1
8259 OFL *  1
8260 CHN 0 975454627193 3901818508772
8261 OFL *  1
8262 OFL *  1
8263 OFL *  1
8264 OFL *  1
8265 CHN 0 976212425202 3904849700808
8266 CHN 0 976240337760 3904961351040
8267 OFL *  1
8268 CHN 0 976495253121 3905981012484
8269 OFL *  1
8270 CHN 0 976660823986 3906643295944
8271 OFL *  1
8272 OFL *  1
8273 CHN 0 977164449425 3908657797700
8274 OFL *  1
8275 CHN 0 977262819993 3909051279972
8276 CHN 0 977285695036 3909142780144
8277 OFL *  1
8278 CHN 0 977441599201 3909766396804
8279 OFL *  1
8280 CHN 0 977746107199 3910984428796
8281 OFL *  1
8282 CHN 0 978000611682 3912002446728
8283 CHN 0 978012778779 3912051115116
8284 OFL *  1
8285 OFL *  1
8286 OFL *  1
8287 OFL *  1
8288 OFL *  1
8289 CHN 0 978948830123 3915795320492
8290 OFL *  1
8291 CHN 0 979173601526 3916694406104
8292 CHN 0 979184377142 3916737508568
8293 OFL *  1
8294 CHN 0 979356033137 3917424132548
8295 CHN 0 979492120829 3917968483316
8296 OFL *  1
8297 CHN 0 979602351207 3918409404828
8298 OFL *  1
8299 OFL *  1
8300 CHN 0 979960047835 3919840191340
8301 CHN 0 979969494314 3919877977256
8302 OFL *  1
8303 OFL *  1
8304 CHN 0 980426284113 3921705136452
8305 OFL *  1
8306 CHN 0 980655567138 3922622268552
8307 OFL *  1
8308 CHN 0 980842870688 3923371482752
8309 OFL *  1
8310 CHN 0 981091151090 3924364604360
8311 OFL *  1
8312 CHN 0 981254592508 3925018370032
8313 OFL *  1
8314 CHN 0 981576139732 3926304558928
8315 CHN 0 981601050239 3926404200956
8316 OFL *  1
8317 OFL *  1
8318 OFL *  1
8319 CHN 0 982125355900 3928501423600
8320 CHN 0 982157864931 3928631459724
8321 OFL *  1
8322 OFL *  1
8323 OFL *  1
8324 OFL *  1
8325 OFL *  1
8326 OFL *  1
8327 CHN 0 983405832294 3933623329176
8328 CHN 0 983481616998 3933926467992
8329 CHN 0 983501411812 3934005647248
8330 OFL *  1
8331 CHN 0 983575554618 3934302218472
8332 OFL *  1
8333 OFL *  1
8334 OFL *  1
8335 CHN 0 984237167509 3936948670036
8336 OFL *  1
8337 CHN 0 984407318661 3937629274644
8338 OFL *  1
8339 CHN 0 984657008318 3938628033272
8340 OFL *  1
8341 CHN 0 984969667119 3939878668476
8342 OFL *  1
8343 OFL *  1
8344 OFL *  1
8345 CHN 0 985643746342 3942574985368
8346 OFL *  1
8347 OFL *  1
8348 OFL *  1
8349 CHN 0 986141996063 3944567984252
8350 CHN 0 986159051164 3944636204656
8351 OFL *  1
8352 OFL *  1
8353 OFL *  1
8354 OFL *  1
8355 OFL *  1
8356 OFL *  1
8357 CHN 0 987415043779 3949660175116
8358 OFL *  1
8359 OFL *  1
8360 CHN 0 987954879409 3951819517636
8361 OFL *  1
8362 OFL *  1
8363 OFL *  1
8364 OFL *  1
8365 OFL *  1
8366 CHN 0 988939364179 3955757456716
8367 OFL *  1
8368 CHN 0 989130218143 3956520872572
8369 OFL *  1
8370 CHN 0 989279948512 3957119794048
8371 CHN 0 989398907158 3957595628632
8372 OFL *  1
8373 CHN 0 989609015129 3958436060516
8374 OFL *  1
8375 CHN 0 989811726874 3959246907496
8376 OFL *  1
8377 CHN 0 989909804509 3959639218036
8378 OFL *  1
8379 CHN 0 990247655957 3960990623828
8380 OFL *  1
8381 CHN 0 990470327608 3961881310432
8382 OFL *  1
8383 CHN 0 990643768755 3962575075020
8384 OFL *  1
8385 CHN 0 990847001909 3963388007636
8386 OFL *  1
8387 OFL *  1
8388 CHN 0 991179390334 3964717561336
8389 CHN 0 991252046166 3965008184664
8390 OFL *  1
8391 OFL *  1
8392 OFL *  1
8393 OFL *  1
8394 OFL *  1
8395 CHN 0 992241855565 3968967422260
8396 CHN 0 992336028245 3969344112980
8397 OFL *  1
8398 OFL *  1
8399 CHN 0 992710418502 3970841674008
8400 CHN 0 992736348959 3970945395836
8401 OFL *  1
8402 CHN 0 992862154393 3971448617572
8403 OFL *  1
8404 CHN 0 993153763978 3972615055912
8405 OFL *  1
8406 OFL *  1
8407 CHN 0 993567637190 3974270548760
8408 CHN 0 993571151421 3974284605684
8409 OFL *  1
8410 OFL *  1
8411 CHN 0 993904398891 3975617595564
8412 OFL *  1
8413 CHN 0 994086230481 3976344921924
8414 CHN 0 994086342549 3976345370196
8415 OFL *  1
8416 OFL *  1
8417 CHN 0 994602505577 3978410022308
8418 CHN 0 994613958097 3978455832388
8419 OFL *  1
8420 CHN 0 994748250185 3978993000740
8421 CHN 0 994873540926 3979494163704
8422 OFL *  1
8423 CHN 0 994938440666 3979753762664
8424 CHN 0 994970680992 3979882723968
8425 CHN 0 995066360127 3980265440508
8426 OFL *  1
8427 CHN 0 995173945167 3980695780668
8428 OFL *  1
8429 OFL *  1
8430 CHN 0 995570793234 3982283172936
8431 OFL *  1
8432 OFL *  1
8433 CHN 0 996024814635 3984099258540
8434 OFL *  1
8435 CHN 0 996307817214 3985231268856
8436 OFL *  1
8437 CHN 0 996468414201 3985873656804
8438 CHN 0 996478282571 3985913130284
8439 OFL *  1
8440 OFL *  1
8441 OFL *  1
8442 OFL *  1
8443 CHN 0 997274180599 3989096722396
8444 CHN 0 997393484022 3989573936088
8445 OFL *  1
8446 OFL *  1
8447 CHN 0 997700911886 3990803647544
8448 CHN 0 997764395018 3991057580072
8449 OFL *  1
8450 CHN 0 997993909782 3991975639128
8451 OFL *  1
8452 CHN 0 998196347442 3992785389768
8453 OFL *  1
8454 CHN 0 998291551635 3993166206540
8455 OFL *  1
8456 CHN 0 998590115605 3994360462420
8457 CHN 0 998637665406 3994550661624
8458 CHN 0 998659131258 3994636525032
8459 CHN 0 998674091542 3994696366168
8460 CHN 0 998702786177 3994811144708
8461 OFL *  1
8462 OFL *  1
8463 OFL *  1
8464 OFL *  1
8465 OFL *  1
8466 CHN 0 999694647378 3998778589512
8467 OFL *  1
8468 OFL *  1
8469 OFL *  1
8470 OFL *  1
8471 OFL *  1
8472 OFL *  1
8473 OFL *  1
8474 CHN 0 1001040553426 4004162213704
8475 CHN 0 1001134876319 4004539505276
8476 OFL *  1
8477 OFL *  1
8478 CHN 0 1001506666349 4006026665396
8479 CHN 0 1001582207482 4006328829928
8480 OFL *  1
8481 OFL *  1
8482 CHN 0 1001896103668 4007584414672
8483 OFL *  1
8484 CHN 0 1002132370010 4008529480040
8485 CHN 0 1002285287858 4009141151432
8486 OFL *  1
8487 OFL *  1
8488 CHN 0 1002544903368 4010179613472
8489 CHN 0 1002663790229 4010655160916
8490 OFL *  1
8491 OFL *  1
8492 OFL *  1
8493 CHN 0 1003299501571 4013198006284
8494 CHN 0 1003334725493 4013338901972
8495 OFL *  1
8496 CHN 0 1003375051908 4013500207632
8497 CHN 0 1003511924826 4014047699304
8498 OFL *  1
8499 CHN 0 1003573000605 4014292002420
8500 CHN 0 1003631342903 4014525371612
8501 CHN 0 1003675546449 4014702185796
8502 CHN 0 1003675648288 4014702593152
8503 CHN 0 1003678897233 4014715588932
8504 OFL *  1
8505 CHN 0 1003790818099 4015163272396
8506 OFL *  1
8507 OFL *  1
8508 CHN 0 1004276997568 4017107990272
8509 OFL *  1
8510 CHN 0 1004604722258 4018418889032
8511 OFL *  1
8512 CHN 0 1004651411724 4018605646896
8513 CHN 0 1004694716084 4018778864336
8514 OFL *  1
8515 CHN 0 1004844763465 4019379053860
8516 CHN 0 1004845618848 4019382475392
8517 OFL *  1
8518 CHN 0 1005034419522 4020137678088
8519 CHN 0 1005073343105 4020293372420
8520 OFL *  1
8521 OFL *  1
8522 CHN 0 1005465041827 4021860167308
8523 CHN 0 1005520580206 4022082320824
8524 OFL *  1
8525 OFL *  1
8526 CHN 0 1006018490575 4024073962300
8527 OFL *  1
8528 CHN 0 1006156681466 4024626725864
8529 CHN 0 1006240116674 4024960466696
8530 OFL *  1
8531 CHN 0 1006345664919 4025382659676
8532 OFL *  1
8533 CHN 0 1006668650844 4026674603376
8534 OFL *  1
8535 OFL *  1
8536 CHN 0 1006941789569 4027767158276
8537 OFL *  1
8538 CHN 0 1007140760915 4028563043660
8539 OFL *  1
8540 OFL *  1
8541 CHN 0 1007688682804 4030754731216
8542 OFL *  1
8543 OFL *  1
8544 CHN 0 1008136725073 4032546900292
8545 CHN 0 1008179571890 4032718287560
8546 OFL *  1
8547 OFL *  1
8548 OFL *  1
8549 CHN 0 1008766899833 4035067599332
8550 OFL *  1
8551 OFL *  1
8552 OFL *  1
8553 OFL *  1
8554 OFL *  1
8555 OFL *  1
8556 OFL *  1
8557 CHN 0 1010233496433 4040933985732
8558 OFL *  1
8559 OFL *  1
8560 OFL *  1
8561 OFL *  1
8562 CHN 0 1010991194768 4043964779072
8563 OFL *  1
8564 CHN 0 1011291695216 4045166780864
8565 OFL *  1
8566 CHN 0 1011389036225 4045556144900
8567 OFL *  1
8568 OFL *  1
8569 CHN 0 1011961717325 4047846869300
8570 OFL *  1
8571 CHN 0 1011994568590 4047978274360
8572 OFL *  1
8573 CHN 0 1012373786378 4049495145512
8574 OFL *  1
8575 OFL *  1
8576 OFL *  1
8577 OFL *  1
8578 CHN 0 1013130541558 4052522166232
8579 OFL *  1
8580 CHN 0 1013289358899 4053157435596
8581 OFL *  1
8582 OFL *  1
8583 CHN 0 1013683028868 4054732115472
8584 CHN 0 1013700431809 4054801727236
8585 OFL *  1
8586 CHN 0 1013891971627 4055567886508
8587 CHN 0 1013965457036 4055861828144
8588 OFL *  1
8589 OFL *  1
8590 OFL *  1
8591 OFL *  1
8592 OFL *  1
8593 CHN 0 1014962207171 4059848828684
8594 CHN 0 1014996422471 4059985689884
8595 OFL *  1
8596 OFL *  1
8597 CHN 0 1015461419267 4061845677068
8598 OFL *  1
8599 CHN 0 1015664561676 4062658246704
8600 CHN 0 1015773185535 4063092742140
8601 OFL *  1
8602 CHN 0 1015831768230 4063327072920
8603 OFL *  1
8604 CHN 0 1016179536351 4064718145404
8605 OFL *  1
8606 OFL *  1
8607 CHN 0 1016555382446 4066221529784
8608 CHN 0 1016600753143 4066403012572
8609 OFL *  1
8610 CHN 0 1016687445886 4066749783544
8611 CHN 0 1016729232845 4066916931380
8612 OFL *  1
8613 OFL *  1
8614 CHN 0 1017151649469 4068606597876
8615 CHN 0 1017154628441 4068618513764
8616 OFL *  1
8617 OFL *  1
8618 CHN 0 1017511057240 4070044228960
8619 CHN 0 1017528368745 4070113474980
8620 OFL *  1
8621 OFL *  1
8622 OFL *  1
8623 CHN 0 1018122686892 4072490747568
8624 CHN 0 1018178917452 4072715669808
8625 CHN 0 1018262528423 4073050113692
8626 CHN 0 1018270414220 4073081656880
8627 CHN 0 1018304571307 4073218285228
8628 OFL *  1
8629 CHN 0 1018365581999 4073462327996
8630 CHN 0 1018407999887 4073631999548
8631 OFL *  1
8632 OFL *  1
8633 OFL *  1
8634 OFL *  1
8635 CHN 0 1019182684966 4076730739864
8636 CHN 0 1019225054928 4076900219712
8637 CHN 0 1019337461505 4077349846020
8638 CHN 0 1019348338104 4077393352416
8639 OFL *  1
8640 CHN 0 1019540878220 4078163512880
8641 OFL *  1
8642 OFL *  1
8643 OFL *  1
8644 CHN 0 1020055790114 4080223160456
8645 OFL *  1
8646 CHN 0 1020351774205 4081407096820
8647 OFL *  1
8648 OFL *  1
8649 CHN 0 1020670240468 4082680961872
8650 CHN 0 1020808549229 4083234196916
8651 OFL *  1
8652 CHN 0 1020850449866 4083401799464
8653 CHN 0 1020897122235 4083588488940
8654 OFL *  1
8655 CHN 0 1021097660090 4084390640360
8656 CHN 0 1021131489628 4084525958512
8657 OFL *  1
8658 OFL *  1
8659 CHN 0 1021488869631 4085955478524
8660 OFL *  1
8661 OFL *  1
8662 CHN 0 1021901668545 4087606674180
8663 CHN 0 1022043223201 4088172892804
8664 OFL *  1
8665 CHN 0 1022108055933 4088432223732
8666 OFL *  1
8667 OFL *  1
8668 CHN 0 1022559439748 4090237758992
8669 CHN 0 1022639588744 4090558354976
8670 OFL *  1
8671 OFL *  1
8672 OFL *  1
8673 CHN 0 1023209574626 4092838298504
8674 CHN 0 1023284546135 4093138184540
8675 OFL *  1
8676 OFL *  1
8677 CHN 0 1023745139502 4094980558008
8678 OFL *  1
8679 OFL *  1
8680 CHN 0 1024044222222 4096176888888
8681 CHN 0 1024134898590 4096539594360
8682 OFL *  1
8683 CHN 0 1024231132583 4096924530332
8684 CHN 0 1024322222703 4097288890812
8685 OFL *  1
8686 CHN 0 1024435531586 4097742126344
8687 OFL *  1
8688 CHN 0 1024677848490 4098711393960
8689 CHN 0 1024693068741 4098772274964
8690 OFL *  1
8691 CHN 0 1024847593416 4099390373664
8692 OFL *  1
8693 CHN 0 1025050890945 4100203563780
8694 CHN 0 1025098309039 4100393236156
8695 CHN 0 1025176545538 4100706182152
8696 CHN 0 1025208771845 4100835087380
8697 CHN 0 1025241495685 4100965982740
8698 OFL *  1
8699 OFL *  1
8700 CHN 0 1025566102318 4102264409272
8701 OFL *  1
8702 OFL *  1
8703 OFL *  1
8704 OFL *  1
8705 OFL *  1
8706 OFL *  1
8707 CHN 0 1026742006439 4106968025756
8708 OFL *  1
8709 OFL *  1
8710 CHN 0 1027364572337 4109458289348
8711 OFL *  1
8712 CHN 0 1027412400484 4109649601936
8713 OFL *  1
8714 OFL *  1
8715 OFL *  1
8716 CHN 0 1028027383231 4112109532924
8717 OFL *  1
8718 OFL *  1
8719 CHN 0 1028567508708 4114270034832
8720 OFL *  1
8721 CHN 0 1028692640869 4114770563476
8722 OFL *  1
8723 CHN 0 1028894364444 4115577457776
8724 OFL *  1
8725 CHN 0 1029203127790 4116812511160
8726 OFL *  1
8727 CHN 0 1029336277926 4117345111704
8728 OFL *  1
8729 OFL *  1
8730 CHN 0 1029702252387 4118809009548
8731 OFL *  1
8732 OFL *  1
8733 CHN 0 1030217492047 4120869968188
8734 CHN 0 1030244811928 4120979247712
8735 OFL *  1
8736 OFL *  1
8737 CHN 0 1030643466481 4122573865924
8738 CHN 0 1030643620308 4122574481232
8739 OFL *  1
8740 CHN 0 1030862997673 4123451990692
8741 CHN 0 1030945032288 4123780129152
8742 OFL *  1
8743 CHN 0 1031042063029 4124168252116
8744 OFL *  1
8745 CHN 0 1031200620865 4124802483460
8746 CHN 0 1031321824370 4125287297480
8747 OFL *  1
8748 CHN 0 1031511125215 4126044500860
8749 OFL *  1
8750 CHN 0 1031668438292 4126673753168
8751 CHN 0 1031740088909 4126960355636
8752 OFL *  1
8753 OFL *  1
8754 CHN 0 1032061676929 4128246707716
8755 OFL *  1
8756 OFL *  1
8757 CHN 0 1032434793566 4129739174264
8758 OFL *  1
8759 CHN 0 1032643263321 4130573053284
8760 OFL *  1
8761 CHN 0 1033024005612 4132096022448
8762 OFL *  1
8763 OFL *  1
8764 CHN 0 1033463910741 4133855642964
8765 OFL *  1
8766 OFL *  1
8767 CHN 0 1033723387940 4134893551760
8768 OFL *  1
8769 OFL *  1
8770 CHN 0 1034155814195 4136623256780
8771 CHN 0 1034180592645 4136722370580
8772 CHN 0 1034196373435 4136785493740
8773 CHN 0 1034269922180 4137079688720
8774 CHN 0 1034302306737 4137209226948
8775 CHN 0 1034316057818 4137264231272
8776 OFL *  1
8777 CHN 0 1034498755810 4137995023240
8778 OFL *  1
8779 CHN 0 1034560029247 4138240116988
8780 CHN 0 1034568031623 4138272126492
8781 CHN 0 1034590053082 4138360212328
8782 CHN 0 1034695784194 4138783136776
8783 OFL *  1
8784 CHN 0 1034889654193 4139558616772
8785 OFL *  1
8786 CHN 0 1035155437617 4140621750468
8787 OFL *  1
8788 OFL *  1
8789 CHN 0 1035406828424 4141627313696
8790 OFL *  1
8791 OFL *  1
8792 CHN 0 1035834567220 4143338268880
8793 CHN 0 1035843815733 4143375262932
8794 CHN 0 1035861165975 4143444663900
8795 OFL *  1
8796 OFL *  1
8797 CHN 0 1036221244675 4144884978700
8798 OFL *  1
8799 CHN 0 1036494236519 4145976946076
8800 CHN 0 1036576882697 4146307530788
8801 OFL *  1
8802 CHN 0 1036646757307 4146587029228
8803 OFL *  1
8804 OFL *  1
8805 OFL *  1
8806 OFL *  1
8807 CHN 0 1037494647888 4149978591552
8808 OFL *  1
8809 CHN 0 1037692816763 4150771267052
8810 OFL *  1
8811 CHN 0 1037904461922 4151617847688
8812 OFL *  1
8813 OFL *  1
8814 OFL *  1
8815 OFL *  1
8816 OFL *  1
8817 CHN 0 1039089198158 4156356792632
8818 OFL *  1
8819 CHN 0 1039289334885 4157157339540
8820 CHN 0 1039300330923 4157201323692
8821 OFL *  1
8822 CHN 0 1039481027928 4157924111712
8823 OFL *  1
8824 OFL *  1
8825 CHN 0 1039845004387 4159380017548
8826 OFL *  1
8827 OFL *  1
8828 OFL *  1
8829 OFL *  1
8830 CHN 0 1040785356970 4163141427880
8831 OFL *  1
8832 OFL *  1
8833 OFL *  1
8834 CHN 0 1041318661367 4165274645468
8835 CHN 0 1041471517317 4165886069268
8836 OFL *  1
8837 OFL *  1
8838 CHN 0 1041775662697 4167102650788
8839 OFL *  1
8840 CHN 0 1041965867736 4167863470944
8841 CHN 0 1042034570392 4168138281568
8842 OFL *  1
8843 CHN 0 1042224835856 4168899343424
8844 OFL *  1
8845 CHN 0 1042507301989 4170029207956
8846 OFL *  1
8847 OFL *  1
8848 CHN 0 1042846187236 4171384748944
8849 CHN 0 1042899888365 4171599553460
8850 OFL *  1
8851 CHN 0 1043061043948 4172244175792
8852 OFL *  1
8853 CHN 0 1043283172676 4173132690704
8854 OFL *  1
8855 OFL *  1
8856 CHN 0 1043717716396 4174870865584
8857 CHN 0 1043723200186 4174892800744
8858 CHN 0 1043776129710 4175104518840
8859 OFL *  1
8860 OFL *  1
8861 OFL *  1
8862 CHN 0 1044243261381 4176973045524
8863 CHN 0 1044298701652 4177194806608
8864 OFL *  1
8865 OFL *  1
8866 CHN 0 1044743547362 4178974189448
8867 CHN 0 1044794852767 4179179411068
8868 CHN 0 1044808033968 4179232135872
8869 CHN 0 1044837387105 4179349548420
8870 OFL *  1
8871 CHN 0 1044912571466 4179650285864
8872 CHN 0 1044966743015 4179866972060
8873 CHN 0 1045036404375 4180145617500
8874 OFL *  1
8875 OFL *  1
8876 CHN 0 1045292875981 4181171503924
8877 CHN 0 1045307129206 4181228516824
8878 OFL *  1
8879 CHN 0 1045634752648 4182539010592
8880 OFL *  1
8881 CHN 0 1045741332466 4182965329864
8882 CHN 0 1045879849536 4183519398144
8883 OFL *  1
8884 CHN 0 1045933832372 4183735329488
8885 OFL *  1
8886 CHN 0 1046153062916 4184612251664
8887 CHN 0 1046284898682 4185139594728
8888 OFL *  1
8889 CHN 0 1046384450126 4185537800504
8890 CHN 0 1046451257057 4185805028228
8891 OFL *  1
8892 CHN 0 1046701226943 4186804907772
8893 OFL *  1
8894 CHN 0 1046908281306 4187633125224
8895 OFL *  1
8896 CHN 0 1047121821261 4188487285044
8897 CHN 0 1047149089941 4188596359764
8898 OFL *  1
8899 CHN 0 1047234517771 4188938071084
8900 OFL *  1
8901 CHN 0 1047450641035 4189802564140
8902 CHN 0 1047537064428 4190148257712
8903 OFL *  1
8904 CHN 0 1047661456809 4190645827236
8905 OFL *  1
8906 CHN 0 1047896622635 4191586490540
8907 OFL *  1
8908 OFL *  1
8909 CHN 0 1048324957618 4193299830472
8910 CHN 0 1048372132582 4193488530328
8911 OFL *  1
8912 OFL *  1
8913 OFL *  1
8914 CHN 0 1048856604439 4195426417756
8915 CHN 0 1048951037425 4195804149700
8916 OFL *  1
8917 OFL *  1
8918 CHN 0 1049473159474 4197892637896
8919 OFL *  1
8920 CHN 0 1049552298126 4198209192504
8921 CHN 0 1049556957597 4198227830388
8922 CHN 0 1049665320777 4198661283108
8923 OFL *  1
8924 OFL *  1
8925 CHN 0 1050112517857 4200450071428
8926 OFL *  1
8927 CHN 0 1050300233558 4201200934232
8928 OFL *  1
8929 OFL *  1
8930 OFL *  1
8931 CHN 0 1050788983559 4203155934236
8932 OFL *  1
8933 CHN 0 1050998962587 4203995850348
8934 OFL *  1
8935 OFL *  1
8936 OFL *  1
8937 OFL *  1
8938 OFL *  1
8939 OFL *  1
8940 CHN 0 1052302077358 4209208309432
8941 CHN 0 1052310545928 4209242183712
8942 OFL *  1
8943 OFL *  1
8944 CHN 0 1052776189117 4211104756468
8945 CHN 0 1052825248710 4211300994840
8946 OFL *  1
8947 OFL *  1
8948 CHN 0 1053142180474 4212568721896
8949 OFL *  1
8950 CHN 0 1053335338512 4213341354048
8951 CHN 0 1053481295928 4213925183712
8952 OFL *  1
8953 OFL *  1
8954 OFL *  1
8955 CHN 0 1054041874620 4216167498480
8956 OFL *  1
8957 OFL *  1
8958 OFL *  1
8959 OFL *  1
8960 CHN 0 1054809267004 4219237068016
8961 OFL *  1
8962 CHN 0 1055002863279 4220011453116
8963 CHN 0 1055106717156 4220426868624
8964 OFL *  1
8965 OFL *  1
8966 CHN 0 1055436260299 4221745041196
8967 CHN 0 1055555995191 4222223980764
8968 OFL *  1
8969 CHN 0 1055630403464 4222521613856
8970 OFL *  1
8971 OFL *  1
8972 OFL *  1
8973 OFL *  1
8974 OFL *  1
8975 OFL *  1
8976 CHN 0 1056952630135 4227810520540
8977 OFL *  1
8978 OFL *  1
8979 CHN 0 1057374126003 4229496504012
8980 OFL *  1
8981 OFL *  1
8982 OFL *  1
8983 OFL *  1
8984 OFL *  1
8985 CHN 0 1058406783752 4233627135008
8986 OFL *  1
8987 CHN 0 1058619537763 4234478151052
8988 CHN 0 1058724599327 4234898397308
8989 OFL *  1
8990 CHN 0 1058830112136 4235320448544
8991 OFL *  1
8992 CHN 0 1058981851127 4235927404508
8993 CHN 0 1058985921805 4235943687220
8994 CHN 0 1059166485383 4236665941532
8995 OFL *  1
8996 CHN 0 1059259516485 4237038065940
8997 OFL *  1
8998 OFL *  1
8999 OFL *  1
9000 OFL *  1
9001 CHN 0 1060098253964 4240393015856
9002 OFL *  1
9003 CHN 0 1060296326069 4241185304276
9004 CHN 0 1060379554404 4241518217616
9005 OFL *  1
9006 OFL *  1
9007 OFL *  1
9008 OFL *  1
9009 CHN 0 1061090033910 4244360135640
9010 CHN 0 1061120876234 4244483504936
9011 CHN 0 1061185950013 4244743800052
9012 CHN 0 1061269084732 4245076338928
9013 OFL *  1
9014 CHN 0 1061332686130 4245330744520
9015 CHN 0 1061457102944 4245828411776
9016 OFL *  1
9017 CHN 0 1061597424824 4246389699296
9018 CHN 0 1061614590373 4246458361492
9019 CHN 0 1061632195632 4246528782528
9020 OFL *  1
9021 CHN 0 1061882121941 4247528487764
9022 OFL *  1
9023 OFL *  1
9024 CHN 0 1062208663437 4248834653748
9025 OFL *  1
9026 CHN 0 1062391598266 4249566393064
9027 OFL *  1
9028 OFL *  1
9029 CHN 0 1062919759143 4251679036572
9030 OFL *  1
9031 CHN 0 1063042551554 4252170206216
9032 OFL *  1
9033 CHN 0 1063339339089 4253357356356
9034 OFL *  1
9035 OFL *  1
9036 CHN 0 1063696570613 4254786282452
9037 OFL *  1
9038 OFL *  1
9039 OFL *  1
9040 OFL *  1
9041 CHN 0 1064471824820 4257887299280
9042 OFL *  1
9043 OFL *  1
9044 CHN 0 1064946326342 4259785305368
9045 CHN 0 1064978390270 4259913561080
9046 CHN 0 1064982433726 4259929734904
9047 OFL *  1
9048 CHN 0 1065122203470 4260488813880
9049 OFL *  1
9050 OFL *  1
9051 CHN 0 1065670809496 4262683237984
9052 OFL *  1
9053 OFL *  1
9054 CHN 0 1066125608484 4264502433936
9055 OFL *  1
9056 OFL *  1
9057 CHN 0 1066512397878 4266049591512
9058 CHN 0 1066512421258 4266049685032
9059 OFL *  1
9060 CHN 0 1066730960308 4266923841232
9061 OFL *  1
9062 OFL *  1
9063 CHN 0 1067073170730 4268292682920
9064 CHN 0 1067173914223 4268695656892
9065 OFL *  1
9066 CHN 0 1067245723870 4268982895480
9067 CHN 0 1067259047939 4269036191756
9068 CHN 0 1067276099775 4269104399100
9069 OFL *  1
9070 CHN 0 1067591889171 4270367556684
9071 OFL *  1
9072 CHN 0 1067623853522 4270495414088
9073 OFL *  1
9074 CHN 0 1067837674168 4271350696672
9075 OFL *  1
9076 CHN 0 1068120943564 4272483774256
9077 OFL *  1
9078 OFL *  1
9079 CHN 0 1068518917470 4274075669880
9080 OFL *  1
9081 CHN 0 1068702793012 4274811172048
9082 OFL *  1
9083 CHN 0 1068925203805 4275700815220
9084 OFL *  1
9085 OFL *  1
9086 OFL *  1
9087 CHN 0 1069579978434 4278319913736
9088 CHN 0 1069697336307 4278789345228
9089 CHN 0 1069703909493 4278815637972
9090 OFL *  1
9091 OFL *  1
9092 OFL *  1
9093 OFL *  1
9094 CHN 0 1070446727506 4281786910024
9095 OFL *  1
9096 OFL *  1
9097 CHN 0 1070773798384 4283095193536
9098 CHN 0 1070871672797 4283486691188
9099 OFL *  1
9100 CHN 0 1071027045344 4284108181376
9101 CHN 0 1071066161833 4284264647332
9102 CHN 0 1071073882794 4284295531176
9103 OFL *  1
9104 OFL *  1
9105 CHN 0 1071410275748 4285641102992
9106 OFL *  1
9107 OFL *  1
9108 OFL *  1
9109 OFL *  1
9110 OFL *  1
9111 CHN 0 1072653554071 4290614216284
9112 OFL *  1
9113 OFL *  1
9114 CHN 0 1073068787281 4292275149124
9115 OFL *  1
9116 CHN 0 1073286917903 4293147671612
9117 OFL *  1
9118 OFL *  1
9119 CHN 0 1073656586999 4294626347996
9120 OFL *  1
9121 CHN 0 1073772196435 4295088785740
9122 CHN 0 1073789589047 4295158356188
9123 OFL *  1
9124 CHN 0 1074137461370 4296549845480
9125 OFL *  1
9126 OFL *  1
9127 CHN 0 1074471748144 4297886992576
9128 OFL *  1
9129 CHN 0 1074579739582 4298318958328
9130 CHN 0 1074690993295 4298763973180
9131 OFL *  1
9132 OFL *  1
9133 CHN 0 1074990309627 4299961238508
9134 CHN 0 1075058894469 4300235577876
9135 CHN 0 1075177610716 4300710442864
9136 OFL *  1
9137 CHN 0 1075344006604 4301376026416
9138 OFL *  1
9139 OFL *  1
9140 OFL *  1
9141 CHN 0 1075966705417 4303866821668
9142 OFL *  1
9143 OFL *  1
9144 OFL *  1
9145 CHN 0 1076500961395 4306003845580
9146 CHN 0 1076572642708 4306290570832
9147 OFL *  1
9148 OFL *  1
9149 CHN 0 1076963359858 4307853439432
9150 CHN 0 1077016142602 4308064570408
9151 OFL *  1
9152 CHN 0 1077103016709 4308412066836
9153 CHN 0 1077183340390 4308733361560
9154 CHN 0 1077244574654 4308978298616
9155 OFL *  1
9156 CHN 0 1077347788004 4309391152016
9157 OFL *  1
9158 CHN 0 1077569293420 4310277173680
9159 CHN 0 1077688587970 4310754351880
9160 OFL *  1
9161 CHN 0 1077802318326 4311209273304
9162 CHN 0 1077824350607 4311297402428
9163 CHN 0 1077860592954 4311442371816
9164 OFL *  1
9165 CHN 0 1078116272504 4312465090016
9166 OFL *  1
9167 OFL *  1
9168 OFL *  1
9169 CHN 0 1078688896454 4314755585816
9170 OFL *  1
9171 CHN 0 1078985149742 4315940598968
9172 OFL *  1
9173 OFL *  1
9174 CHN 0 1079243784490 4316975137960
9175 CHN 0 1079249275912 4316997103648
9176 CHN 0 1079394393725 4317577574900
9177 OFL *  1
9178 OFL *  1
9179 OFL *  1
9180 OFL *  1
9181 CHN 0 1080136316980 4320545267920
9182 CHN 0 1080139896710 4320559586840
9183 CHN 0 1080246368357 4320985473428
9184 OFL *  1
9185 CHN 0 1080309567500 4321238270000
9186 CHN 0 1080347274105 4321389096420
9187 CHN 0 1080347788111 4321391152444
9188 CHN 0 1080375640668 4321502562672
9189 OFL *  1
9190 OFL *  1
9191 OFL *  1
9192 CHN 0 1080995635558 4323982542232
9193 OFL *  1
9194 OFL *  1
9195 CHN 0 1081409712557 4325638850228
9196 CHN 0 1081494425892 4325977703568
9197 OFL *  1
9198 OFL *  1
9199 OFL *  1
9200 CHN 0 1082071957612 4328287830448
9201 CHN 0 1082135078412 4328540313648
9202 OFL *  1
9203 CHN 0 1082157676236 4328630704944
9204 CHN 0 1082353890496 4329415561984
9205 OFL *  1
9206 CHN 0 1082435254718 4329741018872
9207 CHN 0 1082468536208 4329874144832
9208 CHN 0 1082475263389 4329901053556
9209 OFL *  1
9210 CHN 0 1082602231617 4330408926468
9211 CHN 0 1082773626987 4331094507948
9212 OFL *  1
9213 CHN 0 1082790005566 4331160022264
9214 CHN 0 1082881817441 4331527269764
9215 CHN 0 1082890178439 4331560713756
9216 CHN 0 1082911556804 4331646227216
9217 OFL *  1
9218 OFL *  1
9219 CHN 0 1083341430766 4333365723064
9220 OFL *  1
9221 CHN 0 1083546278530 4334185114120
9222 OFL *  1
9223 CHN 0 1083630350332 4334521401328
9224 CHN 0 1083665875088 4334663500352
9225 CHN 0 1083717135817 4334868543268
9226 OFL *  1
9227 CHN 0 1083845406445 4335381625780
9228 CHN 0 1083924915581 4335699662324
9229 CHN 0 1083953970974 4335815883896
9230 OFL *  1
9231 OFL *  1
9232 OFL *  1
9233 CHN 0 1084626509746 4338506038984
9234 OFL *  1
9235 OFL *  1
9236 OFL *  1
9237 OFL *  1
9238 OFL *  1
9239 CHN 0 1085572158322 4342288633288
9240 CHN 0 1085611373428 4342445493712
9241 OFL *  1
9242 CHN 0 1085784635577 4343138542308
9243 OFL *  1
9244 CHN 0 1086137321191 4344549284764
9245 OFL *  1
9246 CHN 0 1086261218761 4345044875044
9247 OFL *  1
9248 OFL *  1
9249 OFL *  1
9250 CHN 0 1086903880668 4347615522672
9251 CHN 0 1086941198651 4347764794604
9252 OFL *  1
9253 CHN 0 1087159466403 4348637865612
9254 OFL *  1
9255 OFL *  1
9256 CHN 0 1087450463213 4349801852852
9257 OFL *  1
9258 OFL *  1
9259 CHN 0 1087874672614 4351498690456
9260 CHN 0 1087884052638 4351536210552
9261 OFL *  1
9262 CHN 0 1088184349130 4352737396520
9263 CHN 0 1088233293087 4352933172348
9264 OFL *  1
9265 CHN 0 1088331872404 4353327489616
9266 CHN 0 1088335431342 4353341725368
9267 CHN 0 1088453062298 4353812249192
9268 OFL *  1
9269 CHN 0 1088573981464 4354295925856
9270 OFL *  1
9271 CHN 0 1088679245291 4354716981164
9272 CHN 0 1088866717246 4355466868984
9273 OFL *  1
9274 CHN 0 1088927595537 4355710382148
9275 OFL *  1
9276 OFL *  1
9277 CHN 0 1089443552343 4357774209372
9278 OFL *  1
9279 CHN 0 1089600764008 4358403056032
9280 OFL *  1
9281 OFL *  1
9282 CHN 0 1090029588648 4360118354592
9283 CHN 0 1090072694828 4360290779312
9284 CHN 0 1090096929497 4360387717988
9285 CHN 0 1090105315952 4360421263808
9286 OFL *  1
9287 CHN 0 1090205546244 4360822184976
9288 CHN 0 1090347859965 4361391439860
9289 OFL *  1
9290 OFL *  1
9291 CHN 0 1090712294754 4362849179016
9292 OFL *  1
9293 CHN 0 1090928318130 4363713272520
9294 OFL *  1
9295 CHN 0 1091182713184 4364730852736
9296 OFL *  1
9297 CHN 0 1091326722649 4365306890596
9298 CHN 0 1091331083647 4365324334588
9299 CHN 0 1091331209828 4365324839312
9300 OFL *  1
9301 CHN 0 1091523311693 4366093246772
9302 OFL *  1
9303 CHN 0 1091699455745 4366797822980
9304 OFL *  1
9305 OFL *  1
9306 OFL *  1
9307 OFL *  1
9308 CHN 0 1092671927754 4370687711016
9309 OFL *  1
9310 CHN 0 1092789538857 4371158155428
9311 CHN 0 1092799434724 4371197738896
9312 CHN 0 1092846058792 4371384235168
9313 OFL *  1
9314 CHN 0 1092911386764 4371645547056
9315 OFL *  1
9316 CHN 0 1093103169459 4372412677836
9317 CHN 0 1093157568039 4372630272156
9318 OFL *  1
9319 CHN 0 1093508588244 4374034352976
9320 OFL *  1
9321 CHN 0 1093524487272 4374097949088
9322 CHN 0 1093643529023 4374574116092
9323 CHN 0 1093704479521 4374817918084
9324 CHN 0 1093712463896 4374849855584
9325 OFL *  1
9326 CHN 0 1093781730133 4375126920532
9327 OFL *  1
9328 CHN 0 1093978604868 4375914419472
9329 CHN 0 1094020002907 4376080011628
9330 CHN 0 1094050855468 4376203421872
9331 OFL *  1
9332 CHN 0 1094246498289 4376985993156
9333 OFL *  1
9334 CHN 0 1094406377748 4377625510992
9335 OFL *  1
9336 OFL *  1
9337 CHN 0 1094974492666 4379897970664
9338 OFL *  1
9339 OFL *  1
9340 CHN 0 1095418539323 4381674157292
9341 OFL *  1
9342 OFL *  1
9343 CHN 0 1095677335948 4382709343792
9344 CHN 0 1095817719981 4383270879924
9345 OFL *  1
9346 OFL *  1
9347 CHN 0 1096211864095 4384847456380
9348 OFL *  1
9349 CHN 0 1096395711956 4385582847824
9350 OFL *  1
9351 OFL *  1
9352 OFL *  1
9353 CHN 0 1096901986267 4387607945068
9354 OFL *  1
9355 OFL *  1
9356 OFL *  1
9357 CHN 0 1097536759182 4390147036728
9358 CHN 0 1097645631168 4390582524672
9359 OFL *  1
9360 CHN 0 1097775001226 4391100004904
9361 CHN 0 1097888693505 4391554774020
9362 CHN 0 1097921612635 4391686450540
9363 OFL *  1
9364 CHN 0 1098119593463 4392478373852
9365 OFL *  1
9366 CHN 0 1098162375239 4392649500956
9367 CHN 0 1098202849041 4392811396164
9368 CHN 0 1098244010246 4392976040984
9369 CHN 0 1098271465102 4393085860408
9370 CHN 0 1098300134212 4393200536848
9371 OFL *  1
9372 OFL *  1
9373 OFL *  1
9374 CHN 0 1098795477166 4395181908664
9375 CHN 0 1098895392554 4395581570216
9376 CHN 0 1098975329381 4395901317524
9377 OFL *  1
9378 CHN 0 1099120948192 4396483792768
9379 OFL *  1
9380 CHN 0 1099355782294 4397423129176
9381 CHN 0 1099356710020 4397426840080
9382 CHN 0 1099393731074 4397574924296
9383 OFL *  1
9384 CHN 0 1099448758394 4397795033576
9385 CHN 0 1099496501520 4397986006080
9386 CHN 0 1099558135571 4398232542284
9387 OFL *  1
9388 CHN 0 1099789745404 4399158981616
9389 OFL *  1
9390 CHN 0 1099868119745 4399472478980
9391 CHN 0 1099951405115 4399805620460
9392 OFL *  1
9393 CHN 0 1100100992968 4400403971872
9394 CHN 0 1100253616249 4401014464996
9395 OFL *  1
9396 OFL *  1
9397 OFL *  1
9398 CHN 0 1100694701095 4402778804380
9399 CHN 0 1100789988317 4403159953268
9400 CHN 0 1100809368300 4403237473200
9401 OFL *  1
9402 CHN 0 1100953723951 4403814895804
9403 OFL *  1
9404 OFL *  1
9405 OFL *  1
9406 OFL *  1
9407 CHN 0 1101806485842 4407225943368
9408 CHN 0 1101814512027 4407258048108
9409 OFL *  1
9410 CHN 0 1102031519495 4408126077980
9411 OFL *  1
9412 OFL *  1
9413 OFL *  1
9414 OFL *  1
9415 OFL *  1
9416 CHN 0 1103164065908 4412656263632
9417 OFL *  1
9418 OFL *  1
9419 CHN 0 1103610142153 4414440568612
9420 OFL *  1
9421 CHN 0 1103721160757 4414884643028
9422 OFL *  1
9423 OFL *  1
9424 OFL *  1
9425 CHN 0 1104370172193 4417480688772
9426 OFL *  1
9427 OFL *  1
9428 OFL *  1
9429 CHN 0 1105082980066 4420331920264
9430 OFL *  1
9431 CHN 0 1105112679894 4420450719576
9432 CHN 0 1105156008036 4420624032144
9433 OFL *  1
9434 CHN 0 1105481775390 4421927101560
9435 OFL *  1
9436 CHN 0 1105637888836 4422551555344
9437 OFL *  1
9438 CHN 0 1105745148584 4422980594336
9439 CHN 0 1105861418598 4423445674392
9440 CHN 0 1105950619929 4423802479716
9441 OFL *  1
9442 CHN 0 1106041804186 4424167216744
9443 OFL *  1
9444 CHN 0 1106242243377 4424968973508
9445 CHN 0 1106286838093 4425147352372
9446 OFL *  1
9447 CHN 0 1106431116321 4425724465284
9448 CHN 0 1106431925852 4425727703408
9449 CHN 0 1106527833681 4426111334724
9450 OFL *  1
9451 CHN 0 1106591123690 4426364494760
9452 CHN 0 1106675051440 4426700205760
9453 OFL *  1
9454 CHN 0 1106913734299 4427654937196
9455 OFL *  1
9456 CHN 0 1107080756255 4428323025020
9457 CHN 0 1107097558748 4428390234992
9458 CHN 0 1107107728265 4428430913060
9459 CHN 0 1107216526851 4428866107404
9460 OFL *  1
9461 CHN 0 1107284833768 4429139335072
9462 OFL *  1
9463 CHN 0 1107448966073 4429795864292
9464 CHN 0 1107462662217 4429850648868
9465 CHN 0 1107467843087 4429871372348
9466 OFL *  1
9467 CHN 0 1107783256914 4431133027656
9468 CHN 0 1107811591080 4431246364320
9469 CHN 0 1107841354626 4431365418504
9470 OFL *  1
9471 CHN 0 1107981095191 4431924380764
9472 CHN 0 1108035701981 4432142807924
9473 OFL *  1
9474 CHN 0 1108120373590 4432481494360
9475 OFL *  1
9476 CHN 0 1108312630312 4433250521248
9477 CHN 0 1108359009733 4433436038932
9478 CHN 0 1108406910446 4433627641784
9479 OFL *  1
9480 CHN 0 1108485533541 4433942134164
9481 CHN 0 1108579024706 4434316098824
9482 CHN 0 1108681760148 4434727040592
9483 OFL *  1
9484 CHN 0 1108734341404 4434937365616
9485 CHN 0 1108895374492 4435581497968
9486 OFL *  1
9487 CHN 0 1108941712086 4435766848344
9488 OFL *  1
9489 CHN 0 1109132470841 4436529883364
9490 CHN 0 1109154224280 4436616897120
9491 OFL *  1
9492 CHN 0 1109411020226 4437644080904
9493 CHN 0 1109429989956 4437719959824
9494 OFL *  1
9495 CHN 0 1109541850848 4438167403392
9496 OFL *  1
9497 CHN 0 1109868175896 4439472703584
9498 CHN 0 1109956567474 4439826269896
9499 CHN 0 1109957439501 4439829758004
9500 OFL *  1
9501 CHN 0 1110085920908 4440343683632
9502 CHN 0 1110147902161 4440591608644
9503 OFL *  1
9504 CHN 0 1110220901058 4440883604232
9505 CHN 0 1110316576603 4441266306412
9506 OFL *  1
9507 OFL *  1
9508 CHN 0 1110703588566 4442814354264
9509 CHN 0 1110703750931 4442815003724
9510 CHN 0 1110723037185 4442892148740
9511 OFL *  1
9512 CHN 0 1110993609129 4443974436516
9513 OFL *  1
9514 CHN 0 1111067065732 4444268262928
9515 CHN 0 1111125848469 4444503393876
9516 CHN 0 1111201593953 4444806375812
9517 OFL *  1
9518 CHN 0 1111256221815 4445024887260
9519 CHN 0 1111319386184 4445277544736
9520 CHN 0 1111381139216 4445524556864
9521 OFL *  1
9522 CHN 0 1111459308271 4445837233084
9523 CHN 0 1111484375705 4445937502820
9524 OFL *  1
9525 CHN 0 1111731897904 4446927591616
9526 CHN 0 1111739176246 4446956704984
9527 OFL *  1
9528 OFL *  1
9529 CHN 0 1112105426090 4448421704360
9530 OFL *  1
9531 CHN 0 1112335156043 4449340624172
9532 CHN 0 1112349962478 4449399849912
9533 CHN 0 1112473693172 4449894772688
9534 OFL *  1
9535 CHN 0 1112497739126 4449990956504
9536 CHN 0 1112584825756 4450339303024
9537 OFL *  1
9538 CHN 0 1112766248948 4451064995792
9539 OFL *  1
9540 CHN 0 1112941965473 4451767861892
9541 OFL *  1
9542 CHN 0 1113275454610 4453101818440
9543 OFL *  1
9544 OFL *  1
9545 CHN 0 1113638841231 4454555364924
9546 CHN 0 1113697811623 4454791246492
9547 OFL *  1
9548 CHN 0 1113814405579 4455257622316
9549 CHN 0 1113818823667 4455275294668
9550 CHN 0 1113959983066 4455839932264
9551 OFL *  1
9552 CHN 0 1114044017837 4456176071348
9553 CHN 0 1114167560369 4456670241476
9554 OFL *  1
9555 CHN 0 1114251832519 4457007330076
9556 CHN 0 1114304086463 4457216345852
9557 CHN 0 1114316184747 4457264738988
9558 CHN 0 1114330083686 4457320334744
9559 OFL *  1
9560 CHN 0 1114410607580 4457642430320
9561 CHN 0 1114587291918 4458349167672
9562 OFL *  1
9563 CHN 0 1114602104994 4458408419976
9564 OFL *  1
9565 CHN 0 1114824355240 4459297420960
9566 OFL *  1
9567 CHN 0 1115090317355 4460361269420
9568 CHN 0 1115132401269 4460529605076
9569 CHN 0 1115169474247 4460677896988
9570 CHN 0 1115194807238 4460779228952
9571 OFL *  1
9572 CHN 0 1115325413589 4461301654356
9573 CHN 0 1115433470118 4461733880472
9574 OFL *  1
9575 CHN 0 1115443659457 4461774637828
9576 OFL *  1
9577 OFL *  1
9578 CHN 0 1115934071535 4463736286140
9579 OFL *  1
9580 CHN 0 1116142403778 4464569615112
9581 OFL *  1
9582 CHN 0 1116470505390 4465882021560
9583 OFL *  1
9584 CHN 0 1116691246230 4466764984920
9585 OFL *  1
9586 CHN 0 1116704937823 4466819751292
9587 CHN 0 1116828790514 4467315162056
9588 OFL *  1
9589 CHN 0 1117087324587 4468349298348
9590 OFL *  1
9591 OFL *  1
9592 OFL *  1
9593 CHN 0 1117676235488 4470704941952
9594 CHN 0 1117737907074 4470951628296
9595 OFL *  1
9596 OFL *  1
9597 CHN 0 1118008096577 4472032386308
9598 OFL *  1
9599 OFL *  1
9600 OFL *  1
9601 OFL *  1
9602 CHN 0 1118994980362 4475979921448
9603 CHN 0 1119008080033 4476032320132
9604 OFL *  1
9605 CHN 0 1119061265785 4476245063140
9606 CHN 0 1119168222485 4476672889940
9607 OFL *  1
9608 CHN 0 1119405774295 4477623097180
9609 OFL *  1
9610 CHN 0 1119465725537 4477862902148
9611 CHN 0 1119481741697 4477926966788
9612 CHN 0 1119507282493 4478029129972
9613 OFL *  1
9614 CHN 0 1119664472296 4478657889184
9615 OFL *  1
9616 CHN 0 1119955560023 4479822240092
9617 OFL *  1
9618 CHN 0 1120141485200 4480565940800
9619 CHN 0 1120164917154 4480659668616
9620 CHN 0 1120235242673 4480940970692
9621 CHN 0 1120282376227 4481129504908
9622 OFL *  1
9623 CHN 0 1120290707689 4481162830756
9624 OFL *  1
9625 CHN 0 1120576769842 4482307079368
9626 CHN 0 1120582596633 4482330386532
9627 CHN 0 1120582981552 4482331926208
9628 OFL *  1
9629 OFL *  1
9630 CHN 0 1120952654424 4483810617696
9631 CHN 0 1121031528267 4484126113068
9632 CHN 0 1121068408892 4484273635568
9633 OFL *  1
9634 OFL *  1
9635 CHN 0 1121432553118 4485730212472
9636 CHN 0 1121525936160 4486103744640
9637 OFL *  1
9638 CHN 0 1121556906291 4486227625164
9639 CHN 0 1121562492389 4486249969556
9640 OFL *  1
9641 OFL *  1
9642 CHN 0 1121981278250 4487925113000
9643 CHN 0 1122157149799 4488628599196
9644 OFL *  1
9645 CHN 0 1122285854105 4489143416420
9646 OFL *  1
9647 OFL *  1
9648 CHN 0 1122625711240 4490502844960
9649 CHN 0 1122637703221 4490550812884
9650 CHN 0 1122788099024 4491152396096
9651 CHN 0 1122793957488 4491175829952
9652 OFL *  1
9653 CHN 0 1122946807899 4491787231596
9654 OFL *  1
9655 OFL *  1
9656 CHN 0 1123326830916 4493307323664
9657 OFL *  1
9658 CHN 0 1123602789030 4494411156120
9659 CHN 0 1123642718369 4494570873476
9660 CHN 0 1123647679076 4494590716304
9661 OFL *  1
9662 OFL *  1
9663 CHN 0 1123933443184 4495733772736
9664 CHN 0 1123982921184 4495931684736
9665 OFL *  1
9666 CHN 0 1124121013609 4496484054436
9667 CHN 0 1124145504515 4496582018060
9668 CHN 0 1124250493466 4497001973864
9669 OFL *  1
9670 CHN 0 1124329917987 4497319671948
9671 OFL *  1
9672 CHN 0 1124589170005 4498356680020
9673 OFL *  1
9674 CHN 0 1124768061141 4499072244564
9675 OFL *  1
9676 CHN 0 1124930902360 4499723609440
9677 CHN 0 1124935229936 4499740919744
9678 OFL *  1
9679 CHN 0 1125146164914 4500584659656
9680 CHN 0 1125190869959 4500763479836
9681 OFL *  1
9682 CHN 0 1125490329649 4501961318596
9683 CHN 0 1125524576832 4502098307328
9684 OFL *  1
9685 OFL *  1
9686 CHN 0 1125808606211 4503234424844
9687 OFL *  1
9688 CHN 0 1126161823498 4504647293992
9689 OFL *  1
9690 CHN 0 1126206780793 4504827123172
9691 CHN 0 1126235601839 4504942407356
9692 CHN 0 1126283323024 4505133292096
9693 OFL *  1
9694 CHN 0 1126572426721 4506289706884
9695 CHN 0 1126580741122 4506322964488
9696 CHN 0 1126582641454 4506330565816
9697 CHN 0 1126600170828 4506400683312
9698 OFL *  1
9699 CHN 0 1126663691284 4506654765136
9700 CHN 0 1126664976341 4506659905364
9701 OFL *  1
9702 CHN 0 1126885914925 4507543659700
9703 OFL *  1
9704 CHN 0 1127031384150 4508125536600
9705 OFL *  1
9706 CHN 0 1127280249490 4509120997960
9707 OFL *  1
9708 OFL *  1
9709 CHN 0 1127694025588 4510776102352
9710 OFL *  1
9711 OFL *  1
9712 OFL *  1
9713 OFL *  1
9714 CHN 0 1128573248119 4514292992476
9715 OFL *  1
9716 OFL *  1
9717 CHN 0 1128978526686 4515914106744
9718 OFL *  1
9719 CHN 0 1129322538609 4517290154436
9720 CHN 0 1129322808841 4517291235364
9721 OFL *  1
9722 CHN 0 1129369988529 4517479954116
9723 CHN 0 1129396520244 4517586080976
9724 CHN 0 1129417417787 4517669671148
9725 CHN 0 1129529800478 4518119201912
9726 OFL *  1
9727 CHN 0 1129594723609 4518378894436
9728 CHN 0 1129670767402 4518683069608
9729 CHN 0 1129697960301 4518791841204
9730 OFL *  1
9731 CHN 0 1129798519261 4519194077044
9732 CHN 0 1129853088943 4519412355772
9733 CHN 0 1129892390450 4519569561800
9734 OFL *  1
9735 CHN 0 1130025044435 4520100177740
9736 OFL *  1
9737 CHN 0 1130294026915 4521176107660
9738 CHN 0 1130296318686 4521185274744
9739 CHN 0 1130339431147 4521357724588
9740 OFL *  1
9741 CHN 0 1130532433022 4522129732088
9742 CHN 0 1130586414801 4522345659204
9743 OFL *  1
9744 OFL *  1
9745 CHN 0 1130968111217 4523872444868
9746 OFL *  1
9747 CHN 0 1131073112969 4524292451876
9748 CHN 0 1131173642647 4524694570588
9749 OFL *  1
9750 CHN 0 1131277954987 4525111819948
9751 OFL *  1
9752 CHN 0 1131489625947 4525958503788
9753 CHN 0 1131490096645 4525960386580
9754 CHN 0 1131578985103 4526315940412
9755 OFL *  1
9756 CHN 0 1131675531989 4526702127956
9757 CHN 0 1131699442848 4526797771392
9758 CHN 0 1131784609883 4527138439532
9759 OFL *  1
9760 CHN 0 1131940418383 4527761673532
9761 CHN 0 1131980077294 4527920309176
9762 CHN 0 1131997244873 4527988979492
9763 OFL *  1
9764 CHN 0 1132091661629 4528366646516
9765 CHN 0 1132210993813 4528843975252
9766 OFL *  1
9767 OFL *  1
9768 CHN 0 1132570165033 4530280660132
9769 OFL *  1
9770 OFL *  1
9771 CHN 0 1132995562557 4531982250228
9772 OFL *  1
9773 CHN 0 1133308153918 4533232615672
9774 OFL *  1
9775 OFL *  1
9776 CHN 0 1133624129028 4534496516112
9777 CHN 0 1133726187497 4534904749988
9778 OFL *  1
9779 CHN 0 1133793780873 4535175123492
9780 CHN 0 1133813806597 4535255226388
9781 OFL *  1
9782 CHN 0 1134018727629 4536074910516
9783 OFL *  1
9784 OFL *  1
9785 CHN 0 1134492952522 4537971810088
9786 OFL *  1
9787 CHN 0 1134710551599 4538842206396
9788 OFL *  1
9789 CHN 0 1134859814851 4539439259404
9790 CHN 0 1134864027023 4539456108092
9791 CHN 0 1135015034622 4540060138488
9792 OFL *  1
9793 CHN 0 1135135431027 4540541724108
9794 CHN 0 1135241417192 4540965668768
9795 OFL *  1
9796 CHN 0 1135298466194 4541193864776
9797 OFL *  1
9798 CHN 0 1135485262978 4541941051912
9799 CHN 0 1135649373341 4542597493364
9800 CHN 0 1135649749531 4542598998124
9801 OFL *  1
9802 CHN 0 1135677174244 4542708696976
9803 CHN 0 1135809758830 4543239035320
9804 OFL *  1
9805 CHN 0 1135913279753 4543653119012
9806 OFL *  1
9807 CHN 0 1136184319819 4544737279276
9808 OFL *  1
9809 OFL *  1
9810 CHN 0 1136527911952 4546111647808
9811 CHN 0 1136545041545 4546180166180
9812 CHN 0 1136580984930 4546323939720
9813 OFL *  1
9814 OFL *  1
9815 CHN 0 1136949044306 4547796177224
9816 CHN 0 1136978873073 4547915492292
9817 CHN 0 1137111830100 4548447320400
9818 OFL *  1
9819 OFL *  1
9820 CHN 0 1137352975183 4549411900732
9821 CHN 0 1137414614827 4549658459308
9822 CHN 0 1137481336374 4549925345496
9823 CHN 0 1137502093219 4550008372876
9824 OFL *  1
9825 CHN 0 1137731373992 4550925495968
9826 OFL *  1
9827 OFL *  1
9828 OFL *  1
9829 CHN 0 1138241899527 4552967598108
9830 CHN 0 1138279087756 4553116351024
9831 CHN 0 1138371989644 4553487958576
9832 OFL *  1
9833 OFL *  1
9834 CHN 0 1138642493373 4554569973492
9835 OFL *  1
9836 CHN 0 1138861048448 4555444193792
9837 CHN 0 1138964511183 4555858044732
9838 OFL *  1
9839 CHN 0 1139083415712 4556333662848
9840 OFL *  1
9841 CHN 0 1139288172710 4557152690840
9842 CHN 0 1139379611951 4557518447804
9843 CHN 0 1139408677108 4557634708432
9844 CHN 0 1139409406338 4557637625352
9845 OFL *  1
9846 CHN 0 1139635089294 4558540357176
9847 CHN 0 1139642761220 4558571044880
9848 OFL *  1
9849 CHN 0 1139740127008 4558960508032
9850 OFL *  1
9851 OFL *  1
9852 OFL *  1
9853 CHN 0 1140328246875 4561312987500
9854 CHN 0 1140364943053 4561459772212
9855 OFL *  1
9856 CHN 0 1140628697552 4562514790208
9857 CHN 0 1140636397795 4562545591180
9858 OFL *  1
9859 CHN 0 1140800008946 4563200035784
9860 CHN 0 1140805601497 4563222405988
9861 CHN 0 1140887424458 4563549697832
9862 OFL *  1
9863 OFL *  1
9864 OFL *  1
9865 OFL *  1
9866 CHN 0 1141638179404 4566552717616
9867 CHN 0 1141748353353 4566993413412
9868 OFL *  1
9869 OFL *  1
9870 CHN 0 1142098179628 4568392718512
9871 CHN 0 1142103228373 4568412913492
9872 OFL *  1
9873 OFL *  1
9874 CHN 0 1142476069579 4569904278316
9875 OFL *  1
9876 CHN 0 1142708995838 4570835983352
9877 OFL *  1
9878 OFL *  1
9879 CHN 0 1143114135325 4572456541300
9880 CHN 0 1143235209238 4572940836952
9881 CHN 0 1143246466077 4572985864308
9882 OFL *  1
9883 CHN 0 1143313050115 4573252200460
9884 CHN 0 1143338171648 4573352686592
9885 OFL *  1
9886 CHN 0 1143465933031 4573863732124
9887 OFL *  1
9888 OFL *  1
9889 CHN 0 1143971983349 4575887933396
9890 CHN 0 1143974497270 4575897989080
9891 OFL *  1
9892 CHN 0 1144092939413 4576371757652
9893 OFL *  1
9894 CHN 0 1144307607187 4577230428748
9895 OFL *  1
9896 CHN 0 1144680907647 4578723630588
9897 OFL *  1
9898 CHN 0 1144786736460 4579146945840
9899 OFL *  1
9900 CHN 0 1145039066442 4580156265768
9901 OFL *  1
9902 CHN 0 1145268819545 4581075278180
9903 OFL *  1
9904 OFL *  1
9905 CHN 0 1145735265411 4582941061644
9906 OFL *  1
9907 CHN 0 1145835437750 4583341751000
9908 OFL *  1
9909 CHN 0 1146028808222 4584115232888
9910 OFL *  1
9911 OFL *  1
9912 CHN 0 1146444437307 4585777749228
9913 OFL *  1
9914 CHN 0 1146789357963 4587157431852
9915 OFL *  1
9916 CHN 0 1146880579066 4587522316264
9917 CHN 0 1146894198860 4587576795440
9918 OFL *  1
9919 OFL *  1
9920 CHN 0 1147338561689 4589354246756
9921 CHN 0 1147444573834 4589778295336
9922 OFL *  1
9923 OFL *  1
9924 CHN 0 1147699459611 4590797838444
9925 CHN 0 1147853797877 4591415191508
9926 OFL *  1
9927 CHN 0 1147891913111 4591567652444
9928 OFL *  1
9929 CHN 0 1148135772729 4592543090916
9930 CHN 0 1148143634959 4592574539836
9931 CHN 0 1148267964847 4593071859388
9932 CHN 0 1148272019729 4593088078916
9933 OFL *  1
9934 CHN 0 1148382766708 4593531066832
9935 CHN 0 1148391125407 4593564501628
9936 OFL *  1
9937 CHN 0 1148654647127 4594618588508
9938 CHN 0 1148659889368 4594639557472
9939 OFL *  1
9940 OFL *  1
9941 CHN 0 1149117082757 4596468331028
9942 OFL *  1
9943 CHN 0 1149151110439 4596604441756
9944 CHN 0 1149173499063 4596693996252
9945 CHN 0 1149353635351 4597414541404
9946 OFL *  1
9947 CHN 0 1149547069161 4598188276644
9948 OFL *  1
9949 OFL *  1
9950 CHN 0 1149892721612 4599570886448
9951 CHN 0 1149981661268 4599926645072
9952 OFL *  1
9953 CHN 0 1150051279539 4600205118156
9954 OFL *  1
9955 CHN 0 1150239248328 4600956993312
9956 OFL *  1
9957 CHN 0 1150438127098 4601752508392
9958 CHN 0 1150444528284 4601778113136
9959 CHN 0 1150614007783 4602456031132
9960 OFL *  1
9961 CHN 0 1150636138333 4602544553332
9962 CHN 0 1150794176608 4603176706432
9963 OFL *  1
9964 CHN 0 1151023398878 4604093595512
9965 OFL *  1
9966 OFL *  1
9967 CHN 0 1151359659774 4605438639096
9968 CHN 0 1151367649793 4605470599172
9969 OFL *  1
9970 OFL *  1
9971 CHN 0 1151750376144 4607001504576
9972 CHN 0 1151840626110 4607362504440
9973 OFL *  1
9974 CHN 0 1151905704793 4607622819172
9975 OFL *  1
9976 CHN 0 1152134161520 4608536646080
9977 OFL *  1
9978 CHN 0 1152319698825 4609278795300
9979 OFL *  1
9980 CHN 0 1152588342396 4610353369584
9981 CHN 0 1152666601192 4610666404768
9982 CHN 0 1152670392382 4610681569528
9983 OFL *  1
9984 OFL *  1
9985 OFL *  1
9986 CHN 0 1153260057150 4613040228600
9987 CHN 0 1153322981781 4613291927124
9988 CHN 0 1153330045739 4613320182956
9989 OFL *  1
9990 CHN 0 1153378232277 4613512929108
9991 CHN 0 1153427128625 4613708514500
9992 CHN 0 1153522016591 4614088066364
9993 OFL *  1
9994 CHN 0 1153591595320 4614366381280
9995 CHN 0 1153726693789 4614906775156
9996 OFL *  1
9997 CHN 0 1153887132883 4615548531532
9998 OFL *  1
9999 CHN 0 1154105576461 4616422305844
10000 OFL *  1
10001 CHN 0 1154316276228 4617265104912
10002 CHN 0 1154371304427 4617485217708
10003 OFL *  1
10004 CHN 0 1154501100828 4618004403312
10005 CHN 0 1154522145221 4618088580884
10006 CHN 0 1154545422925 4618181691700
10007 OFL *  1
10008 OFL *  1
10009 CHN 0 1154978783564 4619915134256
10010 CHN 0 1155004032790 4620016131160
10011 CHN 0 1155044772729 4620179090916
10012 OFL *  1
10013 CHN 0 1155076094668 4620304378672
10014 OFL *  1
10015 CHN 0 1155266722710 4621066890840
10016 CHN 0 1155349290639 4621397162556
10017 OFL *  1
10018 CHN 0 1155583459632 4622333838528
10019 CHN 0 1155602850590 4622411402360
10020 OFL *  1
10021 CHN 0 1155716538671 4622866154684
10022 CHN 0 1155859934568 4623439738272
10023 CHN 0 1155869800976 4623479203904
10024 CHN 0 1155871664481 4623486657924
10025 CHN 0 1155885010105 4623540040420
10026 OFL *  1
10027 OFL *  1
10028 CHN 0 1156104452448 4624417809792
10029 CHN 0 1156113509507 4624454038028
10030 CHN 0 1156119871334 4624479485336
10031 CHN 0 1156239424225 4624957696900
10032 CHN 0 1156245846755 4624983387020
10033 OFL *  1
10034 CHN 0 1156384235060 4625536940240
10035 CHN 0 1156469386526 4625877546104
10036 OFL *  1
10037 CHN 0 1156703667488 4626814669952
10038 OFL *  1
10039 CHN 0 1156770687165 4627082748660
10040 CHN 0 1156862940389 4627451761556
10041 CHN 0 1156914129409 4627656517636
10042 OFL *  1
10043 CHN 0 1157076800489 4628307201956
10044 OFL *  1
10045 CHN 0 1157172659249 4628690636996
10046 CHN 0 1157256832153 4629027328612
10047 CHN 0 1157301931255 4629207725020
10048 OFL *  1
10049 CHN 0 1157397879298 4629591517192
10050 CHN 0 1157416597182 4629666388728
10051 CHN 0 1157476111771 4629904447084
10052 CHN 0 1157496149186 4629984596744
10053 OFL *  1
10054 CHN 0 1157642330931 4630569323724
10055 CHN 0 1157727809116 4630911236464
10056 OFL *  1
10057 CHN 0 1157838946788 4631355787152
10058 CHN 0 1157963423044 4631853692176
10059 CHN 0 1157975813989 4631903255956
10060 OFL *  1
10061 CHN 0 1158003644475 4632014577900
10062 CHN 0 1158068069135 4632272276540
10063 OFL *  1
10064 CHN 0 1158279833531 4633119334124
10065 OFL *  1
10066 OFL *  1
10067 OFL *  1
10068 OFL *  1
10069 CHN 0 1159186279901 4636745119604
10070 CHN 0 1159221672754 4636886691016
10071 OFL *  1
10072 CHN 0 1159304846112 4637219384448
10073 CHN 0 1159361520718 4637446082872
10074 CHN 0 1159409724783 4637638899132
10075 OFL *  1
10076 CHN 0 1159524175882 4638096703528
10077 CHN 0 1159525477764 4638101911056
10078 CHN 0 1159529178927 4638116715708
10079 CHN 0 1159556129694 4638224518776
10080 CHN 0 1159557883496 4638231533984
10081 OFL *  1
10082 OFL *  1
10083 CHN 0 1159940987164 4639763948656
10084 CHN 0 1160007626077 4640030504308
10085 CHN 0 1160094099341 4640376397364
10086 OFL *  1
10087 OFL *  1
10088 CHN 0 1160411535152 4641646140608
10089 CHN 0 1160433205180 4641732820720
10090 OFL *  1
10091 CHN 0 1160537017751 4642148071004
10092 OFL *  1
10093 CHN 0 1160871265527 4643485062108
10094 OFL *  1
10095 CHN 0 1161135038432 4644540153728
10096 OFL *  1
10097 CHN 0 1161273190783 4645092763132
10098 OFL *  1
10099 CHN 0 1161375528773 4645502115092
10100 OFL *  1
10101 CHN 0 1161645237064 4646580948256
10102 OFL *  1
10103 CHN 0 1161802192612 4647208770448
10104 OFL *  1
10105 CHN 0 1162020287047 4648081148188
10106 CHN 0 1162181609436 4648726437744
10107 CHN 0 1162181687656 4648726750624
10108 OFL *  1
10109 CHN 0 1162280011307 4649120045228
10110 CHN 0 1162415651895 4649662607580
10111 OFL *  1
10112 CHN 0 1162542513796 4650170055184
10113 CHN 0 1162543277025 4650173108100
10114 OFL *  1
10115 CHN 0 1162753624609 4651014498436
10116 OFL *  1
10117 CHN 0 1162951487583 4651805950332
10118 OFL *  1
10119 OFL *  1
10120 OFL *  1
10121 CHN 0 1163553099122 4654212396488
10122 CHN 0 1163603516283 4654414065132
10123 OFL *  1
10124 CHN 0 1163768119641 4655072478564
10125 OFL *  1
10126 OFL *  1
10127 CHN 0 1164224528825 4656898115300
10128 OFL *  1
10129 OFL *  1
10130 OFL *  1
10131 CHN 0 1164743264179 4658973056716
10132 OFL *  1
10133 OFL *  1
10134 OFL *  1
10135 CHN 0 1165524941623 4662099766492
10136 OFL *  1
10137 CHN 0 1165703766881 4662815067524
10138 CHN 0 1165729061176 4662916244704
10139 OFL *  1
10140 CHN 0 1165797887719 4663191550876
10141 CHN 0 1165798957264 4663195829056
10142 CHN 0 1165844604600 4663378418400
10143 CHN 0 1165890638015 4663562552060
10144 CHN 0 1165987466914 4663949867656
10145 CHN 0 1165990064294 4663960257176
10146 OFL *  1
10147 OFL *  1
10148 CHN 0 1166248338811 4664993355244
10149 CHN 0 1166291511438 4665166045752
10150 CHN 0 1166374064313 4665496257252
10151 OFL *  1
10152 CHN 0 1166506301774 4666025207096
10153 CHN 0 1166585790311 4666343161244
10154 OFL *  1
10155 CHN 0 1166731435333 4666925741332
10156 CHN 0 1166762862648 4667051450592
10157 OFL *  1
10158 CHN 0 1166879741206 4667518964824
10159 CHN 0 1166934185796 4667736743184
10160 CHN 0 1167050553179 4668202212716
10161 OFL *  1
10162 CHN 0 1167139978698 4668559914792
10163 CHN 0 1167153949515 4668615798060
10164 CHN 0 1167233950378 4668935801512
10165 OFL *  1
10166 CHN 0 1167412746064 4669650984256
10167 CHN 0 1167465967230 4669863868920
10168 OFL *  1
10169 CHN 0 1167532901993 4670131607972
10170 CHN 0 1167659026556 4670636106224
10171 OFL *  1
10172 CHN 0 1167891114536 4671564458144
10173 OFL *  1
10174 CHN 0 1167928381170 4671713524680
10175 CHN 0 1167997896496 4671991585984
10176 CHN 0 1168051507809 4672206031236
10177 CHN 0 1168083620526 4672334482104
10178 OFL *  1
10179 OFL *  1
10180 CHN 0 1168420715250 4673682861000
10181 CHN 0 1168448912623 4673795650492
10182 OFL *  1
10183 OFL *  1
10184 CHN 0 1168791787422 4675167149688
10185 CHN 0 1168803467578 4675213870312
10186 CHN 0 1168837934932 4675351739728
10187 CHN 0 1168942331951 4675769327804
10188 OFL *  1
10189 CHN 0 1168970416452 4675881665808
10190 CHN 0 1169054233080 4676216932320
10191 CHN 0 1169143966832 4676575867328
10192 OFL *  1
10193 CHN 0 1169213412772 4676853651088
10194 CHN 0 1169323575517 4677294302068
10195 CHN 0 1169370035924 4677480143696
10196 OFL *  1
10197 CHN 0 1169505182375 4678020729500
10198 CHN 0 1169532060640 4678128242560
10199 OFL *  1
10200 OFL *  1
10201 CHN 0 1169811611816 4679246447264
10202 CHN 0 1169861086379 4679444345516
10203 CHN 0 1169960429551 4679841718204
10204 OFL *  1
10205 CHN 0 1170052427453 4680209709812
10206 CHN 0 1170158611998 4680634447992
10207 OFL *  1
10208 OFL *  1
10209 CHN 0 1170462527906 4681850111624
10210 CHN 0 1170590307971 4682361231884
10211 OFL *  1
10212 OFL *  1
10213 CHN 0 1170857565580 4683430262320
10214 OFL *  1
10215 OFL *  1
10216 OFL *  1
10217 OFL *  1
10218 CHN 0 1171745825326 4686983301304
10219 CHN 0 1171764449587 4687057798348
10220 OFL *  1
10221 OFL *  1
10222 CHN 0 1172287920226 4689151680904
10223 OFL *  1
10224 CHN 0 1172333748062 4689334992248
10225 OFL *  1
10226 CHN 0 1172588055545 4690352222180
10227 OFL *  1
10228 CHN 0 1172936522618 4691746090472
10229 OFL *  1
10230 CHN 0 1173151740037 4692606960148
10231 OFL *  1
10232 OFL *  1
10233 CHN 0 1173493893954 4693975575816
10234 CHN 0 1173561043174 4694244172696
10235 OFL *  1
10236 OFL *  1
10237 CHN 0 1173961071172 4695844284688
10238 OFL *  1
10239 CHN 0 1174142385113 4696569540452
10240 OFL *  1
10241 CHN 0 1174401862233 4697607448932
10242 OFL *  1
10243 OFL *  1
10244 CHN 0 1174776451395 4699105805580
10245 CHN 0 1174783559107 4699134236428
10246 CHN 0 1174793592802 4699174371208
10247 OFL *  1
10248 CHN 0 1174854486298 4699417945192
10249 OFL *  1
10250 OFL *  1
10251 CHN 0 1175302476161 4701209904644
10252 OFL *  1
10253 CHN 0 1175582247329 4702328989316
10254 OFL *  1
10255 OFL *  1
10256 OFL *  1
10257 OFL *  1
10258 CHN 0 1176337015688 4705348062752
10259 CHN 0 1176460855079 4705843420316
10260 OFL *  1
10261 CHN 0 1176596193757 4706384775028
10262 OFL *  1
10263 CHN 0 1176875046381 4707500185524
10264 OFL *  1
10265 CHN 0 1177091839042 4708367356168
10266 OFL *  1
10267 CHN 0 1177334953431 4709339813724
10268 OFL *  1
10269 CHN 0 1177443257820 4709773031280
10270 CHN 0 1177498093531 4709992374124
10271 CHN 0 1177510484458 4710041937832
10272 CHN 0 1177587936325 4710351745300
10273 OFL *  1
10274 CHN 0 1177619238562 4710476954248
10275 OFL *  1
10276 OFL *  1
10277 CHN 0 1178051879644 4712207518576
10278 CHN 0 1178172770524 4712691082096
10279 OFL *  1
10280 OFL *  1
10281 OFL *  1
10282 CHN 0 1178731379786 4714925519144
10283 OFL *  1
10284 OFL *  1
10285 CHN 0 1179246905382 4716987621528
10286 OFL *  1
10287 CHN 0 1179420083142 4717680332568
10288 OFL *  1
10289 OFL *  1
10290 OFL *  1
10291 CHN 0 1179962755935 4719851023740
10292 CHN 0 1180037821967 4720151287868
10293 OFL *  1
10294 CHN 0 1180321449698 4721285798792
10295 OFL *  1
10296 OFL *  1
10297 CHN 0 1180556085887 4722224343548
10298 OFL *  1
10299 CHN 0 1180785929515 4723143718060
10300 CHN 0 1180886913774 4723547655096
10301 OFL *  1
10302 OFL *  1
10303 CHN 0 1181238139854 4724952559416
10304 CHN 0 1181370831760 4725483327040
10305 OFL *  1
10306 CHN 0 1181518554324 4726074217296
10307 CHN 0 1181524680468 4726098721872
10308 OFL *  1
10309 CHN 0 1181619664170 4726478656680
10310 OFL *  1
10311 CHN 0 1182007316073 4728029264292
10312 OFL *  1
10313 OFL *  1
10314 CHN 0 1182268285949 4729073143796
10315 CHN 0 1182339311670 4729357246680
10316 OFL *  1
10317 OFL *  1
10318 CHN 0 1182660311951 4730641247804
10319 CHN 0 1182742408472 4730969633888
10320 OFL *  1
10321 OFL *  1
10322 CHN 0 1183165463813 4732661855252
10323 OFL *  1
10324 OFL *  1
10325 CHN 0 1183562178482 4734248713928
10326 OFL *  1
10327 CHN 0 1183712739429 4734850957716
10328 OFL *  1
10329 CHN 0 1184042233299 4736168933196
10330 OFL *  1
10331 CHN 0 1184128388826 4736513555304
10332 CHN 0 1184134025116 4736536100464
10333 OFL *  1
10334 OFL *  1
10335 CHN 0 1184601528051 4738406112204
10336 CHN 0 1184625904854 4738503619416
10337 CHN 0 1184743437820 4738973751280
10338 OFL *  1
10339 OFL *  1
10340 OFL *  1
10341 CHN 0 1185203888579 4740815554316
10342 CHN 0 1185230206316 4740920825264
10343 OFL *  1
10344 OFL *  1
10345 CHN 0 1185652762596 4742611050384
10346 CHN 0 1185668400804 4742673603216
10347 OFL *  1
10348 OFL *  1
10349 CHN 0 1186031612991 4744126451964
10350 CHN 0 1186063912237 4744255648948
10351 CHN 0 1186172718940 4744690875760
10352 OFL *  1
10353 CHN 0 1186247060250 4744988241000
10354 CHN 0 1186352856463 4745411425852
10355 CHN 0 1186378764132 4745515056528
10356 OFL *  1
10357 CHN 0 1186534711385 4746138845540
10358 OFL *  1
10359 CHN 0 1186854145352 4747416581408
10360 OFL *  1
10361 CHN 0 1186940835544 4747763342176
10362 OFL *  1
10363 CHN 0 1187154934350 4748619737400
10364 CHN 0 1187241511708 4748966046832
10365 OFL *  1
10366 OFL *  1
10367 CHN 0 1187561149016 4750244596064
10368 OFL *  1
10369 CHN 0 1187869033031 4751476132124
10370 CHN 0 1187869378151 4751477512604
10371 OFL *  1
10372 OFL *  1
10373 CHN 0 1188255415720 4753021662880
10374 CHN 0 1188325779477 4753303117908
10375 CHN 0 1188332451398 4753329805592
10376 OFL *  1
10377 CHN 0 1188386261048 4753545044192
10378 CHN 0 1188391593943 4753566375772
10379 OFL *  1
10380 OFL *  1
10381 CHN 0 1188784758129 4755139032516
10382 CHN 0 1188795793507 4755183174028
10383 CHN 0 1188833599507 4755334398028
10384 CHN 0 1188912987381 4755651949524
10385 OFL *  1
10386 CHN 0 1189044206716 4756176826864
10387 CHN 0 1189099100004 4756396400016
10388 OFL *  1
10389 CHN 0 1189193241144 4756772964576
10390 CHN 0 1189316110693 4757264442772
10391 CHN 0 1189335537188 4757342148752
10392 OFL *  1
10393 CHN 0 1189474987717 4757899950868
10394 CHN 0 1189502579004 4758010316016
10395 CHN 0 1189512044390 4758048177560
10396 CHN 0 1189526748133 4758106992532
10397 OFL *  1
10398 CHN 0 1189666097638 4758664390552
10399 CHN 0 1189762666330 4759050665320
10400 OFL *  1
10401 CHN 0 1189928004423 4759712017692
10402 OFL *  1
10403 OFL *  1
10404 CHN 0 1190341875634 4761367502536
10405 CHN 0 1190415173971 4761660695884
10406 OFL *  1
10407 CHN 0 1190472027642 4761888110568
10408 OFL *  1
10409 CHN 0 1190808358638 4763233434552
10410 OFL *  1
10411 OFL *  1
10412 CHN 0 1191184007073 4764736028292
10413 OFL *  1
10414 CHN 0 1191357752355 4765431009420
10415 OFL *  1
10416 CHN 0 1191532597778 4766130391112
10417 CHN 0 1191571050035 4766284200140
10418 CHN 0 1191704726321 4766818905284
10419 OFL *  1
10420 CHN 0 1191757108349 4767028433396
10421 CHN 0 1191777750564 4767111002256
10422 CHN 0 1191793594850 4767174379400
10423 CHN 0 1191824086342 4767296345368
10424 OFL *  1
10425 CHN 0 1191972881682 4767891526728
10426 OFL *  1
10427 OFL *  1
10428 CHN 0 1192427073980 4769708295920
10429 CHN 0 1192476904751 4769907619004
10430 CHN 0 1192491668980 4769966675920
10431 OFL *  1
10432 OFL *  1
10433 CHN 0 1192775777161 4771103108644
10434 CHN 0 1192868347366 4771473389464
10435 OFL *  1
10436 CHN 0 1193059226016 4772236904064
10437 OFL *  1
10438 CHN 0 1193246069454 4772984277816
10439 CHN 0 1193297739768 4773190959072
10440 OFL *  1
10441 CHN 0 1193430505309 4773722021236
10442 CHN 0 1193515679169 4774062716676
10443 CHN 0 1193529393640 4774117574560
10444 OFL *  1
10445 CHN 0 1193762031571 4775048126284
10446 CHN 0 1193783022594 4775132090376
10447 OFL *  1
10448 CHN 0 1193961092718 4775844370872
10449 OFL *  1
10450 OFL *  1
10451 OFL *  1
10452 CHN 0 1194570223926 4778280895704
10453 CHN 0 1194641435147 4778565740588
10454 OFL *  1
10455 CHN 0 1194665322934 4778661291736
10456 OFL *  1
10457 OFL *  1
10458 CHN 0 1195151157051 4780604628204
10459 OFL *  1
10460 CHN 0 1195428728960 4781714915840
10461 CHN 0 1195431437206 4781725748824
10462 CHN 0 1195467301542 4781869206168
10463 OFL *  1
10464 CHN 0 1195547062930 4782188251720
10465 CHN 0 1195693520707 4782774082828
10466 OFL *  1
10467 CHN 0 1195774972486 4783099889944
10468 CHN 0 1195849582154 4783398328616
10469 OFL *  1
10470 OFL *  1
10471 OFL *  1
10472 CHN 0 1196412349459 4785649397836
10473 CHN 0 1196475118029 4785900472116
10474 CHN 0 1196509629083 4786038516332
10475 CHN 0 1196517466853 4786069867412
10476 OFL *  1
10477 CHN 0 1196581309509 4786325238036
10478 CHN 0 1196609410936 4786437643744
10479 CHN 0 1196705207132 4786820828528
10480 OFL *  1
10481 CHN 0 1196940801223 4787763204892
10482 OFL *  1
10483 OFL *  1
10484 OFL *  1
10485 CHN 0 1197508484601 4790033938404
10486 OFL *  1
10487 CHN 0 1197643253066 4790573012264
10488 OFL *  1
10489 OFL *  1
10490 CHN 0 1198033844300 4792135377200
10491 CHN 0 1198046461399 4792185845596
10492 CHN 0 1198101409551 4792405638204
10493 CHN 0 1198225524532 4792902098128
10494 OFL *  1
10495 OFL *  1
10496 CHN 0 1198634073424 4794536293696
10497 OFL *  1
10498 CHN 0 1198763315151 4795053260604
10499 CHN 0 1198770349474 4795081397896
10500 OFL *  1
10501 CHN 0 1199036288143 4796145152572
10502 OFL *  1
10503 CHN 0 1199111109581 4796444438324
10504 OFL *  1
10505 CHN 0 1199372333126 4797489332504
10506 CHN 0 1199397341546 4797589366184
10507 CHN 0 1199453515706 4797814062824
10508 CHN 0 1199473375101 4797893500404
10509 CHN 0 1199476088077 4797904352308
10510 OFL *  1
10511 CHN 0 1199583539036 4798334156144
10512 OFL *  1
10513 CHN 0 1199764925736 4799059702944
10514 OFL *  1
10515 CHN 0 1200063804581 4800255218324
10516 OFL *  1
10517 OFL *  1
10518 CHN 0 1200417314800 4801669259200
10519 CHN 0 1200431283690 4801725134760
10520 CHN 0 1200455942785 4801823771140
10521 CHN 0 1200459943410 4801839773640
10522 CHN 0 1200484044936 4801936179744
10523 OFL *  1
10524 CHN 0 1200558997861 4802235991444
10525 CHN 0 1200688403048 4802753612192
10526 OFL *  1
10527 CHN 0 1200788342594 4803153370376
10528 OFL *  1
10529 OFL *  1
10530 CHN 0 1201273954035 4805095816140
10531 CHN 0 1201377133878 4805508535512
10532 OFL *  1
10533 CHN 0 1201507133318 4806028533272
10534 CHN 0 1201574448489 4806297793956
10535 OFL *  1
10536 CHN 0 1201625013141 4806500052564
10537 OFL *  1
10538 CHN 0 1202010322510 4808041290040
10539 OFL *  1
10540 CHN 0 1202188685028 4808754740112
10541 OFL *  1
10542 CHN 0 1202416915831 4809667663324
10543 OFL *  1
10544 CHN 0 1202525125804 4810100503216
10545 OFL *  1
10546 CHN 0 1202692305353 4810769221412
10547 CHN 0 1202859005786 4811436023144
10548 OFL *  1
10549 CHN 0 1202990747145 4811962988580
10550 OFL *  1
10551 CHN 0 1203230373889 4812921495556
10552 OFL *  1
10553 CHN 0 1203372344365 4813489377460
10554 CHN 0 1203378054986 4813512219944
10555 OFL *  1
10556 CHN 0 1203563883580 4814255534320
10557 CHN 0 1203664249055 4814656996220
10558 OFL *  1
10559 CHN 0 1203890374794 4815561499176
10560 OFL *  1
10561 CHN 0 1203982414492 4815929657968
10562 OFL *  1
10563 CHN 0 1204241866034 4816967464136
10564 CHN 0 1204259302063 4817037208252
10565 OFL *  1
10566 OFL *  1
10567 CHN 0 1204610684426 4818442737704
10568 OFL *  1
10569 OFL *  1
10570 OFL *  1
10571 OFL *  1
10572 CHN 0 1205421669683 4821686678732
10573 CHN 0 1205572805666 4822291222664
10574 OFL *  1
10575 OFL *  1
10576 OFL *  1
10577 OFL *  1
10578 CHN 0 1206370437055 4825481748220
10579 CHN 0 1206396452966 4825585811864
10580 OFL *  1
10581 CHN 0 1206532318791 4826129275164
10582 OFL *  1
10583 CHN 0 1206728457601 4826913830404
10584 OFL *  1
10585 CHN 0 1206972235889 4827888943556
10586 CHN 0 1207050938932 4828203755728
10587 OFL *  1
10588 CHN 0 1207094331802 4828377327208
10589 CHN 0 1207145941480 4828583765920
10590 OFL *  1
10591 CHN 0 1207323489565 4829293958260
10592 CHN 0 1207402331182 4829609324728
10593 OFL *  1
10594 OFL *  1
10595 CHN 0 1207757279571 4831029118284
10596 OFL *  1
10597 CHN 0 1208044969295 4832179877180
10598 OFL *  1
10599 OFL *  1
10600 CHN 0 1208415448998 4833661795992
10601 CHN 0 1208521375421 4834085501684
10602 OFL *  1
10603 CHN 0 1208581948104 4834327792416
10604 CHN 0 1208742377587 4834969510348
10605 OFL *  1
10606 CHN 0 1208860433409 4835441733636
10607 CHN 0 1208894325980 4835577303920
10608 CHN 0 1208895927543 4835583710172
10609 OFL *  1
10610 CHN 0 1209165228146 4836660912584
10611 OFL *  1
10612 CHN 0 1209253254524 4837013018096
10613 CHN 0 1209267585805 4837070343220
10614 CHN 0 1209312014097 4837248056388
10615 OFL *  1
10616 CHN 0 1209445833117 4837783332468
10617 CHN 0 1209476322087 4837905288348
10618 CHN 0 1209499213711 4837996854844
10619 OFL *  1
10620 OFL *  1
10621 CHN 0 1209994165131 4839976660524
10622 CHN 0 1210012048890 4840048195560
10623 OFL *  1
10624 CHN 0 1210043076438 4840172305752
10625 CHN 0 1210206581209 4840826324836
10626 OFL *  1
10627 CHN 0 1210315989901 4841263959604
10628 OFL *  1
10629 CHN 0 1210489342970 4841957371880
10630 CHN 0 1210500948595 4842003794380
10631 CHN 0 1210505780814 4842023123256
10632 CHN 0 1210666536931 4842666147724
10633 OFL *  1
10634 OFL *  1
10635 CHN 0 1211066481360 4844265925440
10636 OFL *  1
10637 OFL *  1
10638 OFL *  1
10639 CHN 0 1211582000659 4846328002636
10640 CHN 0 1211667025096 4846668100384
10641 CHN 0 1211705196444 4846820785776
10642 OFL *  1
10643 OFL *  1
10644 CHN 0 1211984649500 4847938598000
10645 OFL *  1
10646 CHN 0 1212148587240 4848594348960
10647 CHN 0 1212182444827 4848729779308
10648 OFL *  1
10649 CHN 0 1212454327631 4849817310524
10650 CHN 0 1212547855034 4850191420136
10651 OFL *  1
10652 CHN 0 1212717459554 4850869838216
10653 OFL *  1
10654 CHN 0 1212926385973 4851705543892
10655 OFL *  1
10656 OFL *  1
10657 OFL *  1
10658 OFL *  1
10659 CHN 0 1213802780971 4855211123884
10660 CHN 0 1213817861914 4855271447656
10661 OFL *  1
10662 CHN 0 1213842363188 4855369452752
10663 CHN 0 1213947906518 4855791626072
10664 CHN 0 1213961688601 4855846754404
10665 OFL *  1
10666 CHN 0 1214069346668 4856277386672
10667 CHN 0 1214126957566 4856507830264
10668 CHN 0 1214139354057 4856557416228
10669 CHN 0 1214193342342 4856773369368
10670 OFL *  1
10671 CHN 0 1214439980633 4857759922532
10672 CHN 0 1214440837132 4857763348528
10673 OFL *  1
10674 CHN 0 1214490318156 4857961272624
10675 CHN 0 1214492734563 4857970938252
10676 OFL *  1
10677 CHN 0 1214785099404 4859140397616
10678 CHN 0 1214821379114 4859285516456
10679 CHN 0 1214829037574 4859316150296
10680 CHN 0 1214867815992 4859471263968
10681 OFL *  1
10682 CHN 0 1214920460675 4859681842700
10683 CHN 0 1214982339998 4859929359992
10684 CHN 0 1215006290256 4860025161024
10685 CHN 0 1215057514902 4860230059608
10686 CHN 0 1215084347084 4860337388336
10687 OFL *  1
10688 OFL *  1
10689 OFL *  1
10690 CHN 0 1215578354847 4862313419388
10691 CHN 0 1215586595097 4862346380388
10692 CHN 0 1215664577318 4862658309272
10693 CHN 0 1215684930536 4862739722144
10694 OFL *  1
10695 OFL *  1
10696 OFL *  1
10697 CHN 0 1216218643582 4864874574328
10698 CHN 0 1216279523841 4865118095364
10699 CHN 0 1216281894135 4865127576540
10700 OFL *  1
10701 CHN 0 1216364357778 4865457431112
10702 OFL *  1
10703 OFL *  1
10704 OFL *  1
10705 CHN 0 1217038849817 4868155399268
10706 CHN 0 1217075610374 4868302441496
10707 CHN 0 1217076432948 4868305731792
10708 OFL *  1
10709 CHN 0 1217412234101 4869648936404
10710 OFL *  1
10711 CHN 0 1217419185860 4869676743440
10712 OFL *  1
10713 CHN 0 1217661238853 4870644955412
10714 CHN 0 1217730158355 4870920633420
10715 CHN 0 1217743034907 4870972139628
10716 CHN 0 1217805612025 4871222448100
10717 OFL *  1
10718 OFL *  1
10719 CHN 0 1218151612936 4872606451744
10720 CHN 0 1218207570685 4872830282740
10721 OFL *  1
10722 OFL *  1
10723 CHN 0 1218619151825 4874476607300
10724 OFL *  1
10725 CHN 0 1218704189741 4874816758964
10726 CHN 0 1218744889045 4874979556180
10727 OFL *  1
10728 CHN 0 1219086116879 4876344467516
10729 OFL *  1
10730 OFL *  1
10731 CHN 0 1219436413385 4877745653540
10732 CHN 0 1219446459730 4877785838920
10733 OFL *  1
10734 CHN 0 1219605003913 4878420015652
10735 OFL *  1
10736 CHN 0 1219827104984 4879308419936
10737 CHN 0 1219906405826 4879625623304
10738 OFL *  1
10739 CHN 0 1219953808085 4879815232340
10740 OFL *  1
10741 OFL *  1
10742 CHN 0 1220495413406 4881981653624
10743 OFL *  1
10744 CHN 0 1220592593942 4882370375768
10745 CHN 0 1220653460802 4882613843208
10746 OFL *  1
10747 CHN 0 1220862708032 4883450832128
10748 CHN 0 1220967700932 4883870803728
10749 CHN 0 1220974862612 4883899450448
10750 OFL *  1
10751 OFL *  1
10752 OFL *  1
10753 CHN 0 1221563704994 4886254819976
10754 OFL *  1
10755 OFL *  1
10756 CHN 0 1221843818297 4887375273188
10757 CHN 0 1221926727492 4887706909968
10758 OFL *  1
10759 CHN 0 1222091464218 4888365856872
10760 CHN 0 1222128491384 4888513965536
10761 CHN 0 1222181582310 4888726329240
10762 CHN 0 1222206343075 4888825372300
10763 OFL *  1
10764 CHN 0 1222363805091 4889455220364
10765 CHN 0 1222395185124 4889580740496
10766 CHN 0 1222406728060 4889626912240
10767 OFL *  1
10768 OFL *  1
10769 CHN 0 1222828635082 4891314540328
10770 OFL *  1
10771 CHN 0 1222999660412 4891998641648
10772 OFL *  1
10773 OFL *  1
10774 CHN 0 1223485182314 4893940729256
10775 OFL *  1
10776 CHN 0 1223597877343 4894391509372
10777 CHN 0 1223639629313 4894558517252
10778 OFL *  1
10779 OFL *  1
10780 CHN 0 1223998576848 4895994307392
10781 CHN 0 1224019744077 4896078976308
10782 CHN 0 1224094017965 4896376071860
10783 OFL *  1
10784 CHN 0 1224206468260 4896825873040
10785 CHN 0 1224324410597 4897297642388
10786 OFL *  1
10787 CHN 0 1224476458201 4897905832804
10788 CHN 0 1224477107588 4897908430352
10789 CHN 0 1224516294749 4898065178996
10790 OFL *  1
10791 CHN 0 1224647008889 4898588035556
10792 OFL *  1
10793 CHN 0 1224799565707 4899198262828
10794 CHN 0 1224901244172 4899604976688
10795 CHN 0 1224931282203 4899725128812
10796 CHN 0 1224968377725 4899873510900
10797 CHN 0 1224986853608 4899947414432
10798 CHN 0 1224987264468 4899949057872
10799 OFL *  1
10800 CHN 0 1225055266901 4900221067604
10801 CHN 0 1225069496826 4900277987304
10802 CHN 0 1225077994538 4900311978152
10803 CHN 0 1225134112802 4900536451208
10804 CHN 0 1225174161705 4900696646820
10805 OFL *  1
10806 OFL *  1
10807 CHN 0 1225449007162 4901796028648
10808 CHN 0 1225474504253 4901898017012
10809 CHN 0 1225477520202 4901910080808
10810 OFL *  1
10811 CHN 0 1225722226099 4902888904396
10812 OFL *  1
10813 CHN 0 1225977781750 4903911127000
10814 OFL *  1
10815 CHN 0 1226220943622 4904883774488
10816 OFL *  1
10817 CHN 0 1226285733979 4905142935916
10818 CHN 0 1226424317139 4905697268556
10819 OFL *  1
10820 OFL *  1
10821 OFL *  1
10822 OFL *  1
10823 CHN 0 1227159929306 4908639717224
10824 OFL *  1
10825 OFL *  1
10826 CHN 0 1227679692818 4910718771272
10827 OFL *  1
10828 CHN 0 1227787179636 4911148718544
10829 CHN 0 1227884459323 4911537837292
10830 OFL *  1
10831 CHN 0 1228029916831 4912119667324
10832 OFL *  1
10833 OFL *  1
10834 CHN 0 1228538974913 4914155899652
10835 OFL *  1
10836 CHN 0 1228644992733 4914579970932
10837 CHN 0 1228652685515 4914610742060
10838 CHN 0 1228660990017 4914643960068
10839 CHN 0 1228696527230 4914786108920
10840 CHN 0 1228737816254 4914951265016
10841 OFL *  1
10842 OFL *  1
10843 OFL *  1
10844 CHN 0 1229362167576 4917448670304
10845 OFL *  1
10846 CHN 0 1229497860269 4917991441076
10847 OFL *  1
10848 CHN 0 1229679211464 4918716845856
10849 CHN 0 1229760120027 4919040480108
10850 CHN 0 1229776993078 4919107972312
10851 OFL *  1
10852 CHN 0 1229926843736 4919707374944
10853 CHN 0 1229960121936 4919840487744
10854 OFL *  1
10855 OFL *  1
10856 OFL *  1
10857 CHN 0 1230639461769 4922557847076
10858 OFL *  1
10859 OFL *  1
10860 CHN 0 1231062456486 4924249825944
10861 CHN 0 1231093149545 4924372598180
10862 CHN 0 1231105801327 4924423205308
10863 OFL *  1
10864 CHN 0 1231270159336 4925080637344
10865 OFL *  1
10866 OFL *  1
10867 OFL *  1
10868 OFL *  1
10869 CHN 0 1231969210023 4927876840092
10870 CHN 0 1232158296577 4928633186308
10871 OFL *  1
10872 OFL *  1
10873 CHN 0 1232540274710 4930161098840
10874 OFL *  1
10875 OFL *  1
10876 OFL *  1
10877 OFL *  1
10878 OFL *  1
10879 CHN 0 1233583629830 4934334519320
10880 OFL *  1
10881 CHN 0 1233709632496 4934838529984
10882 CHN 0 1233709738200 4934838952800
10883 OFL *  1
10884 CHN 0 1233913421731 4935653686924
10885 OFL *  1
10886 OFL *  1
10887 CHN 0 1234336124070 4937344496280
10888 OFL *  1
10889 OFL *  1
10890 OFL *  1
10891 CHN 0 1234956170551 4939824682204
10892 OFL *  1
10893 OFL *  1
10894 CHN 0 1235511201185 4942044804740
10895 OFL *  1
10896 OFL *  1
10897 OFL *  1
10898 CHN 0 1235987036781 4943948147124
10899 OFL *  1
10900 OFL *  1
10901 OFL *  1
10902 CHN 0 1236638050568 4946552202272
10903 OFL *  1
10904 OFL *  1
10905 CHN 0 1237181416888 4948725667552
10906 OFL *  1
10907 CHN 0 1237253899948 4949015599792
10908 OFL *  1
10909 CHN 0 1237492513542 4949970054168
10910 OFL *  1
10911 OFL *  1
10912 CHN 0 1237948570050 4951794280200
10913 OFL *  1
10914 CHN 0 1238201170014 4952804680056
10915 CHN 0 1238211798729 4952847194916
10916 OFL *  1
10917 CHN 0 1238374968400 4953499873600
10918 OFL *  1
10919 OFL *  1
10920 OFL *  1
10921 OFL *  1
10922 CHN 0 1239234119443 4956936477772
10923 OFL *  1
10924 CHN 0 1239383092927 4957532371708
10925 OFL *  1
10926 CHN 0 1239605649015 4958422596060
10927 OFL *  1
10928 OFL *  1
10929 OFL *  1
10930 CHN 0 1240178131688 4960712526752
10931 CHN 0 1240208416780 4960833667120
10932 OFL *  1
10933 OFL *  1
10934 CHN 0 1240616219187 4962464876748
10935 OFL *  1
10936 OFL *  1
10937 CHN 0 1241126057798 4964504231192
10938 OFL *  1
10939 CHN 0 1241312931108 4965251724432
10940 OFL *  1
10941 CHN 0 1241513081233 4966052324932
10942 CHN 0 1241523470738 4966093882952
10943 OFL *  1
10944 OFL *  1
10945 CHN 0 1241873925459 4967495701836
10946 CHN 0 1241942135069 4967768540276
10947 CHN 0 1241954872165 4967819488660
10948 OFL *  1
10949 OFL *  1
10950 CHN 0 1242436895496 4969747581984
10951 CHN 0 1242460029700 4969840118800
10952 CHN 0 1242460904025 4969843616100
10953 OFL *  1
10954 OFL *  1
10955 CHN 0 1242771392924 4971085571696
10956 OFL *  1
10957 CHN 0 1242965327256 4971861309024
10958 OFL *  1
10959 CHN 0 1243239488909 4972957955636
10960 OFL *  1
10961 OFL *  1
10962 OFL *  1
10963 OFL *  1
10964 OFL *  1
10965 OFL *  1
10966 CHN 0 1244401308731 4977605234924
10967 OFL *  1
10968 CHN 0 1244786896629 4979147586516
10969 OFL *  1
10970 OFL *  1
10971 OFL *  1
10972 OFL *  1
10973 CHN 0 1245639336136 4982557344544
10974 OFL *  1
10975 OFL *  1
10976 CHN 0 1245940997727 4983763990908
10977 CHN 0 1246012515550 4984050062200
10978 OFL *  1
10979 CHN 0 1246272463602 4985089854408
10980 OFL *  1
10981 OFL *  1
10982 CHN 0 1246507065904 4986028263616
10983 CHN 0 1246660366581 4986641466324
10984 OFL *  1
10985 CHN 0 1246772265313 4987089061252
10986 OFL *  1
10987 CHN 0 1247094109034 4988376436136
10988 CHN 0 1247107787066 4988431148264
10989 OFL *  1
10990 CHN 0 1247137279218 4988549116872
10991 OFL *  1
10992 OFL *  1
10993 CHN 0 1247701213971 4990804855884
10994 OFL *  1
10995 OFL *  1
10996 CHN 0 1248038043531 4992152174124
10997 OFL *  1
10998 CHN 0 1248237046349 4992948185396
10999 CHN 0 1248347395240 4993389580960
11000 OFL *  1
11001 OFL *  1
11002 OFL *  1
11003 OFL *  1
11004 CHN 0 1249103577223 4996414308892
11005 CHN 0 1249144813595 4996579254380
11006 CHN 0 1249149241747 4996596966988
11007 OFL *  1
11008 CHN 0 1249378146571 4997512586284
11009 OFL *  1
11010 CHN 0 1249568186769 4998272747076
11011 CHN 0 1249612202397 4998448809588
11012 OFL *  1
11013 CHN 0 1249742977263 4998971909052
11014 OFL *  1
11015 OFL *  1
11016 OFL *  1
11017 CHN 0 1250309543863 5001238175452
11018 OFL *  1
11019 OFL *  1
11020 OFL *  1
11021 OFL *  1
11022 CHN 0 1251246748516 5004986994064
11023 CHN 0 1251253281705 5005013126820
11024 OFL *  1
11025 OFL *  1
11026 CHN 0 1251600871343 5006403485372
11027 CHN 0 1251638719433 5006554877732
11028 OFL *  1
11029 CHN 0 1251761991263 5007047965052
11030 CHN 0 1251834901623 5007339606492
11031 CHN 0 1251856317415 5007425269660
11032 OFL *  1
11033 CHN 0 1252035195694 5008140782776
11034 CHN 0 1252149859420 5008599437680
11035 OFL *  1
11036 CHN 0 1252301262991 5009205051964
11037 OFL *  1
11038 CHN 0 1252489778157 5009959112628
11039 OFL *  1
11040 OFL *  1
11041 CHN 0 1252887847367 5011551389468
11042 CHN 0 1252898577401 5011594309604
11043 CHN 0 1252949000043 5011796000172
11044 OFL *  1
11045 CHN 0 1253076938348 5012307753392
11046 OFL *  1
11047 CHN 0 1253275304942 5013101219768
11048 CHN 0 1253360579385 5013442317540
11049 OFL *  1
11050 OFL *  1
11051 OFL *  1
11052 CHN 0 1253982076313 5015928305252
11053 CHN 0 1254006068568 5016024274272
11054 CHN 0 1254031890188 5016127560752
11055 CHN 0 1254053223204 5016212892816
11056 OFL *  1
11057 CHN 0 1254096046196 5016384184784
11058 CHN 0 1254133386086 5016533544344
11059 OFL *  1
11060 OFL *  1
11061 CHN 0 1254526634428 5018106537712
11062 CHN 0 1254611193723 5018444774892
11063 CHN 0 1254690927907 5018763711628
11064 OFL *  1
11065 OFL *  1
11066 OFL *  1
11067 OFL *  1
11068 CHN 0 1255381201376 5021524805504
11069 CHN 0 1255512431895 5022049727580
11070 OFL *  1
11071 CHN 0 1255730147594 5022920590376
11072 OFL *  1
11073 CHN 0 1255868695372 5023474781488
11074 CHN 0 1255941609638 5023766438552
11075 OFL *  1
11076 CHN 0 1256151249813 5024604999252
11077 OFL *  1
11078 CHN 0 1256234087264 5024936349056
11079 OFL *  1
11080 CHN 0 1256472150040 5025888600160
11081 OFL *  1
11082 OFL *  1
11083 CHN 0 1256957764378 5027831057512
11084 OFL *  1
11085 CHN 0 1257063884034 5028255536136
11086 OFL *  1
11087 CHN 0 1257321409599 5029285638396
11088 OFL *  1
11089 CHN 0 1257599633736 5030398534944
11090 OFL *  1
11091 CHN 0 1257867519375 5031470077500
11092 OFL *  1
11093 OFL *  1
11094 CHN 0 1258099617392 5032398469568
11095 OFL *  1
11096 OFL *  1
11097 CHN 0 1258529667419 5034118669676
11098 CHN 0 1258568774584 5034275098336
11099 OFL *  1
11100 CHN 0 1258789396324 5035157585296
11101 CHN 0 1258851676231 5035406704924
11102 OFL *  1
11103 OFL *  1
11104 CHN 0 1259284821097 5037139284388
11105 OFL *  1
11106 CHN 0 1259346202929 5037384811716
11107 OFL *  1
11108 CHN 0 1259719698262 5038878793048
11109 OFL *  1
11110 OFL *  1
11111 OFL *  1
11112 OFL *  1
11113 OFL *  1
11114 CHN 0 1260686405395 5042745621580
11115 OFL *  1
11116 OFL *  1
11117 OFL *  1
11118 CHN 0 1261396550510 5045586202040
11119 OFL *  1
11120 OFL *  1
11121 CHN 0 1261808750628 5047235002512
11122 CHN 0 1261850933107 5047403732428
11123 OFL *  1
11124 OFL *  1
11125 CHN 0 1262221350543 5048885402172
11126 OFL *  1
11127 CHN 0 1262496932828 5049987731312
11128 OFL *  1
11129 OFL *  1
11130 CHN 0 1262798627710 5051194510840
11131 OFL *  1
11132 OFL *  1
11133 CHN 0 1263205375764 5052821503056
11134 CHN 0 1263255274031 5053021096124
11135 OFL *  1
11136 CHN 0 1263441211705 5053764846820
11137 CHN 0 1263457865443 5053831461772
11138 CHN 0 1263495119148 5053980476592
11139 OFL *  1
11140 CHN 0 1263623785200 5054495140800
11141 OFL *  1
11142 CHN 0 1263887997083 5055551988332
11143 CHN 0 1263896333802 5055585335208
11144 CHN 0 1263958394726 5055833578904
11145 OFL *  1
11146 CHN 0 1263983030367 5055932121468
11147 CHN 0 1264089814646 5056359258584
11148 OFL *  1
11149 OFL *  1
11150 OFL *  1
11151 CHN 0 1264622521857 5058490087428
11152 CHN 0 1264691438413 5058765753652
11153 OFL *  1
11154 CHN 0 1264850387382 5059401549528
11155 OFL *  1
11156 CHN 0 1265122125455 5060488501820
11157 CHN 0 1265143444807 5060573779228
11158 CHN 0 1265173766951 5060695067804
11159 CHN 0 1265202801503 5060811206012
11160 CHN 0 1265203366762 5060813467048
11161 OFL *  1
11162 CHN 0 1265280403166 5061121612664
11163 OFL *  1
11164 OFL *  1
11165 OFL *  1
11166 OFL *  1
11167 CHN 0 1266231789544 5064927158176
11168 CHN 0 1266292196059 5065168784236
11169 OFL *  1
11170 CHN 0 1266445097419 5065780389676
11171 OFL *  1
11172 CHN 0 1266535855499 5066143421996
11173 OFL *  1
11174 OFL *  1
11175 CHN 0 1266987731895 5067950927580
11176 CHN 0 1267043319770 5068173279080
11177 OFL *  1
11178 CHN 0 1267277773446 5069111093784
11179 CHN 0 1267286501067 5069146004268
11180 OFL *  1
11181 OFL *  1
11182 CHN 0 1267578230238 5070312920952
11183 CHN 0 1267690020803 5070760083212
11184 OFL *  1
11185 OFL *  1
11186 OFL *  1
11187 CHN 0 1268218635215 5072874540860
11188 CHN 0 1268388676795 5073554707180
11189 OFL *  1
11190 OFL *  1
11191 OFL *  1
11192 OFL *  1
11193 OFL *  1
11194 OFL *  1
11195 CHN 0 1269610312944 5078441251776
11196 OFL *  1
11197 CHN 0 1269811970685 5079247882740
11198 OFL *  1
11199 OFL *  1
11200 OFL *  1
11201 CHN 0 1270384759031 5081539036124
11202 OFL *  1
11203 CHN 0 1270511485593 5082045942372
11204 OFL *  1
11205 OFL *  1
11206 CHN 0 1271097180284 5084388721136
11207 OFL *  1
11208 CHN 0 1271156039834 5084624159336
11209 OFL *  1
11210 CHN 0 1271377663133 5085510652532
11211 CHN 0 1271383583295 5085534333180
11212 CHN 0 1271511393242 5086045572968
11213 OFL *  1
11214 CHN 0 1271733434596 5086933738384
11215 OFL *  1
11216 CHN 0 1271966707632 5087866830528
11217 OFL *  1
11218 CHN 0 1272030360871 5088121443484
11219 OFL *  1
11220 CHN 0 1272364808126 5089459232504
11221 OFL *  1
11222 CHN 0 1272436544611 5089746178444
11223 CHN 0 1272447387311 5089789549244
11224 CHN 0 1272548216766 5090192867064
11225 CHN 0 1272606532557 5090426130228
11226 OFL *  1
11227 OFL *  1
11228 OFL *  1
11229 CHN 0 1273208059688 5092832238752
11230 OFL *  1
11231 OFL *  1
11232 CHN 0 1273504029116 5094016116464
11233 OFL *  1
11234 CHN 0 1273719331542 5094877326168
11235 CHN 0 1273828943577 5095315774308
11236 OFL *  1
11237 CHN 0 1273898334738 5095593338952
11238 CHN 0 1273951689839 5095806759356
11239 OFL *  1
11240 CHN 0 1274224127690 5096896510760
11241 OFL *  1
11242 CHN 0 1274398036247 5097592144988
11243 CHN 0 1274452301667 5097809206668
11244 OFL *  1
11245 CHN 0 1274541200616 5098164802464
11246 OFL *  1
11247 CHN 0 1274732869583 5098931478332
11248 CHN 0 1274748565387 5098994261548
11249 CHN 0 1274833828537 5099335314148
11250 CHN 0 1274912070055 5099648280220
11251 OFL *  1
11252 CHN 0 1275078506643 5100314026572
11253 OFL *  1
11254 CHN 0 1275288809367 5101155237468
11255 CHN 0 1275334361499 5101337445996
11256 OFL *  1
11257 CHN 0 1275364919927 5101459679708
11258 OFL *  1
11259 CHN 0 1275596289641 5102385158564
11260 CHN 0 1275625795056 5102503180224
11261 CHN 0 1275746598313 5102986393252
11262 CHN 0 1275749102560 5102996410240
11263 OFL *  1
11264 OFL *  1
11265 OFL *  1
11266 OFL *  1
11267 OFL *  1
11268 CHN 0 1276746457402 5106985829608
11269 CHN 0 1276774022712 5107096090848
11270 OFL *  1
11271 CHN 0 1276897418132 5107589672528
11272 OFL *  1
11273 OFL *  1
11274 CHN 0 1277288562983 5109154251932
11275 CHN 0 1277289378425 5109157513700
11276 CHN 0 1277386217373 5109544869492
11277 OFL *  1
11278 OFL *  1
11279 CHN 0 1277771378995 5111085515980
11280 OFL *  1
11281 CHN 0 1277951796385 5111807185540
11282 CHN 0 1278030556064 5112122224256
11283 OFL *  1
11284 OFL *  1
11285 CHN 0 1278391530386 5113566121544
11286 CHN 0 1278449153218 5113796612872
11287 OFL *  1
11288 OFL *  1
11289 OFL *  1
11290 CHN 0 1278980245211 5115920980844
11291 OFL *  1
11292 CHN 0 1279323303806 5117293215224
11293 OFL *  1
11294 CHN 0 1279484191630 5117936766520
11295 OFL *  1
11296 CHN 0 1279613985354 5118455941416
11297 CHN 0 1279738053685 5118952214740
11298 CHN 0 1279739345567 5118957382268
11299 OFL *  1
11300 OFL *  1
11301 OFL *  1
11302 CHN 0 1280323608902 5121294435608
11303 OFL *  1
11304 CHN 0 1280550586320 5122202345280
11305 OFL *  1
11306 OFL *  1
11307 OFL *  1
11308 OFL *  1
11309 CHN 0 1281372387048 5125489548192
11310 OFL *  1
11311 OFL *  1
11312 CHN 0 1281774116594 5127096466376
11313 OFL *  1
11314 OFL *  1
11315 CHN 0 1282139939026 5128559756104
11316 CHN 0 1282294060406 5129176241624
11317 OFL *  1
11318 OFL *  1
11319 OFL *  1
11320 OFL *  1
11321 CHN 0 1283002056910 5132008227640
11322 CHN 0 1283140411042 5132561644168
11323 OFL *  1
11324 OFL *  1
11325 CHN 0 1283562957728 5134251830912
11326 OFL *  1
11327 CHN 0 1283675604437 5134702417748
11328 OFL *  1
11329 OFL *  1
11330 CHN 0 1284052269572 5136209078288
11331 OFL *  1
11332 OFL *  1
11333 OFL *  1
11334 OFL *  1
11335 CHN 0 1284991563126 5139966252504
11336 OFL *  1
11337 CHN 0 1285050456372 5140201825488
11338 OFL *  1
11339 OFL *  1
11340 CHN 0 1285614860229 5142459440916
11341 CHN 0 1285635884902 5142543539608
11342 CHN 0 1285652428347 5142609713388
11343 OFL *  1
11344 CHN 0 1285721356628 5142885426512
11345 CHN 0 1285832401085 5143329604340
11346 CHN 0 1285865189556 5143460758224
11347 OFL *  1
11348 CHN 0 1285916537111 5143666148444
11349 OFL *  1
11350 OFL *  1
11351 OFL *  1
11352 CHN 0 1286538994477 5146155977908
11353 OFL *  1
11354 CHN 0 1286910987055 5147643948220
11355 OFL *  1
11356 CHN 0 1287125889799 5148503559196
11357 CHN 0 1287154520099 5148618080396
11358 OFL *  1
11359 OFL *  1
11360 OFL *  1
11361 OFL *  1
11362 CHN 0 1287826871529 5151307486116
11363 OFL *  1
11364 CHN 0 1288142041878 5152568167512
11365 OFL *  1
11366 CHN 0 1288220735484 5152882941936
11367 OFL *  1
11368 CHN 0 1288470933012 5153883732048
11369 CHN 0 1288473642251 5153894569004
11370 CHN 0 1288482614463 5153930457852
11371 CHN 0 1288495577142 5153982308568
11372 CHN 0 1288586241365 5154344965460
11373 OFL *  1
11374 CHN 0 1288630748198 5154522992792
11375 OFL *  1
11376 OFL *  1
11377 CHN 0 1289162957072 5156651828288
11378 CHN 0 1289228913506 5156915654024
11379 OFL *  1
11380 CHN 0 1289419487071 5157677948284
11381 CHN 0 1289424572153 5157698288612
11382 OFL *  1
11383 CHN 0 1289543576681 5158174306724
11384 OFL *  1
11385 OFL *  1
11386 CHN 0 1289915618975 5159662475900
11387 CHN 0 1289995078488 5159980313952
11388 CHN 0 1290090707804 5160362831216
11389 OFL *  1
11390 OFL *  1
11391 OFL *  1
11392 CHN 0 1290557770482 5162231081928
11393 CHN 0 1290559755023 5162239020092
11394 CHN 0 1290568211260 5162272845040
11395 OFL *  1
11396 OFL *  1
11397 OFL *  1
11398 OFL *  1
11399 OFL *  1
11400 CHN 0 1291640687131 5166562748524
11401 CHN 0 1291705774426 5166823097704
11402 CHN 0 1291708275207 5166833100828
11403 CHN 0 1291710575400 5166842301600
11404 OFL *  1
11405 CHN 0 1291819366920 5167277467680
11406 CHN 0 1291896075062 5167584300248
11407 OFL *  1
11408 CHN 0 1292069103488 5168276413952
11409 OFL *  1
11410 CHN 0 1292347101336 5169388405344
11411 CHN 0 1292377172535 5169508690140
11412 OFL *  1
11413 CHN 0 1292583084066 5170332336264
11414 CHN 0 1292606962831 5170427851324
11415 OFL *  1
11416 CHN 0 1292680671968 5170722687872
11417 CHN 0 1292825335776 5171301343104
11418 OFL *  1
11419 CHN 0 1293002483042 5172009932168
11420 OFL *  1
11421 CHN 0 1293215327972 5172861311888
11422 OFL *  1
11423 CHN 0 1293450652954 5173802611816
11424 OFL *  1
11425 OFL *  1
11426 OFL *  1
11427 CHN 0 1294095901148 5176383604592
11428 OFL *  1
11429 CHN 0 1294164984374 5176659937496
11430 OFL *  1
11431 CHN 0 1294320779001 5177283116004
11432 CHN 0 1294352609592 5177410438368
11433 CHN 0 1294466664623 5177866658492
11434 OFL *  1
11435 OFL *  1
11436 CHN 0 1294759714951 5179038859804
11437 CHN 0 1294896425164 5179585700656
11438 OFL *  1
11439 OFL *  1
11440 CHN 0 1295196425928 5180785703712
11441 CHN 0 1295307742053 5181230968212
11442 OFL *  1
11443 OFL *  1
11444 OFL *  1
11445 CHN 0 1295813873686 5183255494744
11446 CHN 0 1295856326577 5183425306308
11447 OFL *  1
11448 CHN 0 1296144588365 5184578353460
11449 CHN 0 1296173128924 5184692515696
11450 OFL *  1
11451 CHN 0 1296245541519 5184982166076
11452 OFL *  1
11453 CHN 0 1296433420963 5185733683852
11454 CHN 0 1296441210922 5185764843688
11455 OFL *  1
11456 OFL *  1
11457 CHN 0 1296944079494 5187776317976
11458 OFL *  1
11459 CHN 0 1297259272736 5189037090944
11460 OFL *  1
11461 CHN 0 1297359887311 5189439549244
11462 CHN 0 1297445744576 5189782978304
11463 CHN 0 1297467199179 5189868796716
11464 OFL *  1
11465 CHN 0 1297502566462 5190010265848
11466 CHN 0 1297582296811 5190329187244
11467 CHN 0 1297624300019 5190497200076
11468 OFL *  1
11469 OFL *  1
11470 OFL *  1
11471 CHN 0 1298173539815 5192694159260
11472 CHN 0 1298315530709 5193262122836
11473 OFL *  1
11474 OFL *  1
11475 CHN 0 1298717141351 5194868565404
11476 OFL *  1
11477 OFL *  1
11478 CHN 0 1298995816086 5195983264344
11479 OFL *  1
11480 CHN 0 1299248417183 5196993668732
11481 OFL *  1
11482 CHN 0 1299550639062 5198202556248
11483 CHN 0 1299579688175 5198318752700
11484 CHN 0 1299583285922 5198333143688
11485 OFL *  1
11486 CHN 0 1299686835355 5198747341420
11487 OFL *  1
11488 CHN 0 1299946790923 5199787163692
11489 OFL *  1
11490 CHN 0 1300071700775 5200286803100
11491 CHN 0 1300112021376 5200448085504
11492 CHN 0 1300162284190 5200649136760
11493 OFL *  1
11494 OFL *  1
11495 OFL *  1
11496 OFL *  1
11497 OFL *  1
11498 CHN 0 1301262269278 5205049077112
11499 OFL *  1
11500 CHN 0 1301320261170 5205281044680
11501 OFL *  1
11502 OFL *  1
11503 CHN 0 1301731622678 5206926490712
11504 OFL *  1
11505 CHN 0 1302016419096 5208065676384
11506 OFL *  1
11507 CHN 0 1302163092763 5208652371052
11508 OFL *  1
11509 OFL *  1
11510 CHN 0 1302628260145 5210513040580
11511 OFL *  1
11512 CHN 0 1302792835198 5211171340792
11513 OFL *  1
11514 OFL *  1
11515 CHN 0 1303185360610 5212741442440
11516 CHN 0 1303223538288 5212894153152
11517 CHN 0 1303239221161 5212956884644
11518 OFL *  1
11519 CHN 0 1303533314421 5214133257684
11520 OFL *  1
11521 OFL *  1
11522 CHN 0 1303806566369 5215226265476
11523 CHN 0 1303884067539 5215536270156
11524 OFL *  1
11525 CHN 0 1304140195122 5216560780488
11526 OFL *  1
11527 CHN 0 1304358352490 5217433409960
11528 CHN 0 1304368980596 5217475922384
11529 OFL *  1
11530 CHN 0 1304565856561 5218263426244
11531 OFL *  1
11532 CHN 0 1304654936763 5218619747052
11533 CHN 0 1304728902742 5218915610968
11534 CHN 0 1304737011128 5218948044512
11535 CHN 0 1304774970632 5219099882528
11536 OFL *  1
11537 CHN 0 1304866954999 5219467819996
11538 CHN 0 1304946442891 5219785771564
11539 OFL *  1
11540 OFL *  1
11541 CHN 0 1305292957511 5221171830044
11542 CHN 0 1305310517853 5221242071412
11543 OFL *  1
11544 OFL *  1
11545 CHN 0 1305814404598 5223257618392
11546 OFL *  1
11547 OFL *  1
11548 CHN 0 1306273404362 5225093617448
11549 OFL *  1
11550 OFL *  1
11551 OFL *  1
11552 CHN 0 1306841257750 5227365031000
11553 OFL *  1
11554 CHN 0 1307045282130 5228181128520
11555 CHN 0 1307045306749 5228181226996
11556 CHN 0 1307045344530 5228181378120
11557 CHN 0 1307083930601 5228335722404
11558 OFL *  1
11559 CHN 0 1307207547361 5228830189444
11560 OFL *  1
11561 CHN 0 1307456781744 5229827126976
11562 OFL *  1
11563 OFL *  1
11564 CHN 0 1307974394322 5231897577288
11565 OFL *  1
11566 OFL *  1
11567 CHN 0 1308290526291 5233162105164
11568 CHN 0 1308383437062 5233533748248
11569 CHN 0 1308403349075 5233613396300
11570 OFL *  1
11571 CHN 0 1308501886928 5234007547712
11572 OFL *  1
11573 CHN 0 1308738231316 5234952925264
11574 OFL *  1
11575 OFL *  1
11576 OFL *  1
11577 OFL *  1
11578 OFL *  1
11579 OFL *  1
11580 OFL *  1
11581 CHN 0 1310186999493 5240747997972
11582 CHN 0 1310194035397 5240776141588
11583 OFL *  1
11584 OFL *  1
11585 CHN 0 1310585922141 5242343688564
11586 OFL *  1
11587 CHN 0 1310862313598 5243449254392
11588 OFL *  1
11589 OFL *  1
11590 CHN 0 1311286342728 5245145370912
11591 OFL *  1
11592 CHN 0 1311537214851 5246148859404
11593 OFL *  1
11594 CHN 0 1311617315769 5246469263076
11595 CHN 0 1311645392925 5246581571700
11596 OFL *  1
11597 CHN 0 1311831364856 5247325459424
11598 OFL *  1
11599 OFL *  1
11600 CHN 0 1312406203815 5249624815260
11601 OFL *  1
11602 CHN 0 1312634450615 5250537802460
11603 OFL *  1
11604 OFL *  1
11605 OFL *  1
11606 CHN 0 1313076881442 5252307525768
11607 CHN 0 1313094055089 5252376220356
11608 OFL *  1
11609 CHN 0 1313460441386 5253841765544
11610 CHN 0 1313476622530 5253906490120
11611 OFL *  1
11612 CHN 0 1313562797912 5254251191648
11613 OFL *  1
11614 CHN 0 1313913045026 5255652180104
11615 OFL *  1
11616 CHN 0 1314056227311 5256224909244
11617 OFL *  1
11618 OFL *  1
11619 CHN 0 1314532162547 5258128650188
11620 OFL *  1
11621 CHN 0 1314724206053 5258896824212
11622 OFL *  1
11623 OFL *  1
11624 CHN 0 1315003001797 5260012007188
11625 OFL *  1
11626 OFL *  1
11627 CHN 0 1315411901294 5261647605176
11628 OFL *  1
11629 CHN 0 1315680179149 5262720716596
11630 OFL *  1
11631 OFL *  1
11632 OFL *  1
11633 OFL *  1
11634 CHN 0 1316616001442 5266464005768
11635 OFL *  1
11636 CHN 0 1316679372213 5266717488852
11637 CHN 0 1316733847116 5266935388464
11638 CHN 0 1316837451903 5267349807612
11639 OFL *  1
11640 CHN 0 1317062283394 5268249133576
11641 OFL *  1
11642 OFL *  1
11643 OFL *  1
11644 CHN 0 1317533929923 5270135719692
11645 CHN 0 1317634332202 5270537328808
11646 CHN 0 1317663975046 5270655900184
11647 OFL *  1
11648 CHN 0 1317743987337 5270975949348
11649 OFL *  1
11650 CHN 0 1317943030687 5271772122748
11651 CHN 0 1318096737667 5272386950668
11652 OFL *  1
11653 CHN 0 1318140531844 5272562127376
11654 OFL *  1
11655 CHN 0 1318351009270 5273404037080
11656 CHN 0 1318371504295 5273486017180
11657 OFL *  1
11658 CHN 0 1318595111987 5274380447948
11659 CHN 0 1318601069916 5274404279664
11660 OFL *  1
11661 CHN 0 1318891530688 5275566122752
11662 OFL *  1
11663 OFL *  1
11664 OFL *  1
11665 CHN 0 1319438426386 5277753705544
11666 OFL *  1
11667 OFL *  1
11668 CHN 0 1319818920614 5279275682456
11669 CHN 0 1319895693758 5279582775032
11670 OFL *  1
11671 CHN 0 1320129740283 5280518961132
11672 CHN 0 1320191828985 5280767315940
11673 OFL *  1
11674 CHN 0 1320356794851 5281427179404
11675 OFL *  1
11676 CHN 0 1320507366581 5282029466324
11677 CHN 0 1320535667950 5282142671800
11678 OFL *  1
11679 CHN 0 1320819565528 5283278262112
11680 CHN 0 1320823740226 5283294960904
11681 CHN 0 1320836802177 5283347208708
11682 OFL *  1
11683 CHN 0 1321000464082 5284001856328
11684 OFL *  1
11685 CHN 0 1321270347528 5285081390112
11686 CHN 0 1321284582441 5285138329764
11687 OFL *  1
11688 OFL *  1
11689 CHN 0 1321697165611 5286788662444
11690 OFL *  1
11691 OFL *  1
11692 CHN 0 1321921907852 5287687631408
11693 OFL *  1
11694 OFL *  1
11695 OFL *  1
11696 OFL *  1
11697 CHN 0 1322966734564 5291866938256
11698 OFL *  1
11699 OFL *  1
11700 CHN 0 1323393153202 5293572612808
11701 OFL *  1
11702 OFL *  1
11703 CHN 0 1323631100740 5294524402960
11704 OFL *  1
11705 OFL *  1
11706 OFL *  1
11707 OFL *  1
11708 OFL *  1
11709 CHN 0 1324795666559 5299182666236
11710 OFL *  1
11711 CHN 0 1324928482486 5299713929944
11712 OFL *  1
11713 OFL *  1
11714 OFL *  1
11715 CHN 0 1325684853280 5302739413120
11716 OFL *  1
11717 OFL *  1
11718 CHN 0 1326028534351 5304114137404
11719 CHN 0 1326134624407 5304538497628
11720 OFL *  1
11721 CHN 0 1326161460694 5304645842776
11722 CHN 0 1326203837301 5304815349204
11723 CHN 0 1326254621302 5305018485208
11724 OFL *  1
11725 OFL *  1
11726 OFL *  1
11727 CHN 0 1326935162971 5307740651884
11728 CHN 0 1326957364826 5307829459304
11729 OFL *  1
11730 CHN 0 1327185682486 5308742729944
11731 OFL *  1
11732 CHN 0 1327284573108 5309138292432
11733 CHN 0 1327285685674 5309142742696
11734 OFL *  1
11735 CHN 0 1327566702584 5310266810336
11736 OFL *  1
11737 OFL *  1
11738 CHN 0 1327851852045 5311407408180
11739 OFL *  1
11740 OFL *  1
11741 OFL *  1
11742 OFL *  1
11743 OFL *  1
11744 CHN 0 1329022117009 5316088468036
11745 OFL *  1
11746 CHN 0 1329266337600 5317065350400
11747 OFL *  1
11748 OFL *  1
11749 CHN 0 1329655476150 5318621904600
11750 OFL *  1
11751 OFL *  1
11752 OFL *  1
11753 OFL *  1
11754 CHN 0 1330352545305 5321410181220
11755 OFL *  1
11756 OFL *  1
11757 OFL *  1
11758 CHN 0 1331125623562 5324502494248
11759 CHN 0 1331144985408 5324579941632
11760 OFL *  1
11761 CHN 0 1331241094646 5324964378584
11762 CHN 0 1331331583766 5325326335064
11763 CHN 0 1331386992126 5325547968504
11764 OFL *  1
11765 OFL *  1
11766 CHN 0 1331799079516 5327196318064
11767 CHN 0 1331806586884 5327226347536
11768 OFL *  1
11769 CHN 0 1332023954648 5328095818592
11770 OFL *  1
11771 CHN 0 1332037832675 5328151330700
11772 CHN 0 1332156444573 5328625778292
11773 OFL *  1
11774 OFL *  1
11775 OFL *  1
11776 CHN 0 1332723717049 5330894868196
11777 CHN 0 1332790774358 5331163097432
11778 OFL *  1
11779 CHN 0 1332948662108 5331794648432
11780 CHN 0 1333011816542 5332047266168
11781 CHN 0 1333021526334 5332086105336
11782 CHN 0 1333060009522 5332240038088
11783 OFL *  1
11784 CHN 0 1333145111222 5332580444888
11785 CHN 0 1333183798403 5332735193612
11786 OFL *  1
11787 CHN 0 1333304298965 5333217195860
11788 OFL *  1
11789 OFL *  1
11790 OFL *  1
11791 OFL *  1
11792 CHN 0 1334241792059 5336967168236
11793 CHN 0 1334345202618 5337380810472
11794 OFL *  1
11795 OFL *  1
11796 CHN 0 1334608632711 5338434530844
11797 CHN 0 1334698696093 5338794784372
11798 OFL *  1
11799 CHN 0 1334813000462 5339252001848
11800 OFL *  1
11801 CHN 0 1335138527094 5340554108376
11802 OFL *  1
11803 CHN 0 1335293000394 5341172001576
11804 OFL *  1
11805 CHN 0 1335587800295 5342351201180
11806 OFL *  1
11807 CHN 0 1335644040660 5342576162640
11808 CHN 0 1335688970818 5342755883272
11809 CHN 0 1335774519294 5343098077176
11810 OFL *  1
11811 CHN 0 1335923305569 5343693222276
11812 OFL *  1
11813 CHN 0 1336073771283 5344295085132
11814 CHN 0 1336230374981 5344921499924
11815 OFL *  1
11816 CHN 0 1336274569283 5345098277132
11817 OFL *  1
11818 CHN 0 1336529474657 5346117898628
11819 CHN 0 1336666222855 5346664891420
11820 OFL *  1
11821 CHN 0 1336803207531 5347212830124
11822 CHN 0 1336828556836 5347314227344
11823 OFL *  1
11824 CHN 0 1336949015292 5347796061168
11825 OFL *  1
11826 CHN 0 1337105281615 5348421126460
11827 CHN 0 1337205527719 5348822110876
11828 OFL *  1
11829 OFL *  1
11830 CHN 0 1337558646444 5350234585776
11831 CHN 0 1337577039321 5350308157284
11832 CHN 0 1337716393248 5350865572992
11833 OFL *  1
11834 CHN 0 1337723431073 5350893724292
11835 CHN 0 1337929935692 5351719742768
11836 OFL *  1
11837 CHN 0 1338068948845 5352275795380
11838 OFL *  1
11839 OFL *  1
11840 OFL *  1
11841 OFL *  1
11842 OFL *  1
11843 OFL *  1
11844 CHN 0 1339266850498 5357067401992
11845 OFL *  1
11846 OFL *  1
11847 CHN 0 1339718587400 5358874349600
11848 CHN 0 1339775293153 5359101172612
11849 OFL *  1
11850 CHN 0 1339980075173 5359920300692
11851 CHN 0 1340019801393 5360079205572
11852 OFL *  1
11853 CHN 0 1340072827843 5360291311372
11854 CHN 0 1340082019726 5360328078904
11855 CHN 0 1340214198714 5360856794856
11856 OFL *  1
11857 OFL *  1
11858 CHN 0 1340588892817 5362355571268
11859 OFL *  1
11860 CHN 0 1340751499962 5363005999848
11861 OFL *  1
11862 CHN 0 1340903039756 5363612159024
11863 OFL *  1
11864 CHN 0 1341295013416 5365180053664
11865 OFL *  1
11866 CHN 0 1341319285519 5365277142076
11867 CHN 0 1341513399034 5366053596136
11868 OFL *  1
11869 CHN 0 1341519247012 5366076988048
11870 OFL *  1
11871 OFL *  1
11872 CHN 0 1342034969291 5368139877164
11873 OFL *  1
11874 CHN 0 1342186817193 5368747268772
11875 CHN 0 1342215276486 5368861105944
11876 CHN 0 1342283418139 5369133672556
11877 OFL *  1
11878 CHN 0 1342455319661 5369821278644
11879 CHN 0 1342559214140 5370236856560
11880 OFL *  1
11881 OFL *  1
11882 CHN 0 1342919998273 5371679993092
11883 OFL *  1
11884 CHN 0 1343164173932 5372656695728
11885 OFL *  1
11886 CHN 0 1343398555034 5373594220136
11887 OFL *  1
11888 OFL *  1
11889 CHN 0 1343652349445 5374609397780
11890 OFL *  1
11891 OFL *  1
11892 CHN 0 1344113445177 5376453780708
11893 OFL *  1
11894 CHN 0 1344424451566 5377697806264
11895 OFL *  1
11896 OFL *  1
11897 CHN 0 1344753141236 5379012564944
11898 CHN 0 1344767785857 5379071143428
11899 OFL *  1
11900 CHN 0 1345017324881 5380069299524
11901 OFL *  1
11902 CHN 0 1345099687462 5380398749848
11903 OFL *  1
11904 OFL *  1
11905 OFL *  1
11906 CHN 0 1345857091269 5383428365076
11907 OFL *  1
11908 OFL *  1
11909 OFL *  1
11910 CHN 0 1346456465347 5385825861388
11911 CHN 0 1346505059587 5386020238348
11912 CHN 0 1346514491034 5386057964136
11913 OFL *  1
11914 CHN 0 1346581295263 5386325181052
11915 OFL *  1
11916 CHN 0 1346933184509 5387732738036
11917 OFL *  1
11918 CHN 0 1347159522680 5388638090720
11919 OFL *  1
11920 CHN 0 1347366979415 5389467917660
11921 OFL *  1
11922 CHN 0 1347438140068 5389752560272
11923 OFL *  1
11924 OFL *  1
11925 OFL *  1
11926 OFL *  1
11927 CHN 0 1348410057873 5393640231492
11928 OFL *  1
11929 CHN 0 1348658303364 5394633213456
11930 OFL *  1
11931 CHN 0 1348699441649 5394797766596
11932 OFL *  1
11933 CHN 0 1349013578474 5396054313896
11934 OFL *  1
11935 OFL *  1
11936 CHN 0 1349370632031 5397482528124
11937 OFL *  1
11938 OFL *  1
11939 CHN 0 1349868488200 5399473952800
11940 CHN 0 1349929566006 5399718264024
11941 OFL *  1
11942 OFL *  1
11943 OFL *  1
11944 CHN 0 1350491402181 5401965608724
11945 OFL *  1
11946 OFL *  1
11947 CHN 0 1350813272715 5403253090860
11948 CHN 0 1350860072452 5403440289808
11949 CHN 0 1350940254097 5403761016388
11950 OFL *  1
11951 OFL *  1
11952 OFL *  1
11953 OFL *  1
11954 CHN 0 1351707312419 5406829249676
11955 OFL *  1
11956 CHN 0 1351842732133 5407370928532
11957 OFL *  1
11958 OFL *  1
11959 OFL *  1
11960 CHN 0 1352651571703 5410606286812
11961 OFL *  1
11962 OFL *  1
11963 OFL *  1
11964 OFL *  1
11965 OFL *  1
11966 CHN 0 1353593571830 5414374287320
11967 CHN 0 1353680569039 5414722276156
11968 OFL *  1
11969 CHN 0 1353846156365 5415384625460
11970 OFL *  1
11971 OFL *  1
11972 CHN 0 1354197573101 5416790292404
11973 CHN 0 1354329177353 5417316709412
11974 OFL *  1
11975 CHN 0 1354429451024 5417717804096
11976 CHN 0 1354455331785 5417821327140
11977 CHN 0 1354517935892 5418071743568
11978 CHN 0 1354555672417 5418222689668
11979 OFL *  1
11980 OFL *  1
11981 CHN 0 1354815862369 5419263449476
11982 OFL *  1
11983 OFL *  1
11984 CHN 0 1355233237337 5420932949348
11985 OFL *  1
11986 OFL *  1
11987 OFL *  1
11988 CHN 0 1355964858115 5423859432460
11989 OFL *  1
11990 CHN 0 1356137213144 5424548852576
11991 OFL *  1
11992 CHN 0 1356386258395 5425545033580
11993 OFL *  1
11994 CHN 0 1356570140151 5426280560604
11995 OFL *  1
11996 OFL *  1
11997 CHN 0 1357079905122 5428319620488
11998 OFL *  1
11999 CHN 0 1357184433356 5428737733424
12000 CHN 0 1357258508641 5429034034564
12001 OFL *  1
12002 CHN 0 1357476169433 5429904677732
12003 CHN 0 1357525568519 5430102274076
12004 OFL *  1
12005 OFL *  1
12006 CHN 0 1357864412232 5431457648928
12007 CHN 0 1357904008161 5431616032644
12008 CHN 0 1357931240766 5431724963064
12009 CHN 0 1357931301956 5431725207824
12010 CHN 0 1357938190500 5431752762000
12011 OFL *  1
12012 OFL *  1
12013 OFL *  1
12014 OFL *  1
12015 OFL *  1
12016 OFL *  1
12017 CHN 0 1359098463918 5436393855672
12018 OFL *  1
12019 OFL *  1
12020 OFL *  1
12021 OFL *  1
12022 OFL *  1
12023 OFL *  1
12024 CHN 0 1360380432323 5441521729292
12025 OFL *  1
12026 OFL *  1
12027 OFL *  1
12028 OFL *  1
12029 OFL *  1
12030 OFL *  1
12031 OFL *  1
12032 CHN 0 1361783175293 5447132701172
12033 OFL *  1
12034 CHN 0 1361959908452 5447839633808
12035 OFL *  1
12036 CHN 0 1362238154338 5448952617352
12037 CHN 0 1362278850989 5449115403956
12038 CHN 0 1362282509584 5449130038336
12039 OFL *  1
12040 OFL *  1
12041 OFL *  1
12042 OFL *  1
12043 CHN 0 1363176390221 5452705560884
12044 OFL *  1
12045 OFL *  1
12046 OFL *  1
12047 CHN 0 1363829152705 5455316610820
12048 OFL *  1
12049 CHN 0 1363916755131 5455667020524
12050 OFL *  1
12051 CHN 0 1364062731745 5456250926980
12052 CHN 0 1364177697214 5456710788856
12053 OFL *  1
12054 CHN 0 1364362911542 5457451646168
12055 OFL *  1
12056 CHN 0 1364584180965 5458336723860
12057 OFL *  1
12058 CHN 0 1364748768243 5458995072972
12059 OFL *  1
12060 OFL *  1
12061 CHN 0 1365163704423 5460654817692
12062 CHN 0 1365209005118 5460836020472
12063 OFL *  1
12064 OFL *  1
12065 CHN 0 1365744631958 5462978527832
12066 OFL *  1
12067 OFL *  1
12068 OFL *  1
12069 OFL *  1
12070 CHN 0 1366465123985 5465860495940
12071 OFL *  1
12072 OFL *  1
12073 CHN 0 1366910843033 5467643372132
12074 CHN 0 1366950960752 5467803843008
12075 OFL *  1
12076 CHN 0 1367109956044 5468439824176
12077 OFL *  1
12078 OFL *  1
12079 OFL *  1
12080 OFL *  1
12081 CHN 0 1367941804979 5471767219916
12082 OFL *  1
12083 CHN 0 1368259584441 5473038337764
12084 CHN 0 1368263377527 5473053510108
12085 CHN 0 1368263465889 5473053863556
12086 CHN 0 1368268097500 5473072390000
12087 OFL *  1
12088 OFL *  1
12089 OFL *  1
12090 CHN 0 1368761577269 5475046309076
12091 CHN 0 1368857612604 5475430450416
12092 OFL *  1
12093 CHN 0 1368978307518 5475913230072
12094 CHN 0 1368984644263 5475938577052
12095 CHN 0 1369035839848 5476143359392
12096 CHN 0 1369056587074 5476226348296
12097 CHN 0 1369110906383 5476443625532
12098 OFL *  1
12099 CHN 0 1369198682161 5476794728644
12100 CHN 0 1369245330837 5476981323348
12101 OFL *  1
12102 CHN 0 1369524991586 5478099966344
12103 OFL *  1
12104 OFL *  1
12105 CHN 0 1369934625883 5479738503532
12106 OFL *  1
12107 OFL *  1
12108 CHN 0 1370309642034 5481238568136
12109 CHN 0 1370356982682 5481427930728
12110 OFL *  1
12111 OFL *  1
12112 CHN 0 1370615013781 5482460055124
12113 CHN 0 1370785265417 5483141061668
12114 OFL *  1
12115 CHN 0 1370850936974 5483403747896
12116 CHN 0 1370924292136 5483697168544
12117 OFL *  1
12118 CHN 0 1371040891349 5484163565396
12119 OFL *  1
12120 CHN 0 1371267943381 5485071773524
12121 CHN 0 1371357049485 5485428197940
12122 OFL *  1
12123 OFL *  1
12124 OFL *  1
12125 OFL *  1
12126 OFL *  1
12127 CHN 0 1372384066633 5489536266532
12128 OFL *  1
12129 CHN 0 1372581064472 5490324257888
12130 OFL *  1
12131 OFL *  1
12132 OFL *  1
12133 CHN 0 1373196225456 5492784901824
12134 OFL *  1
12135 CHN 0 1373447607086 5493790428344
12136 OFL *  1
12137 CHN 0 1373559977496 5494239909984
12138 CHN 0 1373590244842 5494360979368
12139 CHN 0 1373664051306 5494656205224
12140 OFL *  1
12141 OFL *  1
12142 CHN 0 1373989817132 5495959268528
12143 CHN 0 1374045772693 5496183090772
12144 OFL *  1
12145 CHN 0 1374313952520 5497255810080
12146 OFL *  1
12147 CHN 0 1374428174901 5497712699604
12148 CHN 0 1374447773169 5497791092676
12149 OFL *  1
12150 CHN 0 1374607864042 5498431456168
12151 CHN 0 1374618976106 5498475904424
12152 OFL *  1
12153 OFL *  1
12154 CHN 0 1375162515828 5500650063312
12155 CHN 0 1375173007319 5500692029276
12156 OFL *  1
12157 OFL *  1
12158 OFL *  1
12159 CHN 0 1375665825165 5502663300660
12160 CHN 0 1375777310864 5503109243456
12161 OFL *  1
12162 CHN 0 1375872338448 5503489353792
12163 CHN 0 1376013712488 5504054849952
12164 CHN 0 1376042787936 5504171151744
12165 OFL *  1
12166 CHN 0 1376132693288 5504530773152
12167 OFL *  1
12168 OFL *  1
12169 CHN 0 1376606499656 5506425998624
12170 CHN 0 1376638887188 5506555548752
12171 OFL *  1
12172 OFL *  1
12173 CHN 0 1377109388364 5508437553456
12174 OFL *  1
12175 CHN 0 1377212210870 5508848843480
12176 OFL *  1
12177 CHN 0 1377382801134 5509531204536
12178 CHN 0 1377415414898 5509661659592
12179 CHN 0 1377501344600 5510005378400
12180 OFL *  1
12181 CHN 0 1377749005639 5510996022556
12182 OFL *  1
12183 OFL *  1
12184 CHN 0 1378079645452 5512318581808
12185 OFL *  1
12186 CHN 0 1378285738860 5513142955440
12187 OFL *  1
12188 CHN 0 1378412232554 5513648930216
12189 CHN 0 1378530761463 5514123045852
12190 OFL *  1
12191 OFL *  1
12192 CHN 0 1378970417925 5515881671700
12193 CHN 0 1379017611221 5516070444884
12194 OFL *  1
12195 CHN 0 1379144328926 5516577315704
12196 CHN 0 1379171103283 5516684413132
12197 CHN 0 1379185831487 5516743325948
12198 OFL *  1
12199 CHN 0 1379363030385 5517452121540
12200 OFL *  1
12201 CHN 0 1379496784458 5517987137832
12202 OFL *  1
12203 CHN 0 1379655302128 5518621208512
12204 CHN 0 1379677224673 5518708898692
12205 OFL *  1
12206 CHN 0 1379942301677 5519769206708
12207 OFL *  1
12208 CHN 0 1380142950154 5520571800616
12209 CHN 0 1380214886667 5520859546668
12210 CHN 0 1380239423949 5520957695796
12211 OFL *  1
12212 CHN 0 1380461964108 5521847856432
12213 OFL *  1
12214 OFL *  1
12215 CHN 0 1380784416736 5523137666944
12216 OFL *  1
12217 CHN 0 1380946459827 5523785839308
12218 OFL *  1
12219 OFL *  1
12220 OFL *  1
12221 OFL *  1
12222 CHN 0 1381809965682 5527239862728
12223 OFL *  1
12224 CHN 0 1381985618427 5527942473708
12225 CHN 0 1382007286869 5528029147476
12226 CHN 0 1382170205139 5528680820556
12227 OFL *  1
12228 CHN 0 1382233332703 5528933330812
12229 CHN 0 1382261152882 5529044611528
12230 CHN 0 1382347198935 5529388795740
12231 OFL *  1
12232 OFL *  1
12233 CHN 0 1382754950733 5531019802932
12234 CHN 0 1382766366895 5531065467580
12235 OFL *  1
12236 CHN 0 1382944175531 5531776702124
12237 OFL *  1
12238 OFL *  1
12239 CHN 0 1383288488494 5533153953976
12240 OFL *  1
12241 OFL *  1
12242 OFL *  1
12243 OFL *  1
12244 OFL *  1
12245 OFL *  1
12246 CHN 0 1384620315814 5538481263256
12247 OFL *  1
12248 OFL *  1
12249 OFL *  1
12250 OFL *  1
12251 OFL *  1
12252 CHN 0 1385572481381 5542289925524
12253 CHN 0 1385634760719 5542539042876
12254 CHN 0 1385749308145 5542997232580
12255 OFL *  1
12256 OFL *  1
12257 OFL *  1
12258 OFL *  1
12259 OFL *  1
12260 CHN 0 1386611897551 5546447590204
12261 CHN 0 1386670285161 5546681140644
12262 OFL *  1
12263 CHN 0 1386885082131 5547540328524
12264 CHN 0 1386979212729 5547916850916
12265 OFL *  1
12266 CHN 0 1387149762632 5548599050528
12267 OFL *  1
12268 OFL *  1
12269 CHN 0 1387454038607 5549816154428
12270 OFL *  1
12271 CHN 0 1387735412587 5550941650348
12272 CHN 0 1387857918353 5551431673412
12273 OFL *  1
12274 CHN 0 1388041237870 5552164951480
12275 OFL *  1
12276 CHN 0 1388105118521 5552420474084
12277 CHN 0 1388284215362 5553136861448
12278 OFL *  1
12279 CHN 0 1388334534951 5553338139804
12280 CHN 0 1388340912074 5553363648296
12281 OFL *  1
12282 OFL *  1
12283 CHN 0 1388717840078 5554871360312
12284 OFL *  1
12285 OFL *  1
12286 CHN 0 1389279416747 5557117666988
12287 CHN 0 1389283640886 5557134563544
12288 OFL *  1
12289 OFL *  1
12290 OFL *  1
12291 CHN 0 1389772379631 5559089518524
12292 CHN 0 1389908626145 5559634504580
12293 CHN 0 1389966166968 5559864667872
12294 OFL *  1
12295 OFL *  1
12296 CHN 0 1390388337265 5561553349060
12297 OFL *  1
12298 OFL *  1
12299 OFL *  1
12300 CHN 0 1390884714233 5563538856932
12301 OFL *  1
12302 CHN 0 1391044841647 5564179366588
12303 OFL *  1
12304 CHN 0 1391418936536 5565675746144
12305 OFL *  1
12306 OFL *  1
12307 CHN 0 1391754691481 5567018765924
12308 OFL *  1
12309 OFL *  1
12310 CHN 0 1392258256057 5569033024228
12311 OFL *  1
12312 OFL *  1
12313 CHN 0 1392707524236 5570830096944
12314 OFL *  1
12315 OFL *  1
12316 OFL *  1
12317 OFL *  1
12318 CHN 0 1393444566271 5573778265084
12319 CHN 0 1393482940026 5573931760104
12320 CHN 0 1393525870226 5574103480904
12321 OFL *  1
12322 OFL *  1
12323 CHN 0 1393820633565 5575282534260
12324 OFL *  1
12325 CHN 0 1394034962493 5576139849972
12326 CHN 0 1394059639153 5576238556612
12327 OFL *  1
12328 CHN 0 1394272770793 5577091083172
12329 OFL *  1
12330 OFL *  1
12331 OFL *  1
12332 CHN 0 1394854118267 5579416473068
12333 CHN 0 1395025153400 5580100613600
12334 OFL *  1
12335 CHN 0 1395093237327 5580372949308
12336 CHN 0 1395134723919 5580538895676
12337 OFL *  1
12338 CHN 0 1395311307443 5581245229772
12339 CHN 0 1395338867812 5581355471248
12340 OFL *  1
12341 CHN 0 1395644562480 5582578249920
12342 OFL *  1
12343 CHN 0 1395872112232 5583488448928
12344 OFL *  1
12345 OFL *  1
12346 CHN 0 1396291823429 5585167293716
12347 OFL *  1
12348 CHN 0 1396393080919 5585572323676
12349 OFL *  1
12350 OFL *  1
12351 CHN 0 1396867056438 5587468225752
12352 OFL *  1
12353 CHN 0 1397014396039 5588057584156
12354 OFL *  1
12355 CHN 0 1397281136130 5589124544520
12356 CHN 0 1397330808236 5589323232944
12357 OFL *  1
12358 CHN 0 1397509836791 5590039347164
12359 OFL *  1
12360 CHN 0 1397693643573 5590774574292
12361 CHN 0 1397750587048 5591002348192
12362 OFL *  1
12363 OFL *  1
12364 CHN 0 1398136654672 5592546618688
12365 OFL *  1
12366 OFL *  1
12367 OFL *  1
12368 CHN 0 1398628228627 5594512914508
12369 OFL *  1
12370 CHN 0 1398837793257 5595351173028
12371 OFL *  1
12372 OFL *  1
12373 OFL *  1
12374 CHN 0 1399639049195 5598556196780
12375 OFL *  1
12376 CHN 0 1399693069444 5598772277776
12377 OFL *  1
12378 CHN 0 1399904572155 5599618288620
12379 OFL *  1
12380 CHN 0 1400109441161 5600437764644
12381 CHN 0 1400263544365 5601054177460
12382 CHN 0 1400280556737 5601122226948
12383 OFL *  1
12384 CHN 0 1400402784122 5601611136488
12385 CHN 0 1400447350780 5601789403120
12386 OFL *  1
12387 OFL *  1
12388 OFL *  1
12389 OFL *  1
12390 CHN 0 1401335191187 5605340764748
12391 OFL *  1
12392 OFL *  1
12393 CHN 0 1401677815726 5606711262904
12394 OFL *  1
12395 OFL *  1
12396 CHN 0 1402064119915 5608256479660
12397 OFL *  1
12398 CHN 0 1402253582985 5609014331940
12399 CHN 0 1402321492267 5609285969068
12400 CHN 0 1402405178231 5609620712924
12401 OFL *  1
12402 CHN 0 1402513254568 5610053018272
12403 OFL *  1
12404 CHN 0 1402705309613 5610821238452
12405 CHN 0 1402736602513 5610946410052
12406 CHN 0 1402784432370 5611137729480
12407 OFL *  1
12408 CHN 0 1402829245577 5611316982308
12409 CHN 0 1402899390969 5611597563876
12410 OFL *  1
12411 CHN 0 1403161663292 5612646653168
12412 CHN 0 1403177420802 5612709683208
12413 CHN 0 1403217914325 5612871657300
12414 OFL *  1
12415 CHN 0 1403280488586 5613121954344
12416 CHN 0 1403306323085 5613225292340
12417 OFL *  1
12418 CHN 0 1403604003403 5614416013612
12419 OFL *  1
12420 CHN 0 1403808312117 5615233248468
12421 OFL *  1
12422 CHN 0 1404065871388 5616263485552
12423 OFL *  1
12424 CHN 0 1404175052074 5616700208296
12425 OFL *  1
12426 CHN 0 1404331078472 5617324313888
12427 OFL *  1
12428 CHN 0 1404658561249 5618634244996
12429 OFL *  1
12430 CHN 0 1404903057875 5619612231500
12431 OFL *  1
12432 CHN 0 1404958527928 5619834111712
12433 OFL *  1
12434 CHN 0 1405198368833 5620793475332
12435 OFL *  1
12436 OFL *  1
12437 CHN 0 1405663461066 5622653844264
12438 OFL *  1
12439 OFL *  1
12440 OFL *  1
12441 OFL *  1
12442 CHN 0 1406521676885 5626086707540
12443 OFL *  1
12444 CHN 0 1406828204259 5627312817036
12445 OFL *  1
12446 CHN 0 1406890634486 5627562537944
12447 OFL *  1
12448 CHN 0 1407107220157 5628428880628
12449 CHN 0 1407109000553 5628436002212
12450 OFL *  1
12451 OFL *  1
12452 OFL *  1
12453 CHN 0 1407783392573 5631133570292
12454 CHN 0 1407793885984 5631175543936
12455 OFL *  1
12456 OFL *  1
12457 OFL *  1
12458 CHN 0 1408377005525 5633508022100
12459 OFL *  1
12460 OFL *  1
12461 CHN 0 1408809401302 5635237605208
12462 OFL *  1
12463 OFL *  1
12464 CHN 0 1409309118362 5637236473448
12465 OFL *  1
12466 OFL *  1
12467 CHN 0 1409693950519 5638775802076
12468 OFL *  1
12469 CHN 0 1409802573064 5639210292256
12470 CHN 0 1409826829604 5639307318416
12471 CHN 0 1409920464202 5639681856808
12472 OFL *  1
12473 OFL *  1
12474 CHN 0 1410385480466 5641541921864
12475 OFL *  1
12476 OFL *  1
12477 OFL *  1
12478 OFL *  1
12479 OFL *  1
12480 CHN 0 1411360154663 5645440618652
12481 OFL *  1
12482 CHN 0 1411654774713 5646619098852
12483 OFL *  1
12484 CHN 0 1411796118091 5647184472364
12485 OFL *  1
12486 OFL *  1
12487 OFL *  1
12488 CHN 0 1412430011429 5649720045716
12489 OFL *  1
12490 CHN 0 1412685406641 5650741626564
12491 OFL *  1
12492 CHN 0 1412743641411 5650974565644
12493 CHN 0 1412823674990 5651294699960
12494 CHN 0 1412829542276 5651318169104
12495 OFL *  1
12496 CHN 0 1412961256356 5651845025424
12497 CHN 0 1412983210374 5651932841496
12498 CHN 0 1413070994776 5652283979104
12499 OFL *  1
12500 OFL *  1
12501 CHN 0 1413487241092 5653948964368
12502 OFL *  1
12503 CHN 0 1413665451058 5654661804232
12504 OFL *  1
12505 OFL *  1
12506 CHN 0 1414094564821 5656378259284
12507 CHN 0 1414107993099 5656431972396
12508 CHN 0 1414115785610 5656463142440
12509 OFL *  1
12510 CHN 0 1414376494097 5657505976388
12511 OFL *  1
12512 CHN 0 1414597299982 5658389199928
12513 OFL *  1
12514 CHN 0 1414631454261 5658525817044
12515 CHN 0 1414683489592 5658733958368
12516 CHN 0 1414782982811 5659131931244
12517 CHN 0 1414807644332 5659230577328
12518 OFL *  1
12519 OFL *  1
12520 CHN 0 1415133599775 5660534399100
12521 OFL *  1
12522 CHN 0 1415331699387 5661326797548
12523 CHN 0 1415347288625 5661389154500
12524 CHN 0 1415375543269 5661502173076
12525 OFL *  1
12526 CHN 0 1415647663104 5662590652416
12527 OFL *  1
12528 OFL *  1
12529 CHN 0 1415967539570 5663870158280
12530 OFL *  1
12531 CHN 0 1416181357519 5664725430076
12532 OFL *  1
12533 CHN 0 1416508310616 5666033242464
12534 OFL *  1
12535 CHN 0 1416710790798 5666843163192
12536 OFL *  1
12537 CHN 0 1416858408915 5667433635660
12538 OFL *  1
12539 CHN 0 1416957233103 5667828932412
12540 CHN 0 1417095372308 5668381489232
12541 OFL *  1
12542 OFL *  1
12543 OFL *  1
12544 OFL *  1
12545 OFL *  1
12546 OFL *  1
12547 CHN 0 1418364358225 5673457432900
12548 OFL *  1
12549 OFL *  1
12550 OFL *  1
12551 OFL *  1
12552 CHN 0 1419227337310 5676909349240
12553 OFL *  1
12554 OFL *  1
12555 CHN 0 1419607717997 5678430871988
12556 OFL *  1
12557 OFL *  1
12558 CHN 0 1419984351502 5679937406008
12559 OFL *  1
12560 CHN 0 1420282843512 5681131374048
12561 CHN 0 1420287521634 5681150086536
12562 OFL *  1
12563 CHN 0 1420437806238 5681751224952
12564 CHN 0 1420462767385 5681851069540
12565 OFL *  1
12566 CHN 0 1420705266139 5682821064556
12567 CHN 0 1420709807025 5682839228100
12568 OFL *  1
12569 OFL *  1
12570 CHN 0 1420975393285 5683901573140
12571 CHN 0 1421028719708 5684114878832
12572 OFL *  1
12573 OFL *  1
12574 CHN 0 1421413785221 5685655140884
12575 OFL *  1
12576 OFL *  1
12577 CHN 0 1421826159942 5687304639768
12578 CHN 0 1421896006216 5687584024864
12579 OFL *  1
12580 CHN 0 1422003461612 5688013846448
12581 OFL *  1
12582 OFL *  1
12583 CHN 0 1422516795124 5690067180496
12584 CHN 0 1422606147202 5690424588808
12585 OFL *  1
12586 CHN 0 1422736519698 5690946078792
12587 CHN 0 1422815635997 5691262543988
12588 OFL *  1
12589 OFL *  1
12590 OFL *  1
12591 OFL *  1
12592 OFL *  1
12593 CHN 0 1423727391559 5694909566236
12594 CHN 0 1423783682992 5695134731968
12595 OFL *  1
12596 CHN 0 1423924859850 5695699439400
12597 OFL *  1
12598 OFL *  1
12599 CHN 0 1424445401920 5697781607680
12600 OFL *  1
12601 CHN 0 1424657861380 5698631445520
12602 CHN 0 1424709327569 5698837310276
12603 CHN 0 1424739389434 5698957557736
12604 OFL *  1
12605 OFL *  1
12606 CHN 0 1425090918107 5700363672428
12607 OFL *  1
12608 OFL *  1
12609 CHN 0 1425394930552 5701579722208
12610 CHN 0 1425457917216 5701831668864
12611 OFL *  1
12612 CHN 0 1425644103867 5702576415468
12613 CHN 0 1425717636695 5702870546780
12614 OFL *  1
12615 CHN 0 1425985353286 5703941413144
12616 OFL *  1
12617 OFL *  1
12618 OFL *  1
12619 CHN 0 1426606309838 5706425239352
12620 OFL *  1
12621 CHN 0 1426645388672 5706581554688
12622 CHN 0 1426653954432 5706615817728
12623 OFL *  1
12624 CHN 0 1427013096278 5708052385112
12625 OFL *  1
12626 CHN 0 1427137206265 5708548825060
12627 OFL *  1
12628 CHN 0 1427297400757 5709189603028
12629 OFL *  1
12630 CHN 0 1427688702943 5710754811772
12631 OFL *  1
12632 CHN 0 1427705742731 5710822970924
12633 OFL *  1
12634 CHN 0 1427967762166 5711871048664
12635 CHN 0 1428019722997 5712078891988
12636 OFL *  1
12637 CHN 0 1428301303626 5713205214504
12638 OFL *  1
12639 OFL *  1
12640 CHN 0 1428690278199 5714761112796
12641 OFL *  1
12642 CHN 0 1428916789964 5715667159856
12643 OFL *  1
12644 CHN 0 1429038184045 5716152736180
12645 OFL *  1
12646 CHN 0 1429330600996 5717322403984
12647 OFL *  1
12648 CHN 0 1429380980595 5717523922380
12649 CHN 0 1429442407929 5717769631716
12650 CHN 0 1429575472986 5718301891944
12651 OFL *  1
12652 CHN 0 1429739944760 5718959779040
12653 OFL *  1
12654 CHN 0 1429977608183 5719910432732
12655 OFL *  1
12656 CHN 0 1430033103704 5720132414816
12657 OFL *  1
12658 CHN 0 1430297246320 5721188985280
12659 OFL *  1
12660 CHN 0 1430607874661 5722431498644
12661 OFL *  1
12662 OFL *  1
12663 CHN 0 1430926630353 5723706521412
12664 OFL *  1
12665 OFL *  1
12666 OFL *  1
12667 OFL *  1
12668 CHN 0 1431783595853 5727134383412
12669 CHN 0 1431860536460 5727442145840
12670 OFL *  1
12671 CHN 0 1432101678699 5728406714796
12672 OFL *  1
12673 OFL *  1
12674 CHN 0 1432406519649 5729626078596
12675 CHN 0 1432430784727 5729723138908
12676 CHN 0 1432508081871 5730032327484
12677 OFL *  1
12678 OFL *  1
12679 OFL *  1
12680 OFL *  1
12681 CHN 0 1433353694772 5733414779088
12682 OFL *  1
12683 OFL *  1
12684 OFL *  1
12685 CHN 0 1433852052206 5735408208824
12686 OFL *  1
12687 OFL *  1
12688 OFL *  1
12689 OFL *  1
12690 OFL *  1
12691 OFL *  1
12692 OFL *  1
12693 OFL *  1
12694 CHN 0 1435622690248 5742490760992
12695 CHN 0 1435623782176 5742495128704
12696 OFL *  1
12697 CHN 0 1435750656975 5743002627900
12698 CHN 0 1435889282242 5743557128968
12699 OFL *  1
12700 OFL *  1
12701 OFL *  1
12702 CHN 0 1436444541361 5745778165444
12703 OFL *  1
12704 OFL *  1
12705 CHN 0 1436959523406 5747838093624
12706 OFL *  1
12707 OFL *  1
12708 OFL *  1
12709 CHN 0 1437464475472 5749857901888
12710 OFL *  1
12711 CHN 0 1437668126847 5750672507388
12712 OFL *  1
12713 OFL *  1
12714 OFL *  1
12715 OFL *  1
12716 CHN 0 1438447033078 5753788132312
12717 OFL *  1
12718 OFL *  1
12719 OFL *  1
12720 OFL *  1
12721 OFL *  1
12722 CHN 0 1439540187396 5758160749584
12723 OFL *  1
12724 OFL *  1
12725 OFL *  1
12726 OFL *  1
12727 OFL *  1
12728 OFL *  1
12729 CHN 0 1440957402649 5763829610596
12730 OFL *  1
12731 CHN 0 1441080293148 5764321172592
12732 OFL *  1
12733 OFL *  1
12734 CHN 0 1441435676222 5765742704888
12735 CHN 0 1441458910042 5765835640168
12736 CHN 0 1441525893742 5766103574968
12737 OFL *  1
12738 CHN 0 1441782736453 5767130945812
12739 OFL *  1
12740 OFL *  1
12741 CHN 0 1442215170079 5768860680316
12742 CHN 0 1442220446168 5768881784672
12743 OFL *  1
12744 CHN 0 1442419715630 5769678862520
12745 OFL *  1
12746 OFL *  1
12747 CHN 0 1442782939689 5771131758756
12748 OFL *  1
12749 OFL *  1
12750 CHN 0 1443214639104 5772858556416
12751 OFL *  1
12752 OFL *  1
12753 CHN 0 1443509598588 5774038394352
12754 CHN 0 1443605442794 5774421771176
12755 CHN 0 1443637796939 5774551187756
12756 CHN 0 1443693129475 5774772517900
12757 OFL *  1
12758 CHN 0 1443783012081 5775132048324
12759 OFL *  1
12760 OFL *  1
12761 OFL *  1
12762 CHN 0 1444511345936 5778045383744
12763 OFL *  1
12764 CHN 0 1444649556176 5778598224704
12765 OFL *  1
12766 CHN 0 1444922906460 5779691625840
12767 CHN 0 1444937969804 5779751879216
12768 OFL *  1
12769 CHN 0 1445110941365 5780443765460
12770 CHN 0 1445140887346 5780563549384
12771 OFL *  1
12772 OFL *  1
12773 CHN 0 1445529895370 5782119581480
12774 CHN 0 1445556877545 5782227510180
12775 OFL *  1
12776 CHN 0 1445623561124 5782494244496
12777 CHN 0 1445680717299 5782722869196
12778 OFL *  1
12779 OFL *  1
12780 CHN 0 1446157017060 5784628068240
12781 OFL *  1
12782 OFL *  1
12783 OFL *  1
12784 OFL *  1
12785 OFL *  1
12786 CHN 0 1447107371428 5788429485712
12787 OFL *  1
12788 CHN 0 1447470827221 5789883308884
12789 OFL *  1
12790 OFL *  1
12791 CHN 0 1447883960059 5791535840236
12792 OFL *  1
12793 OFL *  1
12794 CHN 0 1448157046611 5792628186444
12795 CHN 0 1448222900969 5792891603876
12796 OFL *  1
12797 OFL *  1
12798 OFL *  1
12799 CHN 0 1448877700322 5795510801288
12800 OFL *  1
12801 OFL *  1
12802 OFL *  1
12803 OFL *  1
12804 OFL *  1
12805 CHN 0 1450000069602 5800000278408
12806 OFL *  1
12807 CHN 0 1450038611027 5800154444108
12808 CHN 0 1450094045821 5800376183284
12809 OFL *  1
12810 OFL *  1
12811 CHN 0 1450555087673 5802220350692
12812 CHN 0 1450608994995 5802435979980
12813 OFL *  1
12814 OFL *  1
12815 CHN 0 1450950570312 5803802281248
12816 OFL *  1
12817 CHN 0 1451165751460 5804663005840
12818 OFL *  1
12819 OFL *  1
12820 CHN 0 1451579818144 5806319272576
12821 OFL *  1
12822 OFL *  1
12823 CHN 0 1451979719280 5807918877120
12824 CHN 0 1452036079600 5808144318400
12825 OFL *  1
12826 CHN 0 1452285327736 5809141310944
12827 OFL *  1
12828 CHN 0 1452346137532 5809384550128
12829 OFL *  1
12830 CHN 0 1452668558110 5810674232440
12831 OFL *  1
12832 CHN 0 1452774214167 5811096856668
12833 OFL *  1
12834 CHN 0 1453095610775 5812382443100
12835 CHN 0 1453106265907 5812425063628
12836 OFL *  1
12837 CHN 0 1453229098256 5812916393024
12838 OFL *  1
12839 CHN 0 1453512242472 5814048969888
12840 OFL *  1
12841 OFL *  1
12842 OFL *  1
12843 CHN 0 1454103705769 5816414823076
12844 OFL *  1
12845 CHN 0 1454357380792 5817429523168
12846 OFL *  1
12847 CHN 0 1454498752473 5817995009892
12848 CHN 0 1454607682722 5818430730888
12849 OFL *  1
12850 OFL *  1
12851 OFL *  1
12852 CHN 0 1455103147425 5820412589700
12853 CHN 0 1455192335436 5820769341744
12854 OFL *  1
12855 CHN 0 1455481021802 5821924087208
12856 OFL *  1
12857 CHN 0 1455572898566 5822291594264
12858 OFL *  1
12859 CHN 0 1455817424437 5823269697748
12860 CHN 0 1455832175640 5823328702560
12861 OFL *  1
12862 OFL *  1
12863 OFL *  1
12864 CHN 0 1456553166278 5826212665112
12865 OFL *  1
12866 CHN 0 1456716956223 5826867824892
12867 CHN 0 1456759560077 5827038240308
12868 OFL *  1
12869 OFL *  1
12870 CHN 0 1457017342987 5828069371948
12871 OFL *  1
12872 CHN 0 1457257310302 5829029241208
12873 CHN 0 1457313523441 5829254093764
12874 OFL *  1
12875 CHN 0 1457471476766 5829885907064
12876 OFL *  1
12877 CHN 0 1457683437735 5830733750940
12878 CHN 0 1457763691017 5831054764068
12879 OFL *  1
12880 OFL *  1
12881 CHN 0 1458195565402 5832782261608
12882 OFL *  1
12883 CHN 0 1458305878360 5833223513440
12884 OFL *  1
12885 OFL *  1
12886 OFL *  1
12887 OFL *  1
12888 OFL *  1
12889 OFL *  1
12890 CHN 0 1459655783358 5838623133432
12891 CHN 0 1459665200501 5838660802004
12892 OFL *  1
12893 CHN 0 1459723662010 5838894648040
12894 OFL *  1
12895 OFL *  1
12896 CHN 0 1460173706224 5840694824896
12897 CHN 0 1460277510881 5841110043524
12898 OFL *  1
12899 OFL *  1
12900 OFL *  1
12901 CHN 0 1460777169424 5843108677696
12902 OFL *  1
12903 OFL *  1
12904 CHN 0 1461216960167 5844867840668
12905 OFL *  1
12906 CHN 0 1461569345211 5846277380844
12907 OFL *  1
12908 OFL *  1
12909 OFL *  1
12910 CHN 0 1462146544504 5848586178016
12911 OFL *  1
12912 OFL *  1
12913 OFL *  1
12914 OFL *  1
12915 CHN 0 1462880087380 5851520349520
12916 OFL *  1
12917 CHN 0 1463132092957 5852528371828
12918 OFL *  1
12919 CHN 0 1463406582682 5853626330728
12920 CHN 0 1463478953018 5853915812072
12921 OFL *  1
12922 OFL *  1
12923 CHN 0 1463791906943 5855167627772
12924 OFL *  1
12925 OFL *  1
12926 CHN 0 1464319325448 5857277301792
12927 CHN 0 1464327106081 5857308424324
12928 OFL *  1
12929 CHN 0 1464550373147 5858201492588
12930 OFL *  1
12931 CHN 0 1464627510453 5858510041812
12932 OFL *  1
12933 CHN 0 1464969108438 5859876433752
12934 OFL *  1
12935 OFL *  1
12936 OFL *  1
12937 CHN 0 1465485706801 5861942827204
12938 CHN 0 1465491623352 5861966493408
12939 OFL *  1
12940 CHN 0 1465724983767 5862899935068
12941 CHN 0 1465728885090 5862915540360
12942 CHN 0 1465755705925 5863022823700
12943 OFL *  1
12944 CHN 0 1465917610220 5863670440880
12945 OFL *  1
12946 CHN 0 1466163618590 5864654474360
12947 OFL *  1
12948 OFL *  1
12949 OFL *  1
12950 OFL *  1
12951 CHN 0 1466974994252 5867899977008
12952 OFL *  1
12953 OFL *  1
12954 CHN 0 1467391357198 5869565428792
12955 OFL *  1
12956 OFL *  1
12957 CHN 0 1467727385701 5870909542804
12958 CHN 0 1467817456761 5871269827044
12959 CHN 0 1467894101403 5871576405612
12960 OFL *  1
12961 OFL *  1
12962 CHN 0 1468240579681 5872962318724
12963 OFL *  1
12964 OFL *  1
12965 CHN 0 1468624001231 5874496004924
12966 OFL *  1
12967 CHN 0 1468820584089 5875282336356
12968 OFL *  1
12969 CHN 0 1469013352231 5876053408924
12970 CHN 0 1469101781101 5876407124404
12971 CHN 0 1469128249338 5876512997352
12972 OFL *  1
12973 OFL *  1
12974 OFL *  1
12975 OFL *  1
12976 CHN 0 1469966563813 5879866255252
12977 CHN 0 1469994424940 5879977699760
12978 CHN 0 1470023448865 5880093795460
12979 OFL *  1
12980 OFL *  1
12981 OFL *  1
12982 CHN 0 1470659287754 5882637151016
12983 OFL *  1
12984 OFL *  1
12985 OFL *  1
12986 CHN 0 1471145014931 5884580059724
12987 OFL *  1
12988 OFL *  1
12989 OFL *  1
12990 CHN 0 1471860745320 5887442981280
12991 OFL *  1
12992 OFL *  1
12993 OFL *  1
12994 CHN 0 1472525528552 5890102114208
12995 OFL *  1
12996 OFL *  1
12997 CHN 0 1472944596843 5891778387372
12998 OFL *  1
12999 CHN 0 1473057751035 5892231004140
13000 CHN 0 1473134881914 5892539527656
13001 CHN 0 1473178723280 5892714893120
13002 OFL *  1
13003 OFL *  1
13004 CHN 0 1473577149585 5894308598340
13005 OFL *  1
13006 OFL *  1
13007 CHN 0 1473857376611 5895429506444
13008 OFL *  1
13009 OFL *  1
13010 OFL *  1
13011 OFL *  1
13012 CHN 0 1474830849580 5899323398320
13013 OFL *  1
13014 OFL *  1
13015 OFL *  1
13016 OFL *  1
13017 OFL *  1
13018 OFL *  1
13019 OFL *  1
13020 CHN 0 1476207380075 5904829520300
13021 CHN 0 1476221512725 5904886050900
13022 CHN 0 1476300502336 5905202009344
13023 OFL *  1
13024 OFL *  1
13025 OFL *  1
13026 CHN 0 1476884534131 5907538136524
13027 OFL *  1
13028 CHN 0 1477116662900 5908466651600
13029 OFL *  1
13030 OFL *  1
13031 OFL *  1
13032 OFL *  1
13033 OFL *  1
13034 OFL *  1
13035 CHN 0 1478440045292 5913760181168
13036 OFL *  1
13037 OFL *  1
13038 OFL *  1
13039 CHN 0 1478907893560 5915631574240
13040 OFL *  1
13041 CHN 0 1479279300085 5917117200340
13042 OFL *  1
13043 CHN 0 1479419119558 5917676478232
13044 OFL *  1
13045 CHN 0 1479631466211 5918525864844
13046 OFL *  1
13047 OFL *  1
13048 OFL *  1
13049 CHN 0 1480327447218 5921309788872
13050 OFL *  1
13051 OFL *  1
13052 CHN 0 1480675591519 5922702366076
13053 OFL *  1
13054 OFL *  1
13055 OFL *  1
13056 OFL *  1
13057 OFL *  1
13058 OFL *  1
13059 CHN 0 1481966875091 5927867500364
13060 CHN 0 1482007218023 5928028872092
13061 CHN 0 1482007243173 5928028972692
13062 CHN 0 1482007280428 5928029121712
13063 OFL *  1
13064 CHN 0 1482181117833 5928724471332
13065 OFL *  1
13066 OFL *  1
13067 OFL *  1
13068 CHN 0 1482728375573 5930913502292
13069 OFL *  1
13070 OFL *  1
13071 OFL *  1
13072 CHN 0 1483489279692 5933957118768
13073 OFL *  1
13074 OFL *  1
13075 CHN 0 1483930581357 5935722325428
13076 OFL *  1
13077 CHN 0 1483985839228 5935943356912
13078 CHN 0 1484134358524 5936537434096
13079 OFL *  1
13080 OFL *  1
13081 OFL *  1
13082 OFL *  1
13083 OFL *  1
13084 OFL *  1
13085 CHN 0 1485316693085 5941266772340
13086 OFL *  1
13087 CHN 0 1485493467852 5941973871408
13088 CHN 0 1485515524420 5942062097680
13089 CHN 0 1485539942108 5942159768432
13090 CHN 0 1485617592836 5942470371344
13091 OFL *  1
13092 CHN 0 1485646229362 5942584917448
13093 CHN 0 1485717225440 5942868901760
13094 OFL *  1
13095 OFL *  1
13096 OFL *  1
13097 CHN 0 1486286831876 5945147327504
13098 OFL *  1
13099 OFL *  1
13100 CHN 0 1486703871586 5946815486344
13101 CHN 0 1486748615639 5946994462556
13102 OFL *  1
13103 CHN 0 1487043622211 5948174488844
13104 OFL *  1
13105 CHN 0 1487190181518 5948760726072
13106 OFL *  1
13107 CHN 0 1487439772842 5949759091368
13108 CHN 0 1487489148391 5949956593564
13109 OFL *  1
13110 CHN 0 1487538125093 5950152500372
13111 OFL *  1
13112 OFL *  1
13113 OFL *  1
13114 CHN 0 1488173198127 5952692792508
13115 OFL *  1
13116 CHN 0 1488506289537 5954025158148
13117 OFL *  1
13118 OFL *  1
13119 CHN 0 1488903448634 5955613794536
13120 OFL *  1
13121 CHN 0 1489123798086 5956495192344
13122 OFL *  1
13123 OFL *  1
13124 CHN 0 1489527686304 5958110745216
13125 OFL *  1
13126 OFL *  1
13127 OFL *  1
13128 OFL *  1
13129 CHN 0 1490384607291 5961538429164
13130 OFL *  1
13131 CHN 0 1490616908471 5962467633884
13132 OFL *  1
13133 CHN 0 1490807427191 5963229708764
13134 OFL *  1
13135 OFL *  1
13136 OFL *  1
13137 OFL *  1
13138 OFL *  1
13139 CHN 0 1491816721185 5967266884740
13140 OFL *  1
13141 CHN 0 1492086121312 5968344485248
13142 OFL *  1
13143 CHN 0 1492260396552 5969041586208
13144 CHN 0 1492261720127 5969046880508
13145 OFL *  1
13146 CHN 0 1492383970446 5969535881784
13147 CHN 0 1492512607986 5970050431944
13148 CHN 0 1492518039530 5970072158120
13149 OFL *  1
13150 OFL *  1
13151 CHN 0 1492853510280 5971414041120
13152 OFL *  1
13153 CHN 0 1493057696046 5972230784184
13154 OFL *  1
13155 CHN 0 1493425712331 5973702849324
13156 OFL *  1
13157 OFL *  1
13158 OFL *  1
13159 CHN 0 1493923435557 5975693742228
13160 OFL *  1
13161 OFL *  1
13162 OFL *  1
13163 OFL *  1
13164 CHN 0 1494865102484 5979460409936
13165 CHN 0 1494875259224 5979501036896
13166 OFL *  1
13167 OFL *  1
13168 OFL *  1
13169 OFL *  1
13170 CHN 0 1495654005782 5982616023128
13171 OFL *  1
13172 CHN 0 1495955370768 5983821483072
13173 OFL *  1
13174 OFL *  1
13175 OFL *  1
13176 CHN 0 1496475248780 5985900995120
13177 OFL *  1
13178 CHN 0 1496655928808 5986623715232
13179 CHN 0 1496684684041 5986738736164
13180 OFL *  1
13181 CHN 0 1496838054460 5987352217840
13182 OFL *  1
13183 OFL *  1
13184 CHN 0 1497423612003 5989694448012
13185 OFL *  1
13186 CHN 0 1497571220745 5990284882980
13187 CHN 0 1497612152057 5990448608228
13188 OFL *  1
13189 OFL *  1
13190 OFL *  1
13191 OFL *  1
13192 OFL *  1
13193 CHN 0 1498671007086 5994684028344
13194 OFL *  1
13195 CHN 0 1498746013333 5994984053332
13196 CHN 0 1498767296415 5995069185660
13197 CHN 0 1498818778651 5995275114604
13198 CHN 0 1498835405181 5995341620724
13199 OFL *  1
13200 OFL *  1
13201 OFL *  1
13202 OFL *  1
13203 CHN 0 1499542248777 5998168995108
13204 OFL *  1
13205 OFL *  1
13206 OFL *  1
13207 OFL *  1
13208 OFL *  1
13209 CHN 0 1500628853469 6002515413876
13210 CHN 0 1500698950540 6002795802160
13211 OFL *  1
13212 OFL *  1
13213 CHN 0 1501174809581 6004699238324
13214 OFL *  1
13215 CHN 0 1501406351299 6005625405196
13216 OFL *  1
13217 OFL *  1
13218 OFL *  1
13219 CHN 0 1502013751388 6008055005552
13220 OFL *  1
13221 CHN 0 1502171819725 6008687278900
13222 CHN 0 1502217479081 6008869916324
13223 OFL *  1
13224 CHN 0 1502386448583 6009545794332
13225 OFL *  1
13226 CHN 0 1502626092575 6010504370300
13227 CHN 0 1502654317064 6010617268256
13228 OFL *  1
13229 OFL *  1
13230 OFL *  1
13231 OFL *  1
13232 OFL *  1
13233 OFL *  1
13234 OFL *  1
13235 OFL *  1
13236 OFL *  1
13237 OFL *  1
13238 OFL *  1
13239 CHN 0 1504990578569 6019962314276
13240 OFL *  1
13241 OFL *  1
13242 OFL *  1
13243 OFL *  1
13244 CHN 0 1505715955840 6022863823360
13245 OFL *  1
13246 OFL *  1
13247 OFL *  1
13248 OFL *  1
13249 CHN 0 1506576828005 6026307312020
13250 OFL *  1
13251 OFL *  1
13252 CHN 0 1507006829274 6028027317096
13253 OFL *  1
13254 CHN 0 1507290247866 6029160991464
13255 OFL *  1
13256 OFL *  1
13257 OFL *  1
13258 CHN 0 1507857463221 6031429852884
13259 OFL *  1
13260 OFL *  1
13261 CHN 0 1508383657486 6033534629944
13262 OFL *  1
13263 CHN 0 1508444094609 6033776378436
13264 OFL *  1
13265 CHN 0 1508738879467 6034955517868
13266 OFL *  1
13267 OFL *  1
13268 OFL *  1
13269 CHN 0 1509376434579 6037505738316
13270 OFL *  1
13271 OFL *  1
13272 OFL *  1
13273 CHN 0 1509885850951 6039543403804
13274 OFL *  1
13275 OFL *  1
13276 CHN 0 1510474501973 6041898007892
13277 OFL *  1
13278 OFL *  1
13279 OFL *  1
13280 OFL *  1
13281 CHN 0 1511139701797 6044558807188
13282 OFL *  1
13283 OFL *  1
13284 CHN 0 1511673352810 6046693411240
13285 CHN 0 1511755122009 6047020488036
13286 OFL *  1
13287 OFL *  1
13288 OFL *  1
13289 CHN 0 1512219729607 6048878918428
13290 CHN 0 1512266133310 6049064533240
13291 OFL *  1
13292 OFL *  1
13293 CHN 0 1512722177738 6050888710952
13294 OFL *  1
13295 OFL *  1
13296 CHN 0 1513233121652 6052932486608
13297 OFL *  1
13298 CHN 0 1513271030255 6053084121020
13299 OFL *  1
13300 OFL *  1
13301 CHN 0 1513729671458 6054918685832
13302 OFL *  1
13303 CHN 0 1513936893036 6055747572144
13304 CHN 0 1514014705834 6056058823336
13305 OFL *  1
13306 OFL *  1
13307 CHN 0 1514335244902 6057340979608
13308 OFL *  1
13309 OFL *  1
13310 OFL *  1
13311 CHN 0 1515051915124 6060207660496
13312 OFL *  1
13313 CHN 0 1515148329929 6060593319716
13314 CHN 0 1515277378634 6061109514536
13315 OFL *  1
13316 CHN 0 1515448189519 6061792758076
13317 OFL *  1
13318 OFL *  1
13319 OFL *  1
13320 CHN 0 1516139315139 6064557260556
13321 OFL *  1
13322 CHN 0 1516336323032 6065345292128
13323 OFL *  1
13324 CHN 0 1516579206338 6066316825352
13325 OFL *  1
13326 OFL *  1
13327 OFL *  1
13328 OFL *  1
13329 CHN 0 1517447261271 6069789045084
13330 OFL *  1
13331 CHN 0 1517492724721 6069970898884
13332 OFL *  1
13333 CHN 0 1517666616570 6070666466280
13334 OFL *  1
13335 CHN 0 1517917823019 6071671292076
13336 CHN 0 1518001981786 6072007927144
13337 OFL *  1
13338 CHN 0 1518162168467 6072648673868
13339 OFL *  1
13340 OFL *  1
13341 CHN 0 1518605108458 6074420433832
13342 OFL *  1
13343 OFL *  1
13344 OFL *  1
13345 OFL *  1
13346 OFL *  1
13347 CHN 0 1519583378122 6078333512488
13348 OFL *  1
13349 CHN 0 1519891497134 6079565988536
13350 CHN 0 1519907810946 6079631243784
13351 OFL *  1
13352 CHN 0 1519985150520 6079940602080
13353 CHN 0 1520031821617 6080127286468
13354 CHN 0 1520032807905 6080131231620
13355 OFL *  1
13356 CHN 0 1520353708123 6081414832492
13357 CHN 0 1520384843721 6081539374884
13358 OFL *  1
13359 CHN 0 1520496008149 6081984032596
13360 OFL *  1
13361 CHN 0 1520752577061 6083010308244
13362 OFL *  1
13363 OFL *  1
13364 CHN 0 1521230813290 6084923253160
13365 OFL *  1
13366 CHN 0 1521360531253 6085442125012
13367 OFL *  1
13368 OFL *  1
13369 CHN 0 1521776720982 6087106883928
13370 CHN 0 1521784653800 6087138615200
13371 OFL *  1
13372 OFL *  1
13373 CHN 0 1522093004900 6088372019600
13374 CHN 0 1522182151379 6088728605516
13375 OFL *  1
13376 OFL *  1
13377 OFL *  1
13378 CHN 0 1522757515685 6091030062740
13379 OFL *  1
13380 CHN 0 1522954026415 6091816105660
13381 OFL *  1
13382 OFL *  1
13383 OFL *  1
13384 CHN 0 1523669953176 6094679812704
13385 CHN 0 1523745569415 6094982277660
13386 OFL *  1
13387 OFL *  1
13388 OFL *  1
13389 CHN 0 1524364789095 6097459156380
13390 OFL *  1
13391 CHN 0 1524609029334 6098436117336
13392 OFL *  1
13393 CHN 0 1524614745341 6098458981364
13394 CHN 0 1524726217720 6098904870880
13395 OFL *  1
13396 CHN 0 1524843640571 6099374562284
13397 OFL *  1
13398 OFL *  1
13399 OFL *  1
13400 OFL *  1
13401 CHN 0 1525857717818 6103430871272
13402 OFL *  1
13403 OFL *  1
13404 OFL *  1
13405 CHN 0 1526422988540 6105691954160
13406 CHN 0 1526498627994 6105994511976
13407 OFL *  1
13408 OFL *  1
13409 CHN 0 1526783011181 6107132044724
13410 OFL *  1
13411 OFL *  1
13412 OFL *  1
13413 CHN 0 1527537588816 6110150355264
13414 OFL *  1
13415 OFL *  1
13416 OFL *  1
13417 CHN 0 1528095823254 6112383293016
13418 OFL *  1
13419 OFL *  1
13420 CHN 0 1528409186409 6113636745636
13421 OFL *  1
13422 CHN 0 1528670227435 6114680909740
13423 CHN 0 1528751171115 6115004684460
13424 OFL *  1
13425 OFL *  1
13426 OFL *  1
13427 OFL *  1
13428 CHN 0 1529496528729 6117986114916
13429 OFL *  1
13430 OFL *  1
13431 CHN 0 1529940864069 6119763456276
13432 OFL *  1
13433 CHN 0 1530218096091 6120872384364
13434 CHN 0 1530221801861 6120887207444
13435 CHN 0 1530266977373 6121067909492
13436 OFL *  1
13437 OFL *  1
13438 OFL *  1
13439 OFL *  1
13440 CHN 0 1531134257254 6124537029016
13441 OFL *  1
13442 OFL *  1
13443 OFL *  1
13444 CHN 0 1531596471504 6126385886016
13445 CHN 0 1531765443788 6127061775152
13446 OFL *  1
13447 CHN 0 1531957444636 6127829778544
13448 OFL *  1
13449 OFL *  1
13450 CHN 0 1532312376637 6129249506548
13451 OFL *  1
13452 CHN 0 1532597317327 6130389269308
13453 OFL *  1
13454 OFL *  1
13455 CHN 0 1532897957924 6131591831696
13456 CHN 0 1533036566025 6132146264100
13457 OFL *  1
13458 OFL *  1
13459 CHN 0 1533274701752 6133098807008
13460 CHN 0 1533306036014 6133224144056
13461 OFL *  1
13462 CHN 0 1533545847222 6134183388888
13463 CHN 0 1533593853153 6134375412612
13464 CHN 0 1533662485091 6134649940364
13465 OFL *  1
13466 CHN 0 1533731994930 6134927979720
13467 OFL *  1
13468 OFL *  1
13469 OFL *  1
13470 CHN 0 1534352631983 6137410527932
13471 OFL *  1
13472 OFL *  1
13473 CHN 0 1534833176722 6139332706888
13474 OFL *  1
13475 CHN 0 1535113238948 6140452955792
13476 OFL *  1
13477 CHN 0 1535156689509 6140626758036
13478 OFL *  1
13479 CHN 0 1535562265892 6142249063568
13480 OFL *  1
13481 CHN 0 1535611493847 6142445975388
13482 CHN 0 1535679961900 6142719847600
13483 CHN 0 1535684956704 6142739826816
13484 OFL *  1
13485 OFL *  1
13486 CHN 0 1536000454550 6144001818200
13487 CHN 0 1536008991928 6144035967712
13488 OFL *  1
13489 CHN 0 1536345259329 6145381037316
13490 OFL *  1
13491 CHN 0 1536581635380 6146326541520
13492 OFL *  1
13493 CHN 0 1536630119790 6146520479160
13494 CHN 0 1536666998221 6146667992884
13495 OFL *  1
13496 CHN 0 1537022327826 6148089311304
13497 OFL *  1
13498 OFL *  1
13499 CHN 0 1537372719277 6149490877108
13500 OFL *  1
13501 CHN 0 1537559839115 6150239356460
13502 OFL *  1
13503 OFL *  1
13504 CHN 0 1537914656363 6151658625452
13505 OFL *  1
13506 CHN 0 1538135520453 6152542081812
13507 OFL *  1
13508 OFL *  1
13509 OFL *  1
13510 CHN 0 1538805533543 6155222134172
13511 CHN 0 1538815697988 6155262791952
13512 OFL *  1
13513 CHN 0 1538948159252 6155792637008
13514 OFL *  1
13515 OFL *  1
13516 OFL *  1
13517 OFL *  1
13518 CHN 0 1539924535052 6159698140208
13519 OFL *  1
13520 CHN 0 1540045214356 6160180857424
13521 OFL *  1
13522 CHN 0 1540224727284 6160898909136
13523 OFL *  1
13524 OFL *  1
13525 CHN 0 1540642525004 6162570100016
13526 CHN 0 1540663970611 6162655882444
13527 OFL *  1
13528 OFL *  1
13529 OFL *  1
13530 OFL *  1
13531 OFL *  1
13532 OFL *  1
13533 CHN 0 1541926421414 6167705685656
13534 OFL *  1
13535 OFL *  1
13536 CHN 0 1542512126008 6170048504032
13537 OFL *  1
13538 CHN 0 1542590377693 6170361510772
13539 CHN 0 1542622050888 6170488203552
13540 OFL *  1
13541 CHN 0 1542744057811 6170976231244
13542 CHN 0 1542859678354 6171438713416
13543 OFL *  1
13544 CHN 0 1543132177615 6172528710460
13545 OFL *  1
13546 OFL *  1
13547 OFL *  1
13548 CHN 0 1543766560856 6175066243424
13549 OFL *  1
13550 CHN 0 1543825519810 6175302079240
13551 CHN 0 1543855389810 6175421559240
13552 OFL *  1
13553 OFL *  1
13554 CHN 0 1544231962698 6176927850792
13555 CHN 0 1544246509762 6176986039048
13556 OFL *  1
13557 CHN 0 1544429978965 6177719915860
13558 CHN 0 1544612339814 6178449359256
13559 OFL *  1
13560 CHN 0 1544652326770 6178609307080
13561 OFL *  1
13562 CHN 0 1544988918598 6179955674392
13563 OFL *  1
13564 CHN 0 1545202465201 6180809860804
13565 OFL *  1
13566 CHN 0 1545384501269 6181538005076
13567 CHN 0 1545385170778 6181540683112
13568 OFL *  1
13569 CHN 0 1545669244244 6182676976976
13570 OFL *  1
13571 CHN 0 1545722076992 6182888307968
13572 CHN 0 1545748253438 6182993013752
13573 OFL *  1
13574 CHN 0 1546054247824 6184216991296
13575 OFL *  1
13576 CHN 0 1546137949542 6184551798168
13577 OFL *  1
13578 OFL *  1
13579 OFL *  1
13580 OFL *  1
13581 CHN 0 1547028330781 6188113323124
13582 OFL *  1
13583 CHN 0 1547181702932 6188726811728
13584 OFL *  1
13585 CHN 0 1547376501936 6189506007744
13586 CHN 0 1547508065362 6190032261448
13587 OFL *  1
13588 CHN 0 1547634407860 6190537631440
13589 OFL *  1
13590 OFL *  1
13591 OFL *  1
13592 CHN 0 1548313200830 6193252803320
13593 OFL *  1
13594 CHN 0 1548451218303 6193804873212
13595 OFL *  1
13596 OFL *  1
13597 OFL *  1
13598 OFL *  1
13599 OFL *  1
13600 OFL *  1
13601 OFL *  1
13602 CHN 0 1549975401728 6199901606912
13603 CHN 0 1550036870206 6200147480824
13604 CHN 0 1550040049153 6200160196612
13605 OFL *  1
13606 OFL *  1
13607 OFL *  1
13608 OFL *  1
13609 OFL *  1
13610 CHN 0 1551059960740 6204239842960
13611 OFL *  1
13612 OFL *  1
13613 OFL *  1
13614 OFL *  1
13615 CHN 0 1551834089327 6207336357308
13616 OFL *  1
13617 CHN 0 1552008206208 6208032824832
13618 CHN 0 1552086437262 6208345749048
13619 CHN 0 1552126823311 6208507293244
13620 OFL *  1
13621 CHN 0 1552292952553 6209171810212
13622 OFL *  1
13623 CHN 0 1552608296748 6210433186992
13624 OFL *  1
13625 CHN 0 1552716194117 6210864776468
13626 OFL *  1
13627 OFL *  1
13628 CHN 0 1553257291000 6213029164000
13629 OFL *  1
13630 CHN 0 1553417235385 6213668941540
13631 OFL *  1
13632 OFL *  1
13633 CHN 0 1553691867798 6214767471192
13634 OFL *  1
13635 OFL *  1
13636 CHN 0 1554185491987 6216741967948
13637 OFL *  1
13638 CHN 0 1554362026579 6217448106316
13639 CHN 0 1554380321278 6217521285112
13640 OFL *  1
13641 OFL *  1
13642 CHN 0 1554813556956 6219254227824
13643 CHN 0 1554862938175 6219451752700
13644 OFL *  1
13645 OFL *  1
13646 OFL *  1
13647 OFL *  1
13648 OFL *  1
13649 OFL *  1
13650 OFL *  1
13651 OFL *  1
13652 OFL *  1
13653 OFL *  1
13654 OFL *  1
13655 CHN 0 1557108401937 6228433607748
13656 OFL *  1
13657 CHN 0 1557326864246 6229307456984
13658 OFL *  1
13659 CHN 0 1557594614726 6230378458904
13660 OFL *  1
13661 OFL *  1
13662 CHN 0 1557957758886 6231831035544
13663 OFL *  1
13664 CHN 0 1558138684304 6232554737216
13665 OFL *  1
13666 OFL *  1
13667 OFL *  1
13668 OFL *  1
13669 OFL *  1
13670 OFL *  1
13671 OFL *  1
13672 OFL *  1
13673 OFL *  1
13674 CHN 0 1560140360593 6240561442372
13675 OFL *  1
13676 CHN 0 1560396672965 6241586691860
13677 OFL *  1
13678 CHN 0 1560601807485 6242407229940
13679 OFL *  1
13680 OFL *  1
13681 OFL *  1
13682 OFL *  1
13683 OFL *  1
13684 CHN 0 1561601745351 6246406981404
13685 OFL *  1
13686 CHN 0 1561769030248 6247076120992
13687 CHN 0 1561888271341 6247553085364
13688 OFL *  1
13689 OFL *  1
13690 OFL *  1
13691 OFL *  1
13692 OFL *  1
13693 OFL *  1
13694 OFL *  1
13695 OFL *  1
13696 OFL *  1
13697 CHN 0 1563592951911 6254371807644
13698 OFL *  1
13699 CHN 0 1564012831808 6256051327232
13700 OFL *  1
13701 OFL *  1
13702 OFL *  1
13703 OFL *  1
13704 CHN 0 1564745795981 6258983183924
13705 OFL *  1
13706 OFL *  1
13707 OFL *  1
13708 OFL *  1
13709 OFL *  1
13710 OFL *  1
13711 CHN 0 1566084745511 6264338982044
13712 OFL *  1
13713 CHN 0 1566121623798 6264486495192
13714 OFL *  1
13715 CHN 0 1566495110513 6265980442052
13716 CHN 0 1566538029943 6266152119772
13717 OFL *  1
13718 OFL *  1
13719 OFL *  1
13720 OFL *  1
13721 CHN 0 1567257322994 6269029291976
13722 CHN 0 1567264083803 6269056335212
13723 OFL *  1
13724 CHN 0 1567386250028 6269545000112
13725 OFL *  1
13726 CHN 0 1567705876662 6270823506648
13727 OFL *  1
13728 OFL *  1
13729 CHN 0 1568081580103 6272326320412
13730 CHN 0 1568110091975 6272440367900
13731 OFL *  1
13732 CHN 0 1568383943107 6273535772428
13733 OFL *  1
13734 CHN 0 1568564610587 6274258442348
13735 CHN 0 1568638462809 6274553851236
13736 OFL *  1
13737 OFL *  1
13738 CHN 0 1568876642776 6275506571104
13739 CHN 0 1568917571304 6275670285216
13740 OFL *  1
13741 OFL *  1
13742 CHN 0 1569369905691 6277479622764
13743 CHN 0 1569405981018 6277623924072
13744 OFL *  1
13745 OFL *  1
13746 CHN 0 1569883173174 6279532692696
13747 OFL *  1
13748 CHN 0 1570032468603 6280129874412
13749 CHN 0 1570105328905 6280421315620
13750 OFL *  1
13751 OFL *  1
13752 OFL *  1
13753 OFL *  1
13754 OFL *  1
13755 CHN 0 1570968702253 6283874809012
13756 OFL *  1
13757 OFL *  1
13758 CHN 0 1571593273684 6286373094736
13759 OFL *  1
13760 CHN 0 1571767077732 6287068310928
13761 OFL *  1
13762 CHN 0 1571861501182 6287446004728
13763 OFL *  1
13764 CHN 0 1572095378610 6288381514440
13765 OFL *  1
13766 OFL *  1
13767 OFL *  1
13768 OFL *  1
13769 OFL *  1
13770 CHN 0 1573278988212 6293115952848
13771 OFL *  1
13772 OFL *  1
13773 OFL *  1
13774 OFL *  1
13775 OFL *  1
13776 CHN 0 1574324449967 6297297799868
13777 OFL *  1
13778 OFL *  1
13779 OFL *  1
13780 CHN 0 1574847855745 6299391422980
13781 CHN 0 1574888024012 6299552096048
13782 OFL *  1
13783 CHN 0 1575048230489 6300192921956
13784 OFL *  1
13785 OFL *  1
13786 CHN 0 1575542794134 6302171176536
13787 OFL *  1
13788 OFL *  1
13789 OFL *  1
13790 CHN 0 1576066057481 6304264229924
13791 OFL *  1
13792 CHN 0 1576312931868 6305251727472
13793 CHN 0 1576402266301 6305609065204
13794 OFL *  1
13795 CHN 0 1576612158214 6306448632856
13796 OFL *  1
13797 OFL *  1
13798 CHN 0 1576926428078 6307705712312
13799 OFL *  1
13800 CHN 0 1577221853257 6308887413028
13801 OFL *  1
13802 OFL *  1
13803 CHN 0 1577590169104 6310360676416
13804 OFL *  1
13805 CHN 0 1577850827203 6311403308812
13806 OFL *  1
13807 CHN 0 1578016173815 6312064695260
13808 CHN 0 1578087567138 6312350268552
13809 OFL *  1
13810 CHN 0 1578311336432 6313245345728
13811 OFL *  1
13812 OFL *  1
13813 CHN 0 1578748546198 6314994184792
13814 OFL *  1
13815 CHN 0 1578799806904 6315199227616
13816 CHN 0 1578957624588 6315830498352
13817 OFL *  1
13818 CHN 0 1579141745194 6316566980776
13819 OFL *  1
13820 OFL *  1
13821 CHN 0 1579408596889 6317634387556
13822 CHN 0 1579410100787 6317640403148
13823 CHN 0 1579450030301 6317800121204
13824 OFL *  1
13825 CHN 0 1579676320231 6318705280924
13826 CHN 0 1579688827884 6318755311536
13827 OFL *  1
13828 CHN 0 1579976641844 6319906567376
13829 OFL *  1
13830 OFL *  1
13831 CHN 0 1580440175289 6321760701156
13832 OFL *  1
13833 CHN 0 1580515626606 6322062506424
13834 OFL *  1
13835 CHN 0 1580758387811 6323033551244
13836 OFL *  1
13837 OFL *  1
13838 OFL *  1
13839 CHN 0 1581373498188 6325493992752
13840 OFL *  1
13841 OFL *  1
13842 OFL *  1
13843 CHN 0 1581967224350 6327868897400
13844 CHN 0 1582088226663 6328352906652
13845 OFL *  1
13846 CHN 0 1582144235559 6328576942236
13847 OFL *  1
13848 CHN 0 1582352268934 6329409075736
13849 OFL *  1
13850 CHN 0 1582593023114 6330372092456
13851 OFL *  1
13852 OFL *  1
13853 CHN 0 1583044747227 6332178988908
13854 OFL *  1
13855 OFL *  1
13856 CHN 0 1583446310267 6333785241068
13857 OFL *  1
13858 CHN 0 1583646837802 6334587351208
13859 OFL *  1
13860 OFL *  1
13861 OFL *  1
13862 OFL *  1
13863 OFL *  1
13864 OFL *  1
13865 OFL *  1
13866 OFL *  1
13867 CHN 0 1585376504807 6341506019228
13868 CHN 0 1585387782500 6341551130000
13869 CHN 0 1585434853744 6341739414976
13870 OFL *  1
13871 OFL *  1
13872 OFL *  1
13873 OFL *  1
13874 CHN 0 1586296586189 6345186344756
13875 OFL *  1
13876 CHN 0 1586363227889 6345452911556
13877 OFL *  1
13878 OFL *  1
13879 OFL *  1
13880 CHN 0 1587072101887 6348288407548
13881 OFL *  1
13882 CHN 0 1587351856937 6349407427748
13883 OFL *  1
13884 OFL *  1
13885 CHN 0 1587637516298 6350550065192
13886 CHN 0 1587771582116 6351086328464
13887 OFL *  1
13888 OFL *  1
13889 OFL *  1
13890 CHN 0 1588324313520 6353297254080
13891 OFL *  1
13892 CHN 0 1588483893172 6353935572688
13893 CHN 0 1588540014627 6354160058508
13894 OFL *  1
13895 CHN 0 1588754392148 6355017568592
13896 OFL *  1
13897 OFL *  1
13898 OFL *  1
13899 CHN 0 1589330609382 6357322437528
13900 CHN 0 1589333974499 6357335897996
13901 OFL *  1
13902 CHN 0 1589517167724 6358068670896
13903 OFL *  1
13904 OFL *  1
13905 OFL *  1
13906 OFL *  1
13907 OFL *  1
13908 OFL *  1
13909 CHN 0 1590855529999 6363422119996
13910 CHN 0 1590918363433 6363673453732
13911 OFL *  1
13912 OFL *  1
13913 OFL *  1
13914 OFL *  1
13915 CHN 0 1591648030171 6366592120684
13916 CHN 0 1591709274153 6366837096612
13917 OFL *  1
13918 CHN 0 1591873781155 6367495124620
13919 CHN 0 1592002250216 6368009000864
13920 OFL *  1
13921 OFL *  1
13922 OFL *  1
13923 OFL *  1
13924 CHN 0 1592677187627 6370708750508
13925 OFL *  1
13926 OFL *  1
13927 CHN 0 1593175054571 6372700218284
13928 CHN 0 1593282136049 6373128544196
13929 OFL *  1
13930 CHN 0 1593465746689 6373862986756
13931 OFL *  1
13932 OFL *  1
13933 OFL *  1
13934 OFL *  1
13935 CHN 0 1594207924375 6376831697500
13936 OFL *  1
13937 CHN 0 1594447650117 6377790600468
13938 CHN 0 1594449305518 6377797222072
13939 CHN 0 1594470487488 6377881949952
13940 OFL *  1
13941 OFL *  1
13942 CHN 0 1594778986007 6379115944028
13943 CHN 0 1594791430234 6379165720936
13944 OFL *  1
13945 CHN 0 1595107296193 6380429184772
13946 CHN 0 1595189002392 6380756009568
13947 OFL *  1
13948 CHN 0 1595366382551 6381465530204
13949 OFL *  1
13950 OFL *  1
13951 OFL *  1
13952 CHN 0 1595908273319 6383633093276
13953 OFL *  1
13954 CHN 0 1596238829278 6384955317112
13955 OFL *  1
13956 CHN 0 1596317709033 6385270836132
13957 CHN 0 1596338652206 6385354608824
13958 CHN 0 1596412739940 6385650959760
13959 OFL *  1
13960 OFL *  1
13961 CHN 0 1596685550970 6386742203880
13962 CHN 0 1596755191112 6387020764448
13963 OFL *  1
13964 OFL *  1
13965 OFL *  1
13966 OFL *  1
13967 CHN 0 1597516979318 6390067917272
13968 CHN 0 1597711634392 6390846537568
13969 OFL *  1
13970 CHN 0 1597767346693 6391069386772
13971 CHN 0 1597777676457 6391110705828
13972 CHN 0 1597803610237 6391214440948
13973 CHN 0 1597923159352 6391692637408
13974 OFL *  1
13975 CHN 0 1598141386384 6392565545536
13976 OFL *  1
13977 OFL *  1
13978 CHN 0 1598406449713 6393625798852
13979 OFL *  1
13980 CHN 0 1598680094082 6394720376328
13981 OFL *  1
13982 OFL *  1
13983 OFL *  1
13984 OFL *  1
13985 CHN 0 1599580924541 6398323698164
13986 OFL *  1
13987 CHN 0 1599659358732 6398637434928
13988 CHN 0 1599675258808 6398701035232
13989 OFL *  1
13990 OFL *  1
13991 CHN 0 1600121900621 6400487602484
13992 OFL *  1
13993 CHN 0 1600297520140 6401190080560
13994 OFL *  1
13995 OFL *  1
13996 OFL *  1
13997 CHN 0 1600978098079 6403912392316
13998 OFL *  1
13999 OFL *  1
14000 OFL *  1
14001 CHN 0 1601603351785 6406413407140
14002 OFL *  1
14003 CHN 0 1601898757818 6407595031272
14004 OFL *  1
14005 CHN 0 1602067447477 6408269789908
14006 OFL *  1
14007 OFL *  1
14008 CHN 0 1602410297067 6409641188268
14009 OFL *  1
14010 OFL *  1
14011 CHN 0 1602866496185 6411465984740
14012 OFL *  1
14013 OFL *  1
14014 OFL *  1
14015 OFL *  1
14016 OFL *  1
14017 CHN 0 1603838079525 6415352318100
14018 OFL *  1
14019 OFL *  1
14020 OFL *  1
14021 OFL *  1
14022 CHN 0 1604699392219 6418797568876
14023 CHN 0 1604700753719 6418803014876
14024 OFL *  1
14025 CHN 0 1604941067370 6419764269480
14026 CHN 0 1605023839938 6420095359752
14027 OFL *  1
14028 OFL *  1
14029 OFL *  1
14030 OFL *  1
14031 OFL *  1
14032 OFL *  1
14033 CHN 0 1606307478882 6425229915528
14034 CHN 0 1606319135254 6425276541016
14035 OFL *  1
14036 OFL *  1
14037 OFL *  1
14038 OFL *  1
14039 CHN 0 1607158698816 6428634795264
14040 OFL *  1
14041 OFL *  1
14042 OFL *  1
14043 OFL *  1
14044 OFL *  1
14045 OFL *  1
14046 OFL *  1
14047 OFL *  1
14048 CHN 0 1608853192167 6435412768668
14049 OFL *  1
14050 OFL *  1
14051 OFL *  1
14052 CHN 0 1609462711246 6437850844984
14053 OFL *  1
14054 OFL *  1
14055 OFL *  1
14056 OFL *  1
14057 OFL *  1
14058 OFL *  1
14059 OFL *  1
14060 OFL *  1
14061 OFL *  1
14062 CHN 0 1611375032316 6445500129264
14063 CHN 0 1611375427350 6445501709400
14064 OFL *  1
14065 CHN 0 1611490557293 6445962229172
14066 CHN 0 1611607001663 6446428006652
14067 OFL *  1
14068 OFL *  1
14069 OFL *  1
14070 OFL *  1
14071 CHN 0 1612307269219 6449229076876
14072 OFL *  1
14073 CHN 0 1612508874619 6450035498476
14074 OFL *  1
14075 OFL *  1
14076 OFL *  1
14077 CHN 0 1613304500397 6453218001588
14078 OFL *  1
14079 CHN 0 1613336399219 6453345596876
14080 OFL *  1
14081 CHN 0 1613569603376 6454278413504
14082 CHN 0 1613635422065 6454541688260
14083 OFL *  1
14084 CHN 0 1613886118682 6455544474728
14085 OFL *  1
14086 OFL *  1
14087 CHN 0 1614275059426 6457100237704
14088 OFL *  1
14089 CHN 0 1614504129801 6458016519204
14090 OFL *  1
14091 CHN 0 1614766338094 6459065352376
14092 OFL *  1
14093 OFL *  1
14094 CHN 0 1615205124350 6460820497400
14095 OFL *  1
14096 OFL *  1
14097 CHN 0 1615446225041 6461784900164
14098 OFL *  1
14099 CHN 0 1615707797330 6462831189320
14100 OFL *  1
14101 CHN 0 1615846326713 6463385306852
14102 OFL *  1
14103 OFL *  1
14104 CHN 0 1616412148694 6465648594776
14105 OFL *  1
14106 OFL *  1
14107 OFL *  1
14108 OFL *  1
14109 OFL *  1
14110 OFL *  1
14111 CHN 0 1617543085768 6470172343072
14112 CHN 0 1617609726083 6470438904332
14113 OFL *  1
14114 CHN 0 1617803508696 6471214034784
14115 CHN 0 1617933777891 6471735111564
14116 OFL *  1
14117 CHN 0 1618019533537 6472078134148
14118 CHN 0 1618089898516 6472359594064
14119 OFL *  1
14120 OFL *  1
14121 CHN 0 1618462754533 6473851018132
14122 OFL *  1
14123 CHN 0 1618649506030 6474598024120
14124 OFL *  1
14125 CHN 0 1618835751090 6475343004360
14126 CHN 0 1618911057419 6475644229676
14127 OFL *  1
14128 CHN 0 1619203412621 6476813650484
14129 OFL *  1
14130 OFL *  1
14131 CHN 0 1619512753034 6478051012136
14132 CHN 0 1619612835686 6478451342744
14133 OFL *  1
14134 OFL *  1
14135 CHN 0 1619933512067 6479734048268
14136 OFL *  1
14137 CHN 0 1620154335219 6480617340876
14138 OFL *  1
14139 CHN 0 1620445657283 6481782629132
14140 OFL *  1
14141 CHN 0 1620651957536 6482607830144
14142 OFL *  1
14143 CHN 0 1620810290051 6483241160204
14144 OFL *  1
14145 CHN 0 1621021603448 6484086413792
14146 CHN 0 1621075877802 6484303511208
14147 OFL *  1
14148 OFL *  1
14149 OFL *  1
14150 OFL *  1
14151 OFL *  1
14152 OFL *  1
14153 CHN 0 1622373018250 6489492073000
14154 OFL *  1
14155 OFL *  1
14156 CHN 0 1622710224287 6490840897148
14157 CHN 0 1622742542864 6490970171456
14158 OFL *  1
14159 CHN 0 1622856029322 6491424117288
14160 OFL *  1
14161 CHN 0 1623099058874 6492396235496
14162 CHN 0 1623129296722 6492517186888
14163 CHN 0 1623160604856 6492642419424
14164 OFL *  1
14165 OFL *  1
14166 CHN 0 1623461553416 6493846213664
14167 OFL *  1
14168 CHN 0 1623717253202 6494869012808
14169 CHN 0 1623752279612 6495009118448
14170 OFL *  1
14171 OFL *  1
14172 CHN 0 1624265035666 6497060142664
14173 OFL *  1
14174 CHN 0 1624324159493 6497296637972
14175 CHN 0 1624325271287 6497301085148
14176 OFL *  1
14177 OFL *  1
14178 CHN 0 1624829948693 6499319794772
14179 CHN 0 1624895172779 6499580691116
14180 OFL *  1
14181 CHN 0 1625008037402 6500032149608
14182 OFL *  1
14183 OFL *  1
14184 CHN 0 1625377366288 6501509465152
14185 OFL *  1
14186 OFL *  1
14187 OFL *  1
14188 OFL *  1
14189 OFL *  1
14190 OFL *  1
14191 OFL *  1
14192 CHN 0 1626834650704 6507338602816
14193 OFL *  1
14194 CHN 0 1627051425907 6508205703628
14195 CHN 0 1627218319720 6508873278880
14196 OFL *  1
14197 OFL *  1
14198 OFL *  1
14199 CHN 0 1627813996527 6511255986108
14200 OFL *  1
14201 CHN 0 1627972853924 6511891415696
14202 OFL *  1
14203 OFL *  1
14204 OFL *  1
14205 OFL *  1
14206 OFL *  1
14207 CHN 0 1629029396496 6516117585984
14208 OFL *  1
14209 OFL *  1
14210 OFL *  1
14211 OFL *  1
14212 OFL *  1
14213 OFL *  1
14214 OFL *  1
14215 OFL *  1
14216 OFL *  1
14217 OFL *  1
14218 CHN 0 1631177275444 6524709101776
14219 OFL *  1
14220 CHN 0 1631426965227 6525707860908
14221 OFL *  1
14222 OFL *  1
14223 CHN 0 1631811588532 6527246354128
14224 OFL *  1
14225 OFL *  1
14226 OFL *  1
14227 OFL *  1
14228 OFL *  1
14229 CHN 0 1632781664377 6531126657508
14230 CHN 0 1632798609657 6531194438628
14231 CHN 0 1632802661906 6531210647624
14232 OFL *  1
14233 CHN 0 1632936479965 6531745919860
14234 OFL *  1
14235 CHN 0 1633198564697 6532794258788
14236 CHN 0 1633212075963 6532848303852
14237 CHN 0 1633325133501 6533300534004
14238 OFL *  1
14239 CHN 0 1633341676778 6533366707112
14240 OFL *  1
14241 CHN 0 1633587084793 6534348339172
14242 CHN 0 1633623579258 6534494317032
14243 CHN 0 1633632623353 6534530493412
14244 CHN 0 1633652567809 6534610271236
14245 CHN 0 1633737626937 6534950507748
14246 OFL *  1
14247 OFL *  1
14248 CHN 0 1634101393100 6536405572400
14249 OFL *  1
14250 CHN 0 1634266253934 6537065015736
14251 OFL *  1
14252 CHN 0 1634399153773 6537596615092
14253 OFL *  1
14254 CHN 0 1634760820259 6539043281036
14255 OFL *  1
14256 CHN 0 1634925822726 6539703290904
14257 CHN 0 1634957364948 6539829459792
14258 CHN 0 1634988948162 6539955792648
14259 OFL *  1
14260 CHN 0 1635149011599 6540596046396
14261 OFL *  1
14262 CHN 0 1635310892101 6541243568404
14263 CHN 0 1635344745615 6541378982460
14264 OFL *  1
14265 OFL *  1
14266 OFL *  1
14267 CHN 0 1635872196114 6543488784456
14268 OFL *  1
14269 CHN 0 1636147373264 6544589493056
14270 OFL *  1
14271 OFL *  1
14272 OFL *  1
14273 CHN 0 1636744737825 6546978951300
14274 CHN 0 1636751602790 6547006411160
14275 OFL *  1
14276 OFL *  1
14277 OFL *  1
14278 CHN 0 1637439597399 6549758389596
14279 OFL *  1
14280 CHN 0 1637656384144 6550625536576
14281 CHN 0 1637754992252 6551019969008
14282 OFL *  1
14283 OFL *  1
14284 CHN 0 1638118078653 6552472314612
14285 CHN 0 1638168557297 6552674229188
14286 OFL *  1
14287 CHN 0 1638335143776 6553340575104
14288 OFL *  1
14289 CHN 0 1638460651260 6553842605040
14290 CHN 0 1638571917360 6554287669440
14291 CHN 0 1638580933741 6554323734964
14292 OFL *  1
14293 OFL *  1
14294 CHN 0 1638976880941 6555907523764
14295 OFL *  1
14296 OFL *  1
14297 CHN 0 1639261272701 6557045090804
14298 OFL *  1
14299 CHN 0 1639514272851 6558057091404
14300 OFL *  1
14301 OFL *  1
14302 OFL *  1
14303 OFL *  1
14304 CHN 0 1640370213494 6561480853976
14305 CHN 0 1640376329257 6561505317028
14306 OFL *  1
14307 CHN 0 1640506100414 6562024401656
14308 OFL *  1
14309 OFL *  1
14310 CHN 0 1640922783735 6563691134940
14311 OFL *  1
14312 CHN 0 1641338209354 6565352837416
14313 OFL *  1
14314 OFL *  1
14315 CHN 0 1641704199107 6566816796428
14316 OFL *  1
14317 CHN 0 1641802627317 6567210509268
14318 OFL *  1
14319 CHN 0 1642062189855 6568248759420
14320 OFL *  1
14321 CHN 0 1642303510974 6569214043896
14322 OFL *  1
14323 OFL *  1
14324 OFL *  1
14325 CHN 0 1642851620497 6571406481988
14326 OFL *  1
14327 CHN 0 1643099351430 6572397405720
14328 OFL *  1
14329 OFL *  1
14330 CHN 0 1643581384638 6574325538552
14331 OFL *  1
14332 OFL *  1
14333 CHN 0 1644046980212 6576187920848
14334 OFL *  1
14335 CHN 0 1644081620457 6576326481828
14336 OFL *  1
14337 CHN 0 1644417953357 6577671813428
14338 OFL *  1
14339 CHN 0 1644609360970 6578437443880
14340 OFL *  1
14341 CHN 0 1644776513223 6579106052892
14342 OFL *  1
14343 CHN 0 1644927590194 6579710360776
14344 CHN 0 1644956642995 6579826571980
14345 OFL *  1
14346 OFL *  1
14347 CHN 0 1645438675151 6581754700604
14348 CHN 0 1645526605955 6582106423820
14349 OFL *  1
14350 OFL *  1
14351 CHN 0 1645812191025 6583248764100
14352 OFL *  1
14353 OFL *  1
14354 OFL *  1
14355 CHN 0 1646491603412 6585966413648
14356 CHN 0 1646545923784 6586183695136
14357 OFL *  1
14358 OFL *  1
14359 CHN 0 1646873802952 6587495211808
14360 OFL *  1
14361 CHN 0 1647096881470 6588387525880
14362 CHN 0 1647170558591 6588682234364
14363 CHN 0 1647174698864 6588698795456
14364 OFL *  1
14365 OFL *  1
14366 OFL *  1
14367 OFL *  1
14368 OFL *  1
14369 OFL *  1
14370 CHN 0 1648341955441 6593367821764
14371 OFL *  1
14372 CHN 0 1648508916527 6594035666108
14373 CHN 0 1648577479782 6594309919128
14374 OFL *  1
14375 CHN 0 1648837225822 6595348903288
14376 CHN 0 1648850488729 6595401954916
14377 OFL *  1
14378 CHN 0 1648969772906 6595879091624
14379 OFL *  1
14380 CHN 0 1649195561007 6596782244028
14381 OFL *  1
14382 CHN 0 1649494324727 6597977298908
14383 OFL *  1
14384 CHN 0 1649580152890 6598320611560
14385 OFL *  1
14386 CHN 0 1649779154287 6599116617148
14387 CHN 0 1649863034247 6599452136988
14388 OFL *  1
14389 OFL *  1
14390 OFL *  1
14391 OFL *  1
14392 OFL *  1
14393 CHN 0 1650825879969 6603303519876
14394 OFL *  1
14395 OFL *  1
14396 OFL *  1
14397 CHN 0 1651653104584 6606612418336
14398 OFL *  1
14399 CHN 0 1651797834230 6607191336920
14400 OFL *  1
14401 OFL *  1
14402 CHN 0 1652214449668 6608857798672
14403 OFL *  1
14404 OFL *  1
14405 CHN 0 1652593573654 6610374294616
14406 OFL *  1
14407 CHN 0 1652832459730 6611329838920
14408 CHN 0 1652836648706 6611346594824
14409 OFL *  1
14410 CHN 0 1653036037041 6612144148164
14411 OFL *  1
14412 CHN 0 1653249314404 6612997257616
14413 OFL *  1
14414 CHN 0 1653467002751 6613868011004
14415 CHN 0 1653499958503 6613999834012
14416 OFL *  1
14417 OFL *  1
14418 CHN 0 1653806150435 6615224601740
14419 OFL *  1
14420 OFL *  1
14421 OFL *  1
14422 CHN 0 1654582050137 6618328200548
14423 OFL *  1
14424 OFL *  1
14425 CHN 0 1654937546918 6619750187672
14426 OFL *  1
14427 OFL *  1
14428 CHN 0 1655260262573 6621041050292
14429 CHN 0 1655269850118 6621079400472
14430 CHN 0 1655319551226 6621278204904
14431 CHN 0 1655420992210 6621683968840
14432 OFL *  1
14433 CHN 0 1655608921913 6622435687652
14434 OFL *  1
14435 CHN 0 1655800836207 6623203344828
14436 OFL *  1
14437 CHN 0 1656011926930 6624047707720
14438 OFL *  1
14439 CHN 0 1656117688249 6624470752996
14440 CHN 0 1656154466079 6624617864316
14441 OFL *  1
14442 CHN 0 1656317447136 6625269788544
14443 CHN 0 1656397703903 6625590815612
14444 CHN 0 1656412583670 6625650334680
14445 OFL *  1
14446 OFL *  1
14447 CHN 0 1656842315056 6627369260224
14448 OFL *  1
14449 CHN 0 1657051522169 6628206088676
14450 CHN 0 1657071621267 6628286485068
14451 OFL *  1
14452 CHN 0 1657144244369 6628576977476
14453 CHN 0 1657308321121 6629233284484
14454 OFL *  1
14455 OFL *  1
14456 CHN 0 1657708201389 6630832805556
14457 OFL *  1
14458 OFL *  1
14459 CHN 0 1658109484936 6632437939744
14460 CHN 0 1658159634343 6632638537372
14461 OFL *  1
14462 CHN 0 1658351264994 6633405059976
14463 OFL *  1
14464 OFL *  1
14465 CHN 0 1658655254021 6634621016084
14466 OFL *  1
14467 OFL *  1
14468 CHN 0 1659178659821 6636714639284
14469 OFL *  1
14470 OFL *  1
14471 OFL *  1
14472 OFL *  1
14473 OFL *  1
14474 CHN 0 1660172046933 6640688187732
14475 OFL *  1
14476 CHN 0 1660314267713 6641257070852
14477 CHN 0 1660416649248 6641666596992
14478 CHN 0 1660467597351 6641870389404
14479 OFL *  1
14480 OFL *  1
14481 CHN 0 1660765383618 6643061534472
14482 CHN 0 1660792901729 6643171606916
14483 OFL *  1
14484 CHN 0 1661133308407 6644533233628
14485 CHN 0 1661141933057 6644567732228
14486 OFL *  1
14487 OFL *  1
14488 CHN 0 1661506229573 6646024918292
14489 OFL *  1
14490 CHN 0 1661598331543 6646393326172
14491 CHN 0 1661613188337 6646452753348
14492 CHN 0 1661719277455 6646877109820
14493 OFL *  1
14494 OFL *  1
14495 CHN 0 1662073584961 6648294339844
14496 OFL *  1
14497 CHN 0 1662254302730 6649017210920
14498 OFL *  1
14499 OFL *  1
14500 CHN 0 1662629759020 6650519036080
14501 CHN 0 1662689793534 6650759174136
14502 CHN 0 1662718161770 6650872647080
14503 OFL *  1
14504 OFL *  1
14505 CHN 0 1663183469296 6652733877184
14506 OFL *  1
14507 OFL *  1
14508 CHN 0 1663494373894 6653977495576
14509 OFL *  1
14510 CHN 0 1663842631101 6655370524404
14511 CHN 0 1663850857696 6655403430784
14512 OFL *  1
14513 OFL *  1
14514 OFL *  1
14515 CHN 0 1664332284814 6657329139256
14516 CHN 0 1664365100256 6657460401024
14517 CHN 0 1664509968550 6658039874200
14518 OFL *  1
14519 OFL *  1
14520 OFL *  1
14521 CHN 0 1664940510851 6659762043404
14522 CHN 0 1665029090368 6660116361472
14523 CHN 0 1665052350722 6660209402888
14524 CHN 0 1665115933512 6660463734048
14525 OFL *  1
14526 OFL *  1
14527 CHN 0 1665535629099 6662142516396
14528 OFL *  1
14529 CHN 0 1665602631972 6662410527888
14530 CHN 0 1665635165045 6662540660180
14531 OFL *  1
14532 CHN 0 1665896833015 6663587332060
14533 OFL *  1
14534 CHN 0 1666088990205 6664355960820
14535 OFL *  1
14536 OFL *  1
14537 OFL *  1
14538 CHN 0 1666627544538 6666510178152
14539 OFL *  1
14540 CHN 0 1666855254385 6667421017540
14541 CHN 0 1666865984914 6667463939656
14542 CHN 0 1666881527002 6667526108008
14543 OFL *  1
14544 OFL *  1
14545 OFL *  1
14546 CHN 0 1667570099699 6670280398796
14547 CHN 0 1667580232727 6670320930908
14548 OFL *  1
14549 OFL *  1
14550 OFL *  1
14551 CHN 0 1668136683183 6672546732732
14552 OFL *  1
14553 OFL *  1
14554 OFL *  1
14555 OFL *  1
14556 OFL *  1
14557 OFL *  1
14558 OFL *  1
14559 CHN 0 1669661957146 6678647828584
14560 CHN 0 1669709061373 6678836245492
14561 OFL *  1
14562 OFL *  1
14563 CHN 0 1670033994875 6680135979500
14564 OFL *  1
14565 OFL *  1
14566 OFL *  1
14567 OFL *  1
14568 CHN 0 1670891216658 6683564866632
14569 OFL *  1
14570 CHN 0 1671199366629 6684797466516
14571 OFL *  1
14572 OFL *  1
14573 OFL *  1
14574 CHN 0 1671696715785 6686786863140
14575 CHN 0 1671704671599 6686818686396
14576 CHN 0 1671795757015 6687183028060
14577 OFL *  1
14578 OFL *  1
14579 OFL *  1
14580 OFL *  1
14581 CHN 0 1672524532296 6690098129184
14582 CHN 0 1672705594358 6690822377432
14583 OFL *  1
14584 OFL *  1
14585 OFL *  1
14586 CHN 0 1673251904300 6693007617200
14587 CHN 0 1673294718196 6693178872784
14588 CHN 0 1673301427876 6693205711504
14589 OFL *  1
14590 CHN 0 1673413085783 6693652343132
14591 CHN 0 1673418974402 6693675897608
14592 OFL *  1
14593 CHN 0 1673674876486 6694699505944
14594 OFL *  1
14595 CHN 0 1673852150773 6695408603092
14596 OFL *  1
14597 OFL *  1
14598 CHN 0 1674233801571 6696935206284
14599 CHN 0 1674301753349 6697207013396
14600 OFL *  1
14601 CHN 0 1674449448636 6697797794544
14602 CHN 0 1674488328322 6697953313288
14603 OFL *  1
14604 OFL *  1
14605 CHN 0 1674851144775 6699404579100
14606 CHN 0 1675010823534 6700043294136
14607 OFL *  1
14608 CHN 0 1675195878989 6700783515956
14609 CHN 0 1675250847382 6701003389528
14610 OFL *  1
14611 OFL *  1
14612 CHN 0 1675508184230 6702032736920
14613 OFL *  1
14614 CHN 0 1675718603102 6702874412408
14615 OFL *  1
14616 CHN 0 1675956099718 6703824398872
14617 OFL *  1
14618 OFL *  1
14619 CHN 0 1676424346567 6705697386268
14620 CHN 0 1676476446876 6705905787504
14621 CHN 0 1676509559314 6706038237256
14622 OFL *  1
14623 CHN 0 1676527022858 6706108091432
14624 CHN 0 1676582848190 6706331392760
14625 CHN 0 1676660953212 6706643812848
14626 OFL *  1
14627 CHN 0 1676810352242 6707241408968
14628 CHN 0 1676865682858 6707462731432
14629 OFL *  1
14630 CHN 0 1677118961765 6708475847060
14631 OFL *  1
14632 CHN 0 1677307418478 6709229673912
14633 CHN 0 1677323428502 6709293714008
14634 OFL *  1
14635 OFL *  1
14636 CHN 0 1677629019771 6710516079084
14637 OFL *  1
14638 OFL *  1
14639 OFL *  1
14640 CHN 0 1678361670959 6713446683836
14641 OFL *  1
14642 CHN 0 1678433960741 6713735842964
14643 OFL *  1
14644 OFL *  1
14645 OFL *  1
14646 CHN 0 1679114495051 6716457980204
14647 OFL *  1
14648 CHN 0 1679347492090 6717389968360
14649 OFL *  1
14650 CHN 0 1679598365566 6718393462264
14651 CHN 0 1679647255423 6718589021692
14652 OFL *  1
14653 CHN 0 1679730496230 6718921984920
14654 CHN 0 1679854865207 6719419460828
14655 OFL *  1
14656 CHN 0 1680023361014 6720093444056
14657 OFL *  1
14658 OFL *  1
14659 CHN 0 1680484354342 6721937417368
14660 CHN 0 1680514349546 6722057398184
14661 CHN 0 1680526739357 6722106957428
14662 OFL *  1
14663 CHN 0 1680574109078 6722296436312
14664 OFL *  1
14665 OFL *  1
14666 OFL *  1
14667 CHN 0 1681242051903 6724968207612
14668 OFL *  1
14669 CHN 0 1681499340270 6725997361080
14670 CHN 0 1681534018870 6726136075480
14671 OFL *  1
14672 CHN 0 1681656091900 6726624367600
14673 CHN 0 1681758265581 6727033062324
14674 CHN 0 1681788486160 6727153944640
14675 OFL *  1
14676 CHN 0 1681963742879 6727854971516
14677 CHN 0 1681968340900 6727873363600
14678 OFL *  1
14679 OFL *  1
14680 OFL *  1
14681 OFL *  1
14682 OFL *  1
14683 CHN 0 1682904710386 6731618841544
14684 OFL *  1
14685 OFL *  1
14686 OFL *  1
14687 CHN 0 1683588475953 6734353903812
14688 CHN 0 1683602230129 6734408920516
14689 OFL *  1
14690 OFL *  1
14691 CHN 0 1683966250054 6735865000216
14692 OFL *  1
14693 CHN 0 1684213129999 6736852519996
14694 CHN 0 1684308103027 6737232412108
14695 OFL *  1
14696 CHN 0 1684378631364 6737514525456
14697 OFL *  1
14698 OFL *  1
14699 OFL *  1
14700 CHN 0 1684977882095 6739911528380
14701 CHN 0 1685014813833 6740059255332
14702 CHN 0 1685082326864 6740329307456
14703 CHN 0 1685088544113 6740354176452
14704 OFL *  1
14705 CHN 0 1685242439798 6740969759192
14706 OFL *  1
14707 OFL *  1
14708 CHN 0 1685727652140 6742910608560
14709 OFL *  1
14710 CHN 0 1685884166362 6743536665448
14711 OFL *  1
14712 OFL *  1
14713 CHN 0 1686235795991 6744943183964
14714 CHN 0 1686360533534 6745442134136
14715 CHN 0 1686416714059 6745666856236
14716 CHN 0 1686418315627 6745673262508
14717 OFL *  1
14718 OFL *  1
14719 CHN 0 1686646474048 6746585896192
14720 OFL *  1
14721 OFL *  1
14722 OFL *  1
14723 OFL *  1
14724 CHN 0 1687668748656 6750674994624
14725 OFL *  1
14726 OFL *  1
14727 OFL *  1
14728 CHN 0 1688287368976 6753149475904
14729 CHN 0 1688320854524 6753283418096
14730 OFL *  1
14731 CHN 0 1688345922142 6753383688568
14732 CHN 0 1688355018952 6753420075808
14733 OFL *  1
14734 CHN 0 1688544796100 6754179184400
14735 CHN 0 1688716027027 6754864108108
14736 OFL *  1
14737 OFL *  1
14738 OFL *  1
14739 OFL *  1
14740 CHN 0 1689585719845 6758342879380
14741 OFL *  1
14742 OFL *  1
14743 CHN 0 1689866479071 6759465916284
14744 CHN 0 1689994311562 6759977246248
14745 OFL *  1
14746 OFL *  1
14747 OFL *  1
14748 CHN 0 1690625336425 6762501345700
14749 OFL *  1
14750 OFL *  1
14751 CHN 0 1690881646410 6763526585640
14752 CHN 0 1691007311544 6764029246176
14753 CHN 0 1691024149966 6764096599864
14754 CHN 0 1691048582548 6764194330192
14755 OFL *  1
14756 OFL *  1
14757 CHN 0 1691367753493 6765471013972
14758 CHN 0 1691449178145 6765796712580
14759 OFL *  1
14760 OFL *  1
14761 CHN 0 1691881121136 6767524484544
14762 OFL *  1
14763 OFL *  1
14764 OFL *  1
14765 CHN 0 1692375689046 6769502756184
14766 CHN 0 1692521963772 6770087855088
14767 CHN 0 1692527279171 6770109116684
14768 OFL *  1
14769 CHN 0 1692584195731 6770336782924
14770 CHN 0 1692585873685 6770343494740
14771 CHN 0 1692682277472 6770729109888
14772 OFL *  1
14773 CHN 0 1692850008573 6771400034292
14774 CHN 0 1692893645832 6771574583328
14775 OFL *  1
14776 CHN 0 1693004636390 6772018545560
14777 CHN 0 1693005872035 6772023488140
14778 CHN 0 1693018245624 6772072982496
14779 OFL *  1
14780 CHN 0 1693184808132 6772739232528
14781 CHN 0 1693333006191 6773332024764
14782 CHN 0 1693354118510 6773416474040
14783 OFL *  1
14784 OFL *  1
14785 CHN 0 1693639535775 6774558143100
14786 CHN 0 1693734734295 6774938937180
14787 OFL *  1
14788 OFL *  1
14789 OFL *  1
14790 CHN 0 1694268820793 6777075283172
14791 OFL *  1
14792 CHN 0 1694467527007 6777870108028
14793 OFL *  1
14794 CHN 0 1694678887394 6778715549576
14795 OFL *  1
14796 OFL *  1
14797 CHN 0 1695177644783 6780710579132
14798 CHN 0 1695180140775 6780720563100
14799 CHN 0 1695267509501 6781070038004
14800 OFL *  1
14801 CHN 0 1695338265911 6781353063644
14802 CHN 0 1695361611663 6781446446652
14803 CHN 0 1695379003252 6781516013008
14804 CHN 0 1695385170207 6781540680828
14805 CHN 0 1695454496700 6781817986800
14806 OFL *  1
14807 CHN 0 1695663770485 6782655081940
14808 CHN 0 1695689193178 6782756772712
14809 OFL *  1
14810 OFL *  1
14811 CHN 0 1695974653603 6783898614412
14812 OFL *  1
14813 CHN 0 1696294450171 6785177800684
14814 OFL *  1
14815 OFL *  1
14816 OFL *  1
14817 OFL *  1
14818 CHN 0 1696996192588 6787984770352
14819 CHN 0 1697019623362 6788078493448
14820 OFL *  1
14821 CHN 0 1697384665578 6789538662312
14822 OFL *  1
14823 CHN 0 1697399904038 6789599616152
14824 CHN 0 1697471116765 6789884467060
14825 CHN 0 1697500413958 6790001655832
14826 CHN 0 1697592928810 6790371715240
14827 OFL *  1
14828 CHN 0 1697597331520 6790389326080
14829 CHN 0 1697791336699 6791165346796
14830 OFL *  1
14831 OFL *  1
14832 OFL *  1
14833 OFL *  1
14834 CHN 0 1698642368102 6794569472408
14835 OFL *  1
14836 CHN 0 1698690438099 6794761752396
14837 CHN 0 1698727724170 6794910896680
14838 OFL *  1
14839 OFL *  1
14840 CHN 0 1699204050094 6796816200376
14841 OFL *  1
14842 CHN 0 1699316443877 6797265775508
14843 CHN 0 1699358780582 6797435122328
14844 CHN 0 1699387713934 6797550855736
14845 OFL *  1
14846 CHN 0 1699628892098 6798515568392
14847 OFL *  1
14848 CHN 0 1699797173013 6799188692052
14849 OFL *  1
14850 OFL *  1
14851 CHN 0 1700270829779 6801083319116
14852 OFL *  1
14853 OFL *  1
14854 CHN 0 1700712167468 6802848669872
14855 OFL *  1
14856 CHN 0 1700833709045 6803334836180
14857 OFL *  1
14858 CHN 0 1701022263025 6804089052100
14859 CHN 0 1701105429578 6804421718312
14860 OFL *  1
14861 OFL *  1
14862 CHN 0 1701467590750 6805870363000
14863 CHN 0 1701488088483 6805952353932
14864 OFL *  1
14865 CHN 0 1701662866505 6806651466020
14866 OFL *  1
14867 CHN 0 1701942545218 6807770180872
14868 OFL *  1
14869 OFL *  1
14870 OFL *  1
14871 CHN 0 1702550589576 6810202358304
14872 OFL *  1
14873 CHN 0 1702852178082 6811408712328
14874 OFL *  1
14875 CHN 0 1702872305227 6811489220908
14876 CHN 0 1702897165236 6811588660944
14877 CHN 0 1703025433471 6812101733884
14878 OFL *  1
14879 CHN 0 1703074801437 6812299205748
14880 CHN 0 1703255927204 6813023708816
14881 OFL *  1
14882 CHN 0 1703361584091 6813446336364
14883 OFL *  1
14884 OFL *  1
14885 OFL *  1
14886 OFL *  1
14887 CHN 0 1704134650885 6816538603540
14888 CHN 0 1704312934381 6817251737524
14889 CHN 0 1704316157320 6817264629280
14890 CHN 0 1704323512499 6817294049996
14891 CHN 0 1704335276439 6817341105756
14892 OFL *  1
14893 OFL *  1
14894 CHN 0 1704593010339 6818372041356
14895 CHN 0 1704624023093 6818496092372
14896 OFL *  1
14897 CHN 0 1704759845308 6819039381232
14898 OFL *  1
14899 OFL *  1
14900 OFL *  1
14901 CHN 0 1705515477223 6822061908892
14902 OFL *  1
14903 OFL *  1
14904 CHN 0 1705871265190 6823485060760
14905 OFL *  1
14906 OFL *  1
14907 CHN 0 1706337322354 6825349289416
14908 OFL *  1
14909 CHN 0 1706459885044 6825839540176
14910 CHN 0 1706502356124 6826009424496
14911 OFL *  1
14912 CHN 0 1706765713719 6827062854876
14913 CHN 0 1706798656515 6827194626060
14914 OFL *  1
14915 CHN 0 1706967736290 6827870945160
14916 CHN 0 1707037007726 6828148030904
14917 OFL *  1
14918 CHN 0 1707197765550 6828791062200
14919 CHN 0 1707270811871 6829083247484
14920 OFL *  1
14921 OFL *  1
14922 CHN 0 1707700839703 6830803358812
14923 OFL *  1
14924 CHN 0 1707717577958 6830870311832
14925 OFL *  1
14926 CHN 0 1707997882678 6831991530712
14927 CHN 0 1708036699600 6832146798400
14928 CHN 0 1708062967423 6832251869692
14929 CHN 0 1708124582707 6832498330828
14930 OFL *  1
14931 OFL *  1
14932 CHN 0 1708438729380 6833754917520
14933 CHN 0 1708497968729 6833991874916
14934 OFL *  1
14935 CHN 0 1708597609121 6834390436484
14936 CHN 0 1708659744009 6834638976036
14937 CHN 0 1708683518951 6834734075804
14938 CHN 0 1708691919589 6834767678356
14939 CHN 0 1708740988202 6834963952808
14940 OFL *  1
14941 CHN 0 1708779133771 6835116535084
14942 CHN 0 1708841968810 6835367875240
14943 OFL *  1
14944 CHN 0 1708991613787 6835966455148
14945 CHN 0 1709052915413 6836211661652
14946 CHN 0 1709109622138 6836438488552
14947 OFL *  1
14948 CHN 0 1709184841737 6836739366948
14949 CHN 0 1709303043837 6837212175348
14950 CHN 0 1709304501936 6837218007744
14951 CHN 0 1709317561899 6837270247596
14952 CHN 0 1709339276372 6837357105488
14953 CHN 0 1709343915220 6837375660880
14954 CHN 0 1709364490063 6837457960252
14955 OFL *  1
14956 CHN 0 1709424656012 6837698624048
14957 CHN 0 1709503935106 6838015740424
14958 CHN 0 1709521832018 6838087328072
14959 CHN 0 1709587472624 6838349890496
14960 OFL *  1
14961 OFL *  1
14962 CHN 0 1709890748071 6839562992284
14963 OFL *  1
14964 CHN 0 1710114369087 6840457476348
14965 OFL *  1
14966 OFL *  1
14967 OFL *  1
14968 OFL *  1
14969 CHN 0 1710939837543 6843759350172
14970 OFL *  1
14971 OFL *  1
14972 OFL *  1
14973 OFL *  1
14974 CHN 0 1711810940399 6847243761596
14975 OFL *  1
14976 CHN 0 1711936646292 6847746585168
14977 CHN 0 1712088785785 6848355143140
14978 OFL *  1
14979 OFL *  1
14980 CHN 0 1712498794393 6849995177572
14981 CHN 0 1712527914197 6850111656788
14982 OFL *  1
14983 CHN 0 1712676423541 6850705694164
14984 OFL *  1
14985 CHN 0 1712844484755 6851377939020
14986 CHN 0 1712860798517 6851443194068
14987 OFL *  1
14988 OFL *  1
14989 CHN 0 1713220183048 6852880732192
14990 OFL *  1
14991 OFL *  1
14992 CHN 0 1713642897907 6854571591628
14993 OFL *  1
14994 CHN 0 1713841895130 6855367580520
14995 OFL *  1
14996 CHN 0 1714035604952 6856142419808
14997 OFL *  1
14998 CHN 0 1714246787860 6856987151440
14999 OFL *  1
15000 OFL *  1
15001 CHN 0 1714763255800 6859053023200
15002 CHN 0 1714857333058 6859429332232
15003 OFL *  1
15004 CHN 0 1715021765522 6860087062088
15005 OFL *  1
15006 CHN 0 1715137036334 6860548145336
15007 CHN 0 1715224077361 6860896309444
15008 CHN 0 1715226754659 6860907018636
15009 OFL *  1
15010 CHN 0 1715394370392 6861577481568
15011 CHN 0 1715422983546 6861691934184
15012 CHN 0 1715445669372 6861782677488
15013 OFL *  1
15014 OFL *  1
15015 CHN 0 1715718702222 6862874808888
15016 CHN 0 1715850517727 6863402070908
15017 OFL *  1
15018 CHN 0 1716019946899 6864079787596
15019 CHN 0 1716058273588 6864233094352
15020 OFL *  1
15021 CHN 0 1716233202509 6864932810036
15022 OFL *  1
15023 CHN 0 1716348062704 6865392250816
15024 CHN 0 1716375830672 6865503322688
15025 OFL *  1
15026 CHN 0 1716612862073 6866451448292
15027 CHN 0 1716666488573 6866665954292
15028 OFL *  1
15029 CHN 0 1716842752846 6867371011384
15030 CHN 0 1716887882109 6867551528436
15031 CHN 0 1716904013111 6867616052444
15032 CHN 0 1716957792817 6867831171268
15033 OFL *  1
15034 OFL *  1
15035 OFL *  1
15036 OFL *  1
15037 OFL *  1
15038 CHN 0 1717940773208 6871763092832
15039 OFL *  1
15040 OFL *  1
15041 CHN 0 1718321613032 6873286452128
15042 OFL *  1
15043 CHN 0 1718622540818 6874490163272
15044 CHN 0 1718632109688 6874528438752
15045 OFL *  1
15046 OFL *  1
15047 CHN 0 1719078801444 6876315205776
15048 OFL *  1
15049 CHN 0 1719117033305 6876468133220
15050 OFL *  1
15051 CHN 0 1719364059828 6877456239312
15052 CHN 0 1719391684704 6877566738816
15053 CHN 0 1719445507663 6877782030652
15054 OFL *  1
15055 CHN 0 1719628821434 6878515285736
15056 CHN 0 1719684309201 6878737236804
15057 OFL *  1
15058 CHN 0 1719723885247 6878895540988
15059 CHN 0 1719744549986 6878978199944
15060 OFL *  1
15061 OFL *  1
15062 CHN 0 1720180600242 6880722400968
15063 OFL *  1
15064 OFL *  1
15065 CHN 0 1720597903861 6882391615444
15066 CHN 0 1720660637541 6882642550164
15067 CHN 0 1720675278337 6882701113348
15068 OFL *  1
15069 CHN 0 1720904418454 6883617673816
15070 CHN 0 1720933539436 6883734157744
15071 CHN 0 1720942389896 6883769559584
15072 OFL *  1
15073 OFL *  1
15074 CHN 0 1721238025290 6884952101160
15075 CHN 0 1721274562056 6885098248224
15076 OFL *  1
15077 CHN 0 1721474182159 6885896728636
15078 OFL *  1
15079 CHN 0 1721743722687 6886974890748
15080 OFL *  1
15081 CHN 0 1721852085727 6887408342908
15082 OFL *  1
15083 CHN 0 1722095412871 6888381651484
15084 CHN 0 1722164884442 6888659537768
15085 OFL *  1
15086 CHN 0 1722262181680 6889048726720
15087 CHN 0 1722397731692 6889590926768
15088 OFL *  1
15089 CHN 0 1722509834500 6890039338000
15090 CHN 0 1722626569148 6890506276592
15091 OFL *  1
15092 CHN 0 1722744121275 6890976485100
15093 OFL *  1
15094 OFL *  1
15095 CHN 0 1723221740061 6892886960244
15096 OFL *  1
15097 OFL *  1
15098 CHN 0 1723572614390 6894290457560
15099 CHN 0 1723592830010 6894371320040
15100 CHN 0 1723600683819 6894402735276
15101 OFL *  1
15102 CHN 0 1723830015358 6895320061432
15103 CHN 0 1723847060940 6895388243760
15104 OFL *  1
15105 CHN 0 1723986946973 6895947787892
15106 OFL *  1
15107 CHN 0 1724205353246 6896821412984
15108 CHN 0 1724257016625 6897028066500
15109 OFL *  1
15110 CHN 0 1724366815968 6897467263872
15111 CHN 0 1724382033153 6897528132612
15112 OFL *  1
15113 CHN 0 1724700485370 6898801941480
15114 OFL *  1
15115 CHN 0 1724823416671 6899293666684
15116 CHN 0 1724964065005 6899856260020
15117 OFL *  1
15118 OFL *  1
15119 CHN 0 1725324265146 6901297060584
15120 OFL *  1
15121 CHN 0 1725608369029 6902433476116
15122 OFL *  1
15123 OFL *  1
15124 CHN 0 1725933713336 6903734853344
15125 CHN 0 1725980262762 6903921051048
15126 OFL *  1
15127 CHN 0 1726085083917 6904340335668
15128 OFL *  1
15129 CHN 0 1726393484067 6905573936268
15130 CHN 0 1726430790685 6905723162740
15131 OFL *  1
15132 CHN 0 1726517028806 6906068115224
15133 CHN 0 1726619988450 6906479953800
15134 OFL *  1
15135 CHN 0 1726794251076 6907177004304
15136 CHN 0 1726864730630 6907458922520
15137 CHN 0 1726866137800 6907464551200
15138 OFL *  1
15139 OFL *  1
15140 OFL *  1
15141 CHN 0 1727395558266 6909582233064
15142 CHN 0 1727438088200 6909752352800
15143 CHN 0 1727473519368 6909894077472
15144 OFL *  1
15145 CHN 0 1727554843582 6910219374328
15146 CHN 0 1727681573141 6910726292564
15147 CHN 0 1727721231103 6910884924412
15148 OFL *  1
15149 CHN 0 1727783031638 6911132126552
15150 OFL *  1
15151 CHN 0 1727972982823 6911891931292
15152 CHN 0 1728023980662 6912095922648
15153 OFL *  1
15154 CHN 0 1728169722316 6912678889264
15155 OFL *  1
15156 CHN 0 1728525132308 6914100529232
15157 OFL *  1
15158 CHN 0 1728740413258 6914961653032
15159 OFL *  1
15160 CHN 0 1728785213718 6915140854872
15161 CHN 0 1728961115838 6915844463352
15162 CHN 0 1728963540493 6915854161972
15163 CHN 0 1728973076166 6915892304664
15164 CHN 0 1728976978154 6915907912616
15165 OFL *  1
15166 CHN 0 1729068940495 6916275761980
15167 CHN 0 1729076773822 6916307095288
15168 CHN 0 1729189979322 6916759917288
15169 OFL *  1
15170 CHN 0 1729321223874 6917284895496
15171 CHN 0 1729359549142 6917438196568
15172 OFL *  1
15173 CHN 0 1729484867379 6917939469516
15174 CHN 0 1729597838084 6918391352336
15175 OFL *  1
15176 OFL *  1
15177 CHN 0 1729879494489 6919517977956
15178 CHN 0 1730027224299 6920108897196
15179 CHN 0 1730041593282 6920166373128
15180 OFL *  1
15181 CHN 0 1730210933955 6920843735820
15182 OFL *  1
15183 CHN 0 1730255575884 6921022303536
15184 CHN 0 1730374088681 6921496354724
15185 OFL *  1
15186 CHN 0 1730640021825 6922560087300
15187 OFL *  1
15188 OFL *  1
15189 CHN 0 1730981892059 6923927568236
15190 OFL *  1
15191 CHN 0 1731144518275 6924578073100
15192 OFL *  1
15193 OFL *  1
15194 CHN 0 1731619133036 6926476532144
15195 OFL *  1
15196 CHN 0 1731930515280 6927722061120
15197 OFL *  1
15198 CHN 0 1732016391415 6928065565660
15199 OFL *  1
15200 OFL *  1
15201 CHN 0 1732570739198 6930282956792
15202 OFL *  1
15203 OFL *  1
15204 OFL *  1
15205 OFL *  1
15206 CHN 0 1733376241527 6933504966108
15207 CHN 0 1733378580224 6933514320896
15208 OFL *  1
15209 CHN 0 1733533053785 6934132215140
15210 CHN 0 1733562956599 6934251826396
15211 CHN 0 1733572055542 6934288222168
15212 OFL *  1
15213 CHN 0 1733629118376 6934516473504
15214 CHN 0 1733813870878 6935255483512
15215 OFL *  1
15216 CHN 0 1733889518281 6935558073124
15217 CHN 0 1733997527607 6935990110428
15218 OFL *  1
15219 OFL *  1
15220 CHN 0 1734363972016 6937455888064
15221 OFL *  1
15222 OFL *  1
15223 OFL *  1
15224 CHN 0 1734992857427 6939971429708
15225 OFL *  1
15226 OFL *  1
15227 CHN 0 1735331967194 6941327868776
15228 CHN 0 1735511900450 6942047601800
15229 OFL *  1
15230 OFL *  1
15231 CHN 0 1735742706210 6942970824840
15232 CHN 0 1735770786058 6943083144232
15233 OFL *  1
15234 CHN 0 1735959372501 6943837490004
15235 CHN 0 1736080591712 6944322366848
15236 CHN 0 1736124592574 6944498370296
15237 OFL *  1
15238 CHN 0 1736233402512 6944933610048
15239 CHN 0 1736281224172 6945124896688
15240 OFL *  1
15241 CHN 0 1736387629000 6945550516000
15242 CHN 0 1736388415833 6945553663332
15243 OFL *  1
15244 CHN 0 1736614448507 6946457794028
15245 CHN 0 1736679640501 6946718562004
15246 OFL *  1
15247 CHN 0 1736890729568 6947562918272
15248 CHN 0 1736918001738 6947672006952
15249 OFL *  1
15250 CHN 0 1737038275266 6948153101064
15251 OFL *  1
15252 OFL *  1
15253 CHN 0 1737452450863 6949809803452
15254 CHN 0 1737536545713 6950146182852
15255 OFL *  1
15256 CHN 0 1737682104474 6950728417896
15257 CHN 0 1737701715879 6950806863516
15258 CHN 0 1737774459831 6951097839324
15259 OFL *  1
15260 CHN 0 1737944237854 6951776951416
15261 OFL *  1
15262 CHN 0 1738127739495 6952510957980
15263 OFL *  1
15264 CHN 0 1738270594392 6953082377568
15265 OFL *  1
15266 CHN 0 1738640166677 6954560666708
15267 OFL *  1
15268 CHN 0 1738682806768 6954731227072
15269 CHN 0 1738687504976 6954750019904
15270 CHN 0 1738715039460 6954860157840
15271 OFL *  1
15272 OFL *  1
15273 CHN 0 1739201079850 6956804319400
15274 CHN 0 1739231001522 6956924006088
15275 CHN 0 1739241291788 6956965167152
15276 CHN 0 1739310954157 6957243816628
15277 CHN 0 1739311108964 6957244435856
15278 OFL *  1
15279 OFL *  1
15280 CHN 0 1739585386214 6958341544856
15281 CHN 0 1739713911367 6958855645468
15282 OFL *  1
15283 CHN 0 1739855285450 6959421141800
15284 CHN 0 1739905901947 6959623607788
15285 OFL *  1
15286 CHN 0 1740059336233 6960237344932
15287 CHN 0 1740076003065 6960304012260
15288 CHN 0 1740151936070 6960607744280
15289 OFL *  1
15290 CHN 0 1740251518477 6961006073908
15291 CHN 0 1740296398811 6961185595244
15292 CHN 0 1740365448436 6961461793744
15293 OFL *  1
15294 CHN 0 1740495239558 6961980958232
15295 OFL *  1
15296 CHN 0 1740731591287 6962926365148
15297 OFL *  1
15298 CHN 0 1740896578445 6963586313780
15299 CHN 0 1740917369655 6963669478620
15300 OFL *  1
15301 CHN 0 1741044349194 6964177396776
15302 OFL *  1
15303 CHN 0 1741233649859 6964934599436
15304 CHN 0 1741297210581 6965188842324
15305 OFL *  1
15306 OFL *  1
15307 CHN 0 1741796267584 6967185070336
15308 OFL *  1
15309 CHN 0 1741978706575 6967914826300
15310 OFL *  1
15311 OFL *  1
15312 CHN 0 1742356095086 6969424380344
15313 OFL *  1
15314 OFL *  1
15315 OFL *  1
15316 CHN 0 1743069309747 6972277238988
15317 OFL *  1
15318 CHN 0 1743154247204 6972616988816
15319 OFL *  1
15320 OFL *  1
15321 OFL *  1
15322 CHN 0 1743850158960 6975400635840
15323 OFL *  1
15324 CHN 0 1744087649599 6976350598396
15325 OFL *  1
15326 CHN 0 1744339937029 6977359748116
15327 OFL *  1
15328 OFL *  1
15329 CHN 0 1744614163121 6978456652484
15330 CHN 0 1744648791858 6978595167432
15331 CHN 0 1744690145230 6978760580920
15332 CHN 0 1744756491719 6979025966876
15333 OFL *  1
15334 CHN 0 1744821084818 6979284339272
15335 CHN 0 1744825471361 6979301885444
15336 CHN 0 1744853847976 6979415391904
15337 OFL *  1
15338 OFL *  1
15339 CHN 0 1745233930670 6980935722680
15340 OFL *  1
15341 OFL *  1
15342 CHN 0 1745838614174 6983354456696
15343 OFL *  1
15344 CHN 0 1746000420280 6984001681120
15345 OFL *  1
15346 OFL *  1
15347 CHN 0 1746442100377 6985768401508
15348 OFL *  1
15349 CHN 0 1746664274217 6986657096868
15350 OFL *  1
15351 CHN 0 1746824193342 6987296773368
15352 OFL *  1
15353 CHN 0 1746989900503 6987959602012
15354 CHN 0 1747013794341 6988055177364
15355 CHN 0 1747053018381 6988212073524
15356 OFL *  1
15357 OFL *  1
15358 OFL *  1
15359 CHN 0 1747651794556 6990607178224
15360 OFL *  1
15361 CHN 0 1747764761056 6991059044224
15362 CHN 0 1747768086627 6991072346508
15363 OFL *  1
15364 CHN 0 1748130924305 6992523697220
15365 OFL *  1
15366 CHN 0 1748209460615 6992837842460
15367 OFL *  1
15368 CHN 0 1748504746718 6994018986872
15369 OFL *  1
15370 CHN 0 1748698316241 6994793264964
15371 CHN 0 1748704346275 6994817385100
15372 CHN 0 1748710950856 6994843803424
15373 CHN 0 1748745470911 6994981883644
15374 CHN 0 1748791758075 6995167032300
15375 OFL *  1
15376 CHN 0 1748858402446 6995433609784
15377 OFL *  1
15378 CHN 0 1749050413517 6996201654068
15379 CHN 0 1749158902418 6996635609672
15380 CHN 0 1749172597848 6996690391392
15381 OFL *  1
15382 CHN 0 1749256013916 6997024055664
15383 CHN 0 1749310419103 6997241676412
15384 CHN 0 1749343145376 6997372581504
15385 CHN 0 1749395059263 6997580237052
15386 CHN 0 1749402735877 6997610943508
15387 CHN 0 1749408359580 6997633438320
15388 OFL *  1
15389 CHN 0 1749463080397 6997852321588
15390 CHN 0 1749579242033 6998316968132
15391 CHN 0 1749583126708 6998332506832
15392 OFL *  1
15393 CHN 0 1749738824227 6998955296908
15394 CHN 0 1749739859667 6998959438668
15395 CHN 0 1749817239820 6999268959280
15396 OFL *  1
15397 CHN 0 1750058876115 7000235504460
15398 OFL *  1
15399 CHN 0 1750109110521 7000436442084
15400 CHN 0 1750265130291 7001060521164
15401 OFL *  1
15402 CHN 0 1750290842878 7001163371512
15403 CHN 0 1750377166737 7001508666948
15404 CHN 0 1750413601010 7001654404040
15405 CHN 0 1750417574230 7001670296920
15406 OFL *  1
15407 CHN 0 1750637275432 7002549101728
15408 OFL *  1
15409 CHN 0 1750806122218 7003224488872
15410 CHN 0 1750821201669 7003284806676
15411 CHN 0 1750831236406 7003324945624
15412 CHN 0 1750880328879 7003521315516
15413 OFL *  1
15414 OFL *  1
15415 CHN 0 1751171023952 7004684095808
15416 CHN 0 1751191960583 7004767842332
15417 CHN 0 1751194465733 7004777862932
15418 CHN 0 1751233799637 7004935198548
15419 CHN 0 1751243741066 7004974964264
15420 OFL *  1
15421 CHN 0 1751348302744 7005393210976
15422 OFL *  1
15423 CHN 0 1751610854548 7006443418192
15424 CHN 0 1751618592467 7006474369868
15425 CHN 0 1751702357149 7006809428596
15426 CHN 0 1751726588628 7006906354512
15427 OFL *  1
15428 OFL *  1
15429 CHN 0 1752030974184 7008123896736
15430 CHN 0 1752044834211 7008179336844
15431 OFL *  1
15432 CHN 0 1752271034283 7009084137132
15433 OFL *  1
15434 CHN 0 1752394509802 7009578039208
15435 OFL *  1
15436 CHN 0 1752711933860 7010847735440
15437 CHN 0 1752717168954 7010868675816
15438 CHN 0 1752758721779 7011034887116
15439 OFL *  1
15440 OFL *  1
15441 CHN 0 1753092803995 7012371215980
15442 OFL *  1
15443 CHN 0 1753360617385 7013442469540
15444 CHN 0 1753408394282 7013633577128
15445 OFL *  1
15446 OFL *  1
15447 OFL *  1
15448 OFL *  1
15449 CHN 0 1754225410739 7016901642956
15450 OFL *  1
15451 CHN 0 1754294511006 7017178044024
15452 OFL *  1
15453 OFL *  1
15454 CHN 0 1754849859437 7019399437748
15455 OFL *  1
15456 CHN 0 1755004148684 7020016594736
15457 CHN 0 1755021122569 7020084490276
15458 OFL *  1
15459 CHN 0 1755247980042 7020991920168
15460 OFL *  1
15461 OFL *  1
15462 CHN 0 1755691162524 7022764650096
15463 OFL *  1
15464 CHN 0 1755885345670 7023541382680
15465 CHN 0 1755932176219 7023728704876
15466 OFL *  1
15467 CHN 0 1756125547993 7024502191972
15468 OFL *  1
15469 CHN 0 1756191666222 7024766664888
15470 OFL *  1
15471 OFL *  1
15472 CHN 0 1756772879034 7027091516136
15473 OFL *  1
15474 OFL *  1
15475 CHN 0 1757212879215 7028851516860
15476 OFL *  1
15477 OFL *  1
15478 CHN 0 1757521524610 7030086098440
15479 OFL *  1
15480 OFL *  1
15481 CHN 0 1757982170406 7031928681624
15482 OFL *  1
15483 CHN 0 1758169235787 7032676943148
15484 CHN 0 1758184158314 7032736633256
15485 OFL *  1
15486 CHN 0 1758346690164 7033386760656
15487 CHN 0 1758358115787 7033432463148
15488 CHN 0 1758449031373 7033796125492
15489 OFL *  1
15490 CHN 0 1758555589291 7034222357164
15491 CHN 0 1758679022993 7034716091972
15492 OFL *  1
15493 CHN 0 1758739761448 7034959045792
15494 CHN 0 1758758561502 7035034246008
15495 CHN 0 1758777771433 7035111085732
15496 CHN 0 1758813386037 7035253544148
15497 CHN 0 1758858882001 7035435528004
15498 CHN 0 1758878473268 7035513893072
15499 CHN 0 1758879145409 7035516581636
15500 OFL *  1
15501 CHN 0 1758926613880 7035706455520
15502 CHN 0 1759115747571 7036462990284
15503 OFL *  1
15504 CHN 0 1759123792477 7036495169908
15505 CHN 0 1759124203305 7036496813220
15506 CHN 0 1759172665838 7036690663352
15507 CHN 0 1759176165109 7036704660436
15508 CHN 0 1759188415833 7036753663332
15509 CHN 0 1759302047641 7037208190564
15510 OFL *  1
15511 CHN 0 1759395636297 7037582545188
15512 CHN 0 1759410410372 7037641641488
15513 CHN 0 1759478209370 7037912837480
15514 CHN 0 1759512874156 7038051496624
15515 OFL *  1
15516 CHN 0 1759637036682 7038548146728
15517 CHN 0 1759684952306 7038739809224
15518 CHN 0 1759740500564 7038962002256
15519 OFL *  1
15520 CHN 0 1759854365968 7039417463872
15521 CHN 0 1759897046309 7039588185236
15522 OFL *  1
15523 CHN 0 1760030162654 7040120650616
15524 OFL *  1
15525 OFL *  1
15526 CHN 0 1760399217433 7041596869732
15527 CHN 0 1760432912591 7041731650364
15528 CHN 0 1760475024488 7041900097952
15529 OFL *  1
15530 CHN 0 1760635294996 7042541179984
15531 CHN 0 1760636657088 7042546628352
15532 OFL *  1
15533 CHN 0 1760918344746 7043673378984
15534 OFL *  1
15535 CHN 0 1761055923530 7044223694120
15536 OFL *  1
15537 CHN 0 1761352035541 7045408142164
15538 OFL *  1
15539 OFL *  1
15540 CHN 0 1761735277591 7046941110364
15541 OFL *  1
15542 CHN 0 1761942517814 7047770071256
15543 CHN 0 1762047634523 7048190538092
15544 CHN 0 1762051285310 7048205141240
15545 OFL *  1
15546 CHN 0 1762132842765 7048531371060
15547 CHN 0 1762254751052 7049019004208
15548 OFL *  1
15549 OFL *  1
15550 CHN 0 1762495804711 7049983218844
15551 CHN 0 1762503233320 7050012933280
15552 CHN 0 1762639106905 7050556427620
15553 OFL *  1
15554 CHN 0 1762715712900 7050862851600
15555 OFL *  1
15556 CHN 0 1763041488651 7052165954604
15557 CHN 0 1763113532982 7052454131928
15558 OFL *  1
15559 CHN 0 1763151989204 7052607956816
15560 OFL *  1
15561 OFL *  1
15562 CHN 0 1763742493857 7054969975428
15563 OFL *  1
15564 OFL *  1
15565 OFL *  1
15566 OFL *  1
15567 CHN 0 1764412234838 7057648939352
15568 OFL *  1
15569 OFL *  1
15570 OFL *  1
15571 OFL *  1
15572 OFL *  1
15573 CHN 0 1765564671914 7062258687656
15574 CHN 0 1765617650955 7062470603820
15575 OFL *  1
15576 OFL *  1
15577 CHN 0 1765919430089 7063677720356
15578 CHN 0 1766027877583 7064111510332
15579 OFL *  1
15580 OFL *  1
15581 OFL *  1
15582 CHN 0 1766566541584 7066266166336
15583 CHN 0 1766601163683 7066404654732
15584 CHN 0 1766616074412 7066464297648
15585 OFL *  1
15586 OFL *  1
15587 CHN 0 1766956971997 7067827887988
15588 CHN 0 1767027688110 7068110752440
15589 OFL *  1
15590 CHN 0 1767209870421 7068839481684
15591 CHN 0 1767259209493 7069036837972
15592 OFL *  1
15593 CHN 0 1767546225249 7070184900996
15594 OFL *  1
15595 CHN 0 1767756405159 7071025620636
15596 OFL *  1
15597 OFL *  1
15598 OFL *  1
15599 CHN 0 1768285798592 7073143194368
15600 CHN 0 1768338160254 7073352641016
15601 OFL *  1
15602 CHN 0 1768463385455 7073853541820
15603 CHN 0 1768467691677 7073870766708
15604 OFL *  1
15605 CHN 0 1768760338764 7075041355056
15606 OFL *  1
15607 OFL *  1
15608 CHN 0 1769169826267 7076679305068
15609 OFL *  1
15610 CHN 0 1769236000946 7076944003784
15611 OFL *  1
15612 CHN 0 1769474833885 7077899335540
15613 CHN 0 1769601373105 7078405492420
15614 CHN 0 1769631766520 7078527066080
15615 OFL *  1
15616 CHN 0 1769661685131 7078646740524
15617 CHN 0 1769684882421 7078739529684
15618 OFL *  1
15619 CHN 0 1769966938462 7079867753848
15620 CHN 0 1770065152841 7080260611364
15621 OFL *  1
15622 CHN 0 1770168423201 7080673692804
15623 OFL *  1
15624 CHN 0 1770417644559 7081670578236
15625 OFL *  1
15626 CHN 0 1770534471464 7082137885856
15627 CHN 0 1770535686441 7082142745764
15628 CHN 0 1770658457415 7082633829660
15629 OFL *  1
15630 OFL *  1
15631 CHN 0 1771024639124 7084098556496
15632 OFL *  1
15633 CHN 0 1771288038643 7085152154572
15634 CHN 0 1771290358428 7085161433712
15635 CHN 0 1771335052408 7085340209632
15636 OFL *  1
15637 CHN 0 1771417224866 7085668899464
15638 CHN 0 1771499273478 7085997093912
15639 OFL *  1
15640 CHN 0 1771653352311 7086613409244
15641 OFL *  1
15642 CHN 0 1771810139798 7087240559192
15643 OFL *  1
15644 CHN 0 1771979200576 7087916802304
15645 CHN 0 1772009431651 7088037726604
15646 OFL *  1
15647 CHN 0 1772279079574 7089116318296
15648 OFL *  1
15649 CHN 0 1772415217772 7089660871088
15650 CHN 0 1772534233152 7090136932608
15651 CHN 0 1772564276260 7090257105040
15652 CHN 0 1772593857531 7090375430124
15653 OFL *  1
15654 OFL *  1
15655 CHN 0 1772827575820 7091310303280
15656 CHN 0 1772925134092 7091700536368
15657 OFL *  1
15658 OFL *  1
15659 CHN 0 1773259850903 7093039403612
15660 CHN 0 1773279454043 7093117816172
15661 CHN 0 1773302148204 7093208592816
15662 CHN 0 1773353356876 7093413427504
15663 CHN 0 1773368678866 7093474715464
15664 OFL *  1
15665 CHN 0 1773609338586 7094437354344
15666 OFL *  1
15667 OFL *  1
15668 OFL *  1
15669 CHN 0 1774138779226 7096555116904
15670 CHN 0 1774233033573 7096932134292
15671 OFL *  1
15672 OFL *  1
15673 OFL *  1
15674 CHN 0 1774719684287 7098878737148
15675 CHN 0 1774726624024 7098906496096
15676 OFL *  1
15677 OFL *  1
15678 CHN 0 1775147346792 7100589387168
15679 CHN 0 1775150855059 7100603420236
15680 OFL *  1
15681 CHN 0 1775440811138 7101763244552
15682 CHN 0 1775473599516 7101894398064
15683 OFL *  1
15684 OFL *  1
15685 CHN 0 1775846371047 7103385484188
15686 CHN 0 1775931653643 7103726614572
15687 CHN 0 1775939969923 7103759879692
15688 CHN 0 1775948147557 7103792590228
15689 CHN 0 1775953353177 7103813412708
15690 OFL *  1
15691 OFL *  1
15692 OFL *  1
15693 CHN 0 1776485527234 7105942108936
15694 OFL *  1
15695 OFL *  1
15696 CHN 0 1776851285950 7107405143800
15697 OFL *  1
15698 OFL *  1
15699 OFL *  1
15700 CHN 0 1777559309097 7110237236388
15701 CHN 0 1777580759639 7110323038556
15702 OFL *  1
15703 CHN 0 1777693085569 7110772342276
15704 OFL *  1
15705 OFL *  1
15706 CHN 0 1778123146027 7112492584108
15707 CHN 0 1778158751688 7112635006752
15708 CHN 0 1778247506699 7112990026796
15709 OFL *  1
15710 OFL *  1
15711 CHN 0 1778674135064 7114696540256
15712 OFL *  1
15713 CHN 0 1778796797346 7115187189384
15714 CHN 0 1778913922232 7115655688928
15715 OFL *  1
15716 CHN 0 1778938143301 7115752573204
15717 CHN 0 1779081526523 7116326106092
15718 OFL *  1
15719 OFL *  1
15720 OFL *  1
15721 OFL *  1
15722 CHN 0 1779870663212 7119482652848
15723 OFL *  1
15724 CHN 0 1779991269666 7119965078664
15725 OFL *  1
15726 OFL *  1
15727 CHN 0 1780522632782 7122090531128
15728 OFL *  1
15729 CHN 0 1780746595902 7122986383608
15730 OFL *  1
15731 OFL *  1
15732 CHN 0 1781036831236 7124147324944
15733 CHN 0 1781169234514 7124676938056
15734 OFL *  1
15735 CHN 0 1781251536863 7125006147452
15736 CHN 0 1781274697399 7125098789596
15737 OFL *  1
15738 CHN 0 1781481439965 7125925759860
15739 CHN 0 1781652083121 7126608332484
15740 OFL *  1
15741 OFL *  1
15742 CHN 0 1781975526295 7127902105180
15743 CHN 0 1781978484754 7127913939016
15744 CHN 0 1782082992076 7128331968304
15745 OFL *  1
15746 CHN 0 1782213691963 7128854767852
15747 OFL *  1
15748 CHN 0 1782367118375 7129468473500
15749 CHN 0 1782491014738 7129964058952
15750 OFL *  1
15751 OFL *  1
15752 OFL *  1
15753 OFL *  1
15754 CHN 0 1783239389730 7132957558920
15755 OFL *  1
15756 CHN 0 1783468484317 7133873937268
15757 CHN 0 1783522523441 7134090093764
15758 OFL *  1
15759 CHN 0 1783648272290 7134593089160
15760 OFL *  1
15761 CHN 0 1783967542579 7135870170316
15762 OFL *  1
15763 CHN 0 1783991781854 7135967127416
15764 CHN 0 1784084628230 7136338512920
15765 OFL *  1
15766 CHN 0 1784363292310 7137453169240
15767 OFL *  1
15768 CHN 0 1784414531674 7137658126696
15769 CHN 0 1784420385868 7137681543472
15770 OFL *  1
15771 OFL *  1
15772 OFL *  1
15773 CHN 0 1785245859149 7140983436596
15774 OFL *  1
15775 OFL *  1
15776 CHN 0 1785641171206 7142564684824
15777 CHN 0 1785658108352 7142632433408
15778 OFL *  1
15779 OFL *  1
15780 OFL *  1
15781 CHN 0 1786126154258 7144504617032
15782 OFL *  1
15783 OFL *  1
15784 CHN 0 1786651852621 7146607410484
15785 OFL *  1
15786 OFL *  1
15787 OFL *  1
15788 CHN 0 1787310126378 7149240505512
15789 OFL *  1
15790 CHN 0 1787386308795 7149545235180
15791 OFL *  1
15792 OFL *  1
15793 CHN 0 1787789895794 7151159583176
15794 OFL *  1
15795 OFL *  1
15796 OFL *  1
15797 OFL *  1
15798 CHN 0 1788623654708 7154494618832
15799 CHN 0 1788826915134 7155307660536
15800 OFL *  1
15801 CHN 0 1788968090865 7155872363460
15802 OFL *  1
15803 CHN 0 1789062604921 7156250419684
15804 OFL *  1
15805 OFL *  1
15806 OFL *  1
15807 CHN 0 1789860292398 7159441169592
15808 OFL *  1
15809 CHN 0 1789927021727 7159708086908
15810 OFL *  1
15811 OFL *  1
15812 CHN 0 1790407952820 7161631811280
15813 OFL *  1
15814 CHN 0 1790606422732 7162425690928
15815 OFL *  1
15816 CHN 0 1790926310373 7163705241492
15817 OFL *  1
15818 CHN 0 1791028441626 7164113766504
15819 OFL *  1
15820 CHN 0 1791290527353 7165162109412
15821 OFL *  1
15822 OFL *  1
15823 OFL *  1
15824 OFL *  1
15825 CHN 0 1792154310862 7168617243448
15826 OFL *  1
15827 CHN 0 1792278051133 7169112204532
15828 CHN 0 1792340068846 7169360275384
15829 CHN 0 1792343586963 7169374347852
15830 OFL *  1
15831 OFL *  1
15832 CHN 0 1792646486992 7170585947968
15833 CHN 0 1792659733166 7170638932664
15834 OFL *  1
15835 CHN 0 1792839100660 7171356402640
15836 CHN 0 1792924908498 7171699633992
15837 OFL *  1
15838 OFL *  1
15839 CHN 0 1793389428252 7173557713008
15840 OFL *  1
15841 CHN 0 1793490437236 7173961748944
15842 CHN 0 1793502543979 7174010175916
15843 OFL *  1
15844 CHN 0 1793683676461 7174734705844
15845 CHN 0 1793766548219 7175066192876
15846 CHN 0 1793774877173 7175099508692
15847 CHN 0 1793833945679 7175335782716
15848 OFL *  1
15849 CHN 0 1793892502870 7175570011480
15850 OFL *  1
15851 OFL *  1
15852 OFL *  1
15853 CHN 0 1794618728289 7178474913156
15854 OFL *  1
15855 OFL *  1
15856 OFL *  1
15857 OFL *  1
15858 OFL *  1
15859 CHN 0 1795633545805 7182534183220
15860 OFL *  1
15861 CHN 0 1795815631500 7183262526000
15862 CHN 0 1795849565361 7183398261444
15863 OFL *  1
15864 CHN 0 1796116766353 7184467065412
15865 OFL *  1
15866 CHN 0 1796324268490 7185297073960
15867 OFL *  1
15868 OFL *  1
15869 OFL *  1
15870 OFL *  1
15871 OFL *  1
15872 CHN 0 1797355122693 7189420490772
15873 CHN 0 1797370818574 7189483274296
15874 OFL *  1
15875 CHN 0 1797670925683 7190683702732
15876 OFL *  1
15877 CHN 0 1797689604320 7190758417280
15878 OFL *  1
15879 CHN 0 1798053347211 7192213388844
15880 OFL *  1
15881 CHN 0 1798155687927 7192622751708
15882 CHN 0 1798240705971 7192962823884
15883 CHN 0 1798247353155 7192989412620
15884 OFL *  1
15885 OFL *  1
15886 OFL *  1
15887 OFL *  1
15888 CHN 0 1798954123001 7195816492004
15889 CHN 0 1799135581972 7196542327888
15890 OFL *  1
15891 OFL *  1
15892 CHN 0 1799548910011 7198195640044
15893 OFL *  1
15894 OFL *  1
15895 CHN 0 1799947217479 7199788869916
15896 OFL *  1
15897 CHN 0 1799998991706 7199995966824
15898 OFL *  1
15899 OFL *  1
15900 OFL *  1
15901 CHN 0 1800758895409 7203035581636
15902 OFL *  1
15903 OFL *  1
15904 OFL *  1
15905 OFL *  1
15906 OFL *  1
15907 CHN 0 1801772989679 7207091958716
15908 OFL *  1
15909 OFL *  1
15910 CHN 0 1802117628274 7208470513096
15911 OFL *  1
15912 CHN 0 1802460574305 7209842297220
15913 OFL *  1
15914 CHN 0 1802528442881 7210113771524
15915 CHN 0 1802644610908 7210578443632
15916 OFL *  1
15917 CHN 0 1802805591706 7211222366824
15918 CHN 0 1802932090607 7211728362428
15919 OFL *  1
15920 CHN 0 1803123499774 7212493999096
15921 OFL *  1
15922 CHN 0 1803189756854 7212759027416
15923 CHN 0 1803328835120 7213315340480
15924 CHN 0 1803338067494 7213352269976
15925 OFL *  1
15926 CHN 0 1803428270220 7213713080880
15927 OFL *  1
15928 OFL *  1
15929 OFL *  1
15930 OFL *  1
15931 OFL *  1
15932 CHN 0 1804429969675 7217719878700
15933 CHN 0 1804570186648 7218280746592
15934 OFL *  1
15935 OFL *  1
15936 OFL *  1
15937 CHN 0 1805052093169 7220208372676
15938 CHN 0 1805059793706 7220239174824
15939 OFL *  1
15940 CHN 0 1805305404784 7221221619136
15941 CHN 0 1805350755799 7221403023196
15942 CHN 0 1805433511696 7221734046784
15943 OFL *  1
15944 CHN 0 1805505596881 7222022387524
15945 OFL *  1
15946 CHN 0 1805751943714 7223007774856
15947 OFL *  1
15948 OFL *  1
15949 CHN 0 1806123242239 7224492968956
15950 OFL *  1
15951 CHN 0 1806349514994 7225398059976
15952 OFL *  1
15953 OFL *  1
15954 OFL *  1
15955 CHN 0 1806964093718 7227856374872
15956 OFL *  1
15957 CHN 0 1807263689929 7229054759716
15958 OFL *  1
15959 CHN 0 1807372801117 7229491204468
15960 CHN 0 1807382247704 7229528990816
15961 OFL *  1
15962 CHN 0 1807662051321 7230648205284
15963 OFL *  1
15964 OFL *  1
15965 CHN 0 1808051672062 7232206688248
15966 CHN 0 1808108062885 7232432251540
15967 OFL *  1
15968 OFL *  1
15969 OFL *  1
15970 CHN 0 1808696717354 7234786869416
15971 OFL *  1
15972 OFL *  1
15973 OFL *  1
15974 CHN 0 1809271191151 7237084764604
15975 CHN 0 1809449824151 7237799296604
15976 OFL *  1
15977 OFL *  1
15978 OFL *  1
15979 OFL *  1
15980 CHN 0 1810112036163 7240448144652
15981 CHN 0 1810239479064 7240957916256
15982 CHN 0 1810253754864 7241015019456
15983 OFL *  1
15984 OFL *  1
15985 OFL *  1
15986 CHN 0 1810915374672 7243661498688
15987 OFL *  1
15988 CHN 0 1811023103056 7244092412224
15989 OFL *  1
15990 OFL *  1
15991 CHN 0 1811481059226 7245924236904
15992 OFL *  1
15993 CHN 0 1811671480472 7246685921888
15994 OFL *  1
15995 CHN 0 1811804849591 7247219398364
15996 OFL *  1
15997 CHN 0 1812015798596 7248063194384
15998 CHN 0 1812207324580 7248829298320
15999 OFL *  1
16000 CHN 0 1812227013876 7248908055504
16001 CHN 0 1812320876940 7249283507760
16002 OFL *  1
16003 OFL *  1
16004 CHN 0 1812716817101 7250867268404
16005 OFL *  1
16006 CHN 0 1812911590378 7251646361512
16007 CHN 0 1813010064118 7252040256472
16008 CHN 0 1813027225167 7252108900668
16009 OFL *  1
16010 OFL *  1
16011 CHN 0 1813415679308 7253662717232
16012 OFL *  1
16013 CHN 0 1813555644675 7254222578700
16014 CHN 0 1813556123529 7254224494116
16015 OFL *  1
16016 OFL *  1
16017 CHN 0 1813969267967 7255877071868
16018 OFL *  1
16019 OFL *  1
16020 CHN 0 1814443126504 7257772506016
16021 OFL *  1
16022 CHN 0 1814691892671 7258767570684
16023 CHN 0 1814705354293 7258821417172
16024 CHN 0 1814741958852 7258967835408
16025 OFL *  1
16026 OFL *  1
16027 CHN 0 1815140634898 7260562539592
16028 OFL *  1
16029 CHN 0 1815332418458 7261329673832
16030 OFL *  1
16031 OFL *  1
16032 OFL *  1
16033 OFL *  1
16034 CHN 0 1816115057006 7264460228024
16035 OFL *  1
16036 CHN 0 1816405114226 7265620456904
16037 OFL *  1
16038 CHN 0 1816451262063 7265805048252
16039 OFL *  1
16040 CHN 0 1816764907325 7267059629300
16041 OFL *  1
16042 OFL *  1
16043 OFL *  1
16044 CHN 0 1817367529029 7269470116116
16045 OFL *  1
16046 OFL *  1
16047 OFL *  1
16048 OFL *  1
16049 OFL *  1
16050 OFL *  1
16051 CHN 0 1818641792272 7274567169088
16052 CHN 0 1818652928095 7274611712380
16053 OFL *  1
16054 CHN 0 1818874751953 7275499007812
16055 CHN 0 1818878401888 7275513607552
16056 CHN 0 1818898069726 7275592278904
16057 OFL *  1
16058 CHN 0 1819028064340 7276112257360
16059 OFL *  1
16060 CHN 0 1819227550448 7276910201792
16061 CHN 0 1819305082331 7277220329324
16062 CHN 0 1819308636770 7277234547080
16063 OFL *  1
16064 CHN 0 1819413113342 7277652453368
16065 OFL *  1
16066 CHN 0 1819628076769 7278512307076
16067 CHN 0 1819751203469 7279004813876
16068 OFL *  1
16069 OFL *  1
16070 OFL *  1
16071 OFL *  1
16072 CHN 0 1820451392350 7281805569400
16073 OFL *  1
16074 OFL *  1
16075 CHN 0 1821057463541 7284229854164
16076 OFL *  1
16077 CHN 0 1821105449470 7284421797880
16078 CHN 0 1821232237514 7284928950056
16079 CHN 0 1821255945492 7285023781968
16080 OFL *  1
16081 CHN 0 1821282777680 7285131110720
16082 CHN 0 1821383672985 7285534691940
16083 CHN 0 1821411607241 7285646428964
16084 OFL *  1
16085 CHN 0 1821568986841 7286275947364
16086 OFL *  1
16087 OFL *  1
16088 CHN 0 1821937994225 7287751976900
16089 OFL *  1
16090 CHN 0 1822177243980 7288708975920
16091 CHN 0 1822210556127 7288842224508
16092 OFL *  1
16093 OFL *  1
16094 CHN 0 1822589093429 7290356373716
16095 OFL *  1
16096 CHN 0 1822759297257 7291037189028
16097 CHN 0 1822780224045 7291120896180
16098 CHN 0 1822781029029 7291124116116
16099 OFL *  1
16100 CHN 0 1823000788085 7292003152340
16101 CHN 0 1823056830159 7292227320636
16102 OFL *  1
16103 OFL *  1
16104 OFL *  1
16105 CHN 0 1823672853977 7294691415908
16106 CHN 0 1823797518690 7295190074760
16107 OFL *  1
16108 CHN 0 1823978504919 7295914019676
16109 OFL *  1
16110 OFL *  1
16111 CHN 0 1824225542259 7296902169036
16112 CHN 0 1824240813573 7296963254292
16113 CHN 0 1824274709065 7297098836260
16114 OFL *  1
16115 CHN 0 1824587950474 7298351801896
16116 OFL *  1
16117 OFL *  1
16118 CHN 0 1824937585407 7299750341628
16119 OFL *  1
16120 CHN 0 1825137896423 7300551585692
16121 OFL *  1
16122 CHN 0 1825295211348 7301180845392
16123 CHN 0 1825333908069 7301335632276
16124 CHN 0 1825347840255 7301391361020
16125 OFL *  1
16126 OFL *  1
16127 CHN 0 1825789157428 7303156629712
16128 OFL *  1
16129 CHN 0 1825965053343 7303860213372
16130 OFL *  1
16131 CHN 0 1826144346641 7304577386564
16132 CHN 0 1826154506112 7304618024448
16133 CHN 0 1826162788187 7304651152748
16134 CHN 0 1826189223916 7304756895664
16135 CHN 0 1826207251718 7304829006872
16136 CHN 0 1826225466653 7304901866612
16137 OFL *  1
16138 CHN 0 1826427633060 7305710532240
16139 OFL *  1
16140 CHN 0 1826565838978 7306263355912
16141 CHN 0 1826673578415 7306694313660
16142 OFL *  1
16143 OFL *  1
16144 CHN 0 1827042760185 7308171040740
16145 CHN 0 1827165264210 7308661056840
16146 OFL *  1
16147 OFL *  1
16148 CHN 0 1827390176401 7309560705604
16149 CHN 0 1827507785204 7310031140816
16150 OFL *  1
16151 CHN 0 1827705902854 7310823611416
16152 CHN 0 1827775398158 7311101592632
16153 OFL *  1
16154 CHN 0 1827876924136 7311507696544
16155 CHN 0 1827947856345 7311791425380
16156 OFL *  1
16157 OFL *  1
16158 CHN 0 1828330150953 7313320603812
16159 CHN 0 1828391337242 7313565348968
16160 OFL *  1
16161 CHN 0 1828440653694 7313762614776
16162 CHN 0 1828504041106 7314016164424
16163 CHN 0 1828630358499 7314521433996
16164 OFL *  1
16165 CHN 0 1828681771640 7314727086560
16166 OFL *  1
16167 CHN 0 1828917320530 7315669282120
16168 CHN 0 1828973756989 7315895027956
16169 OFL *  1
16170 CHN 0 1829075757425 7316303029700
16171 CHN 0 1829096581730 7316386326920
16172 CHN 0 1829161750090 7316647000360
16173 CHN 0 1829194698136 7316778792544
16174 CHN 0 1829244486243 7316977944972
16175 OFL *  1
16176 CHN 0 1829427583245 7317710332980
16177 OFL *  1
16178 CHN 0 1829647221164 7318588884656
16179 CHN 0 1829658745574 7318634982296
16180 OFL *  1
16181 CHN 0 1829802870310 7319211481240
16182 CHN 0 1829851991634 7319407966536
16183 OFL *  1
16184 OFL *  1
16185 CHN 0 1830163378748 7320653514992
16186 CHN 0 1830260238133 7321040952532
16187 OFL *  1
16188 CHN 0 1830406658243 7321626632972
16189 OFL *  1
16190 CHN 0 1830559393808 7322237575232
16191 CHN 0 1830625350384 7322501401536
16192 CHN 0 1830705005621 7322820022484
16193 OFL *  1
16194 CHN 0 1830950011089 7323800044356
16195 OFL *  1
16196 OFL *  1
16197 OFL *  1
16198 CHN 0 1831454775892 7325819103568
16199 CHN 0 1831526041853 7326104167412
16200 CHN 0 1831579713662 7326318854648
16201 OFL *  1
16202 CHN 0 1831633656906 7326534627624
16203 OFL *  1
16204 CHN 0 1831856731585 7327426926340
16205 CHN 0 1831944730514 7327778922056
16206 OFL *  1
16207 OFL *  1
16208 CHN 0 1832273291740 7329093166960
16209 OFL *  1
16210 CHN 0 1832559451030 7330237804120
16211 CHN 0 1832576135818 7330304543272
16212 OFL *  1
16213 CHN 0 1832792069525 7331168278100
16214 OFL *  1
16215 CHN 0 1832874238146 7331496952584
16216 CHN 0 1832938594310 7331754377240
16217 OFL *  1
16218 CHN 0 1833160682239 7332642728956
16219 OFL *  1
16220 CHN 0 1833393214250 7333572857000
16221 CHN 0 1833442987727 7333771950908
16222 OFL *  1
16223 CHN 0 1833622217643 7334488870572
16224 OFL *  1
16225 OFL *  1
16226 CHN 0 1834037450673 7336149802692
16227 CHN 0 1834104443591 7336417774364
16228 OFL *  1
16229 CHN 0 1834163524711 7336654098844
16230 CHN 0 1834278894618 7337115578472
16231 OFL *  1
16232 CHN 0 1834449356298 7337797425192
16233 OFL *  1
16234 CHN 0 1834580342742 7338321370968
16235 CHN 0 1834753965805 7339015863220
16236 OFL *  1
16237 CHN 0 1834794854534 7339179418136
16238 CHN 0 1834840536890 7339362147560
16239 OFL *  1
16240 CHN 0 1835091283345 7340365133380
16241 OFL *  1
16242 CHN 0 1835262921027 7341051684108
16243 OFL *  1
16244 CHN 0 1835465403753 7341861615012
16245 CHN 0 1835465668940 7341862675760
16246 OFL *  1
16247 OFL *  1
16248 CHN 0 1835868028043 7343472112172
16249 CHN 0 1835907995429 7343631981716
16250 OFL *  1
16251 OFL *  1
16252 CHN 0 1836339482691 7345357930764
16253 CHN 0 1836435883473 7345743533892
16254 OFL *  1
16255 OFL *  1
16256 CHN 0 1836731027970 7346924111880
16257 CHN 0 1836807801664 7347231206656
16258 CHN 0 1836811964580 7347247858320
16259 OFL *  1
16260 OFL *  1
16261 OFL *  1
16262 CHN 0 1837472875039 7349891500156
16263 CHN 0 1837483035434 7349932141736
16264 CHN 0 1837497597536 7349990390144
16265 OFL *  1
16266 OFL *  1
16267 OFL *  1
16268 OFL *  1
16269 OFL *  1
16270 OFL *  1
16271 OFL *  1
16272 CHN 0 1838796025526 7355184102104
16273 CHN 0 1838864070604 7355456282416
16274 OFL *  1
16275 CHN 0 1838985510315 7355942041260
16276 CHN 0 1838998295374 7355993181496
16277 CHN 0 1839034159736 7356136638944
16278 OFL *  1
16279 OFL *  1
16280 CHN 0 1839586601700 7358346406800
16281 CHN 0 1839597370960 7358389483840
16282 OFL *  1
16283 CHN 0 1839727200951 7358908803804
16284 OFL *  1
16285 CHN 0 1839944675418 7359778701672
16286 OFL *  1
16287 OFL *  1
16288 CHN 0 1840260748872 7361042995488
16289 OFL *  1
16290 CHN 0 1840627310856 7362509243424
16291 OFL *  1
16292 OFL *  1
16293 CHN 0 1841046733134 7364186932536
16294 OFL *  1
16295 OFL *  1
16296 OFL *  1
16297 CHN 0 1841702201334 7366808805336
16298 CHN 0 1841706144970 7366824579880
16299 OFL *  1
16300 CHN 0 1841787246249 7367148984996
16301 CHN 0 1841823656019 7367294624076
16302 CHN 0 1841845080023 7367380320092
16303 OFL *  1
16304 CHN 0 1841973188640 7367892754560
16305 OFL *  1
16306 CHN 0 1842177871399 7368711485596
16307 CHN 0 1842212295942 7368849183768
16308 CHN 0 1842263892476 7369055569904
16309 OFL *  1
16310 CHN 0 1842389891008 7369559564032
16311 CHN 0 1842402260213 7369609040852
16312 OFL *  1
16313 CHN 0 1842576471605 7370305886420
16314 CHN 0 1842719117059 7370876468236
16315 CHN 0 1842741080640 7370964322560
16316 OFL *  1
16317 OFL *  1
16318 OFL *  1
16319 CHN 0 1843276822340 7373107289360
16320 CHN 0 1843378843741 7373515374964
16321 OFL *  1
16322 CHN 0 1843556061396 7374224245584
16323 OFL *  1
16324 CHN 0 1843704783624 7374819134496
16325 CHN 0 1843724977707 7374899910828
16326 CHN 0 1843800179934 7375200719736
16327 OFL *  1
16328 CHN 0 1843841428001 7375365712004
16329 CHN 0 1843841832156 7375367328624
16330 CHN 0 1843877937738 7375511750952
16331 OFL *  1
16332 CHN 0 1844059879396 7376239517584
16333 OFL *  1
16334 CHN 0 1844255550349 7377022201396
16335 CHN 0 1844289606647 7377158426588
16336 OFL *  1
16337 CHN 0 1844544589424 7378178357696
16338 CHN 0 1844636541361 7378546165444
16339 OFL *  1
16340 CHN 0 1844759340635 7379037362540
16341 OFL *  1
16342 OFL *  1
16343 OFL *  1
16344 CHN 0 1845296143691 7381184574764
16345 CHN 0 1845384796171 7381539184684
16346 OFL *  1
16347 CHN 0 1845602381124 7382409524496
16348 CHN 0 1845664484789 7382657939156
16349 OFL *  1
16350 CHN 0 1845870112230 7383480448920
16351 OFL *  1
16352 CHN 0 1845978844541 7383915378164
16353 CHN 0 1846125633001 7384502532004
16354 OFL *  1
16355 CHN 0 1846156341921 7384625367684
16356 OFL *  1
16357 CHN 0 1846536997547 7386147990188
16358 OFL *  1
16359 OFL *  1
16360 OFL *  1
16361 OFL *  1
16362 OFL *  1
16363 CHN 0 1847415748096 7389662992384
16364 CHN 0 1847443360335 7389773441340
16365 CHN 0 1847599996256 7390399985024
16366 OFL *  1
16367 OFL *  1
16368 OFL *  1
16369 CHN 0 1848164222172 7392656888688
16370 CHN 0 1848167960746 7392671842984
16371 CHN 0 1848235720748 7392942882992
16372 OFL *  1
16373 CHN 0 1848353634460 7393414537840
16374 CHN 0 1848450756521 7393803026084
16375 OFL *  1
16376 CHN 0 1848477967137 7393911868548
16377 CHN 0 1848489795353 7393959181412
16378 CHN 0 1848492185679 7393968742716
16379 OFL *  1
16380 OFL *  1
16381 CHN 0 1848912419227 7395649676908
16382 CHN 0 1849052015624 7396208062496
16383 OFL *  1
16384 OFL *  1
16385 OFL *  1
16386 OFL *  1
16387 CHN 0 1849733606182 7398934424728
16388 OFL *  1
16389 CHN 0 1850138571456 7400554285824
16390 OFL *  1
16391 OFL *  1
16392 CHN 0 1850474224439 7401896897756
16393 OFL *  1
16394 OFL *  1
16395 OFL *  1
16396 CHN 0 1851162990344 7404651961376
16397 OFL *  1
16398 OFL *  1
16399 CHN 0 1851447032323 7405788129292
16400 CHN 0 1851537182568 7406148730272
16401 OFL *  1
16402 OFL *  1
16403 CHN 0 1851926492918 7407705971672
16404 CHN 0 1852001781650 7408007126600
16405 CHN 0 1852006733635 7408026934540
16406 OFL *  1
16407 CHN 0 1852114253884 7408457015536
16408 CHN 0 1852217129163 7408868516652
16409 OFL *  1
16410 OFL *  1
16411 OFL *  1
16412 CHN 0 1852731537313 7410926149252
16413 OFL *  1
16414 CHN 0 1852975953702 7411903814808
16415 CHN 0 1853037410212 7412149640848
16416 OFL *  1
16417 CHN 0 1853266395895 7413065583580
16418 OFL *  1
16419 OFL *  1
16420 OFL *  1
16421 CHN 0 1853797161913 7415188647652
16422 CHN 0 1853805568981 7415222275924
16423 OFL *  1
16424 CHN 0 1853980269980 7415921079920
16425 CHN 0 1854054448315 7416217793260
16426 CHN 0 1854095625600 7416382502400
16427 CHN 0 1854127946014 7416511784056
16428 CHN 0 1854134096313 7416536385252
16429 OFL *  1
16430 CHN 0 1854149324330 7416597297320
16431 CHN 0 1854195570407 7416782281628
16432 CHN 0 1854322363315 7417289453260
16433 OFL *  1
16434 OFL *  1
16435 CHN 0 1854694437664 7418777750656
16436 OFL *  1
16437 CHN 0 1854970224655 7419880898620
16438 OFL *  1
16439 OFL *  1
16440 CHN 0 1855267358109 7421069432436
16441 CHN 0 1855356104655 7421424418620
16442 OFL *  1
16443 CHN 0 1855601411401 7422405645604
16444 OFL *  1
16445 CHN 0 1855734309889 7422937239556
16446 OFL *  1
16447 OFL *  1
16448 OFL *  1
16449 CHN 0 1856268445688 7425073782752
16450 OFL *  1
16451 CHN 0 1856510670625 7426042682500
16452 CHN 0 1856557271113 7426229084452
16453 OFL *  1
16454 CHN 0 1856745165707 7426980662828
16455 OFL *  1
16456 CHN 0 1856972533890 7427890135560
16457 CHN 0 1857000547806 7428002191224
16458 CHN 0 1857039140786 7428156563144
16459 OFL *  1
16460 CHN 0 1857097816407 7428391265628
16461 CHN 0 1857101161395 7428404645580
16462 OFL *  1
16463 CHN 0 1857362316276 7429449265104
16464 OFL *  1
16465 CHN 0 1857658672487 7430634689948
16466 CHN 0 1857724560533 7430898242132
16467 OFL *  1
16468 CHN 0 1857746768991 7430987075964
16469 OFL *  1
16470 CHN 0 1858008055110 7432032220440
16471 CHN 0 1858030956949 7432123827796
16472 OFL *  1
16473 CHN 0 1858265563508 7433062254032
16474 CHN 0 1858269068265 7433076273060
16475 CHN 0 1858289294520 7433157178080
16476 CHN 0 1858328349878 7433313399512
16477 OFL *  1
16478 CHN 0 1858447717639 7433790870556
16479 OFL *  1
16480 CHN 0 1858603754625 7434415018500
16481 CHN 0 1858622300402 7434489201608
16482 OFL *  1
16483 OFL *  1
16484 OFL *  1
16485 CHN 0 1859204483262 7436817933048
16486 CHN 0 1859260759250 7437043037000
16487 CHN 0 1859332054065 7437328216260
16488 OFL *  1
16489 CHN 0 1859499681814 7437998727256
16490 OFL *  1
16491 OFL *  1
16492 CHN 0 1859839386578 7439357546312
16493 CHN 0 1859960777672 7439843110688
16494 OFL *  1
16495 CHN 0 1860055408086 7440221632344
16496 OFL *  1
16497 OFL *  1
16498 CHN 0 1860544294620 7442177178480
16499 OFL *  1
16500 CHN 0 1860681704459 7442726817836
16501 CHN 0 1860835857205 7443343428820
16502 OFL *  1
16503 CHN 0 1860892918984 7443571675936
16504 OFL *  1
16505 OFL *  1
16506 OFL *  1
16507 CHN 0 1861521433826 7446085735304
16508 CHN 0 1861623621833 7446494487332
16509 CHN 0 1861703604001 7446814416004
16510 OFL *  1
16511 CHN 0 1861839013896 7447356055584
16512 OFL *  1
16513 OFL *  1
16514 OFL *  1
16515 CHN 0 1862376192183 7449504768732
16516 CHN 0 1862550433724 7450201734896
16517 OFL *  1
16518 CHN 0 1862574478144 7450297912576
16519 CHN 0 1862727290899 7450909163596
16520 OFL *  1
16521 OFL *  1
16522 OFL *  1
16523 CHN 0 1863303771993 7453215087972
16524 OFL *  1
16525 OFL *  1
16526 CHN 0 1863646018480 7454584073920
16527 CHN 0 1863792861192 7455171444768
16528 OFL *  1
16529 OFL *  1
16530 CHN 0 1864103055011 7456412220044
16531 OFL *  1
16532 CHN 0 1864437561517 7457750246068
16533 OFL *  1
16534 CHN 0 1864555486575 7458221946300
16535 CHN 0 1864606627144 7458426508576
16536 CHN 0 1864623506684 7458494026736
16537 OFL *  1
16538 OFL *  1
16539 CHN 0 1865065358602 7460261434408
16540 CHN 0 1865086183362 7460344733448
16541 OFL *  1
16542 CHN 0 1865126711329 7460506845316
16543 OFL *  1
16544 OFL *  1
16545 CHN 0 1865603141273 7462412565092
16546 OFL *  1
16547 CHN 0 1865764036310 7463056145240
16548 OFL *  1
16549 OFL *  1
16550 CHN 0 1866197236019 7464788944076
16551 OFL *  1
16552 CHN 0 1866535396389 7466141585556
16553 OFL *  1
16554 OFL *  1
16555 OFL *  1
16556 OFL *  1
16557 CHN 0 1867413074694 7469652298776
16558 OFL *  1
16559 CHN 0 1867473852472 7469895409888
16560 OFL *  1
16561 OFL *  1
16562 OFL *  1
16563 OFL *  1
16564 CHN 0 1868322935354 7473291741416
16565 CHN 0 1868440275646 7473761102584
16566 CHN 0 1868463280096 7473853120384
16567 OFL *  1
16568 CHN 0 1868493649296 7473974597184
16569 OFL *  1
16570 CHN 0 1868818200426 7475272801704
16571 OFL *  1
16572 CHN 0 1868909536917 7475638147668
16573 CHN 0 1868940159746 7475760638984
16574 CHN 0 1869036673465 7476146693860
16575 CHN 0 1869089636639 7476358546556
16576 OFL *  1
16577 CHN 0 1869289884689 7477159538756
16578 OFL *  1
16579 OFL *  1
16580 CHN 0 1869634698122 7478538792488
16581 CHN 0 1869713124700 7478852498800
16582 OFL *  1
16583 CHN 0 1869887447623 7479549790492
16584 CHN 0 1869936542602 7479746170408
16585 OFL *  1
16586 CHN 0 1869984305691 7479937222764
16587 OFL *  1
16588 CHN 0 1870193005756 7480772023024
16589 OFL *  1
16590 CHN 0 1870464388864 7481857555456
16591 OFL *  1
16592 CHN 0 1870587453103 7482349812412
16593 CHN 0 1870611211772 7482444847088
16594 OFL *  1
16595 CHN 0 1870972354152 7483889416608
16596 OFL *  1
16597 OFL *  1
16598 CHN 0 1871411533544 7485646134176
16599 OFL *  1
16600 CHN 0 1871518784986 7486075139944
16601 OFL *  1
16602 CHN 0 1871644204307 7486576817228
16603 CHN 0 1871726337650 7486905350600
16604 CHN 0 1871779561834 7487118247336
16605 OFL *  1
16606 CHN 0 1871940895607 7487763582428
16607 CHN 0 1871954080013 7487816320052
16608 OFL *  1
16609 CHN 0 1872124784247 7488499136988
16610 OFL *  1
16611 OFL *  1
16612 CHN 0 1872633965906 7490535863624
16613 CHN 0 1872666005258 7490664021032
16614 OFL *  1
16615 CHN 0 1872706587673 7490826350692
16616 OFL *  1
16617 CHN 0 1873040194499 7492160777996
16618 OFL *  1
16619 OFL *  1
16620 CHN 0 1873382450783 7493529803132
16621 OFL *  1
16622 OFL *  1
16623 CHN 0 1873769762956 7495079051824
16624 OFL *  1
16625 CHN 0 1874130319383 7496521277532
16626 OFL *  1
16627 OFL *  1
16628 CHN 0 1874416703220 7497666812880
16629 OFL *  1
16630 CHN 0 1874723860245 7498895440980
16631 OFL *  1
16632 CHN 0 1874895931208 7499583724832
16633 OFL *  1
16634 OFL *  1
16635 CHN 0 1875337941534 7501351766136
16636 OFL *  1
16637 CHN 0 1875436943391 7501747773564
16638 OFL *  1
16639 CHN 0 1875748004290 7502992017160
16640 OFL *  1
16641 OFL *  1
16642 OFL *  1
16643 OFL *  1
16644 OFL *  1
16645 OFL *  1
16646 CHN 0 1876941764861 7507767059444
16647 CHN 0 1876962171547 7507848686188
16648 CHN 0 1877102230808 7508408923232
16649 OFL *  1
16650 CHN 0 1877275304027 7509101216108
16651 CHN 0 1877317719916 7509270879664
16652 OFL *  1
16653 CHN 0 1877370590946 7509482363784
16654 OFL *  1
16655 CHN 0 1877566736682 7510266946728
16656 OFL *  1
16657 CHN 0 1877750774953 7511003099812
16658 CHN 0 1877858004651 7511432018604
16659 OFL *  1
16660 CHN 0 1878144446519 7512577786076
16661 OFL *  1
16662 CHN 0 1878202579927 7512810319708
16663 OFL *  1
16664 CHN 0 1878394909585 7513579638340
16665 CHN 0 1878398152481 7513592609924
16666 CHN 0 1878461547953 7513846191812
16667 OFL *  1
16668 CHN 0 1878757399965 7515029599860
16669 OFL *  1
16670 CHN 0 1878847793067 7515391172268
16671 OFL *  1
16672 CHN 0 1879012401801 7516049607204
16673 OFL *  1
16674 OFL *  1
16675 CHN 0 1879476975588 7517907902352
16676 OFL *  1
16677 OFL *  1
16678 CHN 0 1879945669932 7519782679728
16679 CHN 0 1880034799095 7520139196380
16680 CHN 0 1880049622352 7520198489408
16681 OFL *  1
16682 CHN 0 1880240485498 7520961941992
16683 OFL *  1
16684 CHN 0 1880398512972 7521594051888
16685 OFL *  1
16686 CHN 0 1880656610792 7522626443168
16687 OFL *  1
16688 CHN 0 1880825684240 7523302736960
16689 OFL *  1
16690 CHN 0 1880908845730 7523635382920
16691 CHN 0 1881069217928 7524276871712
16692 OFL *  1
16693 CHN 0 1881239225269 7524956901076
16694 CHN 0 1881284678949 7525138715796
16695 OFL *  1
16696 CHN 0 1881344006151 7525376024604
16697 CHN 0 1881349909458 7525399637832
16698 CHN 0 1881439010472 7525756041888
16699 CHN 0 1881447014170 7525788056680
16700 CHN 0 1881471714387 7525886857548
16701 OFL *  1
16702 OFL *  1
16703 OFL *  1
16704 OFL *  1
16705 OFL *  1
16706 OFL *  1
16707 CHN 0 1882759197528 7531036790112
16708 OFL *  1
16709 CHN 0 1883000780721 7532003122884
16710 OFL *  1
16711 CHN 0 1883120742394 7532482969576
16712 OFL *  1
16713 CHN 0 1883417774171 7533671096684
16714 OFL *  1
16715 OFL *  1
16716 CHN 0 1883661460172 7534645840688
16717 CHN 0 1883676233266 7534704933064
16718 CHN 0 1883686065999 7534744263996
16719 OFL *  1
16720 CHN 0 1883957849557 7535831398228
16721 OFL *  1
16722 CHN 0 1884254832463 7537019329852
16723 OFL *  1
16724 CHN 0 1884376307911 7537505231644
16725 CHN 0 1884398037407 7537592149628
16726 OFL *  1
16727 OFL *  1
16728 CHN 0 1884716283498 7538865133992
16729 CHN 0 1884821132205 7539284528820
16730 OFL *  1
16731 OFL *  1
16732 OFL *  1
16733 CHN 0 1885490237021 7541960948084
16734 OFL *  1
16735 OFL *  1
16736 CHN 0 1885863061311 7543452245244
16737 CHN 0 1885936302335 7543745209340
16738 OFL *  1
16739 CHN 0 1885970215562 7543880862248
16740 OFL *  1
16741 OFL *  1
16742 OFL *  1
16743 CHN 0 1886647732486 7546590929944
16744 OFL *  1
16745 CHN 0 1886803422636 7547213690544
16746 CHN 0 1886987539563 7547950158252
16747 OFL *  1
16748 OFL *  1
16749 OFL *  1
16750 CHN 0 1887630840283 7550523361132
16751 OFL *  1
16752 CHN 0 1887772919608 7551091678432
16753 OFL *  1
16754 OFL *  1
16755 OFL *  1
16756 OFL *  1
16757 OFL *  1
16758 OFL *  1
16759 CHN 0 1889028273749 7556113094996
16760 OFL *  1
16761 CHN 0 1889139938655 7556559754620
16762 CHN 0 1889183474712 7556733898848
16763 OFL *  1
16764 CHN 0 1889407580196 7557630320784
16765 OFL *  1
16766 OFL *  1
16767 OFL *  1
16768 OFL *  1
16769 OFL *  1
16770 CHN 0 1890419881075 7561679524300
16771 OFL *  1
16772 CHN 0 1890666454215 7562665816860
16773 OFL *  1
16774 OFL *  1
16775 OFL *  1
16776 OFL *  1
16777 OFL *  1
16778 CHN 0 1891737462231 7566949848924
16779 OFL *  1
16780 CHN 0 1892001805393 7568007221572
16781 CHN 0 1892042775101 7568171100404
16782 OFL *  1
16783 CHN 0 1892240075470 7568960301880
16784 OFL *  1
16785 OFL *  1
16786 OFL *  1
16787 OFL *  1
16788 OFL *  1
16789 OFL *  1
16790 OFL *  1
16791 OFL *  1
16792 OFL *  1
16793 OFL *  1
16794 OFL *  1
16795 OFL *  1
16796 CHN 0 1894718992108 7578875968432
16797 OFL *  1
16798 CHN 0 1894976391848 7579905567392
16799 OFL *  1
16800 OFL *  1
16801 CHN 0 1895318190254 7581272761016
16802 CHN 0 1895323096467 7581292385868
16803 OFL *  1
16804 OFL *  1
16805 OFL *  1
16806 OFL *  1
16807 CHN 0 1896176314392 7584705257568
16808 OFL *  1
16809 OFL *  1
16810 OFL *  1
16811 CHN 0 1896915293779 7587661175116
16812 OFL *  1
16813 OFL *  1
16814 CHN 0 1897187873491 7588751493964
16815 CHN 0 1897209247589 7588836990356
16816 CHN 0 1897247852859 7588991411436
16817 OFL *  1
16818 OFL *  1
16819 CHN 0 1897625285076 7590501140304
16820 OFL *  1
16821 CHN 0 1897844949717 7591379798868
16822 CHN 0 1897922945561 7591691782244
16823 OFL *  1
16824 OFL *  1
16825 OFL *  1
16826 CHN 0 1898505539763 7594022159052
16827 OFL *  1
16828 OFL *  1
16829 OFL *  1
16830 OFL *  1
16831 OFL *  1
16832 OFL *  1
16833 OFL *  1
16834 OFL *  1
16835 OFL *  1
16836 OFL *  1
16837 OFL *  1
16838 OFL *  1
16839 OFL *  1
16840 OFL *  1
16841 OFL *  1
16842 OFL *  1
16843 CHN 0 1901792706716 7607170826864
16844 CHN 0 1901827424634 7607309698536
16845 OFL *  1
16846 CHN 0 1902035372138 7608141488552
16847 OFL *  1
16848 CHN 0 1902336815808 7609347263232
16849 OFL *  1
16850 OFL *  1
16851 OFL *  1
16852 CHN 0 1902934418657 7611737674628
16853 OFL *  1
16854 CHN 0 1903061556361 7612246225444
16855 OFL *  1
16856 CHN 0 1903321421738 7613285686952
16857 OFL *  1
16858 CHN 0 1903527647042 7614110588168
16859 CHN 0 1903604265310 7614417061240
16860 OFL *  1
16861 OFL *  1
16862 CHN 0 1903921599405 7615686397620
16863 CHN 0 1903940154579 7615760618316
16864 CHN 0 1904023220259 7616092881036
16865 OFL *  1
16866 CHN 0 1904138134482 7616552537928
16867 OFL *  1
16868 CHN 0 1904436112731 7617744450924
16869 OFL *  1
16870 OFL *  1
16871 OFL *  1
16872 OFL *  1
16873 OFL *  1
16874 OFL *  1
16875 CHN 0 1905626974619 7622507898476
16876 OFL *  1
16877 OFL *  1
16878 CHN 0 1905983487699 7623933950796
16879 OFL *  1
16880 CHN 0 1906333445161 7625333780644
16881 CHN 0 1906373454634 7625493818536
16882 OFL *  1
16883 OFL *  1
16884 CHN 0 1906677525894 7626710103576
16885 CHN 0 1906759968238 7627039872952
16886 CHN 0 1906763190271 7627052761084
16887 OFL *  1
16888 CHN 0 1907023921203 7628095684812
16889 OFL *  1
16890 OFL *  1
16891 OFL *  1
16892 CHN 0 1907594512029 7630378048116
16893 OFL *  1
16894 CHN 0 1907852870342 7631411481368
16895 OFL *  1
16896 OFL *  1
16897 OFL *  1
16898 OFL *  1
16899 CHN 0 1908517160975 7634068643900
16900 CHN 0 1908570270743 7634281082972
16901 OFL *  1
16902 OFL *  1
16903 OFL *  1
16904 CHN 0 1909254521937 7637018087748
16905 OFL *  1
16906 OFL *  1
16907 CHN 0 1909656260456 7638625041824
16908 OFL *  1
16909 OFL *  1
16910 CHN 0 1910183903862 7640735615448
16911 OFL *  1
16912 CHN 0 1910199304698 7640797218792
16913 CHN 0 1910212646785 7640850587140
16914 OFL *  1
16915 OFL *  1
16916 CHN 0 1910721991834 7642887967336
16917 OFL *  1
16918 CHN 0 1910918698770 7643674795080
16919 CHN 0 1910937807630 7643751230520
16920 CHN 0 1911021817192 7644087268768
16921 CHN 0 1911030642118 7644122568472
16922 OFL *  1
16923 OFL *  1
16924 CHN 0 1911273950424 7645095801696
16925 OFL *  1
16926 OFL *  1
16927 OFL *  1
16928 OFL *  1
16929 OFL *  1
16930 OFL *  1
16931 OFL *  1
16932 CHN 0 1912902590372 7651610361488
16933 OFL *  1
16934 CHN 0 1913085318794 7652341275176
16935 OFL *  1
16936 OFL *  1
16937 OFL *  1
16938 OFL *  1
16939 OFL *  1
16940 OFL *  1
16941 OFL *  1
16942 CHN 0 1914490315079 7657961260316
16943 CHN 0 1914591990323 7658367961292
16944 OFL *  1
16945 OFL *  1
16946 OFL *  1
16947 OFL *  1
16948 OFL *  1
16949 OFL *  1
16950 CHN 0 1915676075655 7662704302620
16951 CHN 0 1915754477172 7663017908688
16952 CHN 0 1915878171105 7663512684420
16953 OFL *  1
16954 OFL *  1
16955 OFL *  1
16956 CHN 0 1916402251876 7665609007504
16957 OFL *  1
16958 OFL *  1
16959 OFL *  1
16960 CHN 0 1917138967522 7668555870088
16961 OFL *  1
16962 CHN 0 1917323019721 7669292078884
16963 OFL *  1
16964 OFL *  1
16965 CHN 0 1917757414128 7671029656512
16966 OFL *  1
16967 OFL *  1
16968 OFL *  1
16969 OFL *  1
16970 CHN 0 1918539524934 7674158099736
16971 OFL *  1
16972 OFL *  1
16973 OFL *  1
16974 OFL *  1
16975 OFL *  1
16976 OFL *  1
16977 CHN 0 1919726235774 7678904943096
16978 OFL *  1
16979 CHN 0 1920027546119 7680110184476
16980 CHN 0 1920045032237 7680180128948
16981 CHN 0 1920071808189 7680287232756
16982 OFL *  1
16983 CHN 0 1920213708639 7680854834556
16984 CHN 0 1920266100714 7681064402856
16985 CHN 0 1920293337603 7681173350412
16986 OFL *  1
16987 OFL *  1
16988 OFL *  1
16989 OFL *  1
16990 CHN 0 1920951717795 7683806871180
16991 OFL *  1
16992 OFL *  1
16993 CHN 0 1921409522760 7685638091040
16994 CHN 0 1921409937967 7685639751868
16995 CHN 0 1921470178076 7685880712304
16996 CHN 0 1921495633376 7685982533504
16997 OFL *  1
16998 OFL *  1
16999 OFL *  1
17000 CHN 0 1922074281989 7688297127956
17001 OFL *  1
17002 CHN 0 1922290126418 7689160505672
17003 OFL *  1
17004 OFL *  1
17005 OFL *  1
17006 CHN 0 1923031181166 7692124724664
17007 OFL *  1
17008 CHN 0 1923173262135 7692693048540
17009 OFL *  1
17010 OFL *  1
17011 CHN 0 1923556162928 7694224651712
17012 CHN 0 1923651406629 7694605626516
17013 OFL *  1
17014 OFL *  1
17015 CHN 0 1923887922447 7695551689788
17016 OFL *  1
17017 OFL *  1
17018 OFL *  1
17019 OFL *  1
17020 OFL *  1
17021 OFL *  1
17022 OFL *  1
17023 OFL *  1
17024 CHN 0 1925766012399 7703064049596
17025 OFL *  1
17026 OFL *  1
17027 OFL *  1
17028 CHN 0 1926307124562 7705228498248
17029 CHN 0 1926314382076 7705257528304
17030 CHN 0 1926390088569 7705560354276
17031 OFL *  1
17032 CHN 0 1926535381562 7706141526248
17033 CHN 0 1926591198101 7706364792404
17034 CHN 0 1926608492825 7706433971300
17035 OFL *  1
17036 CHN 0 1926731872667 7706927490668
17037 OFL *  1
17038 CHN 0 1926918858926 7707675435704
17039 OFL *  1
17040 CHN 0 1927157625088 7708630500352
17041 OFL *  1
17042 CHN 0 1927354502065 7709418008260
17043 CHN 0 1927456307293 7709825229172
17044 OFL *  1
17045 OFL *  1
17046 CHN 0 1927828791557 7711315166228
17047 OFL *  1
17048 OFL *  1
17049 CHN 0 1928173327447 7712693309788
17050 OFL *  1
17051 OFL *  1
17052 CHN 0 1928608277606 7714433110424
17053 OFL *  1
17054 OFL *  1
17055 OFL *  1
17056 OFL *  1
17057 OFL *  1
17058 CHN 0 1929748707904 7718994831616
17059 OFL *  1
17060 CHN 0 1929869859017 7719479436068
17061 OFL *  1
17062 OFL *  1
17063 OFL *  1
17064 CHN 0 1930522854713 7722091418852
17065 OFL *  1
17066 OFL *  1
17067 OFL *  1
17068 CHN 0 1931178520473 7724714081892
17069 OFL *  1
17070 OFL *  1
17071 CHN 0 1931658209210 7726632836840
17072 OFL *  1
17073 CHN 0 1931698926408 7726795705632
17074 OFL *  1
17075 CHN 0 1932011832040 7728047328160
17076 OFL *  1
17077 OFL *  1
17078 CHN 0 1932456431154 7729825724616
17079 OFL *  1
17080 OFL *  1
17081 OFL *  1
17082 OFL *  1
17083 CHN 0 1933274211269 7733096845076
17084 CHN 0 1933366866600 7733467466400
17085 OFL *  1
17086 CHN 0 1933481251647 7733925006588
17087 OFL *  1
17088 CHN 0 1933598277647 7734393110588
17089 CHN 0 1933613223087 7734452892348
17090 CHN 0 1933774930809 7735099723236
17091 OFL *  1
17092 OFL *  1
17093 OFL *  1
17094 OFL *  1
17095 OFL *  1
17096 OFL *  1
17097 OFL *  1
17098 CHN 0 1935166805797 7740667223188
17099 CHN 0 1935262719177 7741050876708
17100 OFL *  1
17101 CHN 0 1935357615683 7741430462732
17102 OFL *  1
17103 OFL *  1
17104 CHN 0 1935694820180 7742779280720
17105 OFL *  1
17106 OFL *  1
17107 CHN 0 1936108984147 7744435936588
17108 OFL *  1
17109 CHN 0 1936461683846 7745846735384
17110 CHN 0 1936478865005 7745915460020
17111 CHN 0 1936498282935 7745993131740
17112 OFL *  1
17113 OFL *  1
17114 OFL *  1
17115 CHN 0 1937008594485 7748034377940
17116 OFL *  1
17117 CHN 0 1937174370115 7748697480460
17118 OFL *  1
17119 OFL *  1
17120 CHN 0 1937751869191 7751007476764
17121 CHN 0 1937757501414 7751030005656
17122 OFL *  1
17123 CHN 0 1937943827932 7751775311728
17124 OFL *  1
17125 OFL *  1
17126 CHN 0 1938400757926 7753603031704
17127 OFL *  1
17128 OFL *  1
17129 CHN 0 1938640756822 7754563027288
17130 CHN 0 1938656135916 7754624543664
17131 CHN 0 1938742959124 7754971836496
17132 CHN 0 1938768690647 7755074762588
17133 OFL *  1
17134 CHN 0 1938895374125 7755581496500
17135 OFL *  1
17136 OFL *  1
17137 OFL *  1
17138 OFL *  1
17139 OFL *  1
17140 OFL *  1
17141 OFL *  1
17142 CHN 0 1940492985663 7761971942652
17143 OFL *  1
17144 OFL *  1
17145 CHN 0 1940783525744 7763134102976
17146 OFL *  1
17147 CHN 0 1941038834553 7764155338212
17148 OFL *  1
17149 CHN 0 1941226615548 7764906462192
17150 OFL *  1
17151 CHN 0 1941394335991 7765577343964
17152 CHN 0 1941433250999 7765733003996
17153 CHN 0 1941583180124 7766332720496
17154 OFL *  1
17155 CHN 0 1941776449884 7767105799536
17156 OFL *  1
17157 OFL *  1
17158 OFL *  1
17159 OFL *  1
17160 OFL *  1
17161 CHN 0 1942644829851 7770579319404
17162 OFL *  1
17163 OFL *  1
17164 CHN 0 1943215460723 7772861842892
17165 OFL *  1
17166 CHN 0 1943443967066 7773775868264
17167 OFL *  1
17168 OFL *  1
17169 OFL *  1
17170 CHN 0 1943930664722 7775722658888
17171 CHN 0 1944058882908 7776235531632
17172 OFL *  1
17173 OFL *  1
17174 CHN 0 1944461750545 7777847002180
17175 CHN 0 1944522219756 7778088879024
17176 OFL *  1
17177 OFL *  1
17178 OFL *  1
17179 CHN 0 1945000902547 7780003610188
17180 CHN 0 1945044581164 7780178324656
17181 OFL *  1
17182 OFL *  1
17183 OFL *  1
17184 CHN 0 1945779710377 7783118841508
17185 OFL *  1
17186 OFL *  1
17187 CHN 0 1946143587304 7784574349216
17188 OFL *  1
17189 CHN 0 1946404302753 7785617211012
17190 OFL *  1
17191 OFL *  1
17192 CHN 0 1946724999845 7786899999380
17193 OFL *  1
17194 OFL *  1
17195 CHN 0 1947145728193 7788582912772
17196 OFL *  1
17197 CHN 0 1947286547051 7789146188204
17198 CHN 0 1947447795929 7789791183716
17199 OFL *  1
17200 OFL *  1
17201 OFL *  1
17202 CHN 0 1948033709913 7792134839652
17203 CHN 0 1948084921655 7792339686620
17204 OFL *  1
17205 CHN 0 1948188416040 7792753664160
17206 CHN 0 1948210111634 7792840446536
17207 OFL *  1
17208 CHN 0 1948490699443 7793962797772
17209 OFL *  1
17210 CHN 0 1948543732842 7794174931368
17211 CHN 0 1948710589903 7794842359612
17212 OFL *  1
17213 CHN 0 1948872514728 7795490058912
17214 CHN 0 1948899307132 7795597228528
17215 OFL *  1
17216 CHN 0 1949034364019 7796137456076
17217 CHN 0 1949060578178 7796242312712
17218 OFL *  1
17219 OFL *  1
17220 OFL *  1
17221 CHN 0 1949713704632 7798854818528
17222 OFL *  1
17223 CHN 0 1949827287455 7799309149820
17224 OFL *  1
17225 CHN 0 1950077216650 7800308866600
17226 OFL *  1
17227 OFL *  1
17228 OFL *  1
17229 OFL *  1
17230 CHN 0 1950876133377 7803504533508
17231 OFL *  1
17232 CHN 0 1951171578830 7804686315320
17233 OFL *  1
17234 CHN 0 1951418709868 7805674839472
17235 OFL *  1
17236 OFL *  1
17237 OFL *  1
17238 CHN 0 1951924747903 7807698991612
17239 CHN 0 1951945973805 7807783895220
17240 OFL *  1
17241 CHN 0 1952137131796 7808548527184
17242 CHN 0 1952152780709 7808611122836
17243 CHN 0 1952213570614 7808854282456
17244 OFL *  1
17245 OFL *  1
17246 CHN 0 1952612873109 7810451492436
17247 OFL *  1
17248 OFL *  1
17249 OFL *  1
17250 CHN 0 1953191266307 7812765065228
17251 CHN 0 1953250707890 7813002831560
17252 OFL *  1
17253 OFL *  1
17254 CHN 0 1953699283697 7814797134788
17255 OFL *  1
17256 CHN 0 1953864419747 7815457678988
17257 OFL *  1
17258 CHN 0 1954070971424 7816283885696
17259 CHN 0 1954107041455 7816428165820
17260 OFL *  1
17261 CHN 0 1954241875477 7816967501908
17262 OFL *  1
17263 CHN 0 1954517529718 7818070118872
17264 CHN 0 1954548958237 7818195832948
17265 OFL *  1
17266 OFL *  1
17267 OFL *  1
17268 CHN 0 1955249655917 7820998623668
17269 OFL *  1
17270 OFL *  1
17271 OFL *  1
17272 OFL *  1
17273 CHN 0 1955977493435 7823909973740
17274 OFL *  1
17275 CHN 0 1956190796743 7824763186972
17276 OFL *  1
17277 CHN 0 1956427748005 7825710992020
17278 CHN 0 1956431148771 7825724595084
17279 OFL *  1
17280 OFL *  1
17281 CHN 0 1956810652068 7827242608272
17282 CHN 0 1956933168771 7827732675084
17283 OFL *  1
17284 CHN 0 1957146624929 7828586499716
17285 OFL *  1
17286 OFL *  1
17287 OFL *  1
17288 OFL *  1
17289 CHN 0 1958017067027 7832068268108
17290 OFL *  1
17291 OFL *  1
17292 OFL *  1
17293 OFL *  1
17294 CHN 0 1958808615750 7835234463000
17295 OFL *  1
17296 CHN 0 1958907989425 7835631957700
17297 CHN 0 1959003102288 7836012409152
17298 OFL *  1
17299 CHN 0 1959137849880 7836551399520
17300 CHN 0 1959269314955 7837077259820
17301 OFL *  1
17302 CHN 0 1959400449718 7837601798872
17303 CHN 0 1959484640016 7837938560064
17304 OFL *  1
17305 OFL *  1
17306 OFL *  1
17307 OFL *  1
17308 CHN 0 1960254588685 7841018354740
17309 OFL *  1
17310 CHN 0 1960376913583 7841507654332
17311 CHN 0 1960483724764 7841934899056
17312 OFL *  1
17313 CHN 0 1960600001063 7842400004252
17314 OFL *  1
17315 OFL *  1
17316 CHN 0 1961032797129 7844131188516
17317 CHN 0 1961037653321 7844150613284
17318 CHN 0 1961040487899 7844161951596
17319 CHN 0 1961111603580 7844446414320
17320 CHN 0 1961175985551 7844703942204
17321 OFL *  1
17322 CHN 0 1961191235561 7844764942244
17323 CHN 0 1961210391432 7844841565728
17324 CHN 0 1961254146494 7845016585976
17325 CHN 0 1961280884033 7845123536132
17326 CHN 0 1961284268565 7845137074260
17327 OFL *  1
17328 CHN 0 1961550728081 7846202912324
17329 OFL *  1
17330 CHN 0 1961648136188 7846592544752
17331 CHN 0 1961725816123 7846903264492
17332 OFL *  1
17333 CHN 0 1961939256024 7847757024096
17334 OFL *  1
17335 OFL *  1
17336 OFL *  1
17337 CHN 0 1962539217917 7850156871668
17338 OFL *  1
17339 OFL *  1
17340 CHN 0 1962871594562 7851486378248
17341 OFL *  1
17342 OFL *  1
17343 OFL *  1
17344 CHN 0 1963503036448 7854012145792
17345 OFL *  1
17346 OFL *  1
17347 CHN 0 1963974977057 7855899908228
17348 OFL *  1
17349 CHN 0 1964263489967 7857053959868
17350 CHN 0 1964291241729 7857164966916
17351 OFL *  1
17352 CHN 0 1964416982645 7857667930580
17353 OFL *  1
17354 CHN 0 1964620948871 7858483795484
17355 OFL *  1
17356 CHN 0 1964816222598 7859264890392
17357 CHN 0 1964829357770 7859317431080
17358 OFL *  1
17359 CHN 0 1965167138546 7860668554184
17360 OFL *  1
17361 CHN 0 1965270687243 7861082748972
17362 OFL *  1
17363 CHN 0 1965501781881 7862007127524
17364 OFL *  1
17365 CHN 0 1965731907197 7862927628788
17366 OFL *  1
17367 OFL *  1
17368 OFL *  1
17369 CHN 0 1966242089465 7864968357860
17370 CHN 0 1966445714627 7865782858508
17371 OFL *  1
17372 CHN 0 1966466445341 7865865781364
17373 CHN 0 1966472295835 7865889183340
17374 OFL *  1
17375 CHN 0 1966672408392 7866689633568
17376 CHN 0 1966840413794 7867361655176
17377 OFL *  1
17378 OFL *  1
17379 CHN 0 1967110119505 7868440478020
17380 OFL *  1
17381 OFL *  1
17382 OFL *  1
17383 OFL *  1
17384 OFL *  1
17385 CHN 0 1968275542526 7873102170104
17386 OFL *  1
17387 CHN 0 1968472556766 7873890227064
17388 OFL *  1
17389 CHN 0 1968626458236 7874505832944
17390 OFL *  1
17391 OFL *  1
17392 OFL *  1
17393 OFL *  1
17394 CHN 0 1969449652296 7877798609184
17395 OFL *  1
17396 CHN 0 1969778963359 7879115853436
17397 OFL *  1
17398 CHN 0 1969927645364 7879710581456
17399 OFL *  1
17400 CHN 0 1970071466026 7880285864104
17401 CHN 0 1970190386763 7880761547052
17402 CHN 0 1970217476521 7880869906084
17403 OFL *  1
17404 OFL *  1
17405 CHN 0 1970589676633 7882358706532
17406 OFL *  1
17407 OFL *  1
17408 OFL *  1
17409 OFL *  1
17410 CHN 0 1971299886722 7885199546888
17411 CHN 0 1971360079225 7885440316900
17412 CHN 0 1971501726720 7886006906880
17413 CHN 0 1971501807006 7886007228024
17414 OFL *  1
17415 CHN 0 1971608886083 7886435544332
17416 OFL *  1
17417 CHN 0 1971761196838 7887044787352
17418 CHN 0 1971846960147 7887387840588
17419 OFL *  1
17420 OFL *  1
17421 CHN 0 1972187231344 7888748925376
17422 OFL *  1
17423 OFL *  1
17424 OFL *  1
17425 OFL *  1
17426 CHN 0 1973022709182 7892090836728
17427 CHN 0 1973149392171 7892597568684
17428 OFL *  1
17429 OFL *  1
17430 CHN 0 1973527596062 7894110384248
17431 OFL *  1
17432 CHN 0 1973798356534 7895193426136
17433 OFL *  1
17434 OFL *  1
17435 OFL *  1
17436 CHN 0 1974283340761 7897133363044
17437 OFL *  1
17438 OFL *  1
17439 CHN 0 1974689649200 7898758596800
17440 OFL *  1
17441 OFL *  1
17442 OFL *  1
17443 OFL *  1
17444 OFL *  1
17445 CHN 0 1975765451770 7903061807080
17446 CHN 0 1975765904945 7903063619780
17447 OFL *  1
17448 OFL *  1
17449 CHN 0 1976146623644 7904586494576
17450 OFL *  1
17451 OFL *  1
17452 OFL *  1
17453 CHN 0 1976878064712 7907512258848
17454 OFL *  1
17455 OFL *  1
17456 CHN 0 1977286431268 7909145725072
17457 OFL *  1
17458 CHN 0 1977558544911 7910234179644
17459 OFL *  1
17460 OFL *  1
17461 OFL *  1
17462 CHN 0 1978109249118 7912436996472
17463 CHN 0 1978151581534 7912606326136
17464 OFL *  1
17465 OFL *  1
17466 OFL *  1
17467 OFL *  1
17468 CHN 0 1978892290615 7915569162460
17469 CHN 0 1979036136705 7916144546820
17470 OFL *  1
17471 OFL *  1
17472 OFL *  1
17473 OFL *  1
17474 CHN 0 1979853824069 7919415296276
17475 OFL *  1
17476 OFL *  1
17477 OFL *  1
17478 OFL *  1
17479 CHN 0 1980602319830 7922409279320
17480 OFL *  1
17481 OFL *  1
17482 CHN 0 1981123427158 7924493708632
17483 OFL *  1
17484 OFL *  1
17485 OFL *  1
17486 OFL *  1
17487 OFL *  1
17488 CHN 0 1982062408234 7928249632936
17489 OFL *  1
17490 CHN 0 1982276572027 7929106288108
17491 CHN 0 1982330722698 7929322890792
17492 OFL *  1
17493 OFL *  1
17494 OFL *  1
17495 OFL *  1
17496 CHN 0 1983152158114 7932608632456
17497 CHN 0 1983231276934 7932925107736
17498 OFL *  1
17499 OFL *  1
17500 CHN 0 1983629381010 7934517524040
17501 OFL *  1
17502 CHN 0 1983757384377 7935029537508
17503 CHN 0 1983831125608 7935324502432
17504 OFL *  1
17505 CHN 0 1984070921831 7936283687324
17506 OFL *  1
17507 CHN 0 1984246157780 7936984631120
17508 CHN 0 1984248143630 7936992574520
17509 CHN 0 1984298188737 7937192754948
17510 OFL *  1
17511 CHN 0 1984411003081 7937644012324
17512 OFL *  1
17513 OFL *  1
17514 OFL *  1
17515 OFL *  1
17516 CHN 0 1985313927847 7941255711388
17517 OFL *  1
17518 OFL *  1
17519 CHN 0 1985706350197 7942825400788
17520 OFL *  1
17521 CHN 0 1985870326870 7943481307480
17522 CHN 0 1985910803737 7943643214948
17523 OFL *  1
17524 CHN 0 1986147521267 7944590085068
17525 OFL *  1
17526 OFL *  1
17527 CHN 0 1986585728702 7946342914808
17528 OFL *  1
17529 OFL *  1
17530 CHN 0 1986888538439 7947554153756
17531 CHN 0 1986930981112 7947723924448
17532 CHN 0 1986939252504 7947757010016
17533 OFL *  1
17534 CHN 0 1987130730267 7948522921068
17535 OFL *  1
17536 OFL *  1
17537 CHN 0 1987630176760 7950520707040
17538 CHN 0 1987670638036 7950682552144
17539 OFL *  1
17540 OFL *  1
17541 CHN 0 1987989200569 7951956802276
17542 OFL *  1
17543 OFL *  1
17544 CHN 0 1988410724798 7953642899192
17545 OFL *  1
17546 CHN 0 1988611854325 7954447417300
17547 OFL *  1
17548 OFL *  1
17549 OFL *  1
17550 OFL *  1
17551 OFL *  1
17552 CHN 0 1989760523443 7959042093772
17553 OFL *  1
17554 OFL *  1
17555 OFL *  1
17556 OFL *  1
17557 CHN 0 1990559279916 7962237119664
17558 CHN 0 1990567166602 7962268666408
17559 OFL *  1
17560 OFL *  1
17561 CHN 0 1990948590524 7963794362096
17562 OFL *  1
17563 OFL *  1
17564 CHN 0 1991473621638 7965894486552
17565 OFL *  1
17566 CHN 0 1991594369094 7966377476376
17567 OFL *  1
17568 OFL *  1
17569 OFL *  1
17570 CHN 0 1992245876590 7968983506360
17571 OFL *  1
17572 OFL *  1
17573 CHN 0 1992713377209 7970853508836
17574 OFL *  1
17575 OFL *  1
17576 OFL *  1
17577 CHN 0 1993209073964 7972836295856
17578 OFL *  1
17579 CHN 0 1993558225373 7974232901492
17580 OFL *  1
17581 CHN 0 1993633913079 7974535652316
17582 CHN 0 1993811751555 7975247006220
17583 OFL *  1
17584 OFL *  1
17585 OFL *  1
17586 OFL *  1
17587 OFL *  1
17588 OFL *  1
17589 OFL *  1
17590 OFL *  1
17591 CHN 0 1995341718463 7981366873852
17592 CHN 0 1995395076697 7981580306788
17593 OFL *  1
17594 CHN 0 1995653011627 7982612046508
17595 OFL *  1
17596 CHN 0 1995772648098 7983090592392
17597 OFL *  1
17598 CHN 0 1996021928068 7984087712272
17599 CHN 0 1996149373529 7984597494116
17600 OFL *  1
17601 CHN 0 1996197806549 7984791226196
17602 CHN 0 1996300281931 7985201127724
17603 OFL *  1
17604 CHN 0 1996451998535 7985807994140
17605 OFL *  1
17606 CHN 0 1996621272270 7986485089080
17607 OFL *  1
17608 OFL *  1
17609 OFL *  1
17610 CHN 0 1997377396973 7989509587892
17611 OFL *  1
17612 OFL *  1
17613 OFL *  1
17614 OFL *  1
17615 OFL *  1
17616 OFL *  1
17617 OFL *  1
17618 CHN 0 1998757871915 7995031487660
17619 OFL *  1
17620 OFL *  1
17621 CHN 0 1999154912152 7996619648608
17622 OFL *  1
17623 OFL *  1
17624 CHN 0 1999579387500 7998317550000
17625 OFL *  1
17626 CHN 0 1999759872640 7999039490560
17627 CHN 0 1999922489736 7999689958944
17628 OFL *  1
17629 OFL *  1
17630 OFL *  1
17631 CHN 0 2000373790421 8001495161684
17632 CHN 0 2000427146867 8001708587468
17633 CHN 0 2000475590827 8001902363308
17634 OFL *  1
17635 CHN 0 2000767467719 8003069870876
17636 OFL *  1
17637 CHN 0 2000882250156 8003529000624
17638 OFL *  1
17639 OFL *  1
17640 OFL *  1
17641 OFL *  1
17642 OFL *  1
17643 CHN 0 2001884697325 8007538789300
17644 CHN 0 2001999012471 8007996049884
17645 OFL *  1
17646 CHN 0 2002055558717 8008222234868
17647 CHN 0 2002069152760 8008276611040
17648 OFL *  1
17649 CHN 0 2002271874210 8009087496840
17650 CHN 0 2002344078493 8009376313972
17651 OFL *  1
17652 CHN 0 2002574300471 8010297201884
17653 OFL *  1
17654 CHN 0 2002819904930 8011279619720
17655 CHN 0 2002879822264 8011519289056
17656 OFL *  1
17657 CHN 0 2002905222440 8011620889760
17658 OFL *  1
17659 OFL *  1
17660 OFL *  1
17661 CHN 0 2003549152358 8014196609432
17662 CHN 0 2003716124276 8014864497104
17663 OFL *  1
17664 OFL *  1
17665 OFL *  1
17666 CHN 0 2004233332470 8016933329880
17667 OFL *  1
17668 OFL *  1
17669 OFL *  1
17670 CHN 0 2004946812817 8019787251268
17671 OFL *  1
17672 OFL *  1
17673 OFL *  1
17674 OFL *  1
17675 OFL *  1
17676 OFL *  1
17677 CHN 0 2006081810301 8024327241204
17678 CHN 0 2006109202109 8024436808436
17679 OFL *  1
17680 CHN 0 2006398129933 8025592519732
17681 OFL *  1
17682 CHN 0 2006666813389 8026667253556
17683 OFL *  1
17684 OFL *  1
17685 CHN 0 2006907605328 8027630421312
17686 CHN 0 2006985958849 8027943835396
17687 CHN 0 2006992476383 8027969905532
17688 OFL *  1
17689 OFL *  1
17690 OFL *  1
17691 OFL *  1
17692 OFL *  1
17693 CHN 0 2008145401925 8032581607700
17694 OFL *  1
17695 OFL *  1
17696 OFL *  1
17697 OFL *  1
17698 CHN 0 2008830991108 8035323964432
17699 OFL *  1
17700 CHN 0 2009110300639 8036441202556
17701 CHN 0 2009185547590 8036742190360
17702 OFL *  1
17703 OFL *  1
17704 OFL *  1
17705 CHN 0 2009657537061 8038630148244
17706 OFL *  1
17707 OFL *  1
17708 CHN 0 2010146085046 8040584340184
17709 OFL *  1
17710 OFL *  1
17711 CHN 0 2010525313652 8042101254608
17712 OFL *  1
17713 CHN 0 2010883222106 8043532888424
17714 OFL *  1
17715 CHN 0 2010945842164 8043783368656
17716 OFL *  1
17717 OFL *  1
17718 OFL *  1
17719 CHN 0 2011574900763 8046299603052
17720 OFL *  1
17721 CHN 0 2011819669264 8047278677056
17722 OFL *  1
17723 OFL *  1
17724 OFL *  1
17725 OFL *  1
17726 OFL *  1
17727 OFL *  1
17728 CHN 0 2013085347500 8052341390000
17729 OFL *  1
17730 OFL *  1
17731 OFL *  1
17732 OFL *  1
17733 OFL *  1
17734 OFL *  1
17735 CHN 0 2014322948428 8057291793712
17736 CHN 0 2014464239481 8057856957924
17737 OFL *  1
17738 CHN 0 2014683929828 8058735719312
17739 OFL *  1
17740 OFL *  1
17741 CHN 0 2014954872869 8059819491476
17742 OFL *  1
17743 OFL *  1
17744 OFL *  1
17745 OFL *  1
17746 CHN 0 2015830671319 8063322685276
17747 OFL *  1
17748 OFL *  1
17749 CHN 0 2016207045073 8064828180292
17750 CHN 0 2016244641516 8064978566064
17751 OFL *  1
17752 CHN 0 2016391022769 8065564091076
17753 OFL *  1
17754 OFL *  1
17755 OFL *  1
17756 CHN 0 2017196831647 8068787326588
17757 OFL *  1
17758 OFL *  1
17759 CHN 0 2017554223460 8070216893840
17760 OFL *  1
17761 OFL *  1
17762 OFL *  1
17763 CHN 0 2018250508503 8073002034012
17764 OFL *  1
17765 OFL *  1
17766 OFL *  1
17767 CHN 0 2018771899340 8075087597360
17768 OFL *  1
17769 CHN 0 2019116813442 8076467253768
17770 OFL *  1
17771 OFL *  1
17772 OFL *  1
17773 OFL *  1
17774 CHN 0 2019812838819 8079251355276
17775 OFL *  1
17776 CHN 0 2020125602498 8080502409992
17777 OFL *  1
17778 OFL *  1
17779 CHN 0 2020539945965 8082159783860
17780 OFL *  1
17781 OFL *  1
17782 CHN 0 2020867732176 8083470928704
17783 OFL *  1
17784 CHN 0 2021091495108 8084365980432
17785 CHN 0 2021109881528 8084439526112
17786 OFL *  1
17787 CHN 0 2021394164242 8085576656968
17788 OFL *  1
17789 CHN 0 2021527781075 8086111124300
17790 OFL *  1
17791 CHN 0 2021707445311 8086829781244
17792 CHN 0 2021837441443 8087349765772
17793 OFL *  1
17794 OFL *  1
17795 CHN 0 2022200131935 8088800527740
17796 OFL *  1
17797 OFL *  1
17798 OFL *  1
17799 OFL *  1
17800 OFL *  1
17801 OFL *  1
17802 CHN 0 2023500034300 8094000137200
17803 CHN 0 2023502361683 8094009446732
17804 OFL *  1
17805 OFL *  1
17806 CHN 0 2023815875116 8095263500464
17807 CHN 0 2023912263558 8095649054232
17808 OFL *  1
17809 CHN 0 2024038399559 8096153598236
17810 OFL *  1
17811 CHN 0 2024321321856 8097285287424
17812 CHN 0 2024384936242 8097539744968
17813 OFL *  1
17814 OFL *  1
17815 CHN 0 2024717976292 8098871905168
17816 CHN 0 2024732555678 8098930222712
17817 CHN 0 2024789173794 8099156695176
17818 OFL *  1
17819 OFL *  1
17820 CHN 0 2025100391779 8100401567116
17821 CHN 0 2025117864917 8100471459668
17822 CHN 0 2025189545560 8100758182240
17823 CHN 0 2025202227641 8100808910564
17824 OFL *  1
17825 OFL *  1
17826 OFL *  1
17827 OFL *  1
17828 OFL *  1
17829 CHN 0 2026087526309 8104350105236
17830 CHN 0 2026175144669 8104700578676
17831 OFL *  1
17832 OFL *  1
17833 OFL *  1
17834 OFL *  1
17835 OFL *  1
17836 OFL *  1
17837 CHN 0 2027388262087 8109553048348
17838 OFL *  1
17839 CHN 0 2027640024452 8110560097808
17840 CHN 0 2027727172409 8110908689636
17841 OFL *  1
17842 CHN 0 2027883125920 8111532503680
17843 OFL *  1
17844 CHN 0 2028063226659 8112252906636
17845 OFL *  1
17846 OFL *  1
17847 CHN 0 2028441698873 8113766795492
17848 OFL *  1
17849 CHN 0 2028662642759 8114650571036
17850 OFL *  1
17851 OFL *  1
17852 OFL *  1
17853 OFL *  1
17854 OFL *  1
17855 OFL *  1
17856 OFL *  1
17857 CHN 0 2030243206425 8120972825700
17858 OFL *  1
17859 CHN 0 2030408125326 8121632501304
17860 OFL *  1
17861 OFL *  1
17862 OFL *  1
17863 OFL *  1
17864 CHN 0 2031138510458 8124554041832
17865 CHN 0 2031294289363 8125177157452
17866 OFL *  1
17867 OFL *  1
17868 OFL *  1
17869 OFL *  1
17870 OFL *  1
17871 OFL *  1
17872 CHN 0 2032520180920 8130080723680
17873 OFL *  1
17874 OFL *  1
17875 CHN 0 2032818816615 8131275266460
17876 CHN 0 2033021847438 8132087389752
17877 OFL *  1
17878 CHN 0 2033185119274 8132740477096
17879 OFL *  1
17880 OFL *  1
17881 CHN 0 2033535174189 8134140696756
17882 CHN 0 2033581028014 8134324112056
17883 OFL *  1
17884 CHN 0 2033668252461 8134673009844
17885 CHN 0 2033798340603 8135193362412
17886 OFL *  1
17887 CHN 0 2033878856267 8135515425068
17888 OFL *  1
17889 CHN 0 2034175546255 8136702185020
17890 OFL *  1
17891 CHN 0 2034489616183 8137958464732
17892 OFL *  1
17893 CHN 0 2034539611085 8138158444340
17894 OFL *  1
17895 CHN 0 2034753596744 8139014386976
17896 OFL *  1
17897 CHN 0 2035046837173 8140187348692
17898 OFL *  1
17899 CHN 0 2035135353243 8140541412972
17900 OFL *  1
17901 CHN 0 2035398573241 8141594292964
17902 OFL *  1
17903 CHN 0 2035658907957 8142635631828
17904 CHN 0 2035720049557 8142880198228
17905 CHN 0 2035758887319 8143035549276
17906 OFL *  1
17907 OFL *  1
17908 OFL *  1
17909 OFL *  1
17910 CHN 0 2036456988215 8145827952860
17911 CHN 0 2036502726544 8146010906176
17912 OFL *  1
17913 OFL *  1
17914 OFL *  1
17915 OFL *  1
17916 OFL *  1
17917 CHN 0 2037546205743 8150184822972
17918 CHN 0 2037557430153 8150229720612
17919 CHN 0 2037585412790 8150341651160
17920 OFL *  1
17921 OFL *  1
17922 OFL *  1
17923 CHN 0 2038286515850 8153146063400
17924 OFL *  1
17925 CHN 0 2038426957312 8153707829248
17926 OFL *  1
17927 CHN 0 2038582623083 8154330492332
17928 OFL *  1
17929 OFL *  1
17930 OFL *  1
17931 OFL *  1
17932 OFL *  1
17933 CHN 0 2039760753992 8159043015968
17934 OFL *  1
17935 CHN 0 2039937346477 8159749385908
17936 OFL *  1
17937 CHN 0 2039981680488 8159926721952
17938 OFL *  1
17939 OFL *  1
17940 OFL *  1
17941 CHN 0 2040790246099 8163160984396
17942 OFL *  1
17943 OFL *  1
17944 OFL *  1
17945 CHN 0 2041346699679 8165386798716
17946 CHN 0 2041435123910 8165740495640
17947 CHN 0 2041440644903 8165762579612
17948 OFL *  1
17949 OFL *  1
17950 OFL *  1
17951 OFL *  1
17952 CHN 0 2042183649196 8168734596784
17953 OFL *  1
17954 OFL *  1
17955 OFL *  1
17956 CHN 0 2042783117060 8171132468240
17957 CHN 0 2042801739485 8171206957940
17958 OFL *  1
17959 CHN 0 2043089803904 8172359215616
17960 OFL *  1
17961 CHN 0 2043228265039 8172913060156
17962 OFL *  1
17963 OFL *  1
17964 CHN 0 2043565129857 8174260519428
17965 OFL *  1
17966 OFL *  1
17967 CHN 0 2044005888347 8176023553388
17968 CHN 0 2044147315826 8176589263304
17969 OFL *  1
17970 OFL *  1
17971 OFL *  1
17972 CHN 0 2044651329049 8178605316196
17973 CHN 0 2044683373881 8178733495524
17974 CHN 0 2044722352129 8178889408516
17975 CHN 0 2044820617493 8179282469972
17976 OFL *  1
17977 OFL *  1
17978 CHN 0 2045215556046 8180862224184
17979 OFL *  1
17980 CHN 0 2045302790365 8181211161460
17981 OFL *  1
17982 CHN 0 2045481561818 8181926247272
17983 OFL *  1
17984 OFL *  1
17985 CHN 0 2045898908479 8183595633916
17986 OFL *  1
17987 CHN 0 2046195685140 8184782740560
17988 CHN 0 2046231385226 8184925540904
17989 OFL *  1
17990 CHN 0 2046308370199 8185233480796
17991 OFL *  1
17992 CHN 0 2046703387136 8186813548544
17993 OFL *  1
17994 CHN 0 2046882389714 8187529558856
17995 OFL *  1
17996 CHN 0 2046986984723 8187947938892
17997 CHN 0 2046999535997 8187998143988
17998 OFL *  1
17999 CHN 0 2047153448576 8188613794304
18000 CHN 0 2047302248820 8189208995280
18001 CHN 0 2047305821631 8189223286524
18002 OFL *  1
18003 CHN 0 2047389509999 8189558039996
18004 CHN 0 2047412553610 8189650214440
18005 OFL *  1
18006 CHN 0 2047639444676 8190557778704
18007 CHN 0 2047706250948 8190825003792
18008 OFL *  1
18009 CHN 0 2047793624706 8191174498824
18010 CHN 0 2047822485335 8191289941340
18011 CHN 0 2047921775482 8191687101928
18012 OFL *  1
18013 CHN 0 2048120758882 8192483035528
18014 OFL *  1
18015 CHN 0 2048225821439 8192903285756
18016 CHN 0 2048241917906 8192967671624
18017 CHN 0 2048312672432 8193250689728
18018 OFL *  1
18019 CHN 0 2048446118043 8193784472172
18020 CHN 0 2048549725570 8194198902280
18021 CHN 0 2048558294084 8194233176336
18022 CHN 0 2048586828851 8194347315404
18023 OFL *  1
18024 OFL *  1
18025 OFL *  1
18026 OFL *  1
18027 CHN 0 2049305830710 8197223322840
18028 CHN 0 2049432098018 8197728392072
18029 OFL *  1
18030 CHN 0 2049530456412 8198121825648
18031 OFL *  1
18032 CHN 0 2049876858774 8199507435096
18033 OFL *  1
18034 CHN 0 2049931918049 8199727672196
18035 OFL *  1
18036 OFL *  1
18037 CHN 0 2050418645673 8201674582692
18038 CHN 0 2050424038757 8201696155028
18039 OFL *  1
18040 CHN 0 2050521526656 8202086106624
18041 OFL *  1
18042 CHN 0 2050745840725 8202983362900
18043 CHN 0 2050828444306 8203313777224
18044 OFL *  1
18045 OFL *  1
18046 OFL *  1
18047 OFL *  1
18048 CHN 0 2051583410075 8206333640300
18049 OFL *  1
18050 CHN 0 2051785500977 8207142003908
18051 CHN 0 2051985112442 8207940449768
18052 OFL *  1
18053 CHN 0 2052019244613 8208076978452
18054 OFL *  1
18055 OFL *  1
18056 CHN 0 2052465353042 8209861412168
18057 OFL *  1
18058 CHN 0 2052646831401 8210587325604
18059 OFL *  1
18060 OFL *  1
18061 OFL *  1
18062 OFL *  1
18063 CHN 0 2053527273142 8214109092568
18064 OFL *  1
18065 CHN 0 2053704966842 8214819867368
18066 CHN 0 2053721179632 8214884718528
18067 CHN 0 2053726884322 8214907537288
18068 CHN 0 2053750506290 8215002025160
18069 CHN 0 2053806414121 8215225656484
18070 CHN 0 2053817972507 8215271890028
18071 OFL *  1
18072 CHN 0 2054016921899 8216067687596
18073 OFL *  1
18074 CHN 0 2054199050058 8216796200232
18075 OFL *  1
18076 OFL *  1
18077 CHN 0 2054530727823 8218122911292
18078 CHN 0 2054596916141 8218387664564
18079 OFL *  1
18080 OFL *  1
18081 CHN 0 2054986458451 8219945833804
18082 OFL *  1
18083 CHN 0 2055192041880 8220768167520
18084 OFL *  1
18085 CHN 0 2055520640899 8222082563596
18086 OFL *  1
18087 CHN 0 2055671610895 8222686443580
18088 OFL *  1
18089 CHN 0 2055788482428 8223153929712
18090 CHN 0 2055973358515 8223893434060
18091 OFL *  1
18092 OFL *  1
18093 CHN 0 2056207743951 8224830975804
18094 CHN 0 2056325418257 8225301673028
18095 OFL *  1
18096 CHN 0 2056427453036 8225709812144
18097 OFL *  1
18098 CHN 0 2056668406081 8226673624324
18099 OFL *  1
18100 CHN 0 2056876227583 8227504910332
18101 OFL *  1
18102 OFL *  1
18103 CHN 0 2057350585496 8229402341984
18104 CHN 0 2057406666037 8229626664148
18105 OFL *  1
18106 CHN 0 2057620455771 8230481823084
18107 CHN 0 2057647462926 8230589851704
18108 OFL *  1
18109 CHN 0 2057689789472 8230759157888
18110 CHN 0 2057745479271 8230981917084
18111 OFL *  1
18112 CHN 0 2058055963132 8232223852528
18113 OFL *  1
18114 CHN 0 2058148402343 8232593609372
18115 OFL *  1
18116 CHN 0 2058355298995 8233421195980
18117 OFL *  1
18118 OFL *  1
18119 CHN 0 2058819268440 8235277073760
18120 CHN 0 2058843803208 8235375212832
18121 OFL *  1
18122 CHN 0 2059014015642 8236056062568
18123 CHN 0 2059022695248 8236090780992
18124 CHN 0 2059108139120 8236432556480
18125 OFL *  1
18126 CHN 0 2059197673791 8236790695164
18127 CHN 0 2059217256438 8236869025752
18128 OFL *  1
18129 CHN 0 2059561691991 8238246767964
18130 OFL *  1
18131 CHN 0 2059683400798 8238733603192
18132 OFL *  1
18133 OFL *  1
18134 CHN 0 2059998098315 8239992393260
18135 OFL *  1
18136 CHN 0 2060390664001 8241562656004
18137 OFL *  1
18138 OFL *  1
18139 CHN 0 2060762399483 8243049597932
18140 OFL *  1
18141 OFL *  1
18142 CHN 0 2061220657536 8244882630144
18143 OFL *  1
18144 OFL *  1
18145 CHN 0 2061589288947 8246357155788
18146 OFL *  1
18147 CHN 0 2061850246428 8247400985712
18148 OFL *  1
18149 CHN 0 2061922154187 8247688616748
18150 OFL *  1
18151 OFL *  1
18152 CHN 0 2062377339459 8249509357836
18153 CHN 0 2062438517276 8249754069104
18154 OFL *  1
18155 CHN 0 2062709202541 8250836810164
18156 OFL *  1
18157 OFL *  1
18158 CHN 0 2063134140611 8252536562444
18159 OFL *  1
18160 CHN 0 2063163848470 8252655393880
18161 CHN 0 2063262598985 8253050395940
18162 OFL *  1
18163 CHN 0 2063464640570 8253858562280
18164 OFL *  1
18165 CHN 0 2063628126595 8254512506380
18166 OFL *  1
18167 CHN 0 2063805843433 8255223373732
18168 CHN 0 2063896259590 8255585038360
18169 CHN 0 2063972871875 8255891487500
18170 OFL *  1
18171 CHN 0 2064076175760 8256304703040
18172 OFL *  1
18173 CHN 0 2064270188079 8257080752316
18174 CHN 0 2064406679428 8257626717712
18175 CHN 0 2064412439634 8257649758536
18176 OFL *  1
18177 OFL *  1
18178 CHN 0 2064747067499 8258988269996
18179 OFL *  1
18180 OFL *  1
18181 CHN 0 2065117306831 8260469227324
18182 CHN 0 2065229256994 8260917027976
18183 CHN 0 2065260117496 8261040469984
18184 OFL *  1
18185 OFL *  1
18186 OFL *  1
18187 OFL *  1
18188 CHN 0 2065901313408 8263605253632
18189 CHN 0 2066100783635 8264403134540
18190 OFL *  1
18191 OFL *  1
18192 CHN 0 2066514370025 8266057480100
18193 OFL *  1
18194 CHN 0 2066676052745 8266704210980
18195 CHN 0 2066711879966 8266847519864
18196 OFL *  1
18197 CHN 0 2066820994517 8267283978068
18198 CHN 0 2066863669909 8267454679636
18199 OFL *  1
18200 OFL *  1
18201 CHN 0 2067228103637 8268912414548
18202 CHN 0 2067291426024 8269165704096
18203 OFL *  1
18204 OFL *  1
18205 OFL *  1
18206 CHN 0 2067863608924 8271454435696
18207 CHN 0 2067870867245 8271483468980
18208 OFL *  1
18209 OFL *  1
18210 OFL *  1
18211 OFL *  1
18212 OFL *  1
18213 OFL *  1
18214 OFL *  1
18215 OFL *  1
18216 OFL *  1
18217 CHN 0 2069844861851 8279379447404
18218 OFL *  1
18219 CHN 0 2070109297349 8280437189396
18220 OFL *  1
18221 OFL *  1
18222 CHN 0 2070460513359 8281842053436
18223 OFL *  1
18224 CHN 0 2070579417081 8282317668324
18225 OFL *  1
18226 OFL *  1
18227 OFL *  1
18228 CHN 0 2071347381930 8285389527720
18229 OFL *  1
18230 CHN 0 2071481604085 8285926416340
18231 OFL *  1
18232 OFL *  1
18233 OFL *  1
18234 OFL *  1
18235 CHN 0 2072315136714 8289260546856
18236 OFL *  1
18237 OFL *  1
18238 OFL *  1
18239 OFL *  1
18240 OFL *  1
18241 CHN 0 2073426291502 8293705166008
18242 OFL *  1
18243 CHN 0 2073507323719 8294029294876
18244 CHN 0 2073622704675 8294490818700
18245 OFL *  1
18246 CHN 0 2073788949651 8295155798604
18247 OFL *  1
18248 OFL *  1
18249 CHN 0 2074282962525 8297131850100
18250 OFL *  1
18251 CHN 0 2074442871357 8297771485428
18252 OFL *  1
18253 CHN 0 2074550345377 8298201381508
18254 CHN 0 2074577869776 8298311479104
18255 OFL *  1
18256 OFL *  1
18257 CHN 0 2075070731106 8300282924424
18258 OFL *  1
18259 CHN 0 2075353356682 8301413426728
18260 OFL *  1
18261 CHN 0 2075461863843 8301847455372
18262 OFL *  1
18263 OFL *  1
18264 CHN 0 2075869121899 8303476487596
18265 CHN 0 2075869160208 8303476640832
18266 OFL *  1
18267 OFL *  1
18268 OFL *  1
18269 CHN 0 2076574098526 8306296394104
18270 OFL *  1
18271 OFL *  1
18272 OFL *  1
18273 CHN 0 2077230972110 8308923888440
18274 CHN 0 2077245750891 8308983003564
18275 CHN 0 2077249060211 8308996240844
18276 OFL *  1
18277 OFL *  1
18278 CHN 0 2077590277935 8310361111740
18279 OFL *  1
18280 OFL *  1
18281 OFL *  1
18282 CHN 0 2078133853470 8312535413880
18283 OFL *  1
18284 CHN 0 2078413227051 8313652908204
18285 OFL *  1
18286 OFL *  1
18287 OFL *  1
18288 CHN 0 2079013535056 8316054140224
18289 OFL *  1
18290 OFL *  1
18291 OFL *  1
18292 OFL *  1
18293 OFL *  1
18294 CHN 0 2080106435328 8320425741312
18295 OFL *  1
18296 OFL *  1
18297 OFL *  1
18298 OFL *  1
18299 CHN 0 2081017578746 8324070314984
18300 OFL *  1
18301 CHN 0 2081178141584 8324712566336
18302 OFL *  1
18303 CHN 0 2081323597685 8325294390740
18304 CHN 0 2081350968700 8325403874800
18305 OFL *  1
18306 CHN 0 2081625846056 8326503384224
18307 CHN 0 2081652669025 8326610676100
18308 OFL *  1
18309 CHN 0 2081792718623 8327170874492
18310 OFL *  1
18311 CHN 0 2082018425298 8328073701192
18312 OFL *  1
18313 CHN 0 2082165400862 8328661603448
18314 OFL *  1
18315 CHN 0 2082447662802 8329790651208
18316 CHN 0 2082451646382 8329806585528
18317 OFL *  1
18318 OFL *  1
18319 CHN 0 2082812136342 8331248545368
18320 CHN 0 2082927838623 8331711354492
18321 OFL *  1
18322 OFL *  1
18323 OFL *  1
18324 CHN 0 2083466183596 8333864734384
18325 OFL *  1
18326 CHN 0 2083615247455 8334460989820
18327 OFL *  1
18328 OFL *  1
18329 OFL *  1
18330 CHN 0 2084305851735 8337223406940
18331 CHN 0 2084383796246 8337535184984
18332 OFL *  1
18333 CHN 0 2084604632976 8338418531904
18334 OFL *  1
18335 CHN 0 2084715319398 8338861277592
18336 CHN 0 2084758445980 8339033783920
18337 OFL *  1
18338 CHN 0 2084995001518 8339980006072
18339 OFL *  1
18340 CHN 0 2085268232460 8341072929840
18341 OFL *  1
18342 OFL *  1
18343 CHN 0 2085599323901 8342397295604
18344 CHN 0 2085600373532 8342401494128
18345 OFL *  1
18346 CHN 0 2085716787275 8342867149100
18347 OFL *  1
18348 CHN 0 2085972736232 8343890944928
18349 OFL *  1
18350 CHN 0 2086181473221 8344725892884
18351 CHN 0 2086297583525 8345190334100
18352 CHN 0 2086319891452 8345279565808
18353 OFL *  1
18354 OFL *  1
18355 CHN 0 2086559414427 8346237657708
18356 CHN 0 2086646848376 8346587393504
18357 CHN 0 2086650833446 8346603333784
18358 OFL *  1
18359 OFL *  1
18360 CHN 0 2087152393657 8348609574628
18361 OFL *  1
18362 OFL *  1
18363 CHN 0 2087536066482 8350144265928
18364 OFL *  1
18365 OFL *  1
18366 OFL *  1
18367 CHN 0 2088080999718 8352323998872
18368 OFL *  1
18369 CHN 0 2088298070671 8353192282684
18370 OFL *  1
18371 CHN 0 2088632381398 8354529525592
18372 OFL *  1
18373 CHN 0 2088672358683 8354689434732
18374 CHN 0 2088774628427 8355098513708
18375 CHN 0 2088809817503 8355239270012
18376 OFL *  1
18377 OFL *  1
18378 CHN 0 2089074653204 8356298612816
18379 OFL *  1
18380 OFL *  1
18381 OFL *  1
18382 OFL *  1
18383 OFL *  1
18384 CHN 0 2090295716308 8361182865232
18385 OFL *  1
18386 CHN 0 2090449610652 8361798442608
18387 OFL *  1
18388 OFL *  1
18389 OFL *  1
18390 OFL *  1
18391 OFL *  1
18392 CHN 0 2091397281915 8365589127660
18393 CHN 0 2091401443903 8365605775612
18394 OFL *  1
18395 CHN 0 2091732075292 8366928301168
18396 CHN 0 2091775872565 8367103490260
18397 OFL *  1
18398 CHN 0 2091941597634 8367766390536
18399 OFL *  1
18400 CHN 0 2092142109072 8368568436288
18401 CHN 0 2092222542725 8368890170900
18402 OFL *  1
18403 OFL *  1
18404 CHN 0 2092545994972 8370183979888
18405 OFL *  1
18406 CHN 0 2092816993006 8371267972024
18407 OFL *  1
18408 OFL *  1
18409 OFL *  1
18410 OFL *  1
18411 CHN 0 2093568581841 8374274327364
18412 OFL *  1
18413 CHN 0 2093887507523 8375550030092
18414 OFL *  1
18415 CHN 0 2094012049802 8376048199208
18416 CHN 0 2094082215389 8376328861556
18417 CHN 0 2094112930809 8376451723236
18418 OFL *  1
18419 OFL *  1
18420 CHN 0 2094450090372 8377800361488
18421 CHN 0 2094457538827 8377830155308
18422 OFL *  1
18423 CHN 0 2094715324228 8378861296912
18424 OFL *  1
18425 OFL *  1
18426 OFL *  1
18427 OFL *  1
18428 CHN 0 2095585995467 8382343981868
18429 OFL *  1
18430 CHN 0 2095779697112 8383118788448
18431 CHN 0 2095796103448 8383184413792
18432 OFL *  1
18433 CHN 0 2095996961689 8383987846756
18434 OFL *  1
18435 OFL *  1
18436 CHN 0 2096356471238 8385425884952
18437 OFL *  1
18438 OFL *  1
18439 OFL *  1
18440 OFL *  1
18441 CHN 0 2097157072832 8388628291328
18442 OFL *  1
18443 CHN 0 2097474586886 8389898347544
18444 OFL *  1
18445 CHN 0 2097689985392 8390759941568
18446 OFL *  1
18447 OFL *  1
18448 OFL *  1
18449 OFL *  1
18450 CHN 0 2098553961825 8394215847300
18451 OFL *  1
18452 OFL *  1
18453 OFL *  1
18454 CHN 0 2099172130639 8396688522556
18455 OFL *  1
18456 OFL *  1
18457 OFL *  1
18458 CHN 0 2099635086794 8398540347176
18459 CHN 0 2099731584163 8398926336652
18460 OFL *  1
18461 CHN 0 2100005048611 8400020194444
18462 OFL *  1
18463 CHN 0 2100142707053 8400570828212
18464 OFL *  1
18465 CHN 0 2100282694320 8401130777280
18466 CHN 0 2100286214328 8401144857312
18467 CHN 0 2100302360180 8401209440720
18468 CHN 0 2100442941035 8401771764140
18469 OFL *  1
18470 OFL *  1
18471 OFL *  1
18472 CHN 0 2100875796948 8403503187792
18473 OFL *  1
18474 OFL *  1
18475 CHN 0 2101299271977 8405197087908
18476 CHN 0 2101396856326 8405587425304
18477 CHN 0 2101450916328 8405803665312
18478 OFL *  1
18479 OFL *  1
18480 CHN 0 2101842910085 8407371640340
18481 OFL *  1
18482 CHN 0 2102010770016 8408043080064
18483 OFL *  1
18484 OFL *  1
18485 OFL *  1
18486 CHN 0 2102639894159 8410559576636
18487 OFL *  1
18488 OFL *  1
18489 OFL *  1
18490 CHN 0 2103300942233 8413203768932
18491 OFL *  1
18492 OFL *  1
18493 OFL *  1
18494 CHN 0 2103972615714 8415890462856
18495 OFL *  1
18496 CHN 0 2104174090705 8416696362820
18497 OFL *  1
18498 OFL *  1
18499 OFL *  1
18500 CHN 0 2104684298300 8418737193200
18501 CHN 0 2104776959927 8419107839708
18502 OFL *  1
18503 OFL *  1
18504 CHN 0 2105162080653 8420648322612
18505 CHN 0 2105184460831 8420737843324
18506 CHN 0 2105271129310 8421084517240
18507 OFL *  1
18508 CHN 0 2105347500648 8421390002592
18509 CHN 0 2105505093275 8422020373100
18510 OFL *  1
18511 CHN 0 2105531383926 8422125535704
18512 CHN 0 2105597963392 8422391853568
18513 OFL *  1
18514 CHN 0 2105870552879 8423482211516
18515 OFL *  1
18516 CHN 0 2105929428566 8423717714264
18517 OFL *  1
18518 OFL *  1
18519 CHN 0 2106389177083 8425556708332
18520 CHN 0 2106411838422 8425647353688
18521 OFL *  1
18522 CHN 0 2106654961256 8426619845024
18523 CHN 0 2106723369240 8426893476960
18524 CHN 0 2106751879242 8427007516968
18525 OFL *  1
18526 CHN 0 2106833492228 8427333968912
18527 CHN 0 2106839502442 8427358009768
18528 OFL *  1
18529 CHN 0 2107115923373 8428463693492
18530 OFL *  1
18531 OFL *  1
18532 CHN 0 2107499703001 8429998812004
18533 OFL *  1
18534 OFL *  1
18535 OFL *  1
18536 CHN 0 2108137544944 8432550179776
18537 OFL *  1
18538 OFL *  1
18539 CHN 0 2108472767476 8433891069904
18540 CHN 0 2108574740474 8434298961896
18541 OFL *  1
18542 OFL *  1
18543 CHN 0 2109078394745 8436313578980
18544 OFL *  1
18545 CHN 0 2109132482478 8436529929912
18546 OFL *  1
18547 OFL *  1
18548 OFL *  1
18549 OFL *  1
18550 OFL *  1
18551 OFL *  1
18552 CHN 0 2110382674099 8441530696396
18553 CHN 0 2110441566788 8441766267152
18554 OFL *  1
18555 OFL *  1
18556 CHN 0 2110888825338 8443555301352
18557 OFL *  1
18558 CHN 0 2111101098803 8444404395212
18559 OFL *  1
18560 OFL *  1
18561 OFL *  1
18562 OFL *  1
18563 OFL *  1
18564 OFL *  1
18565 CHN 0 2112294131587 8449176526348
18566 CHN 0 2112326349417 8449305397668
18567 CHN 0 2112343407975 8449373631900
18568 CHN 0 2112382647635 8449530590540
18569 OFL *  1
18570 OFL *  1
18571 OFL *  1
18572 CHN 0 2113041557223 8452166228892
18573 OFL *  1
18574 CHN 0 2113173854093 8452695416372
18575 OFL *  1
18576 CHN 0 2113429410340 8453717641360
18577 OFL *  1
18578 CHN 0 2113583929349 8454335717396
18579 CHN 0 2113655389499 8454621557996
18580 CHN 0 2113708737910 8454834951640
18581 OFL *  1
18582 CHN 0 2113727358991 8454909435964
18583 OFL *  1
18584 CHN 0 2113989340495 8455957361980
18585 OFL *  1
18586 CHN 0 2114297689901 8457190759604
18587 CHN 0 2114355318165 8457421272660
18588 OFL *  1
18589 CHN 0 2114459308503 8457837234012
18590 OFL *  1
18591 CHN 0 2114595283048 8458381132192
18592 OFL *  1
18593 OFL *  1
18594 OFL *  1
18595 CHN 0 2115239485398 8460957941592
18596 CHN 0 2115335598523 8461342394092
18597 OFL *  1
18598 OFL *  1
18599 CHN 0 2115779561422 8463118245688
18600 OFL *  1
18601 OFL *  1
18602 OFL *  1
18603 CHN 0 2116314958525 8465259834100
18604 CHN 0 2116421759222 8465687036888
18605 OFL *  1
18606 OFL *  1
18607 CHN 0 2116684602885 8466738411540
18608 CHN 0 2116822488048 8467289952192
18609 CHN 0 2116823006560 8467292026240
18610 OFL *  1
18611 OFL *  1
18612 CHN 0 2117222037891 8468888151564
18613 OFL *  1
18614 OFL *  1
18615 CHN 0 2117617784612 8470471138448
18616 OFL *  1
18617 OFL *  1
18618 CHN 0 2117983344887 8471933379548
18619 OFL *  1
18620 OFL *  1
18621 OFL *  1
18622 CHN 0 2118715105169 8474860420676
18623 OFL *  1
18624 OFL *  1
18625 CHN 0 2119182602610 8476730410440
18626 OFL *  1
18627 CHN 0 2119218597507 8476874390028
18628 OFL *  1
18629 OFL *  1
18630 CHN 0 2119649817680 8478599270720
18631 OFL *  1
18632 CHN 0 2119865790425 8479463161700
18633 CHN 0 2119962442873 8479849771492
18634 CHN 0 2120034762718 8480139050872
18635 OFL *  1
18636 CHN 0 2120134045489 8480536181956
18637 CHN 0 2120248438824 8480993755296
18638 OFL *  1
18639 CHN 0 2120384352441 8481537409764
18640 OFL *  1
18641 OFL *  1
18642 OFL *  1
18643 CHN 0 2121062755164 8484251020656
18644 OFL *  1
18645 OFL *  1
18646 OFL *  1
18647 OFL *  1
18648 CHN 0 2121828930981 8487315723924
18649 OFL *  1
18650 CHN 0 2122146533736 8488586134944
18651 OFL *  1
18652 CHN 0 2122276790554 8489107162216
18653 OFL *  1
18654 OFL *  1
18655 OFL *  1
18656 CHN 0 2122990220313 8491960881252
18657 CHN 0 2122991235956 8491964943824
18658 OFL *  1
18659 OFL *  1
18660 OFL *  1
18661 OFL *  1
18662 CHN 0 2123646809887 8494587239548
18663 CHN 0 2123648913887 8494595655548
18664 CHN 0 2123753438460 8495013753840
18665 OFL *  1
18666 OFL *  1
18667 OFL *  1
18668 OFL *  1
18669 CHN 0 2124562346140 8498249384560
18670 OFL *  1
18671 OFL *  1
18672 OFL *  1
18673 CHN 0 2125151838016 8500607352064
18674 OFL *  1
18675 OFL *  1
18676 CHN 0 2125607273854 8502429095416
18677 OFL *  1
18678 CHN 0 2125869983669 8503479934676
18679 OFL *  1
18680 OFL *  1
18681 CHN 0 2126337453277 8505349813108
18682 OFL *  1
18683 CHN 0 2126547410697 8506189642788
18684 OFL *  1
18685 CHN 0 2126651908159 8506607632636
18686 CHN 0 2126714269436 8506857077744
18687 OFL *  1
18688 CHN 0 2126907558372 8507630233488
18689 OFL *  1
18690 CHN 0 2127058885349 8508235541396
18691 OFL *  1
18692 CHN 0 2127253199382 8509012797528
18693 OFL *  1
18694 CHN 0 2127428975452 8509715901808
18695 CHN 0 2127559750088 8510239000352
18696 OFL *  1
18697 CHN 0 2127638973526 8510555894104
18698 CHN 0 2127828194183 8511312776732
18699 OFL *  1
18700 CHN 0 2127871825400 8511487301600
18701 CHN 0 2128019599475 8512078397900
18702 OFL *  1
18703 CHN 0 2128071861086 8512287444344
18704 CHN 0 2128091759741 8512367038964
18705 CHN 0 2128134144465 8512536577860
18706 OFL *  1
18707 CHN 0 2128302488318 8513209953272
18708 CHN 0 2128367084784 8513468339136
18709 CHN 0 2128379418973 8513517675892
18710 CHN 0 2128384300818 8513537203272
18711 CHN 0 2128424687969 8513698751876
18712 OFL *  1
18713 OFL *  1
18714 OFL *  1
18715 CHN 0 2128961046896 8515844187584
18716 CHN 0 2129046286103 8516185144412
18717 CHN 0 2129080617809 8516322471236
18718 OFL *  1
18719 CHN 0 2129164338661 8516657354644
18720 OFL *  1
18721 OFL *  1
18722 CHN 0 2129578039386 8518312157544
18723 OFL *  1
18724 OFL *  1
18725 CHN 0 2130018341759 8520073367036
18726 CHN 0 2130040003423 8520160013692
18727 OFL *  1
18728 CHN 0 2130337821590 8521351286360
18729 OFL *  1
18730 OFL *  1
18731 CHN 0 2130697301411 8522789205644
18732 CHN 0 2130755585159 8523022340636
18733 CHN 0 2130782058008 8523128232032
18734 OFL *  1
18735 OFL *  1
18736 OFL *  1
18737 CHN 0 2131415483373 8525661933492
18738 OFL *  1
18739 CHN 0 2131520425880 8526081703520
18740 CHN 0 2131539721339 8526158885356
18741 OFL *  1
18742 OFL *  1
18743 CHN 0 2131854322407 8527417289628
18744 CHN 0 2131863492299 8527453969196
18745 CHN 0 2131931137772 8527724551088
18746 OFL *  1
18747 OFL *  1
18748 CHN 0 2132433408645 8529733634580
18749 OFL *  1
18750 OFL *  1
18751 CHN 0 2132704616911 8530818467644
18752 OFL *  1
18753 CHN 0 2133022876573 8532091506292
18754 OFL *  1
18755 CHN 0 2133194503490 8532778013960
18756 OFL *  1
18757 CHN 0 2133485630799 8533942523196
18758 OFL *  1
18759 CHN 0 2133626275816 8534505103264
18760 OFL *  1
18761 CHN 0 2133908584291 8535634337164
18762 OFL *  1
18763 OFL *  1
18764 OFL *  1
18765 OFL *  1
18766 CHN 0 2134597219874 8538388879496
18767 OFL *  1
18768 CHN 0 2134830485179 8539321940716
18769 OFL *  1
18770 CHN 0 2135128721233 8540514884932
18771 CHN 0 2135156088882 8540624355528
18772 OFL *  1
18773 OFL *  1
18774 CHN 0 2135484558718 8541938234872
18775 CHN 0 2135625985323 8542503941292
18776 OFL *  1
18777 CHN 0 2135708935548 8542835742192
18778 OFL *  1
18779 CHN 0 2135934784435 8543739137740
18780 CHN 0 2135965753043 8543863012172
18781 CHN 0 2135982466880 8543929867520
18782 CHN 0 2136043402707 8544173610828
18783 OFL *  1
18784 CHN 0 2136172780984 8544691123936
18785 CHN 0 2136179632048 8544718528192
18786 CHN 0 2136236257661 8544945030644
18787 OFL *  1
18788 CHN 0 2136274966540 8545099866160
18789 CHN 0 2136280846690 8545123386760
18790 OFL *  1
18791 OFL *  1
18792 CHN 0 2136710907526 8546843630104
18793 CHN 0 2136800965517 8547203862068
18794 CHN 0 2136811833974 8547247335896
18795 OFL *  1
18796 OFL *  1
18797 CHN 0 2137121489789 8548485959156
18798 CHN 0 2137273127450 8549092509800
18799 OFL *  1
18800 OFL *  1
18801 CHN 0 2137724342881 8550897371524
18802 CHN 0 2137737496168 8550949984672
18803 OFL *  1
18804 CHN 0 2137751951318 8551007805272
18805 OFL *  1
18806 OFL *  1
18807 OFL *  1
18808 CHN 0 2138463404500 8553853618000
18809 OFL *  1
18810 OFL *  1
18811 CHN 0 2138994434700 8555977738800
18812 OFL *  1
18813 OFL *  1
18814 CHN 0 2139389305978 8557557223912
18815 OFL *  1
18816 CHN 0 2139625233305 8558500933220
18817 OFL *  1
18818 CHN 0 2139686066962 8558744267848
18819 CHN 0 2139812041431 8559248165724
18820 OFL *  1
18821 OFL *  1
18822 OFL *  1
18823 CHN 0 2140363399218 8561453596872
18824 OFL *  1
18825 CHN 0 2140577170104 8562308680416
18826 OFL *  1
18827 CHN 0 2140800709531 8563202838124
18828 CHN 0 2140801466825 8563205867300
18829 OFL *  1
18830 OFL *  1
18831 CHN 0 2141229295941 8564917183764
18832 OFL *  1
18833 CHN 0 2141400271050 8565601084200
18834 OFL *  1
18835 CHN 0 2141662490545 8566649962180
18836 CHN 0 2141711572387 8566846289548
18837 CHN 0 2141724324824 8566897299296
18838 OFL *  1
18839 OFL *  1
18840 CHN 0 2142156982200 8568627928800
18841 OFL *  1
18842 CHN 0 2142283509757 8569134039028
18843 OFL *  1
18844 CHN 0 2142393130358 8569572521432
18845 OFL *  1
18846 OFL *  1
18847 OFL *  1
18848 OFL *  1
18849 OFL *  1
18850 CHN 0 2143472518087 8573890072348
18851 OFL *  1
18852 CHN 0 2143826630226 8575306520904
18853 OFL *  1
18854 OFL *  1
18855 CHN 0 2144253580435 8577014321740
18856 OFL *  1
18857 CHN 0 2144333832735 8577335330940
18858 OFL *  1
18859 CHN 0 2144570032530 8578280130120
18860 CHN 0 2144596837160 8578387348640
18861 OFL *  1
18862 OFL *  1
18863 OFL *  1
18864 OFL *  1
18865 CHN 0 2145495244979 8581980979916
18866 OFL *  1
18867 CHN 0 2145562494097 8582249976388
18868 CHN 0 2145622661865 8582490647460
18869 CHN 0 2145733264016 8582933056064
18870 OFL *  1
18871 OFL *  1
18872 CHN 0 2146003507294 8584014029176
18873 OFL *  1
18874 OFL *  1
18875 CHN 0 2146552250905 8586209003620
18876 CHN 0 2146556124620 8586224498480
18877 OFL *  1
18878 OFL *  1
18879 CHN 0 2146955180366 8587820721464
18880 OFL *  1
18881 CHN 0 2147151643005 8588606572020
18882 OFL *  1
18883 CHN 0 2147404667376 8589618669504
18884 OFL *  1
18885 CHN 0 2147522500347 8590090001388
18886 OFL *  1
18887 CHN 0 2147656659173 8590626636692
18888 OFL *  1
18889 CHN 0 2147939257099 8591757028396
18890 OFL *  1
18891 OFL *  1
18892 OFL *  1
18893 OFL *  1
18894 OFL *  1
18895 CHN 0 2149097494765 8596389979060
18896 OFL *  1
18897 OFL *  1
18898 OFL *  1
18899 OFL *  1
18900 OFL *  1
18901 CHN 0 2150004112200 8600016448800
18902 CHN 0 2150083373913 8600333495652
18903 OFL *  1
18904 CHN 0 2150361747357 8601446989428
18905 CHN 0 2150364235339 8601456941356
18906 OFL *  1
18907 OFL *  1
18908 CHN 0 2150709885083 8602839540332
18909 OFL *  1
18910 OFL *  1
18911 CHN 0 2151082049270 8604328197080
18912 CHN 0 2151108474370 8604433897480
18913 OFL *  1
18914 OFL *  1
18915 OFL *  1
18916 OFL *  1
18917 CHN 0 2151963477176 8607853908704
18918 CHN 0 2151964069408 8607856277632
18919 OFL *  1
18920 CHN 0 2152080195809 8608320783236
18921 OFL *  1
18922 CHN 0 2152447091461 8609788365844
18923 OFL *  1
18924 CHN 0 2152563518627 8610254074508
18925 CHN 0 2152660570202 8610642280808
18926 OFL *  1
18927 OFL *  1
18928 CHN 0 2153105738528 8612422954112
18929 OFL *  1
18930 CHN 0 2153144628461 8612578513844
18931 OFL *  1
18932 OFL *  1
18933 OFL *  1
18934 CHN 0 2153865802352 8615463209408
18935 CHN 0 2153885404552 8615541618208
18936 CHN 0 2153896469699 8615585878796
18937 OFL *  1
18938 CHN 0 2153987359106 8615949436424
18939 CHN 0 2154120687199 8616482748796
18940 OFL *  1
18941 CHN 0 2154252841726 8617011366904
18942 OFL *  1
18943 OFL *  1
18944 CHN 0 2154804083558 8619216334232
18945 OFL *  1
18946 OFL *  1
18947 CHN 0 2155218454047 8620873816188
18948 OFL *  1
18949 OFL *  1
18950 CHN 0 2155633272425 8622533089700
18951 OFL *  1
18952 OFL *  1
18953 CHN 0 2155928113594 8623712454376
18954 CHN 0 2155981716003 8623926864012
18955 CHN 0 2156060167194 8624240668776
18956 OFL *  1
18957 OFL *  1
18958 OFL *  1
18959 CHN 0 2156502414409 8626009657636
18960 OFL *  1
18961 CHN 0 2156749376403 8626997505612
18962 CHN 0 2156884761612 8627539046448
18963 OFL *  1
18964 OFL *  1
18965 CHN 0 2157149311309 8628597245236
18966 OFL *  1
18967 OFL *  1
18968 CHN 0 2157592450171 8630369800684
18969 CHN 0 2157721700590 8630886802360
18970 OFL *  1
18971 OFL *  1
18972 OFL *  1
18973 CHN 0 2158195727044 8632782908176
18974 CHN 0 2158203231599 8632812926396
18975 CHN 0 2158383923663 8633535694652
18976 OFL *  1
18977 OFL *  1
18978 CHN 0 2158704816330 8634819265320
18979 OFL *  1
18980 OFL *  1
18981 CHN 0 2159078389836 8636313559344
18982 OFL *  1
18983 CHN 0 2159434344334 8637737377336
18984 CHN 0 2159440955694 8637763822776
18985 OFL *  1
18986 CHN 0 2159447386833 8637789547332
18987 CHN 0 2159447509421 8637790037684
18988 CHN 0 2159451244545 8637804978180
18989 OFL *  1
18990 CHN 0 2159823609828 8639294439312
18991 CHN 0 2159825651833 8639302607332
18992 OFL *  1
18993 OFL *  1
18994 CHN 0 2160120221678 8640480886712
18995 CHN 0 2160176512425 8640706049700
18996 OFL *  1
18997 CHN 0 2160379531488 8641518125952
18998 CHN 0 2160492184094 8641968736376
18999 OFL *  1
19000 CHN 0 2160537063058 8642148252232
19001 CHN 0 2160620973412 8642483893648
19002 OFL *  1
19003 CHN 0 2160724917164 8642899668656
19004 CHN 0 2160805099464 8643220397856
19005 OFL *  1
19006 OFL *  1
19007 OFL *  1
19008 CHN 0 2161469453734 8645877814936
19009 OFL *  1
19010 CHN 0 2161750021941 8647000087764
19011 OFL *  1
19012 CHN 0 2161772496645 8647089986580
19013 OFL *  1
19014 OFL *  1
19015 CHN 0 2162234923425 8648939693700
19016 CHN 0 2162366850313 8649467401252
19017 OFL *  1
19018 OFL *  1
19019 OFL *  1
19020 OFL *  1
19021 OFL *  1
19022 OFL *  1
19023 CHN 0 2163600660844 8654402643376
19024 OFL *  1
19025 CHN 0 2163779945154 8655119780616
19026 CHN 0 2163782399790 8655129599160
19027 CHN 0 2163787632112 8655150528448
19028 OFL *  1
19029 OFL *  1
19030 OFL *  1
19031 OFL *  1
19032 OFL *  1
19033 CHN 0 2164750424665 8659001698660
19034 OFL *  1
19035 CHN 0 2165084702278 8660338809112
19036 OFL *  1
19037 OFL *  1
19038 OFL *  1
19039 OFL *  1
19040 OFL *  1
19041 OFL *  1
19042 OFL *  1
19043 OFL *  1
19044 OFL *  1
19045 OFL *  1
19046 OFL *  1
19047 OFL *  1
19048 CHN 0 2167553944692 8670215778768
19049 OFL *  1
19050 OFL *  1
19051 OFL *  1
19052 OFL *  1
19053 OFL *  1
19054 OFL *  1
19055 OFL *  1
19056 OFL *  1
19057 OFL *  1
19058 CHN 0 2169383045133 8677532180532
19059 CHN 0 2169395865978 8677583463912
19060 CHN 0 2169407757461 8677631029844
19061 OFL *  1
19062 CHN 0 2169588833156 8678355332624
19063 CHN 0 2169749339843 8678997359372
19064 OFL *  1
19065 CHN 0 2169814171017 8679256684068
19066 CHN 0 2169974213994 8679896855976
19067 OFL *  1
19068 CHN 0 2170135336779 8680541347116
19069 OFL *  1
19070 CHN 0 2170229665296 8680918661184
19071 CHN 0 2170400620589 8681602482356
19072 OFL *  1
19073 CHN 0 2170536539856 8682146159424
19074 OFL *  1
19075 OFL *  1
19076 OFL *  1
19077 OFL *  1
19078 OFL *  1
19079 CHN 0 2171494781989 8685979127956
19080 CHN 0 2171644093078 8686576372312
19081 CHN 0 2171652923665 8686611694660
19082 OFL *  1
19083 CHN 0 2171746461318 8686985845272
19084 OFL *  1
19085 CHN 0 2172064589612 8688258358448
19086 OFL *  1
19087 OFL *  1
19088 OFL *  1
19089 CHN 0 2172563365292 8690253461168
19090 OFL *  1
19091 OFL *  1
19092 OFL *  1
19093 CHN 0 2173238348190 8692953392760
19094 OFL *  1
19095 CHN 0 2173431132025 8693724528100
19096 CHN 0 2173548979623 8694195918492
19097 OFL *  1
19098 OFL *  1
19099 OFL *  1
19100 OFL *  1
19101 OFL *  1
19102 OFL *  1
19103 CHN 0 2174620658129 8698482632516
19104 CHN 0 2174645596927 8698582387708
19105 OFL *  1
19106 OFL *  1
19107 CHN 0 2175050759062 8700203036248
19108 OFL *  1
19109 OFL *  1
19110 OFL *  1
19111 OFL *  1
19112 CHN 0 2176025429103 8704101716412
19113 OFL *  1
19114 OFL *  1
19115 OFL *  1
19116 OFL *  1
19117 CHN 0 2176804110141 8707216440564
19118 OFL *  1
19119 CHN 0 2177029922220 8708119688880
19120 OFL *  1
19121 CHN 0 2177273574086 8709094296344
19122 OFL *  1
19123 OFL *  1
19124 OFL *  1
19125 OFL *  1
19126 CHN 0 2178025990984 8712103963936
19127 CHN 0 2178078217540 8712312870160
19128 CHN 0 2178085887202 8712343548808
19129 OFL *  1
19130 CHN 0 2178295411696 8713181646784
19131 OFL *  1
19132 OFL *  1
19133 CHN 0 2178643668749 8714574674996
19134 CHN 0 2178692717125 8714770868500
19135 OFL *  1
19136 CHN 0 2178965412135 8715861648540
19137 OFL *  1
19138 OFL *  1
19139 CHN 0 2179414783572 8717659134288
19140 OFL *  1
19141 CHN 0 2179525962705 8718103850820
19142 CHN 0 2179546669982 8718186679928
19143 CHN 0 2179592965932 8718371863728
19144 OFL *  1
19145 OFL *  1
19146 CHN 0 2179890401228 8719561604912
19147 OFL *  1
19148 OFL *  1
19149 OFL *  1
19150 OFL *  1
19151 OFL *  1
19152 CHN 0 2180969062996 8723876251984
19153 CHN 0 2180980234310 8723920937240
19154 CHN 0 2181002819663 8724011278652
19155 OFL *  1
19156 CHN 0 2181287048300 8725148193200
19157 CHN 0 2181333498487 8725333993948
19158 OFL *  1
19159 OFL *  1
19160 CHN 0 2181691750310 8726767001240
19161 OFL *  1
19162 OFL *  1
19163 OFL *  1
19164 CHN 0 2182284295839 8729137183356
19165 OFL *  1
19166 CHN 0 2182469569289 8729878277156
19167 OFL *  1
19168 CHN 0 2182774465465 8731097861860
19169 CHN 0 2182781524248 8731126096992
19170 OFL *  1
19171 OFL *  1
19172 CHN 0 2183212749749 8732850998996
19173 OFL *  1
19174 OFL *  1
19175 OFL *  1
19176 CHN 0 2183677900704 8734711602816
19177 CHN 0 2183835860316 8735343441264
19178 OFL *  1
19179 OFL *  1
19180 CHN 0 2184142621005 8736570484020
19181 CHN 0 2184251588744 8737006354976
19182 OFL *  1
19183 OFL *  1
19184 CHN 0 2184661135107 8738644540428
19185 OFL *  1
19186 OFL *  1
19187 CHN 0 2185091386290 8740365545160
19188 OFL *  1
19189 OFL *  1
19190 OFL *  1
19191 OFL *  1
19192 OFL *  1
19193 CHN 0 2186013095599 8744052382396
19194 OFL *  1
19195 CHN 0 2186220058143 8744880232572
19196 OFL *  1
19197 CHN 0 2186512659438 8746050637752
19198 CHN 0 2186594173177 8746376692708
19199 OFL *  1
19200 OFL *  1
19201 OFL *  1
19202 OFL *  1
19203 CHN 0 2187432064491 8749728257964
19204 CHN 0 2187449152349 8749796609396
19205 OFL *  1
19206 OFL *  1
19207 OFL *  1
19208 CHN 0 2187909596684 8751638386736
19209 CHN 0 2188015506766 8752062027064
19210 OFL *  1
19211 CHN 0 2188242616202 8752970464808
19212 OFL *  1
19213 CHN 0 2188490960084 8753963840336
19214 OFL *  1
19215 CHN 0 2188538136824 8754152547296
19216 CHN 0 2188575815190 8754303260760
19217 CHN 0 2188576816746 8754307266984
19218 CHN 0 2188601866396 8754407465584
19219 OFL *  1
19220 OFL *  1
19221 OFL *  1
19222 OFL *  1
19223 CHN 0 2189483985010 8757935940040
19224 OFL *  1
19225 CHN 0 2189778372551 8759113490204
19226 OFL *  1
19227 CHN 0 2189847814418 8759391257672
19228 CHN 0 2189965387964 8759861551856
19229 CHN 0 2189974208112 8759896832448
19230 OFL *  1
19231 CHN 0 2190139371175 8760557484700
19232 OFL *  1
19233 OFL *  1
19234 OFL *  1
19235 CHN 0 2190684706570 8762738826280
19236 OFL *  1
19237 OFL *  1
19238 OFL *  1
19239 CHN 0 2191323135248 8765292540992
19240 CHN 0 2191375609784 8765502439136
19241 OFL *  1
19242 CHN 0 2191503545590 8766014182360
19243 CHN 0 2191667886863 8766671547452
19244 OFL *  1
19245 OFL *  1
19246 CHN 0 2191913086812 8767652347248
19247 OFL *  1
19248 OFL *  1
19249 OFL *  1
19250 CHN 0 2192622064686 8770488258744
19251 OFL *  1
19252 OFL *  1
19253 CHN 0 2193048798687 8772195194748
19254 OFL *  1
19255 OFL *  1
19256 OFL *  1
19257 CHN 0 2193698442245 8774793768980
19258 OFL *  1
19259 OFL *  1
19260 CHN 0 2194183026349 8776732105396
19261 OFL *  1
19262 CHN 0 2194286388338 8777145553352
19263 OFL *  1
19264 OFL *  1
19265 CHN 0 2194742332145 8778969328580
19266 OFL *  1
19267 CHN 0 2194981692182 8779926768728
19268 OFL *  1
19269 OFL *  1
19270 OFL *  1
19271 OFL *  1
19272 CHN 0 2195740476776 8782961907104
19273 OFL *  1
19274 CHN 0 2195946716047 8783786864188
19275 OFL *  1
19276 CHN 0 2196181000106 8784724000424
19277 CHN 0 2196221556573 8784886226292
19278 CHN 0 2196299543323 8785198173292
19279 OFL *  1
19280 OFL *  1
19281 CHN 0 2196551681879 8786206727516
19282 OFL *  1
19283 CHN 0 2196778242802 8787112971208
19284 CHN 0 2196908668776 8787634675104
19285 OFL *  1
19286 CHN 0 2197061235852 8788244943408
19287 OFL *  1
19288 OFL *  1
19289 CHN 0 2197425452833 8789701811332
19290 CHN 0 2197443533905 8789774135620
19291 CHN 0 2197464085556 8789856342224
19292 OFL *  1
19293 CHN 0 2197637567881 8790550271524
19294 CHN 0 2197744530851 8790978123404
19295 OFL *  1
19296 CHN 0 2197885440380 8791541761520
19297 CHN 0 2197993528527 8791974114108
19298 OFL *  1
19299 OFL *  1
19300 CHN 0 2198217591249 8792870364996
19301 CHN 0 2198371016284 8793484065136
19302 OFL *  1
19303 CHN 0 2198474169644 8793896678576
19304 OFL *  1
19305 CHN 0 2198845029546 8795380118184
19306 OFL *  1
19307 CHN 0 2198851745114 8795406980456
19308 OFL *  1
19309 OFL *  1
19310 CHN 0 2199274166982 8797096667928
19311 CHN 0 2199309790938 8797239163752
19312 CHN 0 2199396433348 8797585733392
19313 OFL *  1
19314 CHN 0 2199527940768 8798111763072
19315 CHN 0 2199659248131 8798636992524
19316 CHN 0 2199679662134 8798718648536
19317 OFL *  1
19318 CHN 0 2199692584935 8798770339740
19319 OFL *  1
19320 OFL *  1
19321 CHN 0 2200211244540 8800844978160
19322 OFL *  1
19323 CHN 0 2200328974753 8801315899012
19324 CHN 0 2200372864319 8801491457276
19325 CHN 0 2200523103283 8802092413132
19326 OFL *  1
19327 OFL *  1
19328 CHN 0 2200792890788 8803171563152
19329 OFL *  1
19330 CHN 0 2201095977554 8804383910216
19331 CHN 0 2201146274393 8804585097572
19332 OFL *  1
19333 OFL *  1
19334 CHN 0 2201521705300 8806086821200
19335 CHN 0 2201532570861 8806130283444
19336 OFL *  1
19337 CHN 0 2201743481596 8806973926384
19338 OFL *  1
19339 OFL *  1
19340 CHN 0 2202089529907 8808358119628
19341 OFL *  1
19342 OFL *  1
19343 OFL *  1
19344 CHN 0 2202796999522 8811187998088
19345 OFL *  1
19346 CHN 0 2202949000615 8811796002460
19347 CHN 0 2203035031757 8812140127028
19348 OFL *  1
19349 CHN 0 2203098743148 8812394972592
19350 OFL *  1
19351 OFL *  1
19352 OFL *  1
19353 CHN 0 2203754917000 8815019668000
19354 CHN 0 2203855379227 8815421516908
19355 OFL *  1
19356 OFL *  1
19357 CHN 0 2204229605900 8816918423600
19358 OFL *  1
19359 CHN 0 2204394064969 8817576259876
19360 OFL *  1
19361 OFL *  1
19362 CHN 0 2204874181381 8819496725524
19363 OFL *  1
19364 OFL *  1
19365 CHN 0 2205369472103 8821477888412
19366 OFL *  1
19367 CHN 0 2205517574630 8822070298520
19368 OFL *  1
19369 CHN 0 2205606452327 8822425809308
19370 CHN 0 2205619894385 8822479577540
19371 CHN 0 2205704843981 8822819375924
19372 OFL *  1
19373 CHN 0 2205894261709 8823577046836
19374 OFL *  1
19375 OFL *  1
19376 CHN 0 2206359852996 8825439411984
19377 OFL *  1
19378 OFL *  1
19379 CHN 0 2206782703044 8827130812176
19380 CHN 0 2206785094132 8827140376528
19381 OFL *  1
19382 CHN 0 2207052452835 8828209811340
19383 OFL *  1
19384 OFL *  1
19385 OFL *  1
19386 OFL *  1
19387 CHN 0 2207742039075 8830968156300
19388 CHN 0 2207746496681 8830985986724
19389 CHN 0 2207811277745 8831245110980
19390 CHN 0 2207904255773 8831617023092
19391 OFL *  1
19392 OFL *  1
19393 OFL *  1
19394 CHN 0 2208446058514 8833784234056
19395 OFL *  1
19396 CHN 0 2208705960300 8834823841200
19397 OFL *  1
19398 CHN 0 2208802898230 8835211592920
19399 OFL *  1
19400 CHN 0 2209046605701 8836186422804
19401 OFL *  1
19402 OFL *  1
19403 OFL *  1
19404 CHN 0 2209652462473 8838609849892
19405 OFL *  1
19406 CHN 0 2209837465258 8839349861032
19407 OFL *  1
19408 CHN 0 2210044076329 8840176305316
19409 OFL *  1
19410 CHN 0 2210394527554 8841578110216
19411 OFL *  1
19412 CHN 0 2210539420121 8842157680484
19413 CHN 0 2210582998781 8842331995124
19414 OFL *  1
19415 CHN 0 2210711634769 8842846539076
19416 CHN 0 2210779229141 8843116916564
19417 OFL *  1
19418 OFL *  1
19419 CHN 0 2211070899222 8844283596888
19420 OFL *  1
19421 OFL *  1
19422 CHN 0 2211666241558 8846664966232
19423 OFL *  1
19424 OFL *  1
19425 OFL *  1
19426 CHN 0 2212203450182 8848813800728
19427 CHN 0 2212251591537 8849006366148
19428 OFL *  1
19429 OFL *  1
19430 CHN 0 2212715525339 8850862101356
19431 OFL *  1
19432 OFL *  1
19433 CHN 0 2213011647764 8852046591056
19434 CHN 0 2213024306779 8852097227116
19435 OFL *  1
19436 CHN 0 2213214278026 8852857112104
19437 OFL *  1
19438 CHN 0 2213402049635 8853608198540
19439 OFL *  1
19440 CHN 0 2213609953217 8854439812868
19441 CHN 0 2213622585060 8854490340240
19442 CHN 0 2213670542999 8854682171996
19443 OFL *  1
19444 CHN 0 2213814567600 8855258270400
19445 CHN 0 2213832721933 8855330887732
19446 CHN 0 2213925362473 8855701449892
19447 OFL *  1
19448 CHN 0 2214048515923 8856194063692
19449 CHN 0 2214057825846 8856231303384
19450 CHN 0 2214097421735 8856389686940
19451 CHN 0 2214107085002 8856428340008
19452 OFL *  1
19453 OFL *  1
19454 OFL *  1
19455 CHN 0 2214716002594 8858864010376
19456 OFL *  1
19457 CHN 0 2215044927962 8860179711848
19458 OFL *  1
19459 OFL *  1
19460 CHN 0 2215350858232 8861403432928
19461 CHN 0 2215446729155 8861786916620
19462 OFL *  1
19463 OFL *  1
19464 OFL *  1
19465 CHN 0 2216009941965 8864039767860
19466 CHN 0 2216087604123 8864350416492
19467 OFL *  1
19468 CHN 0 2216138451479 8864553805916
19469 CHN 0 2216150413537 8864601654148
19470 OFL *  1
19471 OFL *  1
19472 CHN 0 2216622616020 8866490464080
19473 OFL *  1
19474 OFL *  1
19475 OFL *  1
19476 CHN 0 2217368828227 8869475312908
19477 OFL *  1
19478 CHN 0 2217390638978 8869562555912
19479 CHN 0 2217445362376 8869781449504
19480 CHN 0 2217580747927 8870322991708
19481 OFL *  1
19482 CHN 0 2217606203522 8870424814088
19483 OFL *  1
19484 CHN 0 2217885399445 8871541597780
19485 CHN 0 2217954642769 8871818571076
19486 CHN 0 2217956258220 8871825032880
19487 CHN 0 2218009101123 8872036404492
19488 OFL *  1
19489 OFL *  1
19490 CHN 0 2218381671677 8873526686708
19491 OFL *  1
19492 CHN 0 2218469854576 8873879418304
19493 CHN 0 2218609727424 8874438909696
19494 OFL *  1
19495 CHN 0 2218665642774 8874662571096
19496 CHN 0 2218678893733 8874715574932
19497 OFL *  1
19498 OFL *  1
19499 CHN 0 2219248216472 8876992865888
19500 CHN 0 2219275413357 8877101653428
19501 OFL *  1
19502 CHN 0 2219459550440 8877838201760
19503 OFL *  1
19504 OFL *  1
19505 CHN 0 2219823687154 8879294748616
19506 CHN 0 2219873514147 8879494056588
19507 OFL *  1
19508 CHN 0 2220098380436 8880393521744
19509 OFL *  1
19510 OFL *  1
19511 OFL *  1
19512 CHN 0 2220576253923 8882305015692
19513 OFL *  1
19514 CHN 0 2220867306867 8883469227468
19515 OFL *  1
19516 CHN 0 2221097533848 8884390135392
19517 OFL *  1
19518 CHN 0 2221242002441 8884968009764
19519 CHN 0 2221310230673 8885240922692
19520 OFL *  1
19521 OFL *  1
19522 CHN 0 2221643001471 8886572005884
19523 OFL *  1
19524 OFL *  1
19525 OFL *  1
19526 OFL *  1
19527 CHN 0 2222519992925 8890079971700
19528 CHN 0 2222559651811 8890238607244
19529 OFL *  1
19530 CHN 0 2222668564181 8890674256724
19531 CHN 0 2222742921302 8890971685208
19532 CHN 0 2222768489522 8891073958088
19533 OFL *  1
19534 CHN 0 2222898314279 8891593257116
19535 CHN 0 2222985243211 8891940972844
19536 OFL *  1
19537 CHN 0 2223109801386 8892439205544
19538 OFL *  1
19539 CHN 0 2223467687372 8893870749488
19540 OFL *  1
19541 OFL *  1
19542 OFL *  1
19543 CHN 0 2224101785581 8896407142324
19544 OFL *  1
19545 CHN 0 2224161703648 8896646814592
19546 CHN 0 2224171470329 8896685881316
19547 CHN 0 2224324375595 8897297502380
19548 OFL *  1
19549 CHN 0 2224346118349 8897384473396
19550 CHN 0 2224348386840 8897393547360
19551 CHN 0 2224425880744 8897703522976
19552 CHN 0 2224458942336 8897835769344
19553 OFL *  1
19554 CHN 0 2224601951068 8898407804272
19555 OFL *  1
19556 OFL *  1
19557 CHN 0 2225178003048 8900712012192
19558 OFL *  1
19559 CHN 0 2225297629044 8901190516176
19560 OFL *  1
19561 CHN 0 2225419782830 8901679131320
19562 CHN 0 2225503274804 8902013099216
19563 CHN 0 2225571666956 8902286667824
19564 OFL *  1
19565 CHN 0 2225696623943 8902786495772
19566 OFL *  1
19567 OFL *  1
19568 OFL *  1
19569 CHN 0 2226287121841 8905148487364
19570 OFL *  1
19571 CHN 0 2226640350599 8906561402396
19572 OFL *  1
19573 CHN 0 2226861848228 8907447392912
19574 OFL *  1
19575 OFL *  1
19576 CHN 0 2227098359877 8908393439508
19577 CHN 0 2227201841151 8908807364604
19578 OFL *  1
19579 OFL *  1
19580 CHN 0 2227637257802 8910549031208
19581 OFL *  1
19582 OFL *  1
19583 CHN 0 2228006880823 8912027523292
19584 OFL *  1
19585 OFL *  1
19586 OFL *  1
19587 CHN 0 2228708934579 8914835738316
19588 OFL *  1
19589 CHN 0 2228921393424 8915685573696
19590 OFL *  1
19591 CHN 0 2228985568994 8915942275976
19592 CHN 0 2229114867360 8916459469440
19593 OFL *  1
19594 CHN 0 2229271426375 8917085705500
19595 OFL *  1
19596 OFL *  1
19597 CHN 0 2229659338902 8918637355608
19598 CHN 0 2229694308220 8918777232880
19599 OFL *  1
19600 OFL *  1
19601 OFL *  1
19602 CHN 0 2230380468283 8921521873132
19603 OFL *  1
19604 OFL *  1
19605 CHN 0 2230667675833 8922670703332
19606 CHN 0 2230737393116 8922949572464
19607 CHN 0 2230846227646 8923384910584
19608 OFL *  1
19609 CHN 0 2230906646097 8923626584388
19610 OFL *  1
19611 CHN 0 2231147359055 8924589436220
19612 OFL *  1
19613 OFL *  1
19614 OFL *  1
19615 CHN 0 2231734982370 8926939929480
19616 CHN 0 2231899101710 8927596406840
19617 OFL *  1
19618 CHN 0 2232047657261 8928190629044
19619 OFL *  1
19620 CHN 0 2232239331423 8928957325692
19621 OFL *  1
19622 OFL *  1
19623 OFL *  1
19624 OFL *  1
19625 CHN 0 2233019734955 8932078939820
19626 OFL *  1
19627 CHN 0 2233356269862 8933425079448
19628 OFL *  1
19629 OFL *  1
19630 OFL *  1
19631 OFL *  1
19632 OFL *  1
19633 CHN 0 2234424909755 8937699639020
19634 CHN 0 2234448113524 8937792454096
19635 OFL *  1
19636 CHN 0 2234661828349 8938647313396
19637 OFL *  1
19638 CHN 0 2234689889082 8938759556328
19639 CHN 0 2234737670959 8938950683836
19640 CHN 0 2234778650207 8939114600828
19641 CHN 0 2234859700215 8939438800860
19642 OFL *  1
19643 OFL *  1
19644 CHN 0 2235201947454 8940807789816
19645 OFL *  1
19646 OFL *  1
19647 CHN 0 2235539386130 8942157544520
19648 CHN 0 2235596261165 8942385044660
19649 CHN 0 2235714295728 8942857182912
19650 OFL *  1
19651 CHN 0 2235806320288 8943225281152
19652 CHN 0 2235881653733 8943526614932
19653 OFL *  1
19654 OFL *  1
19655 CHN 0 2236310086315 8945240345260
19656 OFL *  1
19657 CHN 0 2236515660439 8946062641756
19658 OFL *  1
19659 CHN 0 2236692110383 8946768441532
19660 CHN 0 2236716335556 8946865342224
19661 OFL *  1
19662 CHN 0 2236952913126 8947811652504
19663 OFL *  1
19664 CHN 0 2237140091796 8948560367184
19665 OFL *  1
19666 CHN 0 2237347390077 8949389560308
19667 OFL *  1
19668 CHN 0 2237562895095 8950251580380
19669 OFL *  1
19670 CHN 0 2237801239086 8951204956344
19671 OFL *  1
19672 OFL *  1
19673 CHN 0 2238107223394 8952428893576
19674 OFL *  1
19675 CHN 0 2238309359807 8953237439228
19676 CHN 0 2238309464360 8953237857440
19677 CHN 0 2238444718355 8953778873420
19678 OFL *  1
19679 CHN 0 2238580309466 8954321237864
19680 OFL *  1
19681 CHN 0 2238696207067 8954784828268
19682 CHN 0 2238731314667 8954925258668
19683 OFL *  1
19684 CHN 0 2238929969171 8955719876684
19685 OFL *  1
19686 OFL *  1
19687 CHN 0 2239310588881 8957242355524
19688 CHN 0 2239384839028 8957539356112
19689 OFL *  1
19690 CHN 0 2239520420603 8958081682412
19691 OFL *  1
19692 CHN 0 2239860901462 8959443605848
19693 OFL *  1
19694 CHN 0 2240065847358 8960263389432
19695 OFL *  1
19696 OFL *  1
19697 OFL *  1
19698 CHN 0 2240683378566 8962733514264
19699 OFL *  1
19700 OFL *  1
19701 CHN 0 2241147384846 8964589539384
19702 OFL *  1
19703 OFL *  1
19704 OFL *  1
19705 OFL *  1
19706 CHN 0 2241954805279 8967819221116
19707 CHN 0 2242015422806 8968061691224
19708 OFL *  1
19709 OFL *  1
19710 CHN 0 2242317816118 8969271264472
19711 CHN 0 2242381464826 8969525859304
19712 CHN 0 2242384943113 8969539772452
19713 CHN 0 2242411228208 8969644912832
19714 OFL *  1
19715 CHN 0 2242541804443 8970167217772
19716 CHN 0 2242550403745 8970201614980
19717 OFL *  1
19718 OFL *  1
19719 CHN 0 2242898847178 8971595388712
19720 CHN 0 2242978021985 8971912087940
19721 OFL *  1
19722 OFL *  1
19723 OFL *  1
19724 CHN 0 2243625961120 8974503844480
19725 OFL *  1
19726 CHN 0 2243744088731 8974976354924
19727 CHN 0 2243760050897 8975040203588
19728 CHN 0 2243925644597 8975702578388
19729 OFL *  1
19730 CHN 0 2244079510812 8976318043248
19731 OFL *  1
19732 OFL *  1
19733 CHN 0 2244448500399 8977794001596
19734 CHN 0 2244472450968 8977889803872
19735 OFL *  1
19736 CHN 0 2244599382675 8978397530700
19737 OFL *  1
19738 CHN 0 2244900844944 8979603379776
19739 CHN 0 2244912882084 8979651528336
19740 OFL *  1
19741 CHN 0 2245104272444 8980417089776
19742 CHN 0 2245126601778 8980506407112
19743 OFL *  1
19744 OFL *  1
19745 OFL *  1
19746 CHN 0 2245661496754 8982645987016
19747 CHN 0 2245761141807 8983044567228
19748 OFL *  1
19749 OFL *  1
19750 CHN 0 2246208167472 8984832669888
19751 OFL *  1
19752 CHN 0 2246408353360 8985633413440
19753 OFL *  1
19754 OFL *  1
19755 CHN 0 2246813002758 8987252011032
19756 OFL *  1
19757 CHN 0 2247035793828 8988143175312
19758 CHN 0 2247049212619 8988196850476
19759 OFL *  1
19760 OFL *  1
19761 OFL *  1
19762 CHN 0 2247638313401 8990553253604
19763 CHN 0 2247726265514 8990905062056
19764 OFL *  1
19765 CHN 0 2247882925699 8991531702796
19766 OFL *  1
19767 CHN 0 2248000889191 8992003556764
19768 CHN 0 2248023568138 8992094272552
19769 OFL *  1
19770 CHN 0 2248163318112 8992653272448
19771 CHN 0 2248311281194 8993245124776
19772 OFL *  1
19773 OFL *  1
19774 CHN 0 2248679472241 8994717888964
19775 OFL *  1
19776 OFL *  1
19777 CHN 0 2249039293925 8996157175700
19778 CHN 0 2249114231361 8996456925444
19779 CHN 0 2249120180550 8996480722200
19780 OFL *  1
19781 OFL *  1
19782 CHN 0 2249510977732 8998043910928
19783 OFL *  1
19784 CHN 0 2249626157274 8998504629096
19785 CHN 0 2249783252472 8999133009888
19786 CHN 0 2249789960854 8999159843416
19787 OFL *  1
19788 CHN 0 2249863654810 8999454619240
19789 CHN 0 2249932546996 8999730187984
19790 OFL *  1
19791 CHN 0 2250209652074 9000838608296
19792 OFL *  1
19793 CHN 0 2250258433558 9001033734232
19794 CHN 0 2250348428324 9001393713296
19795 OFL *  1
19796 CHN 0 2250487618494 9001950473976
19797 CHN 0 2250556212422 9002224849688
19798 OFL *  1
19799 CHN 0 2250817758825 9003271035300
19800 CHN 0 2250850312958 9003401251832
19801 OFL *  1
19802 CHN 0 2251075123008 9004300492032
19803 OFL *  1
19804 CHN 0 2251180689779 9004722759116
19805 OFL *  1
19806 CHN 0 2251435530615 9005742122460
19807 OFL *  1
19808 CHN 0 2251629368209 9006517472836
19809 CHN 0 2251630518567 9006522074268
19810 OFL *  1
19811 CHN 0 2251917419486 9007669677944
19812 OFL *  1
19813 OFL *  1
19814 OFL *  1
19815 OFL *  1
19816 CHN 0 2252577623618 9010310494472
19817 CHN 0 2252578015278 9010312061112
19818 CHN 0 2252748155990 9010992623960
19819 OFL *  1
19820 OFL *  1
19821 OFL *  1
19822 OFL *  1
19823 OFL *  1
19824 OFL *  1
19825 CHN 0 2254039522677 9016158090708
19826 OFL *  1
19827 OFL *  1
19828 OFL *  1
19829 CHN 0 2254521332733 9018085330932
19830 OFL *  1
19831 CHN 0 2254707688498 9018830753992
19832 OFL *  1
19833 CHN 0 2254958781252 9019835125008
19834 OFL *  1
19835 OFL *  1
19836 OFL *  1
19837 CHN 0 2255566530423 9022266121692
19838 CHN 0 2255587399964 9022349599856
19839 CHN 0 2255634357310 9022537429240
19840 OFL *  1
19841 CHN 0 2255862143221 9023448572884
19842 OFL *  1
19843 CHN 0 2256148897334 9024595589336
19844 OFL *  1
19845 CHN 0 2256300973729 9025203894916
19846 OFL *  1
19847 CHN 0 2256407877841 9025631511364
19848 OFL *  1
19849 CHN 0 2256607829909 9026431319636
19850 OFL *  1
19851 CHN 0 2256796445213 9027185780852
19852 CHN 0 2256915713128 9027662852512
19853 OFL *  1
19854 OFL *  1
19855 OFL *  1
19856 CHN 0 2257506815709 9030027262836
19857 CHN 0 2257587254477 9030349017908
19858 OFL *  1
19859 CHN 0 2257813203891 9031252815564
19860 OFL *  1
19861 OFL *  1
19862 CHN 0 2258054139572 9032216558288
19863 OFL *  1
19864 CHN 0 2258294122543 9033176490172
19865 OFL *  1
19866 OFL *  1
19867 CHN 0 2258842767701 9035371070804
19868 OFL *  1
19869 OFL *  1
19870 OFL *  1
19871 CHN 0 2259365256018 9037461024072
19872 OFL *  1
19873 OFL *  1
19874 OFL *  1
19875 OFL *  1
19876 OFL *  1
19877 CHN 0 2260560278157 9042241112628
19878 OFL *  1
19879 CHN 0 2260786125034 9043144500136
19880 OFL *  1
19881 OFL *  1
19882 CHN 0 2261086904165 9044347616660
19883 CHN 0 2261148500000 9044594000000
19884 OFL *  1
19885 OFL *  1
19886 OFL *  1
19887 OFL *  1
19888 OFL *  1
19889 CHN 0 2262062693477 9048250773908
19890 OFL *  1
19891 OFL *  1
19892 OFL *  1
19893 CHN 0 2262794812010 9051179248040
19894 OFL *  1
19895 CHN 0 2262928536594 9051714146376
19896 CHN 0 2263016320066 9052065280264
19897 OFL *  1
19898 CHN 0 2263128820749 9052515282996
19899 CHN 0 2263182084382 9052728337528
19900 CHN 0 2263209558609 9052838234436
19901 OFL *  1
19902 OFL *  1
19903 OFL *  1
19904 OFL *  1
19905 OFL *  1
19906 OFL *  1
19907 CHN 0 2264571867103 9058287468412
19908 OFL *  1
19909 OFL *  1
19910 CHN 0 2264853110403 9059412441612
19911 CHN 0 2264972721125 9059890884500
19912 CHN 0 2264975920647 9059903682588
19913 OFL *  1
19914 OFL *  1
19915 OFL *  1
19916 CHN 0 2265562863436 9062251453744
19917 CHN 0 2265609098017 9062436392068
19918 OFL *  1
19919 CHN 0 2265715408695 9062861634780
19920 OFL *  1
19921 OFL *  1
19922 CHN 0 2266234812343 9064939249372
19923 OFL *  1
19924 CHN 0 2266428665905 9065714663620
19925 OFL *  1
19926 CHN 0 2266684488438 9066737953752
19927 OFL *  1
19928 OFL *  1
19929 CHN 0 2267035347389 9068141389556
19930 OFL *  1
19931 CHN 0 2267154588891 9068618355564
19932 OFL *  1
19933 OFL *  1
19934 CHN 0 2267743617702 9070974470808
19935 OFL *  1
19936 OFL *  1
19937 CHN 0 2267990987956 9071963951824
19938 CHN 0 2268153898904 9072615595616
19939 OFL *  1
19940 CHN 0 2268201282802 9072805131208
19941 OFL *  1
19942 OFL *  1
19943 CHN 0 2268600746205 9074402984820
19944 CHN 0 2268668961427 9074675845708
19945 CHN 0 2268742692267 9074970769068
19946 OFL *  1
19947 CHN 0 2268974145442 9075896581768
19948 OFL *  1
19949 CHN 0 2269095126595 9076380506380
19950 OFL *  1
19951 OFL *  1
19952 OFL *  1
19953 OFL *  1
19954 CHN 0 2269984320958 9079937283832
19955 OFL *  1
19956 CHN 0 2270120597928 9080482391712
19957 OFL *  1
19958 OFL *  1
19959 OFL *  1
19960 CHN 0 2270766172524 9083064690096
19961 CHN 0 2270872888464 9083491553856
19962 CHN 0 2270905403745 9083621614980
19963 OFL *  1
19964 OFL *  1
19965 OFL *  1
19966 OFL *  1
19967 OFL *  1
19968 OFL *  1
19969 OFL *  1
19970 CHN 0 2272273475038 9089093900152
19971 OFL *  1
19972 CHN 0 2272408635826 9089634543304
19973 CHN 0 2272555371061 9090221484244
19974 OFL *  1
19975 CHN 0 2272671539802 9090686159208
19976 CHN 0 2272749351058 9090997404232
19977 OFL *  1
19978 OFL *  1
19979 CHN 0 2273197339178 9092789356712
19980 OFL *  1
19981 CHN 0 2273261736266 9093046945064
19982 CHN 0 2273300087210 9093200348840
19983 OFL *  1
19984 OFL *  1
19985 CHN 0 2273708313497 9094833253988
19986 OFL *  1
19987 CHN 0 2273953196956 9095812787824
19988 OFL *  1
19989 CHN 0 2274067144414 9096268577656
19990 OFL *  1
19991 OFL *  1
19992 OFL *  1
19993 CHN 0 2274813832185 9099255328740
19994 OFL *  1
19995 OFL *  1
19996 CHN 0 2275193589234 9100774356936
19997 CHN 0 2275260157017 9101040628068
19998 OFL *  1
19999 CHN 0 2275342793374 9101371173496
20000 CHN 0 2275479149691 9101916598764
20001 OFL *  1
20002 OFL *  1
20003 OFL *  1
20004 OFL *  1
20005 OFL *  1
20006 CHN 0 2276404141593 9105616566372
20007 CHN 0 2276441911470 9105767645880
20008 CHN 0 2276513003184 9106052012736
20009 CHN 0 2276515250329 9106061001316
20010 OFL *  1
20011 CHN 0 2276630629512 9106522518048
20012 CHN 0 2276708526724 9106834106896
20013 CHN 0 2276723212190 9106892848760
20014 OFL *  1
20015 OFL *  1
20016 CHN 0 2277122742284 9108490969136
20017 OFL *  1
20018 OFL *  1
20019 CHN 0 2277578949022 9110315796088
20020 OFL *  1
20021 OFL *  1
20022 CHN 0 2277932968085 9111731872340
20023 CHN 0 2278041498570 9112165994280
20024 OFL *  1
20025 OFL *  1
20026 CHN 0 2278357875761 9113431503044
20027 OFL *  1
20028 CHN 0 2278609748732 9114438994928
20029 OFL *  1
20030 CHN 0 2278804363197 9115217452788
20031 CHN 0 2278861408940 9115445635760
20032 OFL *  1
20033 OFL *  1
20034 OFL *  1
20035 CHN 0 2279525196970 9118100787880
20036 OFL *  1
20037 OFL *  1
20038 OFL *  1
20039 OFL *  1
20040 CHN 0 2280203076126 9120812304504
20041 CHN 0 2280218272830 9120873091320
20042 CHN 0 2280250757205 9121003028820
20043 OFL *  1
20044 CHN 0 2280395602970 9121582411880
20045 OFL *  1
20046 CHN 0 2280659820722 9122639282888
20047 CHN 0 2280765179824 9123060719296
20048 CHN 0 2280779778916 9123119115664
20049 OFL *  1
20050 OFL *  1
20051 CHN 0 2281156970195 9124627880780
20052 OFL *  1
20053 CHN 0 2281278018588 9125112074352
20054 OFL *  1
20055 OFL *  1
20056 CHN 0 2281722483097 9126889932388
20057 OFL *  1
20058 CHN 0 2281966817241 9127867268964
20059 OFL *  1
20060 OFL *  1
20061 OFL *  1
20062 OFL *  1
20063 CHN 0 2282734496184 9130937984736
20064 CHN 0 2282913482851 9131653931404
20065 OFL *  1
20066 OFL *  1
20067 OFL *  1
20068 OFL *  1
20069 OFL *  1
20070 OFL *  1
20071 CHN 0 2284153127574 9136612510296
20072 CHN 0 2284153151441 9136612605764
20073 CHN 0 2284153214158 9136612856632
20074 OFL *  1
20075 OFL *  1
20076 OFL *  1
20077 CHN 0 2284695900834 9138783603336
20078 OFL *  1
20079 CHN 0 2284816216123 9139264864492
20080 OFL *  1
20081 CHN 0 2285210915744 9140843662976
20082 OFL *  1
20083 OFL *  1
20084 OFL *  1
20085 OFL *  1
20086 OFL *  1
20087 OFL *  1
20088 OFL *  1
20089 OFL *  1
20090 OFL *  1
20091 OFL *  1
20092 OFL *  1
20093 CHN 0 2287405528200 9149622112800
20094 OFL *  1
20095 CHN 0 2287591582407 9150366329628
20096 OFL *  1
20097 OFL *  1
20098 OFL *  1
20099 OFL *  1
20100 CHN 0 2288398992569 9153595970276
20101 OFL *  1
20102 CHN 0 2288766310011 9155065240044
20103 OFL *  1
20104 CHN 0 2288906090472 9155624361888
20105 OFL *  1
20106 CHN 0 2289075137960 9156300551840
20107 CHN 0 2289236226422 9156944905688
20108 OFL *  1
20109 OFL *  1
20110 CHN 0 2289572701349 9158290805396
20111 OFL *  1
20112 CHN 0 2289673142854 9158692571416
20113 CHN 0 2289799453384 9159197813536
20114 OFL *  1
20115 OFL *  1
20116 CHN 0 2290204263999 9160817055996
20117 OFL *  1
20118 OFL *  1
20119 CHN 0 2290687403331 9162749613324
20120 OFL *  1
20121 OFL *  1
20122 OFL *  1
20123 OFL *  1
20124 CHN 0 2291534464715 9166137858860
20125 OFL *  1
20126 CHN 0 2291727616067 9166910464268
20127 OFL *  1
20128 OFL *  1
20129 OFL *  1
20130 OFL *  1
20131 CHN 0 2292424795528 9169699182112
20132 CHN 0 2292515829962 9170063319848
20133 CHN 0 2292526905606 9170107622424
20134 OFL *  1
20135 CHN 0 2292746514451 9170986057804
20136 OFL *  1
20137 OFL *  1
20138 OFL *  1
20139 CHN 0 2293352642940 9173410571760
20140 CHN 0 2293411690642 9173646762568
20141 OFL *  1
20142 OFL *  1
20143 CHN 0 2293709482314 9174837929256
20144 CHN 0 2293733513568 9174934054272
20145 OFL *  1
20146 OFL *  1
20147 OFL *  1
20148 OFL *  1
20149 CHN 0 2294552669435 9178210677740
20150 OFL *  1
20151 CHN 0 2294733725406 9178934901624
20152 CHN 0 2294858500232 9179434000928
20153 OFL *  1
20154 CHN 0 2295003608272 9180014433088
20155 OFL *  1
20156 CHN 0 2295297149041 9181188596164
20157 CHN 0 2295319702044 9181278808176
20158 OFL *  1
20159 CHN 0 2295547352801 9182189411204
20160 OFL *  1
20161 OFL *  1
20162 CHN 0 2295770059161 9183080236644
20163 OFL *  1
20164 OFL *  1
20165 OFL *  1
20166 CHN 0 2296561063499 9186244253996
20167 OFL *  1
20168 CHN 0 2296788155152 9187152620608
20169 OFL *  1
20170 OFL *  1
20171 OFL *  1
20172 CHN 0 2297269972703 9189079890812
20173 CHN 0 2297352754083 9189411016332
20174 OFL *  1
20175 OFL *  1
20176 OFL *  1
20177 OFL *  1
20178 CHN 0 2298271289356 9193085157424
20179 OFL *  1
20180 OFL *  1
20181 OFL *  1
20182 OFL *  1
20183 OFL *  1
20184 OFL *  1
20185 OFL *  1
20186 OFL *  1
20187 CHN 0 2299802373940 9199209495760
20188 OFL *  1
20189 OFL *  1
20190 OFL *  1
20191 OFL *  1
20192 CHN 0 2300814514361 9203258057444
20193 CHN 0 2300814538543 9203258154172
20194 CHN 0 2300814600137 9203258400548
20195 OFL *  1
20196 OFL *  1
20197 CHN 0 2301037748719 9204150994876
20198 CHN 0 2301148364009 9204593456036
20199 OFL *  1
20200 OFL *  1
20201 OFL *  1
20202 OFL *  1
20203 CHN 0 2301936989519 9207747958076
20204 OFL *  1
20205 CHN 0 2302247778130 9208991112520
20206 CHN 0 2302262471049 9209049884196
20207 OFL *  1
20208 OFL *  1
20209 CHN 0 2302569499737 9210277998948
20210 OFL *  1
20211 OFL *  1
20212 OFL *  1
20213 CHN 0 2303268843042 9213075372168
20214 OFL *  1
20215 CHN 0 2303378293977 9213513175908
20216 CHN 0 2303397812642 9213591250568
20217 CHN 0 2303536557133 9214146228532
20218 OFL *  1
20219 CHN 0 2303610426068 9214441704272
20220 OFL *  1
20221 CHN 0 2303935260715 9215741042860
20222 OFL *  1
20223 CHN 0 2304040127854 9216160511416
20224 OFL *  1
20225 OFL *  1
20226 OFL *  1
20227 OFL *  1
20228 CHN 0 2304853396568 9219413586272
20229 OFL *  1
20230 OFL *  1
20231 CHN 0 2305285480728 9221141922912
20232 OFL *  1
20233 CHN 0 2305655359253 9222621437012
20234 OFL *  1
20235 OFL *  1
20236 OFL *  1
20237 CHN 0 2306273278408 9225093113632
20238 OFL *  1
20239 CHN 0 2306429891410 9225719565640
20240 OFL *  1
20241 CHN 0 2306545489219 9226181956876
20242 OFL *  1
20243 OFL *  1
20244 OFL *  1
20245 CHN 0 2307306488828 9229225955312
20246 OFL *  1
20247 OFL *  1
20248 OFL *  1
20249 CHN 0 2307900307974 9231601231896
20250 OFL *  1
20251 OFL *  1
20252 OFL *  1
20253 CHN 0 2308428084911 9233712339644
20254 OFL *  1
20255 CHN 0 2308831190655 9235324762620
20256 OFL *  1
20257 OFL *  1
20258 OFL *  1
20259 OFL *  1
20260 CHN 0 2309538410969 9238153643876
20261 OFL *  1
20262 OFL *  1
20263 OFL *  1
20264 OFL *  1
20265 CHN 0 2310394800763 9241579203052
20266 OFL *  1
20267 OFL *  1
20268 OFL *  1
20269 CHN 0 2310941329824 9243765319296
20270 OFL *  1
20271 OFL *  1
20272 OFL *  1
20273 OFL *  1
20274 CHN 0 2311909338244 9247637352976
20275 OFL *  1
20276 CHN 0 2312060303559 9248241214236
20277 OFL *  1
20278 OFL *  1
20279 CHN 0 2312468476632 9249873906528
20280 CHN 0 2312500292482 9250001169928
20281 OFL *  1
20282 OFL *  1
20283 CHN 0 2312942192185 9251768768740
20284 OFL *  1
20285 OFL *  1
20286 CHN 0 2313357690258 9253430761032
20287 OFL *  1
20288 CHN 0 2313569365765 9254277463060
20289 OFL *  1
20290 OFL *  1
20291 OFL *  1
20292 CHN 0 2314204175184 9256816700736
20293 CHN 0 2314295870318 9257183481272
20294 OFL *  1
20295 CHN 0 2314375235774 9257500943096
20296 OFL *  1
20297 CHN 0 2314575851137 9258303404548
20298 OFL *  1
20299 CHN 0 2314901902329 9259607609316
20300 OFL *  1
20301 CHN 0 2314956654269 9259826617076
20302 OFL *  1
20303 OFL *  1
20304 CHN 0 2315569158715 9262276634860
20305 OFL *  1
20306 CHN 0 2315641191902 9262564767608
20307 CHN 0 2315779364006 9263117456024
20308 OFL *  1
20309 OFL *  1
20310 CHN 0 2316070533397 9264282133588
20311 OFL *  1
20312 CHN 0 2316263625136 9265054500544
20313 CHN 0 2316297497510 9265189990040
20314 OFL *  1
20315 CHN 0 2316514755625 9266059022500
20316 CHN 0 2316515292377 9266061169508
20317 CHN 0 2316623881986 9266495527944
20318 OFL *  1
20319 CHN 0 2316761279063 9267045116252
20320 OFL *  1
20321 OFL *  1
20322 CHN 0 2317165568185 9268662272740
20323 CHN 0 2317249432378 9268997729512
20324 OFL *  1
20325 CHN 0 2317366608650 9269466434600
20326 OFL *  1
20327 CHN 0 2317492571974 9269970287896
20328 CHN 0 2317492633554 9269970534216
20329 OFL *  1
20330 CHN 0 2317829878021 9271319512084
20331 OFL *  1
20332 OFL *  1
20333 CHN 0 2318178057852 9272712231408
20334 OFL *  1
20335 CHN 0 2318498356453 9273993425812
20336 OFL *  1
20337 OFL *  1
20338 CHN 0 2318893710308 9275574841232
20339 OFL *  1
20340 OFL *  1
20341 OFL *  1
20342 OFL *  1
20343 CHN 0 2319635751022 9278543004088
20344 OFL *  1
20345 OFL *  1
20346 CHN 0 2320042970241 9280171880964
20347 OFL *  1
20348 OFL *  1
20349 CHN 0 2320453477811 9281813911244
20350 OFL *  1
20351 OFL *  1
20352 CHN 0 2321017178133 9284068712532
20353 OFL *  1
20354 CHN 0 2321115208961 9284460835844
20355 OFL *  1
20356 OFL *  1
20357 CHN 0 2321675043788 9286700175152
20358 OFL *  1
20359 OFL *  1
20360 CHN 0 2321923525953 9287694103812
20361 OFL *  1
20362 CHN 0 2322291042974 9289164171896
20363 OFL *  1
20364 OFL *  1
20365 CHN 0 2322535652462 9290142609848
20366 OFL *  1
20367 CHN 0 2322758270982 9291033083928
20368 CHN 0 2322914331421 9291657325684
20369 OFL *  1
20370 OFL *  1
20371 OFL *  1
20372 OFL *  1
20373 OFL *  1
20374 CHN 0 2323906113748 9295624454992
20375 OFL *  1
20376 OFL *  1
20377 CHN 0 2324230821332 9296923285328
20378 CHN 0 2324249360752 9296997443008
20379 CHN 0 2324312155942 9297248623768
20380 OFL *  1
20381 CHN 0 2324583483599 9298333934396
20382 OFL *  1
20383 OFL *  1
20384 CHN 0 2324947708424 9299790833696
20385 CHN 0 2325053210988 9300212843952
20386 OFL *  1
20387 OFL *  1
20388 OFL *  1
20389 OFL *  1
20390 OFL *  1
20391 CHN 0 2326097063764 9304388255056
20392 OFL *  1
20393 OFL *  1
20394 OFL *  1
20395 CHN 0 2326678542178 9306714168712
20396 CHN 0 2326712973508 9306851894032
20397 OFL *  1
20398 OFL *  1
20399 CHN 0 2327001319439 9308005277756
20400 CHN 0 2327006996826 9308027987304
20401 OFL *  1
20402 OFL *  1
20403 OFL *  1
20404 OFL *  1
20405 OFL *  1
20406 OFL *  1
20407 CHN 0 2328311485750 9313245943000
20408 OFL *  1
20409 OFL *  1
20410 CHN 0 2328809536834 9315238147336
20411 OFL *  1
20412 OFL *  1
20413 OFL *  1
20414 OFL *  1
20415 OFL *  1
20416 OFL *  1
20417 CHN 0 2330004621137 9320018484548
20418 OFL *  1
20419 OFL *  1
20420 OFL *  1
20421 OFL *  1
20422 CHN 0 2330893390671 9323573562684
20423 OFL *  1
20424 OFL *  1
20425 CHN 0 2331192179660 9324768718640
20426 CHN 0 2331246652892 9324986611568
20427 OFL *  1
20428 OFL *  1
20429 OFL *  1
20430 CHN 0 2331926930961 9327707723844
20431 OFL *  1
20432 CHN 0 2332166071937 9328664287748
20433 OFL *  1
20434 OFL *  1
20435 CHN 0 2332582117217 9330328468868
20436 OFL *  1
20437 OFL *  1
20438 CHN 0 2332924737737 9331698950948
20439 OFL *  1
20440 OFL *  1
20441 OFL *  1
20442 CHN 0 2333498742437 9333994969748
20443 CHN 0 2333524110425 9334096441700
20444 OFL *  1
20445 CHN 0 2333808661406 9335234645624
20446 OFL *  1
20447 OFL *  1
20448 OFL *  1
20449 OFL *  1
20450 OFL *  1
20451 OFL *  1
20452 OFL *  1
20453 CHN 0 2335245790869 9340983163476
20454 CHN 0 2335336899625 9341347598500
20455 OFL *  1
20456 OFL *  1
20457 OFL *  1
20458 CHN 0 2335937538809 9343750155236
20459 CHN 0 2335968085964 9343872343856
20460 OFL *  1
20461 CHN 0 2336014786175 9344059144700
20462 OFL *  1
20463 OFL *  1
20464 OFL *  1
20465 OFL *  1
20466 OFL *  1
20467 OFL *  1
20468 OFL *  1
20469 OFL *  1
20470 OFL *  1
20471 OFL *  1
20472 OFL *  1
20473 CHN 0 2338499155464 9353996621856
20474 OFL *  1
20475 OFL *  1
20476 OFL *  1
20477 CHN 0 2339030788013 9356123152052
20478 CHN 0 2339122195986 9356488783944
20479 OFL *  1
20480 CHN 0 2339327190261 9357308761044
20481 OFL *  1
20482 OFL *  1
20483 CHN 0 2339668042552 9358672170208
20484 OFL *  1
20485 OFL *  1
20486 OFL *  1
20487 OFL *  1
20488 OFL *  1
20489 OFL *  1
20490 OFL *  1
20491 OFL *  1
20492 CHN 0 2341431098950 9365724395800
20493 CHN 0 2341440169559 9365760678236
20494 OFL *  1
20495 OFL *  1
20496 CHN 0 2341792176492 9367168705968
20497 OFL *  1
20498 CHN 0 2342039951548 9368159806192
20499 OFL *  1
20500 OFL *  1
20501 OFL *  1
20502 OFL *  1
20503 OFL *  1
20504 OFL *  1
20505 CHN 0 2343297778206 9373191112824
20506 OFL *  1
20507 CHN 0 2343538746121 9374154984484
20508 OFL *  1
20509 OFL *  1
20510 OFL *  1
20511 OFL *  1
20512 CHN 0 2344230295631 9376921182524
20513 CHN 0 2344438234395 9377752937580
20514 OFL *  1
20515 OFL *  1
20516 OFL *  1
20517 OFL *  1
20518 OFL *  1
20519 CHN 0 2345336299246 9381345196984
20520 OFL *  1
20521 CHN 0 2345684189496 9382736757984
20522 OFL *  1
20523 CHN 0 2345851348826 9383405395304
20524 OFL *  1
20525 OFL *  1
20526 CHN 0 2346165058180 9384660232720
20527 CHN 0 2346219639570 9384878558280
20528 CHN 0 2346267097225 9385068388900
20529 OFL *  1
20530 OFL *  1
20531 OFL *  1
20532 OFL *  1
20533 OFL *  1
20534 OFL *  1
20535 OFL *  1
20536 CHN 0 2347716180265 9390864721060
20537 OFL *  1
20538 OFL *  1
20539 CHN 0 2348119724535 9392478898140
20540 OFL *  1
20541 CHN 0 2348387349368 9393549397472
20542 OFL *  1
20543 OFL *  1
20544 OFL *  1
20545 OFL *  1
20546 OFL *  1
20547 CHN 0 2349332633334 9397330533336
20548 OFL *  1
20549 OFL *  1
20550 OFL *  1
20551 OFL *  1
20552 CHN 0 2350223806956 9400895227824
20553 OFL *  1
20554 OFL *  1
20555 OFL *  1
20556 OFL *  1
20557 OFL *  1
20558 OFL *  1
20559 OFL *  1
20560 CHN 0 2351786481756 9407145927024
20561 OFL *  1
20562 OFL *  1
20563 CHN 0 2352186334006 9408745336024
20564 OFL *  1
20565 OFL *  1
20566 OFL *  1
20567 OFL *  1
20568 OFL *  1
20569 OFL *  1
20570 CHN 0 2353300384312 9413201537248
20571 OFL *  1
20572 CHN 0 2353620258369 9414481033476
20573 CHN 0 2353677101293 9414708405172
20574 OFL *  1
20575 OFL *  1
20576 OFL *  1
20577 OFL *  1
20578 CHN 0 2354434647925 9417738591700
20579 OFL *  1
20580 CHN 0 2354608019759 9418432079036
20581 OFL *  1
20582 CHN 0 2354937453321 9419749813284
20583 OFL *  1
20584 OFL *  1
20585 CHN 0 2355268834721 9421075338884
20586 CHN 0 2355306909372 9421227637488
20587 CHN 0 2355345660162 9421382640648
20588 OFL *  1
20589 CHN 0 2355423770338 9421695081352
20590 OFL *  1
20591 OFL *  1
20592 OFL *  1
20593 OFL *  1
20594 CHN 0 2356280208829 9425120835316
20595 OFL *  1
20596 OFL *  1
20597 OFL *  1
20598 CHN 0 2356997804760 9427991219040
20599 OFL *  1
20600 CHN 0 2357174771527 9428699086108
20601 OFL *  1
20602 CHN 0 2357373478684 9429493914736
20603 CHN 0 2357475217537 9429900870148
20604 OFL *  1
20605 CHN 0 2357556762549 9430227050196
20606 OFL *  1
20607 OFL *  1
20608 CHN 0 2358118297594 9432473190376
20609 CHN 0 2358131703384 9432526813536
20610 OFL *  1
20611 OFL *  1
20612 OFL *  1
20613 OFL *  1
20614 CHN 0 2358842146221 9435368584884
20615 CHN 0 2358850957871 9435403831484
20616 OFL *  1
20617 OFL *  1
20618 OFL *  1
20619 CHN 0 2359504406350 9438017625400
20620 CHN 0 2359563900328 9438255601312
20621 OFL *  1
20622 CHN 0 2359643777587 9438575110348
20623 OFL *  1
20624 CHN 0 2359900769422 9439603077688
20625 OFL *  1
20626 CHN 0 2360088904829 9440355619316
20627 OFL *  1
20628 CHN 0 2360328992319 9441315969276
20629 OFL *  1
20630 CHN 0 2360527914128 9442111656512
20631 CHN 0 2360536645752 9442146583008
20632 OFL *  1
20633 CHN 0 2360789255079 9443157020316
20634 OFL *  1
20635 CHN 0 2361001965972 9444007863888
20636 OFL *  1
20637 OFL *  1
20638 OFL *  1
20639 CHN 0 2361530900405 9446123601620
20640 CHN 0 2361598757771 9446395031084
20641 CHN 0 2361655554286 9446622217144
20642 CHN 0 2361662929700 9446651718800
20643 OFL *  1
20644 OFL *  1
20645 CHN 0 2362136324204 9448545296816
20646 OFL *  1
20647 OFL *  1
20648 CHN 0 2362373759816 9449495039264
20649 CHN 0 2362485072209 9449940288836
20650 OFL *  1
20651 CHN 0 2362642679744 9450570718976
20652 OFL *  1
20653 CHN 0 2362939048925 9451756195700
20654 OFL *  1
20655 OFL *  1
20656 CHN 0 2363362342138 9453449368552
20657 CHN 0 2363387653486 9453550613944
20658 OFL *  1
20659 OFL *  1
20660 OFL *  1
20661 CHN 0 2363834611211 9455338444844
20662 CHN 0 2363895814310 9455583257240
20663 OFL *  1
20664 OFL *  1
20665 OFL *  1
20666 OFL *  1
20667 CHN 0 2364685281540 9458741126160
20668 OFL *  1
20669 OFL *  1
20670 OFL *  1
20671 CHN 0 2365455838015 9461823352060
20672 OFL *  1
20673 CHN 0 2365603147320 9462412589280
20674 OFL *  1
20675 OFL *  1
20676 OFL *  1
20677 OFL *  1
20678 OFL *  1
20679 CHN 0 2366659903982 9466639615928
20680 CHN 0 2366705782240 9466823128960
20681 CHN 0 2366713732717 9466854930868
20682 OFL *  1
20683 CHN 0 2366795018104 9467180072416
20684 CHN 0 2366919314323 9467677257292
20685 OFL *  1
20686 OFL *  1
20687 OFL *  1
20688 CHN 0 2367432081271 9469728325084
20689 OFL *  1
20690 CHN 0 2367654471664 9470617886656
20691 CHN 0 2367666070619 9470664282476
20692 OFL *  1
20693 OFL *  1
20694 OFL *  1
20695 OFL *  1
20696 OFL *  1
20697 OFL *  1
20698 OFL *  1
20699 OFL *  1
20700 OFL *  1
20701 CHN 0 2369527955374 9478111821496
20702 OFL *  1
20703 CHN 0 2369899925410 9479599701640
20704 OFL *  1
20705 OFL *  1
20706 CHN 0 2370184434875 9480737739500
20707 CHN 0 2370353401677 9481413606708
20708 OFL *  1
20709 CHN 0 2370516848548 9482067394192
20710 CHN 0 2370519767768 9482079071072
20711 OFL *  1
20712 OFL *  1
20713 OFL *  1
20714 CHN 0 2371166966448 9484667865792
20715 OFL *  1
20716 CHN 0 2371276760656 9485107042624
20717 CHN 0 2371346071885 9485384287540
20718 OFL *  1
20719 OFL *  1
20720 CHN 0 2371668305444 9486673221776
20721 OFL *  1
20722 OFL *  1
20723 OFL *  1
20724 CHN 0 2372307939465 9489231757860
20725 OFL *  1
20726 OFL *  1
20727 OFL *  1
20728 CHN 0 2373056443183 9492225772732
20729 OFL *  1
20730 OFL *  1
20731 CHN 0 2373348796150 9493395184600
20732 OFL *  1
20733 OFL *  1
20734 OFL *  1
20735 CHN 0 2373937223432 9495748893728
20736 CHN 0 2374093857647 9496375430588
20737 OFL *  1
20738 CHN 0 2374199243281 9496796973124
20739 OFL *  1
20740 CHN 0 2374491704889 9497966819556
20741 OFL *  1
20742 CHN 0 2374664020795 9498656083180
20743 OFL *  1
20744 CHN 0 2374805145764 9499220583056
20745 OFL *  1
20746 CHN 0 2375011045142 9500044180568
20747 OFL *  1
20748 OFL *  1
20749 OFL *  1
20750 CHN 0 2375666787228 9502667148912
20751 OFL *  1
20752 CHN 0 2375851223125 9503404892500
20753 OFL *  1
20754 CHN 0 2376098511562 9504394046248
20755 CHN 0 2376162627570 9504650510280
20756 CHN 0 2376208229618 9504832918472
20757 OFL *  1
20758 OFL *  1
20759 OFL *  1
20760 OFL *  1
20761 CHN 0 2377025810537 9508103242148
20762 OFL *  1
20763 CHN 0 2377120289994 9508481159976
20764 OFL *  1
20765 CHN 0 2377443090026 9509772360104
20766 OFL *  1
20767 CHN 0 2377684975818 9510739903272
20768 OFL *  1
20769 OFL *  1
20770 OFL *  1
20771 OFL *  1
20772 CHN 0 2378473874628 9513895498512
20773 CHN 0 2378545786096 9514183144384
20774 OFL *  1
20775 CHN 0 2378575217047 9514300868188
20776 OFL *  1
20777 OFL *  1
20778 OFL *  1
20779 CHN 0 2379297702897 9517190811588
20780 CHN 0 2379337568355 9517350273420
20781 OFL *  1
20782 OFL *  1
20783 CHN 0 2379832394322 9519329577288
20784 OFL *  1
20785 OFL *  1
20786 OFL *  1
20787 OFL *  1
20788 CHN 0 2380625789670 9522503158680
20789 OFL *  1
20790 OFL *  1
20791 OFL *  1
20792 CHN 0 2381100866353 9524403465412
20793 CHN 0 2381174475814 9524697903256
20794 OFL *  1
20795 CHN 0 2381512636140 9526050544560
20796 OFL *  1
20797 OFL *  1
20798 OFL *  1
20799 CHN 0 2382117596896 9528470387584
20800 OFL *  1
20801 CHN 0 2382233847584 9528935390336
20802 OFL *  1
20803 OFL *  1
20804 CHN 0 2382684142766 9530736571064
20805 CHN 0 2382704615314 9530818461256
20806 OFL *  1
20807 OFL *  1
20808 OFL *  1
20809 CHN 0 2383219235861 9532876943444
20810 CHN 0 2383346797651 9533387190604
20811 OFL *  1
20812 OFL *  1
20813 OFL *  1
20814 OFL *  1
20815 OFL *  1
20816 OFL *  1
20817 CHN 0 2384566637688 9538266550752
20818 OFL *  1
20819 OFL *  1
20820 CHN 0 2385089373527 9540357494108
20821 OFL *  1
20822 CHN 0 2385176151914 9540704607656
20823 CHN 0 2385180611624 9540722446496
20824 OFL *  1
20825 OFL *  1
20826 CHN 0 2385554602378 9542218409512
20827 CHN 0 2385647891173 9542591564692
20828 OFL *  1
20829 OFL *  1
20830 OFL *  1
20831 CHN 0 2386194493568 9544777974272
20832 CHN 0 2386236610042 9544946440168
20833 OFL *  1
20834 OFL *  1
20835 OFL *  1
20836 OFL *  1
20837 OFL *  1
20838 OFL *  1
20839 CHN 0 2387511875785 9550047503140
20840 OFL *  1
20841 OFL *  1
20842 OFL *  1
20843 CHN 0 2388211952316 9552847809264
20844 OFL *  1
20845 CHN 0 2388287246079 9553148984316
20846 OFL *  1
20847 CHN 0 2388618508259 9554474033036
20848 OFL *  1
20849 OFL *  1
20850 OFL *  1
20851 OFL *  1
20852 OFL *  1
20853 CHN 0 2389537863691 9558151454764
20854 CHN 0 2389558360895 9558233443580
20855 CHN 0 2389584207364 9558336829456
20856 OFL *  1
20857 CHN 0 2389757425476 9559029701904
20858 CHN 0 2389762727216 9559050908864
20859 OFL *  1
20860 OFL *  1
20861 OFL *  1
20862 OFL *  1
20863 OFL *  1
20864 OFL *  1
20865 OFL *  1
20866 OFL *  1
20867 OFL *  1
20868 CHN 0 2391822347154 9567289388616
20869 OFL *  1
20870 CHN 0 2391904340695 9567617362780
20871 OFL *  1
20872 OFL *  1
20873 CHN 0 2392438927485 9569755709940
20874 OFL *  1
20875 CHN 0 2392633921159 9570535684636
20876 CHN 0 2392681534789 9570726139156
20877 OFL *  1
20878 OFL *  1
20879 OFL *  1
20880 OFL *  1
20881 CHN 0 2393391456416 9573565825664
20882 CHN 0 2393522722698 9574090890792
20883 OFL *  1
20884 OFL *  1
20885 CHN 0 2393896182150 9575584728600
20886 OFL *  1
20887 CHN 0 2394054310660 9576217242640
20888 OFL *  1
20889 CHN 0 2394240669207 9576962676828
20890 OFL *  1
20891 OFL *  1
20892 OFL *  1
20893 OFL *  1
20894 OFL *  1
20895 OFL *  1
20896 OFL *  1
20897 OFL *  1
20898 CHN 0 2395973286018 9583893144072
20899 OFL *  1
20900 OFL *  1
20901 CHN 0 2396281938030 9585127752120
20902 CHN 0 2396335705472 9585342821888
20903 OFL *  1
20904 OFL *  1
20905 CHN 0 2396754778914 9587019115656
20906 OFL *  1
20907 CHN 0 2396969469329 9587877877316
20908 OFL *  1
20909 OFL *  1
20910 CHN 0 2397328876434 9589315505736
20911 OFL *  1
20912 OFL *  1
20913 OFL *  1
20914 OFL *  1
20915 OFL *  1
20916 CHN 0 2398441484344 9593765937376
20917 OFL *  1
20918 OFL *  1
20919 OFL *  1
20920 OFL *  1
20921 OFL *  1
20922 CHN 0 2399519253176 9598077012704
20923 OFL *  1
20924 OFL *  1
20925 OFL *  1
20926 CHN 0 2400089751861 9600359007444
20927 OFL *  1
20928 CHN 0 2400445090633 9601780362532
20929 OFL *  1
20930 CHN 0 2400530374641 9602121498564
20931 OFL *  1
20932 CHN 0 2400766179464 9603064717856
20933 CHN 0 2400766242012 9603064968048
20934 CHN 0 2400766267905 9603065071620
20935 CHN 0 2400849656803 9603398627212
20936 CHN 0 2400861419386 9603445677544
20937 OFL *  1
20938 CHN 0 2401007433545 9604029734180
20939 OFL *  1
20940 OFL *  1
20941 OFL *  1
20942 OFL *  1
20943 CHN 0 2401799563999 9607198255996
20944 OFL *  1
20945 CHN 0 2402155740861 9608622963444
20946 OFL *  1
20947 CHN 0 2402227372414 9608909489656
20948 OFL *  1
20949 CHN 0 2402408917010 9609635668040
20950 CHN 0 2402516144212 9610064576848
20951 OFL *  1
20952 CHN 0 2402694831963 9610779327852
20953 CHN 0 2402704390453 9610817561812
20954 OFL *  1
20955 OFL *  1
20956 CHN 0 2403102331492 9612409325968
20957 OFL *  1
20958 CHN 0 2403260602347 9613042409388
20959 CHN 0 2403273535013 9613094140052
20960 OFL *  1
20961 OFL *  1
20962 CHN 0 2403821716670 9615286866680
20963 CHN 0 2403847672371 9615390689484
20964 OFL *  1
20965 OFL *  1
20966 CHN 0 2404113894837 9616455579348
20967 CHN 0 2404165847215 9616663388860
20968 CHN 0 2404246684230 9616986736920
20969 OFL *  1
20970 OFL *  1
20971 CHN 0 2404586772309 9618347089236
20972 CHN 0 2404687959384 9618751837536
20973 OFL *  1
20974 CHN 0 2404895752883 9619583011532
20975 OFL *  1
20976 OFL *  1
20977 CHN 0 2405189788127 9620759152508
20978 OFL *  1
20979 CHN 0 2405374398072 9621497592288
20980 OFL *  1
20981 OFL *  1
20982 CHN 0 2405761496671 9623045986684
20983 CHN 0 2405957860843 9623831443372
20984 OFL *  1
20985 CHN 0 2405985946800 9623943787200
20986 CHN 0 2406047022906 9624188091624
20987 OFL *  1
20988 OFL *  1
20989 CHN 0 2406577846381 9626311385524
20990 OFL *  1
20991 OFL *  1
20992 OFL *  1
20993 OFL *  1
20994 OFL *  1
20995 CHN 0 2407645725199 9630582900796
20996 OFL *  1
20997 CHN 0 2407792164589 9631168658356
20998 OFL *  1
20999 CHN 0 2407957833702 9631831334808
21000 OFL *  1
21001 CHN 0 2408093517381 9632374069524
21002 OFL *  1
21003 CHN 0 2408461797853 9633847191412
21004 OFL *  1
21005 CHN 0 2408551041654 9634204166616
21006 CHN 0 2408670220345 9634680881380
21007 OFL *  1
21008 OFL *  1
21009 CHN 0 2409096833257 9636387333028
21010 CHN 0 2409110640358 9636442561432
21011 OFL *  1
21012 CHN 0 2409145770957 9636583083828
21013 CHN 0 2409229849386 9636919397544
21014 CHN 0 2409285133295 9637140533180
21015 OFL *  1
21016 OFL *  1
21017 CHN 0 2409568221483 9638272885932
21018 CHN 0 2409587261325 9638349045300
21019 OFL *  1
21020 CHN 0 2409847626517 9639390506068
21021 CHN 0 2409963778547 9639855114188
21022 OFL *  1
21023 CHN 0 2410113008129 9640452032516
21024 OFL *  1
21025 OFL *  1
21026 OFL *  1
21027 CHN 0 2410706383522 9642825534088
21028 CHN 0 2410800732873 9643202931492
21029 OFL *  1
21030 CHN 0 2410888027305 9643552109220
21031 OFL *  1
21032 CHN 0 2411170075326 9644680301304
21033 OFL *  1
21034 OFL *  1
21035 OFL *  1
21036 CHN 0 2411834984909 9647339939636
21037 OFL *  1
21038 CHN 0 2411890852515 9647563410060
21039 OFL *  1
21040 CHN 0 2412136465449 9648545861796
21041 OFL *  1
21042 OFL *  1
21043 OFL *  1
21044 CHN 0 2412752935796 9651011743184
21045 OFL *  1
21046 CHN 0 2413000242722 9652000970888
21047 OFL *  1
21048 CHN 0 2413274966130 9653099864520
21049 OFL *  1
21050 OFL *  1
21051 OFL *  1
21052 OFL *  1
21053 OFL *  1
21054 CHN 0 2414181628026 9656726512104
21055 OFL *  1
21056 CHN 0 2414490554400 9657962217600
21057 OFL *  1
21058 CHN 0 2414742719236 9658970876944
21059 OFL *  1
21060 CHN 0 2414930280998 9659721123992
21061 OFL *  1
21062 CHN 0 2415065644873 9660262579492
21063 OFL *  1
21064 OFL *  1
21065 OFL *  1
21066 OFL *  1
21067 OFL *  1
21068 CHN 0 2416134400176 9664537600704
21069 OFL *  1
21070 CHN 0 2416299147336 9665196589344
21071 OFL *  1
21072 CHN 0 2416656362555 9666625450220
21073 OFL *  1
21074 OFL *  1
21075 OFL *  1
21076 OFL *  1
21077 OFL *  1
21078 CHN 0 2417602474017 9670409896068
21079 CHN 0 2417627890620 9670511562480
21080 CHN 0 2417631842406 9670527369624
21081 OFL *  1
21082 CHN 0 2417818707054 9671274828216
21083 CHN 0 2417971437611 9671885750444
21084 OFL *  1
21085 CHN 0 2417981119666 9671924478664
21086 CHN 0 2418009399828 9672037599312
21087 CHN 0 2418069436583 9672277746332
21088 CHN 0 2418177026977 9672708107908
21089 OFL *  1
21090 CHN 0 2418288571897 9673154287588
21091 OFL *  1
21092 OFL *  1
21093 CHN 0 2418712887153 9674851548612
21094 CHN 0 2418777745389 9675110981556
21095 OFL *  1
21096 CHN 0 2418915225382 9675660901528
21097 OFL *  1
21098 CHN 0 2419060228152 9676240912608
21099 OFL *  1
21100 OFL *  1
21101 OFL *  1
21102 OFL *  1
21103 OFL *  1
21104 OFL *  1
21105 OFL *  1
21106 CHN 0 2420559950009 9682239800036
21107 OFL *  1
21108 CHN 0 2420910278239 9683641112956
21109 OFL *  1
21110 OFL *  1
21111 OFL *  1
21112 OFL *  1
21113 OFL *  1
21114 CHN 0 2421938151847 9687752607388
21115 OFL *  1
21116 CHN 0 2422026845450 9688107381800
21117 OFL *  1
21118 CHN 0 2422210081713 9688840326852
21119 CHN 0 2422332377131 9689329508524
21120 OFL *  1
21121 CHN 0 2422576547168 9690306188672
21122 OFL *  1
21123 CHN 0 2422793809777 9691175239108
21124 OFL *  1
21125 CHN 0 2422982307322 9691929229288
21126 OFL *  1
21127 OFL *  1
21128 OFL *  1
21129 CHN 0 2423490022668 9693960090672
21130 OFL *  1
21131 OFL *  1
21132 OFL *  1
21133 OFL *  1
21134 OFL *  1
21135 CHN 0 2424575301569 9698301206276
21136 CHN 0 2424712855866 9698851423464
21137 OFL *  1
21138 CHN 0 2424827679717 9699310718868
21139 OFL *  1
21140 OFL *  1
21141 OFL *  1
21142 CHN 0 2425450432314 9701801729256
21143 OFL *  1
21144 CHN 0 2425691182712 9702764730848
21145 OFL *  1
21146 OFL *  1
21147 OFL *  1
21148 OFL *  1
21149 CHN 0 2426423592039 9705694368156
21150 CHN 0 2426505319605 9706021278420
21151 OFL *  1
21152 CHN 0 2426635374322 9706541497288
21153 CHN 0 2426746821288 9706987285152
21154 OFL *  1
21155 OFL *  1
21156 CHN 0 2427077438328 9708309753312
21157 CHN 0 2427231631205 9708926524820
21158 OFL *  1
21159 CHN 0 2427305990415 9709223961660
21160 CHN 0 2427371805071 9709487220284
21161 CHN 0 2427374242060 9709496968240
21162 OFL *  1
21163 OFL *  1
21164 CHN 0 2427802095919 9711208383676
21165 OFL *  1
21166 OFL *  1
21167 OFL *  1
21168 CHN 0 2428338865992 9713355463968
21169 OFL *  1
21170 CHN 0 2428644385210 9714577540840
21171 CHN 0 2428654803738 9714619214952
21172 OFL *  1
21173 CHN 0 2428886477938 9715545911752
21174 OFL *  1
21175 OFL *  1
21176 OFL *  1
21177 OFL *  1
21178 OFL *  1
21179 OFL *  1
21180 OFL *  1
21181 CHN 0 2430247837837 9720991351348
21182 CHN 0 2430339435598 9721357742392
21183 OFL *  1
21184 CHN 0 2430523401464 9722093605856
21185 OFL *  1
21186 OFL *  1
21187 OFL *  1
21188 CHN 0 2431233264652 9724933058608
21189 OFL *  1
21190 CHN 0 2431288964386 9725155857544
21191 OFL *  1
21192 CHN 0 2431571490208 9726285960832
21193 OFL *  1
21194 CHN 0 2431722662289 9726890649156
21195 CHN 0 2431741470890 9726965883560
21196 OFL *  1
21197 CHN 0 2431907259219 9727629036876
21198 OFL *  1
21199 CHN 0 2432144271423 9728577085692
21200 OFL *  1
21201 CHN 0 2432302470557 9729209882228
21202 OFL *  1
21203 OFL *  1
21204 CHN 0 2432807739439 9731230957756
21205 OFL *  1
21206 CHN 0 2433083515132 9732334060528
21207 OFL *  1
21208 OFL *  1
21209 OFL *  1
21210 OFL *  1
21211 OFL *  1
21212 OFL *  1
21213 CHN 0 2434335061963 9737340247852
21214 OFL *  1
21215 CHN 0 2434414851517 9737659406068
21216 OFL *  1
21217 CHN 0 2434663909546 9738655638184
21218 OFL *  1
21219 OFL *  1
21220 CHN 0 2435173193331 9740692773324
21221 OFL *  1
21222 OFL *  1
21223 OFL *  1
21224 OFL *  1
21225 OFL *  1
21226 CHN 0 2436155117203 9744620468812
21227 OFL *  1
21228 CHN 0 2436339264307 9745357057228
21229 CHN 0 2436488118952 9745952475808
21230 OFL *  1
21231 OFL *  1
21232 CHN 0 2436750966835 9747003867340
21233 CHN 0 2436801707355 9747206829420
21234 OFL *  1
21235 CHN 0 2436990844107 9747963376428
21236 OFL *  1
21237 CHN 0 2437341057247 9749364228988
21238 OFL *  1
21239 OFL *  1
21240 OFL *  1
21241 CHN 0 2437909623476 9751638493904
21242 CHN 0 2437937445940 9751749783760
21243 CHN 0 2437956406691 9751825626764
21244 OFL *  1
21245 OFL *  1
21246 OFL *  1
21247 OFL *  1
21248 OFL *  1
21249 OFL *  1
21250 CHN 0 2439176391751 9756705567004
21251 OFL *  1
21252 CHN 0 2439292697069 9757170788276
21253 CHN 0 2439324473481 9757297893924
21254 OFL *  1
21255 OFL *  1
21256 CHN 0 2439831204371 9759324817484
21257 OFL *  1
21258 CHN 0 2439943177536 9759772710144
21259 CHN 0 2440077505995 9760310023980
21260 OFL *  1
21261 CHN 0 2440096939199 9760387756796
21262 OFL *  1
21263 CHN 0 2440465955249 9761863820996
21264 OFL *  1
21265 OFL *  1
21266 OFL *  1
21267 CHN 0 2441002906747 9764011626988
21268 OFL *  1
21269 OFL *  1
21270 OFL *  1
21271 CHN 0 2441680413325 9766721653300
21272 CHN 0 2441681969036 9766727876144
21273 OFL *  1
21274 CHN 0 2441796627721 9767186510884
21275 OFL *  1
21276 CHN 0 2442138941597 9768555766388
21277 OFL *  1
21278 OFL *  1
21279 CHN 0 2442443595313 9769774381252
21280 CHN 0 2442479033363 9769916133452
21281 OFL *  1
21282 OFL *  1
21283 OFL *  1
21284 OFL *  1
21285 CHN 0 2443353896778 9773415587112
21286 CHN 0 2443369677834 9773478711336
21287 OFL *  1
21288 OFL *  1
21289 OFL *  1
21290 CHN 0 2444069650248 9776278600992
21291 OFL *  1
21292 OFL *  1
21293 CHN 0 2444480532598 9777922130392
21294 OFL *  1
21295 OFL *  1
21296 CHN 0 2444811959343 9779247837372
21297 CHN 0 2444896188188 9779584752752
21298 CHN 0 2444919963369 9779679853476
21299 OFL *  1
21300 OFL *  1
21301 OFL *  1
21302 CHN 0 2445537956001 9782151824004
21303 OFL *  1
21304 OFL *  1
21305 OFL *  1
21306 OFL *  1
21307 OFL *  1
21308 OFL *  1
21309 CHN 0 2446736041635 9786944166540
21310 OFL *  1
21311 OFL *  1
21312 OFL *  1
21313 OFL *  1
21314 OFL *  1
21315 OFL *  1
21316 CHN 0 2447985618821 9791942475284
21317 CHN 0 2448043056793 9792172227172
21318 OFL *  1
21319 OFL *  1
21320 OFL *  1
21321 OFL *  1
21322 CHN 0 2448819516293 9795278065172
21323 CHN 0 2448916930427 9795667721708
21324 CHN 0 2448931770170 9795727080680
21325 OFL *  1
21326 CHN 0 2448978548012 9795914192048
21327 CHN 0 2449154095225 9796616380900
21328 OFL *  1
21329 OFL *  1
21330 OFL *  1
21331 CHN 0 2449636630775 9798546523100
21332 OFL *  1
21333 OFL *  1
21334 OFL *  1
21335 OFL *  1
21336 OFL *  1
21337 CHN 0 2450755463998 9803021855992
21338 CHN 0 2450758017745 9803032070980
21339 CHN 0 2450762357375 9803049429500
21340 OFL *  1
21341 CHN 0 2450925972155 9803703888620
21342 CHN 0 2450982260542 9803929042168
21343 OFL *  1
21344 CHN 0 2451071877590 9804287510360
21345 CHN 0 2451091611718 9804366446872
21346 OFL *  1
21347 CHN 0 2451412813375 9805651253500
21348 CHN 0 2451422714321 9805690857284
21349 OFL *  1
21350 OFL *  1
21351 OFL *  1
21352 OFL *  1
21353 OFL *  1
21354 OFL *  1
21355 OFL *  1
21356 CHN 0 2452886845379 9811547381516
21357 CHN 0 2452914922677 9811659690708
21358 OFL *  1
21359 CHN 0 2453022381511 9812089526044
21360 CHN 0 2453103376151 9812413504604
21361 OFL *  1
21362 OFL *  1
21363 OFL *  1
21364 CHN 0 2453646811922 9814587247688
21365 OFL *  1
21366 CHN 0 2453971045195 9815884180780
21367 OFL *  1
21368 OFL *  1
21369 OFL *  1
21370 OFL *  1
21371 OFL *  1
21372 OFL *  1
21373 CHN 0 2455151294131 9820605176524
21374 CHN 0 2455201636774 9820806547096
21375 CHN 0 2455214884803 9820859539212
21376 OFL *  1
21377 OFL *  1
21378 CHN 0 2455613170831 9822452683324
21379 OFL *  1
21380 CHN 0 2455837113161 9823348452644
21381 OFL *  1
21382 OFL *  1
21383 OFL *  1
21384 OFL *  1
21385 OFL *  1
21386 OFL *  1
21387 OFL *  1
21388 OFL *  1
21389 OFL *  1
21390 OFL *  1
21391 CHN 0 2457841902654 9831367610616
21392 CHN 0 2457964725002 9831858900008
21393 OFL *  1
21394 CHN 0 2458053393958 9832213575832
21395 OFL *  1
21396 OFL *  1
21397 CHN 0 2458580003654 9834320014616
21398 OFL *  1
21399 OFL *  1
21400 CHN 0 2458990847831 9835963391324
21401 CHN 0 2459034214889 9836136859556
21402 OFL *  1
21403 CHN 0 2459138159452 9836552637808
21404 CHN 0 2459148138248 9836592552992
21405 OFL *  1
21406 CHN 0 2459472481164 9837889924656
21407 OFL *  1
21408 CHN 0 2459626312663 9838505250652
21409 CHN 0 2459656732053 9838626928212
21410 OFL *  1
21411 OFL *  1
21412 OFL *  1
21413 OFL *  1
21414 OFL *  1
21415 CHN 0 2460548755343 9842195021372
21416 CHN 0 2460637269879 9842549079516
21417 OFL *  1
21418 OFL *  1
21419 OFL *  1
21420 CHN 0 2461209644203 9844838576812
21421 CHN 0 2461292777131 9845171108524
21422 OFL *  1
21423 CHN 0 2461516157287 9846064629148
21424 OFL *  1
21425 CHN 0 2461732538747 9846930154988
21426 CHN 0 2461762111518 9847048446072
21427 OFL *  1
21428 CHN 0 2461863805599 9847455222396
21429 OFL *  1
21430 CHN 0 2462048392401 9848193569604
21431 CHN 0 2462127095312 9848508381248
21432 OFL *  1
21433 CHN 0 2462229032472 9848916129888
21434 CHN 0 2462230100328 9848920401312
21435 CHN 0 2462387003845 9849548015380
21436 OFL *  1
21437 CHN 0 2462434257037 9849737028148
21438 CHN 0 2462446681843 9849786727372
21439 CHN 0 2462536429340 9850145717360
21440 OFL *  1
21441 OFL *  1
21442 CHN 0 2462991542051 9851966168204
21443 OFL *  1
21444 OFL *  1
21445 CHN 0 2463467582594 9853870330376
21446 OFL *  1
21447 CHN 0 2463632772350 9854531089400
21448 OFL *  1
21449 CHN 0 2463728116356 9854912465424
21450 OFL *  1
21451 CHN 0 2463931631120 9855726524480
21452 OFL *  1
21453 CHN 0 2464264074340 9857056297360
21454 OFL *  1
21455 OFL *  1
21456 OFL *  1
21457 CHN 0 2464780208936 9859120835744
21458 OFL *  1
21459 OFL *  1
21460 CHN 0 2465217473494 9860869893976
21461 OFL *  1
21462 OFL *  1
21463 OFL *  1
21464 OFL *  1
21465 OFL *  1
21466 CHN 0 2466245441110 9864981764440
21467 OFL *  1
21468 CHN 0 2466542804902 9866171219608
21469 OFL *  1
21470 CHN 0 2466721101997 9866884407988
21471 OFL *  1
21472 CHN 0 2466867009862 9867468039448
21473 CHN 0 2466876350330 9867505401320
21474 OFL *  1
21475 OFL *  1
21476 OFL *  1
21477 CHN 0 2467595214006 9870380856024
21478 CHN 0 2467613453194 9870453812776
21479 CHN 0 2467655087689 9870620350756
21480 OFL *  1
21481 OFL *  1
21482 OFL *  1
21483 OFL *  1
21484 OFL *  1
21485 CHN 0 2468678113993 9874712455972
21486 OFL *  1
21487 CHN 0 2468852795034 9875411180136
21488 OFL *  1
21489 OFL *  1
21490 OFL *  1
21491 OFL *  1
21492 CHN 0 2469752866237 9879011464948
21493 OFL *  1
21494 OFL *  1
21495 OFL *  1
21496 OFL *  1
21497 OFL *  1
21498 CHN 0 2470853099105 9883412396420
21499 OFL *  1
21500 OFL *  1
21501 OFL *  1
21502 CHN 0 2471311264345 9885245057380
21503 CHN 0 2471357817385 9885431269540
21504 OFL *  1
21505 OFL *  1
21506 CHN 0 2471750550517 9887002202068
21507 CHN 0 2471842027911 9887368111644
21508 OFL *  1
21509 OFL *  1
21510 CHN 0 2472328851614 9889315406456
21511 OFL *  1
21512 CHN 0 2472381980038 9889527920152
21513 CHN 0 2472470143126 9889880572504
21514 OFL *  1
21515 CHN 0 2472656651959 9890626607836
21516 CHN 0 2472679511348 9890718045392
21517 OFL *  1
21518 OFL *  1
21519 OFL *  1
21520 CHN 0 2473179222060 9892716888240
21521 CHN 0 2473262045859 9893048183436
21522 OFL *  1
21523 CHN 0 2473408621498 9893634485992
21524 OFL *  1
21525 CHN 0 2473637085340 9894548341360
21526 CHN 0 2473641601223 9894566404892
21527 CHN 0 2473740454907 9894961819628
21528 OFL *  1
21529 OFL *  1
21530 OFL *  1
21531 OFL *  1
21532 OFL *  1
21533 OFL *  1
21534 CHN 0 2474981036580 9899924146320
21535 OFL *  1
21536 OFL *  1
21537 OFL *  1
21538 CHN 0 2475661032307 9902644129228
21539 OFL *  1
21540 CHN 0 2475841228105 9903364912420
21541 OFL *  1
21542 OFL *  1
21543 CHN 0 2476322002762 9905288011048
21544 OFL *  1
21545 OFL *  1
21546 CHN 0 2476643502404 9906574009616
21547 OFL *  1
21548 CHN 0 2476817421174 9907269684696
21549 OFL *  1
21550 OFL *  1
21551 CHN 0 2477202581512 9908810326048
21552 OFL *  1
21553 OFL *  1
21554 CHN 0 2477779413086 9911117652344
21555 OFL *  1
21556 CHN 0 2477876673104 9911506692416
21557 CHN 0 2477891955497 9911567821988
21558 OFL *  1
21559 OFL *  1
21560 CHN 0 2478421810492 9913687241968
21561 OFL *  1
21562 OFL *  1
21563 CHN 0 2478793255731 9915173022924
21564 CHN 0 2478794846636 9915179386544
21565 CHN 0 2478854713531 9915418854124
21566 OFL *  1
21567 CHN 0 2479015411616 9916061646464
21568 OFL *  1
21569 CHN 0 2479234541668 9916938166672
21570 OFL *  1
21571 CHN 0 2479315478616 9917261914464
21572 OFL *  1
21573 OFL *  1
21574 CHN 0 2479733994114 9918935976456
21575 OFL *  1
21576 CHN 0 2480096588320 9920386353280
21577 CHN 0 2480112132858 9920448531432
21578 OFL *  1
21579 OFL *  1
21580 CHN 0 2480339718047 9921358872188
21581 CHN 0 2480507048292 9922028193168
21582 OFL *  1
21583 CHN 0 2480567731679 9922270926716
21584 CHN 0 2480652529422 9922610117688
21585 OFL *  1
21586 CHN 0 2480803372209 9923213488836
21587 CHN 0 2480834729278 9923338917112
21588 CHN 0 2480866551869 9923466207476
21589 OFL *  1
21590 OFL *  1
21591 CHN 0 2481190668654 9924762674616
21592 OFL *  1
21593 CHN 0 2481545006016 9926180024064
21594 OFL *  1
21595 OFL *  1
21596 OFL *  1
21597 OFL *  1
21598 OFL *  1
21599 CHN 0 2482530349203 9930121396812
21600 OFL *  1
21601 CHN 0 2482678591279 9930714365116
21602 OFL *  1
21603 OFL *  1
21604 CHN 0 2483273429501 9933093718004
21605 OFL *  1
21606 CHN 0 2483454011722 9933816046888
21607 OFL *  1
21608 OFL *  1
21609 CHN 0 2483777781500 9935111126000
21610 CHN 0 2483806221077 9935224884308
21611 CHN 0 2483883141934 9935532567736
21612 CHN 0 2483889016435 9935556065740
21613 OFL *  1
21614 OFL *  1
21615 OFL *  1
21616 OFL *  1
21617 OFL *  1
21618 CHN 0 2484861338830 9939445355320
21619 OFL *  1
21620 CHN 0 2485125131180 9940500524720
21621 CHN 0 2485180480933 9940721923732
21622 OFL *  1
21623 OFL *  1
21624 OFL *  1
21625 CHN 0 2485753154624 9943012618496
21626 OFL *  1
21627 CHN 0 2485834094646 9943336378584
21628 CHN 0 2485924020633 9943696082532
21629 OFL *  1
21630 OFL *  1
21631 CHN 0 2486276483560 9945105934240
21632 CHN 0 2486395564388 9945582257552
21633 OFL *  1
21634 CHN 0 2486575361295 9946301445180
21635 OFL *  1
21636 CHN 0 2486729944721 9946919778884
21637 CHN 0 2486851065662 9947404262648
21638 CHN 0 2486853182408 9947412729632
21639 OFL *  1
21640 OFL *  1
21641 OFL *  1
21642 CHN 0 2487403429119 9949613716476
21643 OFL *  1
21644 OFL *  1
21645 CHN 0 2487735983446 9950943933784
21646 CHN 0 2487739368098 9950957472392
21647 CHN 0 2487864407369 9951457629476
21648 CHN 0 2487886869034 9951547476136
21649 OFL *  1
21650 OFL *  1
21651 OFL *  1
21652 OFL *  1
21653 CHN 0 2488656814327 9954627257308
21654 OFL *  1
21655 CHN 0 2488835103473 9955340413892
21656 OFL *  1
21657 OFL *  1
21658 OFL *  1
21659 CHN 0 2489495870764 9957983483056
21660 OFL *  1
21661 OFL *  1
21662 CHN 0 2489962065611 9959848262444
21663 OFL *  1
21664 OFL *  1
21665 OFL *  1
21666 CHN 0 2490533216747 9962132866988
21667 OFL *  1
21668 CHN 0 2490760732767 9963042931068
21669 CHN 0 2490823099523 9963292398092
21670 OFL *  1
21671 CHN 0 2491056021149 9964224084596
21672 OFL *  1
21673 CHN 0 2491219638233 9964878552932
21674 OFL *  1
21675 CHN 0 2491493748102 9965974992408
21676 OFL *  1
21677 OFL *  1
21678 CHN 0 2491844190740 9967376762960
21679 OFL *  1
21680 OFL *  1
21681 CHN 0 2492152532432 9968610129728
21682 OFL *  1
21683 CHN 0 2492456557726 9969826230904
21684 OFL *  1
21685 OFL *  1
21686 OFL *  1
21687 OFL *  1
21688 CHN 0 2493298148440 9973192593760
21689 OFL *  1
21690 CHN 0 2493493614709 9973974458836
21691 OFL *  1
21692 OFL *  1
21693 CHN 0 2493944203563 9975776814252
21694 CHN 0 2494005405961 9976021623844
21695 OFL *  1
21696 CHN 0 2494144285457 9976577141828
21697 OFL *  1
21698 OFL *  1
21699 CHN 0 2494566583683 9978266334732
21700 OFL *  1
21701 OFL *  1
21702 CHN 0 2494959468783 9979837875132
21703 OFL *  1
21704 CHN 0 2495251547003 9981006188012
21705 OFL *  1
21706 OFL *  1
21707 OFL *  1
21708 OFL *  1
21709 CHN 0 2496073975274 9984295901096
21710 OFL *  1
21711 OFL *  1
21712 OFL *  1
21713 CHN 0 2496754751717 9987019006868
21714 OFL *  1
21715 OFL *  1
21716 CHN 0 2497001499801 9988005999204
21717 OFL *  1
21718 OFL *  1
21719 CHN 0 2497506458225 9990025832900
21720 OFL *  1
21721 CHN 0 2497645081839 9990580327356
21722 CHN 0 2497658995656 9990635982624
21723 CHN 0 2497703577994 9990814311976
21724 OFL *  1
21725 CHN 0 2497870418570 9991481674280
21726 CHN 0 2497898423089 9991593692356
21727 OFL *  1
21728 CHN 0 2498217950239 9992871800956
21729 CHN 0 2498218729929 9992874919716
21730 OFL *  1
21731 OFL *  1
21732 CHN 0 2498471571282 9993886285128
21733 OFL *  1
21734 OFL *  1
21735 OFL *  1
21736 CHN 0 2499116714641 9996466858564
21737 CHN 0 2499213178164 9996852712656
21738 OFL *  1
21739 CHN 0 2499339750806 9997359003224
21740 CHN 0 2499366057933 9997464231732
21741 OFL *  1
21742 CHN 0 2499532831790 9998131327160
21743 CHN 0 2499573155864 9998292623456
21744 CHN 0 2499578634024 9998314536096
21745 CHN 0 2499622686100 9998490744400
21746 OFL *  1
21747 CHN 0 2499914498219 9999657992876
21748 OFL *  1
